============================= test session starts =============================
platform win32 -- Python 3.12.10, pytest-9.0.3, pluggy-1.6.0 -- C:\Users\cubecloud-io\github-pr\hermes-webui\.venv\Scripts\python.exe
cachedir: .pytest_cache
rootdir: C:\Users\cubecloud-io\github-pr\hermes-webui
plugins: timeout-2.4.0
timeout: 60.0s
timeout method: thread
timeout func_only: False
collecting ... 
WARNING: hermes-agent not found; 25 agent-dependent tests will be skipped

collected 4836 items

tests/test_1003_appearance_autosave.py::test_appearance_pickers_schedule_autosave_and_do_not_mark_dirty PASSED [  0%]
tests/test_1003_appearance_autosave.py::test_appearance_revert_preview_no_longer_rolls_back_theme_skin_font PASSED [  0%]
tests/test_1003_appearance_autosave.py::test_appearance_autosave_payload_is_theme_skin_font_only PASSED [  0%]
tests/test_1003_appearance_autosave.py::test_appearance_autosave_status_line_and_i18n_keys_exist PASSED [  0%]
tests/test_1003_appearance_autosave.py::test_full_save_settings_still_includes_font_size PASSED [  0%]
tests/test_1003_appearance_autosave.py::test_settings_api_accepts_appearance_only_payload_without_overwriting_other_fields PASSED [  0%]
tests/test_1003_preferences_autosave.py::test_all_14_preference_fields_have_autosave_payload_entries PASSED [  0%]
tests/test_1003_preferences_autosave.py::test_preference_fields_use_schedule_autosave_not_mark_dirty PASSED [  0%]
tests/test_1003_preferences_autosave.py::test_password_still_uses_mark_dirty PASSED [  0%]
tests/test_1003_preferences_autosave.py::test_autosave_clears_dirty_flag_and_hides_unsaved_bar PASSED [  0%]
tests/test_1003_preferences_autosave.py::test_status_div_exists_in_index_html PASSED [  0%]
tests/test_1003_preferences_autosave.py::test_set_status_uses_shared_i18n_keys PASSED [  0%]
tests/test_1003_preferences_autosave.py::test_retry_function_exists_and_falls_back_gracefully PASSED [  0%]
tests/test_1003_preferences_autosave.py::test_debounce_cancels_pending_timer_on_rapid_input PASSED [  0%]
tests/test_1003_preferences_autosave.py::test_phase1_appearance_autosave_still_passes PASSED [  0%]
tests/test_1038_pwa_auth_redirect.py::TestPWAAuthRedirect::test_workspace_js_has_401_redirect PASSED [  0%]
tests/test_1038_pwa_auth_redirect.py::TestPWAAuthRedirect::test_workspace_js_401_before_throw PASSED [  0%]
tests/test_1038_pwa_auth_redirect.py::TestPWAAuthRedirect::test_ui_js_has_redirect_helper PASSED [  0%]
tests/test_1038_pwa_auth_redirect.py::TestPWAAuthRedirect::test_ui_js_models_fetch_uses_redirect PASSED [  0%]
tests/test_1038_pwa_auth_redirect.py::TestPWAAuthRedirect::test_ui_js_live_models_fetch_uses_redirect PASSED [  0%]
tests/test_1038_pwa_auth_redirect.py::TestPWAAuthRedirect::test_ui_js_upload_fetch_uses_redirect PASSED [  0%]
tests/test_1038_pwa_auth_redirect.py::TestLoginJsSafeNextPath::test_safe_next_path_function_exists PASSED [  0%]
tests/test_1038_pwa_auth_redirect.py::TestLoginJsSafeNextPath::test_login_uses_safe_next_path PASSED [  0%]
tests/test_1038_pwa_auth_redirect.py::TestLoginJsSafeNextPath::test_safe_next_path_rejects_protocol_relative PASSED [  0%]
tests/test_1038_pwa_auth_redirect.py::TestLoginJsSafeNextPath::test_safe_next_path_rejects_non_path_absolute PASSED [  0%]
tests/test_1044_mermaid_csp_font.py::TestMermaidCSPFont::test_mermaid_init_has_font_family_inherit PASSED [  0%]
tests/test_1044_mermaid_csp_font.py::TestMermaidCSPFont::test_mermaid_init_no_google_fonts_url PASSED [  0%]
tests/test_1044_mermaid_csp_font.py::TestMermaidCSPFont::test_mermaid_font_family_inside_theme_variables_block PASSED [  0%]
tests/test_1045_bfcache_layout_restore.py::TestBfcacheLayoutRestore::test_pageshow_calls_sync_topbar PASSED [  0%]
tests/test_1045_bfcache_layout_restore.py::TestBfcacheLayoutRestore::test_pageshow_calls_sync_workspace_panel_state PASSED [  0%]
tests/test_1045_bfcache_layout_restore.py::TestBfcacheLayoutRestore::test_pageshow_calls_start_gateway_sse PASSED [  0%]
tests/test_1045_bfcache_layout_restore.py::TestBfcacheLayoutRestore::test_pageshow_still_clears_session_search PASSED [  0%]
tests/test_1045_bfcache_layout_restore.py::TestBfcacheLayoutRestore::test_pageshow_still_calls_render_session_list_from_cache PASSED [  0%]
tests/test_1045_bfcache_layout_restore.py::TestBfcacheLayoutRestore::test_pageshow_does_not_call_init_resize_panels PASSED [  0%]
tests/test_1045_bfcache_layout_restore.py::TestBfcacheLayoutRestore::test_new_calls_are_guarded_with_typeof PASSED [  0%]
tests/test_1045_bfcache_layout_restore.py::TestBfcacheLayoutRestore::test_pageshow_closes_all_dropdowns PASSED [  0%]
tests/test_1045_bfcache_layout_restore.py::TestBfcacheLayoutRestore::test_dropdowns_closed_before_layout_sync PASSED [  0%]
tests/test_1058_adaptive_title_refresh.py::TestCountExchanges::test_empty_messages_returns_zero PASSED [  0%]
tests/test_1058_adaptive_title_refresh.py::TestCountExchanges::test_none_messages_returns_zero PASSED [  0%]
tests/test_1058_adaptive_title_refresh.py::TestCountExchanges::test_counts_only_user_messages PASSED [  0%]
tests/test_1058_adaptive_title_refresh.py::TestCountExchanges::test_skips_empty_user_messages PASSED [  0%]
tests/test_1058_adaptive_title_refresh.py::TestCountExchanges::test_counts_list_content_user_messages PASSED [  0%]
tests/test_1058_adaptive_title_refresh.py::TestCountExchanges::test_skips_empty_list_content PASSED [  0%]
tests/test_1058_adaptive_title_refresh.py::TestCountExchanges::test_ignores_non_user_roles PASSED [  0%]
tests/test_1058_adaptive_title_refresh.py::TestCountExchanges::test_ignores_non_dict_entries PASSED [  0%]
tests/test_1058_adaptive_title_refresh.py::TestCountExchanges::test_five_exchanges PASSED [  0%]
tests/test_1058_adaptive_title_refresh.py::TestLatestExchangeSnippets::test_empty_returns_empty_strings PASSED [  0%]
tests/test_1058_adaptive_title_refresh.py::TestLatestExchangeSnippets::test_none_returns_empty_strings PASSED [  0%]
tests/test_1058_adaptive_title_refresh.py::TestLatestExchangeSnippets::test_basic_pair PASSED [  1%]
tests/test_1058_adaptive_title_refresh.py::TestLatestExchangeSnippets::test_returns_latest_not_first PASSED [  1%]
tests/test_1058_adaptive_title_refresh.py::TestLatestExchangeSnippets::test_skips_tool_call_only_assistant PASSED [  1%]
tests/test_1058_adaptive_title_refresh.py::TestLatestExchangeSnippets::test_truncates_long_content PASSED [  1%]
tests/test_1058_adaptive_title_refresh.py::TestLatestExchangeSnippets::test_no_assistant_message PASSED [  1%]
tests/test_1058_adaptive_title_refresh.py::TestLatestExchangeSnippets::test_no_user_message PASSED [  1%]
tests/test_1058_adaptive_title_refresh.py::TestLatestExchangeSnippets::test_ignores_non_dict_entries PASSED [  1%]
tests/test_1058_adaptive_title_refresh.py::TestGetTitleRefreshInterval::test_returns_int_for_valid_setting PASSED [  1%]
tests/test_1058_adaptive_title_refresh.py::TestGetTitleRefreshInterval::test_returns_zero_for_off_setting PASSED [  1%]
tests/test_1058_adaptive_title_refresh.py::TestGetTitleRefreshInterval::test_returns_zero_when_key_absent PASSED [  1%]
tests/test_1058_adaptive_title_refresh.py::TestGetTitleRefreshInterval::test_returns_zero_on_exception PASSED [  1%]
tests/test_1058_adaptive_title_refresh.py::TestGetTitleRefreshInterval::test_valid_values_10_and_20 PASSED [  1%]
tests/test_1058_adaptive_title_refresh.py::TestRunBackgroundTitleRefresh::test_skips_when_title_changed_before_call PASSED [  1%]
tests/test_1058_adaptive_title_refresh.py::TestRunBackgroundTitleRefresh::test_skips_if_session_not_found PASSED [  1%]
tests/test_1058_adaptive_title_refresh.py::TestRunBackgroundTitleRefresh::test_skips_when_title_is_untitled PASSED [  1%]
tests/test_1058_adaptive_title_refresh.py::TestRunBackgroundTitleRefresh::test_skips_same_title PASSED [  1%]
tests/test_1058_adaptive_title_refresh.py::TestRunBackgroundTitleRefresh::test_emits_title_event_on_new_title PASSED [  1%]
tests/test_1058_adaptive_title_refresh.py::TestRunBackgroundTitleRefresh::test_saves_refreshed_title_outside_global_lock PASSED [  1%]
tests/test_1058_adaptive_title_refresh.py::TestRunBackgroundTitleRefresh::test_exceptions_are_silently_swallowed PASSED [  1%]
tests/test_1058_adaptive_title_refresh.py::TestMaybeScheduleTitleRefresh::test_does_nothing_when_disabled PASSED [  1%]
tests/test_1058_adaptive_title_refresh.py::TestMaybeScheduleTitleRefresh::test_does_nothing_when_title_is_empty PASSED [  1%]
tests/test_1058_adaptive_title_refresh.py::TestMaybeScheduleTitleRefresh::test_does_nothing_for_untitled PASSED [  1%]
tests/test_1058_adaptive_title_refresh.py::TestMaybeScheduleTitleRefresh::test_does_nothing_when_title_not_llm_generated PASSED [  1%]
tests/test_1058_adaptive_title_refresh.py::TestMaybeScheduleTitleRefresh::test_does_nothing_when_exchange_count_not_at_interval PASSED [  1%]
tests/test_1058_adaptive_title_refresh.py::TestMaybeScheduleTitleRefresh::test_spawns_thread_at_exact_interval PASSED [  1%]
tests/test_1058_adaptive_title_refresh.py::TestMaybeScheduleTitleRefresh::test_spawns_thread_at_multiple_of_interval PASSED [  1%]
tests/test_1058_adaptive_title_refresh.py::TestMaybeScheduleTitleRefresh::test_does_nothing_when_no_exchange_content PASSED [  1%]
tests/test_1059_settings_picker_active_state.py::TestSettingsPickerActiveState::test_theme_picker_uses_active_class PASSED [  1%]
tests/test_1059_settings_picker_active_state.py::TestSettingsPickerActiveState::test_font_size_picker_uses_active_class PASSED [  1%]
tests/test_1059_settings_picker_active_state.py::TestSettingsPickerActiveState::test_skin_picker_uses_active_class PASSED [  1%]
tests/test_1059_settings_picker_active_state.py::TestSettingsPickerActiveState::test_css_active_rule_beats_base_rule PASSED [  1%]
tests/test_1059_settings_picker_active_state.py::TestSettingsPickerActiveState::test_active_rule_uses_accent_color PASSED [  1%]
tests/test_1062_busy_input_modes.py::TestBusyInputModeSetting::test_default_is_queue PASSED [  1%]
tests/test_1062_busy_input_modes.py::TestBusyInputModeSetting::test_enum_validator_present PASSED [  1%]
tests/test_1062_busy_input_modes.py::TestSlashCommandRegistration::test_queue_command_registered PASSED [  1%]
tests/test_1062_busy_input_modes.py::TestSlashCommandRegistration::test_interrupt_command_registered PASSED [  1%]
tests/test_1062_busy_input_modes.py::TestSlashCommandRegistration::test_steer_command_registered PASSED [  1%]
tests/test_1062_busy_input_modes.py::TestSlashCommandRegistration::test_all_three_busy_commands_are_no_echo PASSED [  1%]
tests/test_1062_busy_input_modes.py::TestSlashCommandHandlers::test_cmd_queue_handles_idle_state PASSED [  1%]
tests/test_1062_busy_input_modes.py::TestSlashCommandHandlers::test_cmd_interrupt_calls_cancel_stream PASSED [  1%]
tests/test_1062_busy_input_modes.py::TestSlashCommandHandlers::test_cmd_steer_delegates_to_try_steer PASSED [  1%]
tests/test_1062_busy_input_modes.py::TestSlashCommandHandlers::test_slash_commands_clear_pending_files PASSED [  1%]
tests/test_1062_busy_input_modes.py::TestBusySendButton::test_update_send_btn_uses_single_primary_action_button PASSED [  1%]
tests/test_1062_busy_input_modes.py::TestBusySendButton::test_composer_primary_action_accounts_for_all_busy_input_modes PASSED [  1%]
tests/test_1062_busy_input_modes.py::TestBusySendButton::test_explicit_busy_commands_override_button_visual_action PASSED [  1%]
tests/test_1062_busy_input_modes.py::TestBusySendButton::test_send_button_click_uses_primary_action_handler PASSED [  1%]
tests/test_1062_busy_input_modes.py::TestSendBusyBranchDispatch::test_send_reads_busy_input_mode PASSED [  1%]
tests/test_1062_busy_input_modes.py::TestSendBusyBranchDispatch::test_send_calls_cancel_stream_on_interrupt PASSED [  1%]
tests/test_1062_busy_input_modes.py::TestSendBusyBranchDispatch::test_slash_commands_intercepted_before_busymode_routing PASSED [  2%]
tests/test_1062_busy_input_modes.py::TestSendBusyBranchDispatch::test_steer_intercept_calls_handler_directly PASSED [  2%]
tests/test_1062_busy_input_modes.py::TestSendBusyBranchDispatch::test_steer_intercept_clears_input_before_await PASSED [  2%]
tests/test_1062_busy_input_modes.py::TestBootAndPanelsWiring::test_boot_init_default_path PASSED [  2%]
tests/test_1062_busy_input_modes.py::TestBootAndPanelsWiring::test_boot_init_fallback_path PASSED [  2%]
tests/test_1062_busy_input_modes.py::TestBootAndPanelsWiring::test_panels_load_save_apply PASSED [  2%]
tests/test_1062_busy_input_modes.py::TestBootAndPanelsWiring::test_index_html_dropdown_has_three_options PASSED [  2%]
tests/test_1062_busy_input_modes.py::TestI18nKeys::test_each_key_appears_at_least_six_times PASSED [  2%]
tests/test_1062_busy_input_modes.py::TestI18nKeys::test_key_count_total PASSED [  2%]
tests/test_1079_cron_session_project.py::test_ensure_cron_project_creates_project PASSED [  2%]
tests/test_1079_cron_session_project.py::test_ensure_cron_project_idempotent PASSED [  2%]
tests/test_1079_cron_session_project.py::test_is_cron_session PASSED     [  2%]
tests/test_1079_cron_session_project.py::test_cron_jobs_project_i18n_key_exists PASSED [  2%]
tests/test_1079_cron_session_project.py::test_cron_session_gets_project_id_in_cli_list PASSED [  2%]
tests/test_1325_user_fenced_code.py::TestUserFencedBlocks::test_simple_fenced_block PASSED [  2%]
tests/test_1325_user_fenced_code.py::TestUserFencedBlocks::test_fenced_block_escaped_html PASSED [  2%]
tests/test_1325_user_fenced_code.py::TestUserFencedBlocks::test_plain_text_not_interpreted_as_markdown PASSED [  2%]
tests/test_1325_user_fenced_code.py::TestUserFencedBlocks::test_language_header_shown PASSED [  2%]
tests/test_1325_user_fenced_code.py::TestUserFencedBlocks::test_no_language_no_header PASSED [  2%]
tests/test_1325_user_fenced_code.py::TestUserFencedBlocks::test_diff_block_colored PASSED [  2%]
tests/test_1325_user_fenced_code.py::TestUserFencedBlocks::test_multiple_fenced_blocks PASSED [  2%]
tests/test_1325_user_fenced_code.py::TestUserFencedBlocks::test_fenced_block_with_ampersand PASSED [  2%]
tests/test_1325_user_fenced_code.py::TestUserFencedBlocks::test_empty_code_block PASSED [  2%]
tests/test_1325_user_fenced_code.py::TestUserFencedBlocks::test_special_chars_outside_blocks_escaped PASSED [  2%]
tests/test_1325_user_fenced_code.py::TestUserFencedBlocks::test_links_not_rendered_in_plain_text PASSED [  2%]
tests/test_1325_user_fenced_code.py::TestUserFencedBlocks::test_four_backtick_outer_fence_preserves_inner_triple_fence PASSED [  2%]
tests/test_1325_user_fenced_code.py::TestUserFencedBlocks::test_inline_backticks_not_touched PASSED [  2%]
tests/test_1432_newchat_and_1423_profile_input.py::TestIssue1432NewChatGuardInFlight::test_btnNewChat_handler_checks_in_flight_state PASSED [  2%]
tests/test_1432_newchat_and_1423_profile_input.py::TestIssue1432NewChatGuardInFlight::test_cmdK_handler_checks_in_flight_state PASSED [  2%]
tests/test_1432_newchat_and_1423_profile_input.py::TestIssue1432NewChatGuardInFlight::test_in_flight_signal_matches_restoreSettledSession PASSED [  2%]
tests/test_1432_newchat_and_1423_profile_input.py::TestIssue1423ProfileFormAutocapitalize::test_profile_name_has_autocapitalize_none PASSED [  2%]
tests/test_1432_newchat_and_1423_profile_input.py::TestIssue1423ProfileFormAutocapitalize::test_profile_name_has_spellcheck_false PASSED [  2%]
tests/test_1432_newchat_and_1423_profile_input.py::TestIssue1423ProfileFormAutocapitalize::test_profile_name_has_autocorrect_off PASSED [  2%]
tests/test_1432_newchat_and_1423_profile_input.py::TestIssue1423ProfileFormAutocapitalize::test_profile_name_keeps_required PASSED [  2%]
tests/test_1432_newchat_and_1423_profile_input.py::TestIssue1423ProfileFormAutocapitalize::test_profile_baseurl_has_autocapitalize_none PASSED [  2%]
tests/test_1466_bfcache_inflight_reattach.py::test_pageshow_restores_active_inflight_session_through_load_session PASSED [  2%]
tests/test_1466_bfcache_inflight_reattach.py::test_pageshow_checks_persisted_inflight_marker_after_restoring_session PASSED [  2%]
tests/test_1466_bfcache_inflight_reattach.py::test_pageshow_active_session_restore_is_guarded_and_non_blocking PASSED [  2%]
tests/test_1466_sidebar_cancel_clarify.py::TestSidebarCancelAction::test_running_sidebar_sessions_get_stop_action PASSED [  2%]
tests/test_1466_sidebar_cancel_clarify.py::TestSidebarCancelAction::test_cancel_session_stream_uses_session_owned_stream_id PASSED [  2%]
tests/test_1466_sidebar_cancel_clarify.py::TestSidebarCancelAction::test_cancel_session_stream_clears_only_owned_clarify_and_approval_cards PASSED [  2%]
tests/test_1466_sidebar_cancel_clarify.py::TestSidebarCancelAction::test_cli_session_helper_identifies_cli_origin PASSED [  2%]
tests/test_1466_sidebar_cancel_clarify.py::TestSidebarCancelAction::test_cli_sessions_hide_duplicate_and_delete_in_action_menu PASSED [  2%]
tests/test_1560_password_env_var_no_op.py::test_get_settings_exposes_password_env_var_true_when_env_set PASSED [  2%]
tests/test_1560_password_env_var_no_op.py::test_get_settings_password_env_var_false_when_env_unset PASSED [  2%]
tests/test_1560_password_env_var_no_op.py::test_get_settings_password_env_var_false_when_env_blank PASSED [  2%]
tests/test_1560_password_env_var_no_op.py::test_post_set_password_returns_409_when_env_var_set PASSED [  2%]
tests/test_1560_password_env_var_no_op.py::test_post_clear_password_returns_409_when_env_var_set PASSED [  2%]
tests/test_1560_password_env_var_no_op.py::test_post_set_password_settings_hash_unchanged_after_409 PASSED [  2%]
tests/test_1560_password_env_var_no_op.py::test_post_set_password_succeeds_when_env_var_unset PASSED [  3%]
tests/test_1560_password_env_var_no_op.py::test_index_html_has_password_lock_banner_div PASSED [  3%]
tests/test_1560_password_env_var_no_op.py::test_panels_js_disables_password_field_when_env_locked PASSED [  3%]
tests/test_1560_password_env_var_no_op.py::test_panels_js_hides_disable_auth_when_env_locked PASSED [  3%]
tests/test_1560_password_env_var_no_op.py::test_panels_js_uses_locked_placeholder_i18n_key PASSED [  3%]
tests/test_1560_password_env_var_no_op.py::test_password_env_var_locked_key_present_in_all_locales PASSED [  3%]
tests/test_1560_password_env_var_no_op.py::test_password_env_var_locked_placeholder_key_present_in_all_locales PASSED [  3%]
tests/test_1620_paste_text_with_image.py::TestPasteHandlerTextWithImage::test_handler_detects_text_in_clipboard PASSED [  3%]
tests/test_1620_paste_text_with_image.py::TestPasteHandlerTextWithImage::test_image_filter_requires_kind_file PASSED [  3%]
tests/test_1620_paste_text_with_image.py::TestPasteHandlerTextWithImage::test_handler_skips_attach_when_text_present PASSED [  3%]
tests/test_1620_paste_text_with_image.py::TestPasteHandlerTextWithImage::test_handler_still_intercepts_pure_screenshot_paste PASSED [  3%]
tests/test_1620_paste_text_with_image.py::TestPasteHandlerTextWithImage::test_handler_does_not_use_loose_image_check PASSED [  3%]
tests/test_1620_paste_text_with_image.py::TestPasteHandlerTextWithImage::test_handler_does_not_lose_status_message PASSED [  3%]
tests/test_1694_prompt_ownership.py::test_stream_prompt_events_use_session_owned_show_helpers PASSED [  3%]
tests/test_1694_prompt_ownership.py::test_approval_card_render_is_gated_to_active_session_and_cached PASSED [  3%]
tests/test_1694_prompt_ownership.py::test_clarify_card_render_is_gated_to_active_session_and_cached PASSED [  3%]
tests/test_1694_prompt_ownership.py::test_polling_empty_state_clears_only_the_owner_prompt PASSED [  3%]
tests/test_1694_prompt_ownership.py::test_load_session_rerenders_cached_prompt_for_new_active_session PASSED [  3%]
tests/test_1694_prompt_ownership.py::test_prompt_rerender_hides_previous_session_cards_without_clearing_cache PASSED [  3%]
tests/test_1694_root_saved_running_policy.py::test_root_boot_distinguishes_url_session_from_localstorage_saved_session PASSED [  3%]
tests/test_1694_root_saved_running_policy.py::test_root_saved_running_session_is_checked_before_load_session_projection PASSED [  3%]
tests/test_1694_root_saved_running_policy.py::test_saved_running_session_helper_uses_metadata_only_and_runtime_markers PASSED [  3%]
tests/test_1694_root_saved_running_policy.py::test_root_saved_running_sidebar_only_path_renders_empty_state_and_sidebar PASSED [  3%]
tests/test_1694_terminal_cleanup_ownership.py::test_terminal_handlers_use_session_owned_cleanup_helpers PASSED [  3%]
tests/test_1694_terminal_cleanup_ownership.py::test_done_event_does_not_clear_active_pane_for_background_session PASSED [  3%]
tests/test_1694_terminal_cleanup_ownership.py::test_error_and_cancel_events_do_not_blanket_stop_active_pane_polling PASSED [  3%]
tests/test_1694_terminal_cleanup_ownership.py::test_reconnect_settled_and_error_paths_keep_cleanup_session_scoped PASSED [  3%]
tests/test_1695_aiagent_import_error_detail.py::TestAIAgentImportErrorDetail::test_preserves_original_message_for_log_scrapers PASSED [  3%]
tests/test_1695_aiagent_import_error_detail.py::TestAIAgentImportErrorDetail::test_includes_running_python_interpreter PASSED [  3%]
tests/test_1695_aiagent_import_error_detail.py::TestAIAgentImportErrorDetail::test_shows_agent_dir_env_when_set PASSED [  3%]
tests/test_1695_aiagent_import_error_detail.py::TestAIAgentImportErrorDetail::test_shows_agent_dir_env_unset_marker PASSED [  3%]
tests/test_1695_aiagent_import_error_detail.py::TestAIAgentImportErrorDetail::test_includes_pip_install_editable_hint PASSED [  3%]
tests/test_1695_aiagent_import_error_detail.py::TestAIAgentImportErrorDetail::test_points_at_troubleshooting_doc PASSED [  3%]
tests/test_1695_aiagent_import_error_detail.py::TestAIAgentImportErrorDetail::test_lists_sys_path_entries_when_relevant PASSED [  3%]
tests/test_1695_aiagent_import_error_detail.py::TestAIAgentImportErrorDetail::test_handles_no_relevant_sys_path_entries PASSED [  3%]
tests/test_1695_aiagent_import_error_detail.py::TestAIAgentImportErrorDetail::test_output_is_multiline_string PASSED [  3%]
tests/test_1695_aiagent_import_error_detail.py::TestAIAgentImportErrorDocsPresence::test_troubleshooting_md_exists PASSED [  3%]
tests/test_1695_aiagent_import_error_detail.py::TestAIAgentImportErrorDocsPresence::test_troubleshooting_md_has_aiagent_section PASSED [  3%]
tests/test_1695_aiagent_import_error_detail.py::TestAIAgentImportErrorDocsPresence::test_troubleshooting_md_includes_pip_install_editable PASSED [  3%]
tests/test_1695_aiagent_import_error_detail.py::TestAIAgentImportErrorDocsPresence::test_troubleshooting_md_describes_diagnostic_steps PASSED [  3%]
tests/test_1707_workspace_filename_click.py::TestNameClickHandlerShape::test_nameel_onclick_no_longer_pure_stoppropagation PASSED [  3%]
tests/test_1707_workspace_filename_click.py::TestNameClickHandlerShape::test_nameel_onclick_uses_settimeout_debounce PASSED [  3%]
tests/test_1707_workspace_filename_click.py::TestNameClickHandlerShape::test_nameel_onclick_delegates_to_row_handler PASSED [  3%]
tests/test_1707_workspace_filename_click.py::TestNameClickHandlerShape::test_nameel_ondblclick_cancels_pending_timer PASSED [  3%]
tests/test_1707_workspace_filename_click.py::TestNameClickHandlerShape::test_row_handlers_still_present PASSED [  3%]
tests/test_1707_workspace_filename_click.py::TestNameClickHandlerShape::test_handler_does_not_call_openfile_directly PASSED [  3%]
tests/test_1707_workspace_filename_click.py::TestNameClickBehavior::test_single_click_opens_file_after_debounce PASSED [  3%]
tests/test_1707_workspace_filename_click.py::TestNameClickBehavior::test_single_click_toggles_dir_after_debounce PASSED [  3%]
tests/test_1707_workspace_filename_click.py::TestNameClickBehavior::test_dblclick_cancels_pending_open_and_mounts_rename PASSED [  4%]
tests/test_1710_folder_tooltip.py::TestFolderTooltipGated::test_tooltip_assignment_is_guarded_by_item_type PASSED [  4%]
tests/test_1710_folder_tooltip.py::TestFolderTooltipGated::test_dir_dblclick_still_navigates_not_renames PASSED [  4%]
tests/test_1710_folder_tooltip.py::TestFolderTooltipGated::test_files_still_get_tooltip PASSED [  4%]
tests/test_1710_folder_tooltip.py::TestFolderTooltipGated::test_i18n_key_still_defined_in_all_locales PASSED [  4%]
tests/test_1764_context_menu_essentials.py::TestCopyFilePathMenuItem::test_menu_item_present PASSED [  4%]
tests/test_1764_context_menu_essentials.py::TestCopyFilePathMenuItem::test_menu_item_has_clipboard_fallback PASSED [  4%]
tests/test_1764_context_menu_essentials.py::TestCopyFilePathMenuItem::test_menu_item_uses_path_copied_translation PASSED [  4%]
tests/test_1764_context_menu_essentials.py::TestCopyFilePathMenuItem::test_endpoint_handler_present PASSED [  4%]
tests/test_1764_context_menu_essentials.py::TestCopyFilePathMenuItem::test_endpoint_handler_does_not_require_existence PASSED [  4%]
tests/test_1764_context_menu_essentials.py::TestSessionRenameMenuItem::test_rename_action_in_menu PASSED [  4%]
tests/test_1764_context_menu_essentials.py::TestSessionRenameMenuItem::test_rename_dispatches_to_row_closure PASSED [  4%]
tests/test_1764_context_menu_essentials.py::TestSessionRenameMenuItem::test_row_exposes_start_rename PASSED [  4%]
tests/test_1764_context_menu_essentials.py::TestSessionRenameMenuItem::test_rename_appears_before_pin PASSED [  4%]
tests/test_1764_context_menu_essentials.py::TestSessionRenameMenuItem::test_rename_translation_keys_present PASSED [  4%]
tests/test_1764_context_menu_essentials.py::TestRevealFailedTostIncludesPath::test_handler_includes_target_in_404_message PASSED [  4%]
tests/test_1764_context_menu_essentials.py::TestRevealFailedTostIncludesPath::test_existing_translation_key_unchanged PASSED [  4%]
tests/test_1764_context_menu_essentials.py::TestRevealFailedTostIncludesPath::test_reveal_call_site_uses_message_or_err PASSED [  4%]
tests/test_1764_context_menu_essentials.py::TestFilePathEndpointBehaviour::test_returns_absolute_path_for_relative_input FAILED [  4%]
tests/test_1764_context_menu_essentials.py::TestFilePathEndpointBehaviour::test_does_not_404_on_missing_file PASSED [  4%]
tests/test_1764_context_menu_essentials.py::TestFilePathEndpointBehaviour::test_rejects_path_traversal PASSED [  4%]
tests/test_1764_context_menu_essentials.py::TestFilePathEndpointBehaviour::test_missing_session_id_returns_400 PASSED [  4%]
tests/test_1764_context_menu_essentials.py::TestFilePathEndpointBehaviour::test_unknown_session_returns_404 PASSED [  4%]
tests/test_1764_context_menu_essentials.py::TestRevealHandlerErrorIncludesPath::test_404_message_contains_resolved_path PASSED [  4%]
tests/test_465_session_branching.py::test_branch_endpoint_exists PASSED  [  4%]
tests/test_465_session_branching.py::test_branch_endpoint_validates_session_id PASSED [  4%]
tests/test_465_session_branching.py::test_branch_endpoint_returns_new_session_id PASSED [  4%]
tests/test_465_session_branching.py::test_branch_creates_session_with_parent PASSED [  4%]
tests/test_465_session_branching.py::test_branch_keep_count_support PASSED [  4%]
tests/test_465_session_branching.py::test_branch_auto_title PASSED       [  4%]
tests/test_465_session_branching.py::test_session_model_parent_session_id PASSED [  4%]
tests/test_465_session_branching.py::test_session_compact_includes_parent PASSED [  4%]
tests/test_465_session_branching.py::test_session_metadata_fields_includes_parent PASSED [  4%]
tests/test_465_session_branching.py::test_branch_slash_command_registered PASSED [  4%]
tests/test_465_session_branching.py::test_cmdBranch_function_exists PASSED [  4%]
tests/test_465_session_branching.py::test_cmdBranch_calls_branch_endpoint PASSED [  4%]
tests/test_465_session_branching.py::test_cmdBranch_switches_session PASSED [  4%]
tests/test_465_session_branching.py::test_forkFromMessage_function_exists PASSED [  4%]
tests/test_465_session_branching.py::test_forkFromMessage_passes_keep_count PASSED [  4%]
tests/test_465_session_branching.py::test_fork_button_rendered_in_ui PASSED [  4%]
tests/test_465_session_branching.py::test_fork_button_in_message_actions PASSED [  4%]
tests/test_465_session_branching.py::test_sidebar_parent_indicator PASSED [  4%]
tests/test_465_session_branching.py::test_parent_indicator_not_clickable PASSED [  4%]
tests/test_465_session_branching.py::test_parent_indicator_tooltip_uses_parent_title_fallback PASSED [  4%]
tests/test_465_session_branching.py::test_parent_indicator_hover_only_style PASSED [  4%]
tests/test_465_session_branching.py::test_i18n_branch_keys PASSED        [  4%]
tests/test_465_session_branching.py::test_git_branch_icon_exists PASSED  [  4%]
tests/test_499_tts_playback.py::TestTtsUtilityFunctions::test_strip_for_tts_exists PASSED [  4%]
tests/test_499_tts_playback.py::TestTtsUtilityFunctions::test_speak_message_exists PASSED [  5%]
tests/test_499_tts_playback.py::TestTtsUtilityFunctions::test_stop_tts_exists PASSED [  5%]
tests/test_499_tts_playback.py::TestTtsUtilityFunctions::test_auto_read_exists PASSED [  5%]
tests/test_499_tts_playback.py::TestTtsUtilityFunctions::test_strip_code_blocks PASSED [  5%]
tests/test_499_tts_playback.py::TestTtsUtilityFunctions::test_strip_media_paths PASSED [  5%]
tests/test_499_tts_playback.py::TestTtsUtilityFunctions::test_uses_speech_synthesis PASSED [  5%]
tests/test_499_tts_playback.py::TestTtsSpeakerButton::test_tts_button_rendered PASSED [  5%]
tests/test_499_tts_playback.py::TestTtsSpeakerButton::test_tts_button_not_on_user_messages PASSED [  5%]
tests/test_499_tts_playback.py::TestTtsSpeakerButton::test_tts_button_in_footer PASSED [  5%]
tests/test_499_tts_playback.py::TestTtsSpeakerButton::test_tts_button_uses_volume_icon PASSED [  5%]
tests/test_499_tts_playback.py::TestTtsSettings::test_tts_enabled_checkbox PASSED [  5%]
tests/test_499_tts_playback.py::TestTtsSettings::test_tts_auto_read_checkbox PASSED [  5%]
tests/test_499_tts_playback.py::TestTtsSettings::test_tts_voice_selector PASSED [  5%]
tests/test_499_tts_playback.py::TestTtsSettings::test_tts_rate_slider PASSED [  5%]
tests/test_499_tts_playback.py::TestTtsSettings::test_tts_pitch_slider PASSED [  5%]
tests/test_499_tts_playback.py::TestTtsSettings::test_tts_settings_wired_in_panels PASSED [  5%]
tests/test_499_tts_playback.py::TestTtsSettings::test_apply_tts_enabled_function PASSED [  5%]
tests/test_499_tts_playback.py::TestTtsI18n::test_tts_listen_key PASSED  [  5%]
tests/test_499_tts_playback.py::TestTtsI18n::test_tts_not_supported_key PASSED [  5%]
tests/test_499_tts_playback.py::TestTtsI18n::test_tts_settings_keys PASSED [  5%]
tests/test_499_tts_playback.py::TestTtsAutoRead::test_auto_read_called_in_messages PASSED [  5%]
tests/test_499_tts_playback.py::TestTtsAutoRead::test_tts_pause_on_composer_focus PASSED [  5%]
tests/test_499_tts_playback.py::TestTtsBoot::test_apply_tts_on_boot PASSED [  5%]
tests/test_499_tts_playback.py::TestTtsStyles::test_tts_button_hidden_default PASSED [  5%]
tests/test_499_tts_playback.py::TestTtsStyles::test_tts_pulse_animation PASSED [  5%]
tests/test_499_tts_playback.py::TestIssue1409TtsToggleBodyClass::test_apply_tts_enabled_uses_body_class PASSED [  5%]
tests/test_499_tts_playback.py::TestIssue1409TtsToggleBodyClass::test_apply_tts_enabled_does_not_use_inline_display PASSED [  5%]
tests/test_499_tts_playback.py::TestIssue1409TtsToggleBodyClass::test_body_class_selector_in_css PASSED [  5%]
tests/test_732_gateway_routing_metadata.py::test_gateway_routing_metadata_is_safely_normalized_from_response_metadata PASSED [  5%]
tests/test_732_gateway_routing_metadata.py::test_gateway_routing_metadata_absent_returns_none_without_placeholder_noise PASSED [  5%]
tests/test_732_gateway_routing_metadata.py::test_session_persists_latest_gateway_routing_and_history_across_reload PASSED [  5%]
tests/test_732_gateway_routing_metadata.py::test_streaming_captures_gateway_metadata_into_usage_payload_and_assistant_turn PASSED [  5%]
tests/test_732_gateway_routing_metadata.py::test_frontend_copies_and_formats_gateway_metadata_without_absent_noise PASSED [  5%]
tests/test_745_code_block_newlines.py::TestCodeBlockNewlinePreservation::test_pre_stash_present PASSED [  5%]
tests/test_745_code_block_newlines.py::TestCodeBlockNewlinePreservation::test_pre_stash_token_E_used PASSED [  5%]
tests/test_745_code_block_newlines.py::TestCodeBlockNewlinePreservation::test_stash_before_paragraph_split PASSED [  5%]
tests/test_745_code_block_newlines.py::TestCodeBlockNewlinePreservation::test_restore_after_paragraph_split PASSED [  5%]
tests/test_745_code_block_newlines.py::TestCodeBlockNewlinePreservation::test_paragraph_split_bypasses_stash_tokens PASSED [  5%]
tests/test_745_code_block_newlines.py::TestCodeBlockNewlinePreservation::test_pre_regex_covers_pre_header_div PASSED [  5%]
tests/test_745_code_block_newlines.py::TestCodeBlockNewlinePreservation::test_mermaid_covered_by_stash PASSED [  5%]
tests/test_745_code_block_newlines.py::TestCodeBlockNewlinePreservation::test_katex_covered_by_stash PASSED [  5%]
tests/test_745_code_block_newlines.py::TestCodeBlockNewlinePreservation::test_js_syntax_valid PASSED [  5%]
tests/test_745_code_block_newlines.py::TestCodeBlockNewlinePreservation::test_stash_token_e_not_used_elsewhere PASSED [  5%]
tests/test_779_html_preview.py::test_inline_preview_param_in_file_raw PASSED [  5%]
tests/test_779_html_preview.py::test_iframe_uses_inline_param PASSED     [  5%]
tests/test_779_html_preview.py::test_html_preview_iframe_exists_in_html PASSED [  5%]
tests/test_779_html_preview.py::test_html_exts_defined_in_workspace_js PASSED [  5%]
tests/test_779_html_preview.py::test_sandbox_allows_scripts_only PASSED  [  5%]
tests/test_779_html_preview.py::test_mime_map_includes_html_and_htm PASSED [  5%]
tests/test_779_html_preview.py::test_inline_html_response_sets_csp_sandbox PASSED [  6%]
tests/test_886_ordered_list_numbering.py::TestOrderedListNumbering::test_li_value_attr_present_in_ordered_list_block PASSED [  6%]
tests/test_886_ordered_list_numbering.py::TestOrderedListNumbering::test_li_value_uses_parsed_number PASSED [  6%]
tests/test_886_ordered_list_numbering.py::TestOrderedListNumbering::test_numMatch_variable_present PASSED [  6%]
tests/test_886_ordered_list_numbering.py::TestOrderedListNumbering::test_valAttr_or_value_template_present PASSED [  6%]
tests/test_886_ordered_list_numbering.py::TestOrderedListNumbering::test_ordered_list_comment_references_issue PASSED [  6%]
tests/test_886_ordered_list_numbering.py::TestOrderedListNumbering::test_list_without_blank_lines_unaffected PASSED [  6%]
tests/test_app_titlebar_restore.py::test_app_titlebar_no_longer_contains_tps_chip PASSED [  6%]
tests/test_app_titlebar_restore.py::test_app_titlebar_returns_to_centered_desktop_layout PASSED [  6%]
tests/test_app_titlebar_restore.py::test_app_titlebar_subtitle_shows_message_count_again PASSED [  6%]
tests/test_app_titlebar_restore.py::test_queue_updates_do_not_hijack_app_titlebar_subtitle PASSED [  6%]
tests/test_approval_card_layering.py::test_approval_card_visible_outranks_queue_card PASSED [  6%]
tests/test_approval_card_layering.py::test_approval_card_visible_outranks_terminal_card PASSED [  6%]
tests/test_approval_queue.py::test_submit_pending_appends_to_list PASSED [  6%]
tests/test_approval_queue.py::test_submit_pending_adds_approval_id PASSED [  6%]
tests/test_approval_queue.py::test_handle_approval_pending_returns_count PASSED [  6%]
tests/test_approval_queue.py::test_handle_approval_respond_pops_by_approval_id PASSED [  6%]
tests/test_approval_queue.py::test_handle_approval_respond_fallback_to_oldest PASSED [  6%]
tests/test_approval_queue.py::test_backward_compat_legacy_dict_value PASSED [  6%]
tests/test_approval_queue.py::test_respond_sends_approval_id PASSED      [  6%]
tests/test_approval_queue.py::test_show_approval_card_accepts_count PASSED [  6%]
tests/test_approval_queue.py::test_show_approval_card_renders_counter PASSED [  6%]
tests/test_approval_queue.py::test_approval_current_id_tracked PASSED    [  6%]
tests/test_approval_queue.py::test_polling_passes_count_to_show PASSED   [  6%]
tests/test_approval_queue.py::test_approval_counter_element_exists PASSED [  6%]
tests/test_approval_queue.py::test_multiple_approvals_both_surfaced PASSED [  6%]
tests/test_approval_queue.py::test_respond_by_approval_id_pops_correct_entry PASSED [  6%]
tests/test_approval_sse.py::TestSSEStaticAnalysis::test_sse_route_registered PASSED [  6%]
tests/test_approval_sse.py::TestSSEStaticAnalysis::test_sse_handler_function_exists PASSED [  6%]
tests/test_approval_sse.py::TestSSEStaticAnalysis::test_subscribe_function_exists PASSED [  6%]
tests/test_approval_sse.py::TestSSEStaticAnalysis::test_unsubscribe_function_exists PASSED [  6%]
tests/test_approval_sse.py::TestSSEStaticAnalysis::test_notify_function_exists PASSED [  6%]
tests/test_approval_sse.py::TestSSEStaticAnalysis::test_sse_subscribers_dict_exists PASSED [  6%]
tests/test_approval_sse.py::TestSSEStaticAnalysis::test_sse_content_type PASSED [  6%]
tests/test_approval_sse.py::TestSSEStaticAnalysis::test_sse_keepalive PASSED [  6%]
tests/test_approval_sse.py::TestSSEStaticAnalysis::test_sse_cache_control PASSED [  6%]
tests/test_approval_sse.py::TestSSEStaticAnalysis::test_sse_initial_snapshot PASSED [  6%]
tests/test_approval_sse.py::TestSSEStaticAnalysis::test_sse_approval_event PASSED [  6%]
tests/test_approval_sse.py::TestSSEStaticAnalysis::test_notify_called_from_submit_pending PASSED [  6%]
tests/test_approval_sse.py::TestSSEStaticAnalysis::test_unsubscribe_in_finally PASSED [  6%]
tests/test_approval_sse.py::TestSSEStaticAnalysis::test_client_disconnect_handled PASSED [  6%]
tests/test_approval_sse.py::TestSSEStaticAnalysis::test_subscriber_queue_maxsize PASSED [  6%]
tests/test_approval_sse.py::TestSSEStaticAnalysis::test_notify_drops_on_full PASSED [  6%]
tests/test_approval_sse.py::TestSSEStaticAnalysis::test_subscribe_uses_shared_lock PASSED [  6%]
tests/test_approval_sse.py::TestSSEStaticAnalysis::test_unsubscribe_cleans_empty_session PASSED [  6%]
tests/test_approval_sse.py::TestFrontendSSEImplementation::test_eventsource_used PASSED [  6%]
tests/test_approval_sse.py::TestFrontendSSEImplementation::test_sse_url_matches_backend PASSED [  6%]
tests/test_approval_sse.py::TestFrontendSSEImplementation::test_initial_event_listener PASSED [  6%]
tests/test_approval_sse.py::TestFrontendSSEImplementation::test_approval_event_listener PASSED [  7%]
tests/test_approval_sse.py::TestFrontendSSEImplementation::test_onerror_fallback_to_polling PASSED [  7%]
tests/test_approval_sse.py::TestFrontendSSEImplementation::test_fallback_poll_interval PASSED [  7%]
tests/test_approval_sse.py::TestFrontendSSEImplementation::test_fallback_closes_eventsource PASSED [  7%]
tests/test_approval_sse.py::TestFrontendSSEImplementation::test_stop_closes_eventsource PASSED [  7%]
tests/test_approval_sse.py::TestFrontendSSEImplementation::test_health_timer_cleanup PASSED [  7%]
tests/test_approval_sse.py::TestSSESubscribeUnsubscribe::test_subscribe_returns_queue PASSED [  7%]
tests/test_approval_sse.py::TestSSESubscribeUnsubscribe::test_subscribe_registers_subscriber PASSED [  7%]
tests/test_approval_sse.py::TestSSESubscribeUnsubscribe::test_unsubscribe_removes_queue PASSED [  7%]
tests/test_approval_sse.py::TestSSESubscribeUnsubscribe::test_unsubscribe_removes_empty_session_key PASSED [  7%]
tests/test_approval_sse.py::TestSSESubscribeUnsubscribe::test_unsubscribe_idempotent PASSED [  7%]
tests/test_approval_sse.py::TestSSESubscribeUnsubscribe::test_unsubscribe_unknown_queue_noop PASSED [  7%]
tests/test_approval_sse.py::TestSSENotify::test_notify_delivers_payload PASSED [  7%]
tests/test_approval_sse.py::TestSSENotify::test_notify_multiple_subscribers PASSED [  7%]
tests/test_approval_sse.py::TestSSENotify::test_notify_cross_session_isolation PASSED [  7%]
tests/test_approval_sse.py::TestSSENotify::test_notify_no_subscribers_is_noop PASSED [  7%]
tests/test_approval_sse.py::TestSSENotify::test_notify_drops_on_full_queue PASSED [  7%]
tests/test_approval_sse.py::TestSSENotifyFromSubmitPending::test_submit_pending_notifies_sse_subscriber PASSED [  7%]
tests/test_approval_sse.py::TestSSENotifyFromSubmitPending::test_submit_pending_delivers_count PASSED [  7%]
tests/test_approval_sse.py::TestSSEConcurrency::test_concurrent_subscribe_unsubscribe PASSED [  7%]
tests/test_approval_sse.py::TestSSEConcurrency::test_concurrent_notify_while_subscribing PASSED [  7%]
tests/test_approval_unblock.py::TestGatewayApprovalUnblocking::test_resolve_gateway_approval_sets_event PASSED [  7%]
tests/test_approval_unblock.py::TestGatewayApprovalUnblocking::test_resolve_gateway_approval_deny PASSED [  7%]
tests/test_approval_unblock.py::TestGatewayApprovalUnblocking::test_resolve_gateway_approval_no_queue_is_harmless PASSED [  7%]
tests/test_approval_unblock.py::TestGatewayApprovalUnblocking::test_resolve_all_unblocks_multiple_entries PASSED [  7%]
tests/test_approval_unblock.py::TestGatewayApprovalUnblocking::test_register_and_fire_notify_cb PASSED [  7%]
tests/test_approval_unblock.py::TestGatewayApprovalUnblocking::test_unregister_clears_cb_and_signals_entries PASSED [  7%]
tests/test_approval_unblock.py::TestGatewayApprovalUnblocking::test_streaming_approval_integration PASSED [  7%]
tests/test_approval_unblock.py::TestApprovalModuleExports::test_register_gateway_notify_exported PASSED [  7%]
tests/test_approval_unblock.py::TestApprovalModuleExports::test_unregister_gateway_notify_exported PASSED [  7%]
tests/test_approval_unblock.py::TestApprovalModuleExports::test_resolve_gateway_approval_exported PASSED [  7%]
tests/test_approval_unblock.py::TestApprovalModuleExports::test_approval_entry_exported PASSED [  7%]
tests/test_approval_unblock.py::TestApprovalHTTPEndpoints::test_respond_returns_ok_no_pending PASSED [  7%]
tests/test_approval_unblock.py::TestApprovalHTTPEndpoints::test_respond_clears_injected_pending PASSED [  7%]
tests/test_approval_unblock.py::TestApprovalHTTPEndpoints::test_respond_rejects_invalid_choice PASSED [  7%]
tests/test_approval_unblock.py::TestApprovalHTTPEndpoints::test_respond_requires_session_id PASSED [  7%]
tests/test_approval_unblock.py::TestApprovalHTTPEndpoints::test_respond_session_choice_clears_pending PASSED [  7%]
tests/test_attach_ollama_env_bridge.py::test_attach_compose_passes_repo_ollama_env_into_container PASSED [  7%]
tests/test_attach_ollama_env_bridge.py::test_attach_docker_init_syncs_repo_ollama_env_into_shared_runtime PASSED [  7%]
tests/test_attach_ollama_env_bridge.py::test_attach_ollama_bridge_runs_after_fast_restart_guard PASSED [  7%]
tests/test_attach_ollama_env_bridge.py::test_env_templates_document_local_and_attach_ollama_values PASSED [  7%]
tests/test_auth_session_persistence.py::TestSessionPersistence::test_expired_sessions_pruned_on_load PASSED [  7%]
tests/test_auth_session_persistence.py::TestSessionPersistence::test_invalidated_session_does_not_survive_restart PASSED [  7%]
tests/test_auth_session_persistence.py::TestSessionPersistence::test_malformed_sessions_file_starts_fresh PASSED [  7%]
tests/test_auth_session_persistence.py::TestSessionPersistence::test_session_survives_restart PASSED [  7%]
tests/test_auth_session_persistence.py::TestSessionPersistence::test_sessions_file_permissions FAILED [  7%]
tests/test_auth_session_persistence.py::TestSessionPersistence::test_sessions_file_wrong_type_starts_fresh PASSED [  7%]
tests/test_auth_sessions.py::TestSessionPruning::test_expired_session_pruned PASSED [  7%]
tests/test_auth_sessions.py::TestSessionPruning::test_prune_does_not_remove_valid_sessions PASSED [  8%]
tests/test_auth_sessions.py::TestSessionPruning::test_prune_handles_empty_dict PASSED [  8%]
tests/test_auth_sessions.py::TestSessionPruning::test_session_created_valid PASSED [  8%]
tests/test_auth_sessions.py::TestSessionPruning::test_session_ttl_is_24_hours PASSED [  8%]
tests/test_auth_sessions.py::TestSessionPruning::test_verify_session_prunes_before_verification PASSED [  8%]
tests/test_auth_sessions.py::TestSessionInvalidation::test_invalidate_session_removes_token PASSED [  8%]
tests/test_auth_sessions.py::TestSessionInvalidation::test_invalidate_unknown_token_is_safe PASSED [  8%]
tests/test_auto_compression_card.py::test_auto_compression_running_sse_uses_active_session_running_card PASSED [  8%]
tests/test_auto_compression_card.py::test_auto_compression_running_sse_is_emitted_from_agent_lifecycle_status PASSED [  8%]
tests/test_auto_compression_card.py::test_auto_compression_completion_transition_is_preserved_after_running_listener PASSED [  8%]
tests/test_auto_compression_card.py::test_auto_compression_sse_uses_transient_card_not_fake_message PASSED [  8%]
tests/test_auto_compression_card.py::test_auto_compression_sse_keeps_inactive_and_malformed_paths_safe PASSED [  8%]
tests/test_auto_compression_card.py::test_auto_compression_card_reuses_compression_card_renderer PASSED [  8%]
tests/test_auto_compression_card.py::test_auto_compression_card_survives_compression_session_rotation PASSED [  8%]
tests/test_auto_compression_card.py::test_preserved_task_list_marker_is_detected_case_insensitively PASSED [  8%]
tests/test_auto_compression_card.py::test_context_compaction_marker_is_detected_across_roles PASSED [  8%]
tests/test_auto_compression_card.py::test_context_compaction_branch_precedes_user_bubble_branch PASSED [  8%]
tests/test_auto_compression_card.py::test_preserved_task_list_skips_normal_visible_message_path PASSED [  8%]
tests/test_auto_compression_card.py::test_preserved_task_list_renders_through_compression_card_path PASSED [  8%]
tests/test_auto_compression_card.py::test_preserved_task_list_attaches_once_per_render PASSED [  8%]
tests/test_auto_compression_card.py::test_preserved_task_list_is_suppressed_when_latest_todo_state_has_no_active_items PASSED [  8%]
tests/test_auto_compression_card.py::test_preserved_task_list_rendering_does_not_mutate_history PASSED [  8%]
tests/test_background_tasks.py::TestGetResultsKeepsRunningTasks::test_complete_after_poll_still_reaches_tracker PASSED [  8%]
tests/test_background_tasks.py::TestGetResultsKeepsRunningTasks::test_done_tasks_are_returned_and_removed PASSED [  8%]
tests/test_background_tasks.py::TestGetResultsKeepsRunningTasks::test_empty_parent_is_cleaned_up PASSED [  8%]
tests/test_background_tasks.py::TestGetResultsKeepsRunningTasks::test_running_tasks_survive_get_results_call PASSED [  8%]
tests/test_background_tasks.py::TestBackgroundCompletionHookWiring::test_run_bg_and_notify_calls_complete_background PASSED [  8%]
tests/test_batch_fixes.py::TestRootWorkspaceUnblocked::test_root_not_in_blocked_system_roots PASSED [  8%]
tests/test_batch_fixes.py::TestRootWorkspaceUnblocked::test_etc_still_blocked PASSED [  8%]
tests/test_batch_fixes.py::TestRootWorkspaceUnblocked::test_split_guard_present PASSED [  8%]
tests/test_batch_fixes.py::TestCustomProvidersVisibility::test_has_custom_providers_variable_present PASSED [  8%]
tests/test_batch_fixes.py::TestCustomProvidersVisibility::test_discard_custom_conditional_on_no_custom_providers PASSED [  8%]
tests/test_batch_fixes.py::TestCustomProvidersVisibility::test_custom_providers_isinstance_check PASSED [  8%]
tests/test_batch_fixes.py::TestCronSkillCacheInvalidation::test_cache_busted_on_form_open PASSED [  8%]
tests/test_batch_fixes.py::TestCronSkillCacheInvalidation::test_cache_not_guarded_by_if_on_open PASSED [  8%]
tests/test_batch_fixes.py::TestCronSkillCacheInvalidation::test_cache_busted_on_skill_save PASSED [  8%]
tests/test_batch_fixes.py::TestSystemTheme::test_apply_theme_helper_in_boot_js PASSED [  8%]
tests/test_batch_fixes.py::TestSystemTheme::test_apply_theme_resolves_system PASSED [  8%]
tests/test_batch_fixes.py::TestSystemTheme::test_apply_theme_uses_matchmedia PASSED [  8%]
tests/test_batch_fixes.py::TestSystemTheme::test_load_settings_calls_apply_theme PASSED [  8%]
tests/test_batch_fixes.py::TestSystemTheme::test_system_option_in_theme_picker PASSED [  8%]
tests/test_batch_fixes.py::TestSystemTheme::test_theme_picker_uses_pick_theme PASSED [  8%]
tests/test_batch_fixes.py::TestSystemTheme::test_flicker_script_resolves_system PASSED [  8%]
tests/test_batch_fixes.py::TestSystemTheme::test_system_in_commands_themes_list PASSED [  8%]
tests/test_batch_fixes.py::TestSystemTheme::test_commands_uses_apply_theme PASSED [  8%]
tests/test_batch_fixes.py::TestSystemTheme::test_commands_accept_legacy_theme_aliases PASSED [  8%]
tests/test_batch_fixes.py::TestSystemTheme::test_panels_reverts_via_apply_theme PASSED [  8%]
tests/test_batch_fixes.py::TestSystemTheme::test_system_theme_apply_path_uses_apply_theme PASSED [  8%]
tests/test_batch_fixes.py::TestSystemTheme::test_panels_saves_system_string_not_resolved PASSED [  8%]
tests/test_batch_fixes.py::TestSystemTheme::test_i18n_cmd_theme_includes_system_english PASSED [  9%]
tests/test_batch_fixes.py::TestSystemTheme::test_i18n_cmd_theme_all_locales PASSED [  9%]
tests/test_batch_fixes.py::TestSystemTheme::test_theme_listener_cleanup_uses_stable_handler PASSED [  9%]
tests/test_batch_fixes.py::TestSystemTheme::test_panels_hydrates_appearance_before_models_fetch PASSED [  9%]
tests/test_blockquote_rendering.py::TestBlockquoteSourceStructure::test_old_single_line_rule_removed PASSED [  9%]
tests/test_blockquote_rendering.py::TestBlockquoteSourceStructure::test_blockquote_pre_pass_present PASSED [  9%]
tests/test_blockquote_rendering.py::TestBlockquoteSourceStructure::test_prefix_strip_present PASSED [  9%]
tests/test_blockquote_rendering.py::TestBlockquoteSourceStructure::test_bq_stash_token_in_paragraph_bypass PASSED [  9%]
tests/test_blockquote_rendering.py::TestBlockquoteSourceStructure::test_bq_stash_restore_present PASSED [  9%]
tests/test_blockquote_rendering.py::TestMultiLineBlockquote::test_single_line_still_works PASSED [  9%]
tests/test_blockquote_rendering.py::TestMultiLineBlockquote::test_two_consecutive_lines_grouped PASSED [  9%]
tests/test_blockquote_rendering.py::TestMultiLineBlockquote::test_ten_lines_one_blockquote PASSED [  9%]
tests/test_blockquote_rendering.py::TestMultiLineBlockquote::test_two_separate_quotes_stay_separate PASSED [  9%]
tests/test_blockquote_rendering.py::TestBlankContinuationLines::test_bare_gt_line_no_literal PASSED [  9%]
tests/test_blockquote_rendering.py::TestBlankContinuationLines::test_bare_gt_no_space_handled PASSED [  9%]
tests/test_blockquote_rendering.py::TestBlankContinuationLines::test_blank_line_becomes_br PASSED [  9%]
tests/test_blockquote_rendering.py::TestInlineMarkdownInsideBlockquote::test_bold_inside_blockquote PASSED [  9%]
tests/test_blockquote_rendering.py::TestInlineMarkdownInsideBlockquote::test_inline_code_inside_blockquote PASSED [  9%]
tests/test_blockquote_rendering.py::TestInlineMarkdownInsideBlockquote::test_italic_inside_blockquote PASSED [  9%]
tests/test_blockquote_rendering.py::TestNoPhantomTrailingBr::test_input_ending_with_newline_no_trailing_br PASSED [  9%]
tests/test_blockquote_rendering.py::TestNoPhantomTrailingBr::test_blockquote_followed_by_paragraph_no_trailing_br PASSED [  9%]
tests/test_blockquote_rendering.py::TestNoPhantomTrailingBr::test_multiline_quote_ending_with_newline_no_trailing_br PASSED [  9%]
tests/test_blockquote_rendering.py::TestNoPhantomTrailingBr::test_quote_with_blank_continuation_then_newline PASSED [  9%]
tests/test_blockquote_rendering.py::TestBlockquoteFollowedByParagraph::test_non_blockquote_paragraph_untouched PASSED [  9%]
tests/test_blockquote_rendering.py::TestBlockquotePrePassOrdering::test_entity_decode_runs_before_blockquote_pre_pass PASSED [  9%]
tests/test_bootstrap_discover_agent.py::test_discovers_agent_dir_from_hermes_shebang PASSED [  9%]
tests/test_bootstrap_discover_agent.py::test_returns_none_when_hermes_not_on_path PASSED [  9%]
tests/test_bootstrap_discover_agent.py::test_returns_none_when_hermes_has_no_shebang PASSED [  9%]
tests/test_bootstrap_discover_agent.py::test_returns_none_when_shebang_interpreter_does_not_walk_to_run_agent PASSED [  9%]
tests/test_bootstrap_discover_agent.py::test_explicit_candidate_takes_precedence_over_shebang PASSED [  9%]
tests/test_bootstrap_dotenv.py::TestLoadRepoDotenv::test_sets_env_var_from_dotenv PASSED [  9%]
tests/test_bootstrap_dotenv.py::TestLoadRepoDotenv::test_sets_port_from_dotenv PASSED [  9%]
tests/test_bootstrap_dotenv.py::TestLoadRepoDotenv::test_ignores_comment_lines PASSED [  9%]
tests/test_bootstrap_dotenv.py::TestLoadRepoDotenv::test_ignores_blank_lines PASSED [  9%]
tests/test_bootstrap_dotenv.py::TestLoadRepoDotenv::test_strips_double_quoted_values PASSED [  9%]
tests/test_bootstrap_dotenv.py::TestLoadRepoDotenv::test_strips_single_quoted_values PASSED [  9%]
tests/test_bootstrap_dotenv.py::TestLoadRepoDotenv::test_noop_when_no_dotenv PASSED [  9%]
tests/test_bootstrap_dotenv.py::TestLoadRepoDotenv::test_noop_when_dotenv_unreadable PASSED [  9%]
tests/test_bootstrap_dotenv.py::TestLoadRepoDotenv::test_overwrites_existing_env_var PASSED [  9%]
tests/test_bootstrap_dotenv.py::TestLoadRepoDotenv::test_does_not_set_empty_values PASSED [  9%]
tests/test_bootstrap_dotenv.py::TestLoadRepoDotenv::test_multiple_keys_all_loaded PASSED [  9%]
tests/test_bootstrap_dotenv.py::TestLoadRepoDotenv::test_value_with_equals_sign_preserved PASSED [  9%]
tests/test_bootstrap_dotenv.py::TestLoadRepoDotenv::test_export_prefix_stripped PASSED [  9%]
tests/test_bootstrap_dotenv.py::TestBootstrapStructure::test_load_repo_dotenv_function_exists PASSED [  9%]
tests/test_bootstrap_dotenv.py::TestBootstrapStructure::test_dotenv_loaded_before_default_host_port PASSED [  9%]
tests/test_bootstrap_dotenv.py::TestBootstrapStructure::test_start_sh_and_bootstrap_equivalent_env_loading PASSED [  9%]
tests/test_bootstrap_foreground.py::TestForegroundFlag::test_foreground_is_recognized_flag PASSED [  9%]
tests/test_bootstrap_foreground.py::TestForegroundFlag::test_foreground_default_is_false PASSED [  9%]
tests/test_bootstrap_foreground.py::TestForegroundFlag::test_foreground_help_mentions_supervisors PASSED [ 10%]
tests/test_bootstrap_foreground.py::TestDetectSupervisor::test_clean_env_returns_none PASSED [ 10%]
tests/test_bootstrap_foreground.py::TestDetectSupervisor::test_each_supervisor_var_triggers[INVOCATION_ID] PASSED [ 10%]
tests/test_bootstrap_foreground.py::TestDetectSupervisor::test_each_supervisor_var_triggers[JOURNAL_STREAM] PASSED [ 10%]
tests/test_bootstrap_foreground.py::TestDetectSupervisor::test_each_supervisor_var_triggers[NOTIFY_SOCKET] PASSED [ 10%]
tests/test_bootstrap_foreground.py::TestDetectSupervisor::test_each_supervisor_var_triggers[XPC_SERVICE_NAME] PASSED [ 10%]
tests/test_bootstrap_foreground.py::TestDetectSupervisor::test_each_supervisor_var_triggers[SUPERVISOR_ENABLED] PASSED [ 10%]
tests/test_bootstrap_foreground.py::TestDetectSupervisor::test_explicit_opt_in_truthy_values[1] PASSED [ 10%]
tests/test_bootstrap_foreground.py::TestDetectSupervisor::test_explicit_opt_in_truthy_values[true] PASSED [ 10%]
tests/test_bootstrap_foreground.py::TestDetectSupervisor::test_explicit_opt_in_truthy_values[TRUE] PASSED [ 10%]
tests/test_bootstrap_foreground.py::TestDetectSupervisor::test_explicit_opt_in_truthy_values[yes] PASSED [ 10%]
tests/test_bootstrap_foreground.py::TestDetectSupervisor::test_explicit_opt_in_truthy_values[Yes] PASSED [ 10%]
tests/test_bootstrap_foreground.py::TestDetectSupervisor::test_explicit_opt_in_truthy_values[on] PASSED [ 10%]
tests/test_bootstrap_foreground.py::TestDetectSupervisor::test_explicit_opt_in_truthy_values[ON] PASSED [ 10%]
tests/test_bootstrap_foreground.py::TestDetectSupervisor::test_explicit_opt_in_falsy_values_fall_through[0] PASSED [ 10%]
tests/test_bootstrap_foreground.py::TestDetectSupervisor::test_explicit_opt_in_falsy_values_fall_through[false] PASSED [ 10%]
tests/test_bootstrap_foreground.py::TestDetectSupervisor::test_explicit_opt_in_falsy_values_fall_through[FALSE] PASSED [ 10%]
tests/test_bootstrap_foreground.py::TestDetectSupervisor::test_explicit_opt_in_falsy_values_fall_through[no] PASSED [ 10%]
tests/test_bootstrap_foreground.py::TestDetectSupervisor::test_explicit_opt_in_falsy_values_fall_through[off] PASSED [ 10%]
tests/test_bootstrap_foreground.py::TestDetectSupervisor::test_explicit_opt_in_falsy_values_fall_through[] PASSED [ 10%]
tests/test_bootstrap_foreground.py::TestDetectSupervisor::test_explicit_opt_in_falsy_values_fall_through[  ] PASSED [ 10%]
tests/test_bootstrap_foreground.py::TestDetectSupervisor::test_explicit_opt_in_takes_precedence_over_supervisor_var PASSED [ 10%]
tests/test_bootstrap_foreground.py::TestXPCServiceNameNoiseFilter::test_xpc_noise_values_do_not_trigger[0] PASSED [ 10%]
tests/test_bootstrap_foreground.py::TestXPCServiceNameNoiseFilter::test_xpc_noise_values_do_not_trigger[application.com.apple.Terminal.0BCDDEAD-1234-5678] PASSED [ 10%]
tests/test_bootstrap_foreground.py::TestXPCServiceNameNoiseFilter::test_xpc_noise_values_do_not_trigger[application.com.googlecode.iterm2] PASSED [ 10%]
tests/test_bootstrap_foreground.py::TestXPCServiceNameNoiseFilter::test_xpc_noise_values_do_not_trigger[application.com.microsoft.VSCode] PASSED [ 10%]
tests/test_bootstrap_foreground.py::TestXPCServiceNameNoiseFilter::test_xpc_real_label_triggers[com.example.hermes-webui] PASSED [ 10%]
tests/test_bootstrap_foreground.py::TestXPCServiceNameNoiseFilter::test_xpc_real_label_triggers[com.acme.production-server] PASSED [ 10%]
tests/test_bootstrap_foreground.py::TestXPCServiceNameNoiseFilter::test_xpc_real_label_triggers[io.github.user.my-service] PASSED [ 10%]
tests/test_bootstrap_foreground.py::TestXPCServiceNameNoiseFilter::test_xpc_noise_does_not_block_other_supervisor_var PASSED [ 10%]
tests/test_bootstrap_foreground.py::TestMainForegroundRouting::test_default_path_uses_popen PASSED [ 10%]
tests/test_bootstrap_foreground.py::TestMainForegroundRouting::test_foreground_flag_uses_execv FAILED [ 10%]
tests/test_bootstrap_foreground.py::TestMainForegroundRouting::test_supervisor_env_var_auto_promotes_to_execv[INVOCATION_ID] FAILED [ 10%]
tests/test_bootstrap_foreground.py::TestMainForegroundRouting::test_supervisor_env_var_auto_promotes_to_execv[JOURNAL_STREAM] FAILED [ 10%]
tests/test_bootstrap_foreground.py::TestMainForegroundRouting::test_supervisor_env_var_auto_promotes_to_execv[NOTIFY_SOCKET] FAILED [ 10%]
tests/test_bootstrap_foreground.py::TestMainForegroundRouting::test_supervisor_env_var_auto_promotes_to_execv[XPC_SERVICE_NAME] FAILED [ 10%]
tests/test_bootstrap_foreground.py::TestMainForegroundRouting::test_supervisor_env_var_auto_promotes_to_execv[SUPERVISOR_ENABLED] FAILED [ 10%]
tests/test_bootstrap_foreground.py::TestMainForegroundRouting::test_explicit_opt_in_env_auto_promotes_to_execv FAILED [ 10%]
tests/test_bootstrap_foreground.py::TestForegroundEnvAndCwd::test_foreground_chdirs_to_agent_dir_before_exec FAILED [ 10%]
tests/test_bootstrap_foreground.py::TestForegroundEnvAndCwd::test_foreground_exports_resolved_env_vars FAILED [ 10%]
tests/test_bootstrap_foreground.py::TestForegroundEnvAndCwd::test_foreground_does_not_call_wait_for_health FAILED [ 10%]
tests/test_bootstrap_foreground.py::TestForegroundExecutabilityGuard::test_non_executable_python_raises_runtime_error FAILED [ 10%]
tests/test_bootstrap_python_selection.py::test_ensure_python_prefers_agent_venv_when_launcher_cannot_import_agent PASSED [ 10%]
tests/test_bootstrap_python_selection.py::test_ensure_python_fails_loudly_when_no_interpreter_can_import_agent FAILED [ 10%]
tests/test_bootstrap_python_selection.py::test_local_venv_is_created_with_symlinks PASSED [ 10%]
tests/test_bugbatch_apr2026.py::test_594_app_dialog_has_light_mode_override PASSED [ 10%]
tests/test_bugbatch_apr2026.py::test_594_app_dialog_input_has_light_mode_override PASSED [ 10%]
tests/test_bugbatch_apr2026.py::test_594_app_dialog_btn_has_light_mode_override PASSED [ 10%]
tests/test_bugbatch_apr2026.py::test_594_app_dialog_close_has_light_mode_override PASSED [ 11%]
tests/test_bugbatch_apr2026.py::test_594_file_rename_input_has_light_mode_override PASSED [ 11%]
tests/test_bugbatch_apr2026.py::test_dark_user_bubbles_use_dark_tinted_surface PASSED [ 11%]
tests/test_bugbatch_apr2026.py::test_dark_user_bubbles_do_not_need_per_skin_text_hacks PASSED [ 11%]
tests/test_bugbatch_apr2026.py::test_user_bubbles_define_selection_tokens_for_both_modes PASSED [ 11%]
tests/test_bugbatch_apr2026.py::test_user_bubble_selection_is_scoped_to_user_message_body PASSED [ 11%]
tests/test_bugbatch_apr2026.py::test_576_panel_restore_gated_on_workspace PASSED [ 11%]
tests/test_bugbatch_apr2026.py::test_576_restore_happens_after_load_session PASSED [ 11%]
tests/test_bugbatch_apr2026.py::test_585_get_available_models_calls_reload_config PASSED [ 11%]
tests/test_bugbatch_apr2026.py::test_567_compose_mentions_macos_uid PASSED [ 11%]
tests/test_bugbatch_apr2026.py::test_590_transcribing_status_shown_before_fetch PASSED [ 11%]
tests/test_bugbatch_apr2026.py::test_590_recording_stops_before_transcribe PASSED [ 11%]
tests/test_byok_model_dropdown.py::TestActiveProviderNormalization::test_z_dot_ai_normalized_to_zai PASSED [ 11%]
tests/test_byok_model_dropdown.py::TestActiveProviderNormalization::test_x_dot_ai_normalized_to_xai PASSED [ 11%]
tests/test_byok_model_dropdown.py::TestActiveProviderNormalization::test_google_normalized_to_gemini PASSED [ 11%]
tests/test_byok_model_dropdown.py::TestActiveProviderNormalization::test_normalization_code_present PASSED [ 11%]
tests/test_byok_model_dropdown.py::TestLiveModelsProviderNormalization::test_live_models_normalizes_provider_alias PASSED [ 11%]
tests/test_byok_model_dropdown.py::TestLiveModelsProviderNormalization::test_live_models_normalization_before_provider_model_ids PASSED [ 11%]
tests/test_byok_model_dropdown.py::TestLiveModelsProviderNormalization::test_alias_resolver_works_without_hermes_cli PASSED [ 11%]
tests/test_byok_model_dropdown.py::TestLiveModelsCustomProviderFallback::test_custom_fallback_code_present PASSED [ 11%]
tests/test_byok_model_dropdown.py::TestLiveModelsCustomProviderFallback::test_custom_fallback_returns_configured_models PASSED [ 11%]
tests/test_byok_model_dropdown.py::TestKnownProvidersUnaffected::test_openrouter_unaffected PASSED [ 11%]
tests/test_byok_model_dropdown.py::TestKnownProvidersUnaffected::test_anthropic_unaffected PASSED [ 11%]
tests/test_byok_model_dropdown.py::TestKnownProvidersUnaffected::test_custom_unaffected PASSED [ 11%]
tests/test_byok_model_dropdown.py::TestProviderIdInGroupResponse::test_groups_include_provider_id PASSED [ 11%]
tests/test_byok_model_dropdown.py::TestProviderIdInGroupResponse::test_provider_id_in_static_ui_js_optgroup PASSED [ 11%]
tests/test_byok_model_dropdown.py::TestProviderIdInGroupResponse::test_fetch_live_models_prefers_data_provider_match PASSED [ 11%]
tests/test_byok_model_dropdown.py::TestOllamaAliasEdgeCase::test_ollama_not_in_provider_aliases_as_ollama PASSED [ 11%]
tests/test_byok_model_dropdown.py::TestGetAvailableModelsReturnsCanonicalProvider::test_active_provider_in_response_is_normalized PASSED [ 11%]
tests/test_byte_range_parser.py::test_parse_range_header[explicit start-end] PASSED [ 11%]
tests/test_byte_range_parser.py::test_parse_range_header[open-ended start] PASSED [ 11%]
tests/test_byte_range_parser.py::test_parse_range_header[open-ended from middle] PASSED [ 11%]
tests/test_byte_range_parser.py::test_parse_range_header[suffix range \u2014 last 500 bytes] PASSED [ 11%]
tests/test_byte_range_parser.py::test_parse_range_header[suffix > file_size clamps to start=0] PASSED [ 11%]
tests/test_byte_range_parser.py::test_parse_range_header[end > file_size clamps to file_size-1] PASSED [ 11%]
tests/test_byte_range_parser.py::test_parse_range_header[end past file clamps to last byte] PASSED [ 11%]
tests/test_byte_range_parser.py::test_parse_range_header[single-byte range] PASSED [ 11%]
tests/test_byte_range_parser.py::test_parse_range_header[last byte] PASSED [ 11%]
tests/test_byte_range_parser.py::test_parse_range_header[whitespace inside trimmed] PASSED [ 11%]
tests/test_byte_range_parser.py::test_parse_range_header[empty header] PASSED [ 11%]
tests/test_byte_range_parser.py::test_parse_range_header[wrong format \u2014 space instead of =] PASSED [ 11%]
tests/test_byte_range_parser.py::test_parse_range_header[no spec after =] PASSED [ 11%]
tests/test_byte_range_parser.py::test_parse_range_header[bare dash, no numbers] PASSED [ 11%]
tests/test_byte_range_parser.py::test_parse_range_header[zero-length suffix] PASSED [ 11%]
tests/test_byte_range_parser.py::test_parse_range_header[multipart not supported] PASSED [ 11%]
tests/test_byte_range_parser.py::test_parse_range_header[reversed range] PASSED [ 11%]
tests/test_byte_range_parser.py::test_parse_range_header[start past file] PASSED [ 11%]
tests/test_byte_range_parser.py::test_parse_range_header[non-numeric] PASSED [ 11%]
tests/test_byte_range_parser.py::test_parse_range_header[non-numeric suffix] PASSED [ 11%]
tests/test_byte_range_parser.py::test_parse_range_header[leading space \u2014 must startswith bytes=] PASSED [ 12%]
tests/test_byte_range_parser.py::test_parse_range_header[empty file always None] PASSED [ 12%]
tests/test_byte_range_parser.py::test_parse_range_header[suffix=1 \u2014 last byte] PASSED [ 12%]
tests/test_byte_range_parser.py::test_returned_offsets_are_non_negative_for_valid_inputs PASSED [ 12%]
tests/test_byte_range_parser.py::test_content_length_is_positive_for_valid_ranges PASSED [ 12%]
tests/test_cancel_interrupt.py::TestCancelInterrupt::test_cancel_calls_agent_interrupt PASSED [ 12%]
tests/test_cancel_interrupt.py::TestCancelInterrupt::test_cancel_handles_interrupt_exception PASSED [ 12%]
tests/test_cancel_interrupt.py::TestCancelInterrupt::test_cancel_before_agent_ready PASSED [ 12%]
tests/test_cancel_interrupt.py::TestCancelInterrupt::test_cancel_nonexistent_stream PASSED [ 12%]
tests/test_cancel_interrupt.py::TestCancelInterrupt::test_cancel_sets_cancel_event PASSED [ 12%]
tests/test_cancel_interrupt.py::TestCancelInterrupt::test_cancel_puts_sentinel_in_queue PASSED [ 12%]
tests/test_chinese_locale.py::test_chinese_locale_block_exists PASSED    [ 12%]
tests/test_chinese_locale.py::test_chinese_locale_includes_representative_translations PASSED [ 12%]
tests/test_chinese_locale.py::test_chinese_locale_covers_english_keys PASSED [ 12%]
tests/test_chinese_locale.py::test_chinese_locale_has_no_duplicate_keys PASSED [ 12%]
tests/test_chinese_locale.py::test_traditional_chinese_mcp_and_tree_labels_are_not_cyrillic PASSED [ 12%]
tests/test_clarify_sse.py::TestClarifySSEBackendMarkers::test_clarify_module_has_marker[_clarify_sse_subscribers] PASSED [ 12%]
tests/test_clarify_sse.py::TestClarifySSEBackendMarkers::test_clarify_module_has_marker[def sse_subscribe] PASSED [ 12%]
tests/test_clarify_sse.py::TestClarifySSEBackendMarkers::test_clarify_module_has_marker[def sse_unsubscribe] PASSED [ 12%]
tests/test_clarify_sse.py::TestClarifySSEBackendMarkers::test_clarify_module_has_marker[_clarify_sse_notify] PASSED [ 12%]
tests/test_clarify_sse.py::TestClarifySSEBackendCode::test_submit_pending_calls_notify PASSED [ 12%]
tests/test_clarify_sse.py::TestClarifySSEBackendCode::test_resolve_clarify_calls_notify PASSED [ 12%]
tests/test_clarify_sse.py::TestClarifySSERoutesCode::test_route_registered PASSED [ 12%]
tests/test_clarify_sse.py::TestClarifySSERoutesCode::test_handler_function_exists PASSED [ 12%]
tests/test_clarify_sse.py::TestClarifySSERoutesCode::test_imports_sse_subscribe PASSED [ 12%]
tests/test_clarify_sse.py::TestClarifySSERoutesCode::test_imports_sse_unsubscribe PASSED [ 12%]
tests/test_clarify_sse.py::TestClarifySSEFrontendCode::test_uses_event_source PASSED [ 12%]
tests/test_clarify_sse.py::TestClarifySSEFrontendCode::test_frontend_listens_initial_event PASSED [ 12%]
tests/test_clarify_sse.py::TestClarifySSEFrontendCode::test_frontend_listens_clarify_event PASSED [ 12%]
tests/test_clarify_sse.py::TestClarifySSEFrontendCode::test_frontend_has_fallback_poll PASSED [ 12%]
tests/test_clarify_sse.py::TestClarifySSEFrontendCode::test_frontend_fallback_interval_3s PASSED [ 12%]
tests/test_clarify_sse.py::TestClarifySSEFrontendCode::test_frontend_stop_closes_event_source PASSED [ 12%]
tests/test_clarify_sse.py::TestClarifySSEFrontendCode::test_frontend_has_health_timer PASSED [ 12%]
tests/test_clarify_sse.py::TestClarifySSEUnit::test_subscribe_returns_queue PASSED [ 12%]
tests/test_clarify_sse.py::TestClarifySSEUnit::test_unsubscribe_removes_queue PASSED [ 12%]
tests/test_clarify_sse.py::TestClarifySSEUnit::test_unsubscribe_cleans_empty_session PASSED [ 12%]
tests/test_clarify_sse.py::TestClarifySSEUnit::test_unsubscribe_unknown_queue_no_error PASSED [ 12%]
tests/test_clarify_sse.py::TestClarifySSEUnit::test_multiple_subscribers_same_session PASSED [ 12%]
tests/test_clarify_sse.py::TestClarifySSEUnit::test_notify_delivers_to_all_subscribers PASSED [ 12%]
tests/test_clarify_sse.py::TestClarifySSEUnit::test_cross_session_isolation PASSED [ 12%]
tests/test_clarify_sse.py::TestClarifySSEUnit::test_queue_overflow_drops_silently PASSED [ 12%]
tests/test_clarify_sse.py::TestClarifySSEUnit::test_submit_pending_triggers_notify PASSED [ 12%]
tests/test_clarify_sse.py::TestClarifySSEUnit::test_unsubscribe_mid_notify_safe PASSED [ 12%]
tests/test_clarify_sse.py::TestClarifySSEConcurrency::test_concurrent_subscribe_unsubscribe PASSED [ 12%]
tests/test_clarify_sse.py::TestClarifySSEConcurrency::test_concurrent_notify_and_subscribe PASSED [ 12%]
tests/test_clarify_unblock.py::TestClarifyUnblocking::test_resolve_clarify_sets_event PASSED [ 12%]
tests/test_clarify_unblock.py::TestClarifyUnblocking::test_register_and_fire_notify_cb PASSED [ 12%]
tests/test_clarify_unblock.py::TestClarifyUnblocking::test_clear_pending_unblocks_waiters PASSED [ 12%]
tests/test_clarify_unblock.py::TestClarifyUnblocking::test_submit_pending_registers_entry PASSED [ 13%]
tests/test_clarify_unblock.py::TestClarifyUnblocking::test_submit_pending_adds_timeout_metadata PASSED [ 13%]
tests/test_clarify_unblock.py::TestClarifyModuleExports::test_register_gateway_notify_exported PASSED [ 13%]
tests/test_clarify_unblock.py::TestClarifyModuleExports::test_unregister_gateway_notify_exported PASSED [ 13%]
tests/test_clarify_unblock.py::TestClarifyModuleExports::test_resolve_clarify_exported PASSED [ 13%]
tests/test_clarify_unblock.py::TestClarifyModuleExports::test_clarify_entry_exported PASSED [ 13%]
tests/test_clarify_unblock.py::TestClarifyHTTPEndpoints::test_respond_returns_ok_no_pending PASSED [ 13%]
tests/test_clarify_unblock.py::TestClarifyHTTPEndpoints::test_respond_requires_session_id PASSED [ 13%]
tests/test_clarify_unblock.py::TestClarifyHTTPEndpoints::test_respond_requires_response PASSED [ 13%]
tests/test_clarify_unblock.py::TestClarifyHTTPEndpoints::test_respond_clears_injected_pending PASSED [ 13%]
tests/test_claude_code_session_import.py::test_default_claude_code_scan_is_disabled_inside_test_state PASSED [ 13%]
tests/test_claude_code_session_import.py::test_get_claude_code_sessions_reads_fixture_jsonl_without_real_home PASSED [ 13%]
tests/test_claude_code_session_import.py::test_claude_code_scan_skips_symlinks_and_oversized_files PASSED [ 13%]
tests/test_claude_code_session_import.py::test_session_import_cli_returns_read_only_claude_code_payload PASSED [ 13%]
tests/test_claude_code_session_import.py::test_read_only_source_badge_ui_guards_are_present PASSED [ 13%]
tests/test_cli_only_slash_commands.py::test_api_commands_exposes_cli_only_metadata_for_webui_intercept PASSED [ 13%]
tests/test_cli_only_slash_commands.py::test_frontend_fetches_agent_command_metadata_lazily PASSED [ 13%]
tests/test_cli_only_slash_commands.py::test_frontend_matches_agent_command_aliases PASSED [ 13%]
tests/test_cli_only_slash_commands.py::test_cli_only_response_mentions_webui_and_cli_scope PASSED [ 13%]
tests/test_cli_only_slash_commands.py::test_browser_cli_only_response_explains_server_side_browser_tools PASSED [ 13%]
tests/test_cli_only_slash_commands.py::test_agent_command_metadata_helper_resolves_name_and_alias FAILED [ 13%]
tests/test_cli_only_slash_commands.py::test_cli_only_response_helper_uses_canonical_command_name FAILED [ 13%]
tests/test_cli_only_slash_commands.py::test_send_intercepts_cli_only_commands_before_agent_round_trip PASSED [ 13%]
tests/test_cli_only_slash_commands.py::test_unknown_slash_commands_still_fall_through_to_agent PASSED [ 13%]
tests/test_cli_only_slash_commands.py::test_builtin_command_opt_outs_do_not_hit_agent_metadata_lookup PASSED [ 13%]
tests/test_cli_session_tool_metadata.py::test_get_cli_session_messages_preserves_tool_call_metadata PASSED [ 13%]
tests/test_cli_session_tool_metadata.py::test_existing_cli_import_refreshes_same_length_tool_metadata PASSED [ 13%]
tests/test_cmd_dropdown_scroll_838.py::TestNavigateCmdDropdownScroll::test_navigate_calls_scroll_into_view PASSED [ 13%]
tests/test_cmd_dropdown_scroll_838.py::TestNavigateCmdDropdownScroll::test_scroll_uses_nearest_block_alignment PASSED [ 13%]
tests/test_cmd_dropdown_scroll_838.py::TestNavigateCmdDropdownScroll::test_scroll_after_selected_class_update PASSED [ 13%]
tests/test_cmd_dropdown_scroll_838.py::TestNavigateCmdDropdownScroll::test_cmd_dropdown_is_scroll_container PASSED [ 13%]
tests/test_cmd_idle_fallback.py::TestIdleFallbackStructure::test_queue_idle_path_calls_send PASSED [ 13%]
tests/test_cmd_idle_fallback.py::TestIdleFallbackStructure::test_queue_idle_path_sets_input_value PASSED [ 13%]
tests/test_cmd_idle_fallback.py::TestIdleFallbackStructure::test_queue_idle_path_not_toast_only PASSED [ 13%]
tests/test_cmd_idle_fallback.py::TestIdleFallbackStructure::test_interrupt_idle_path_calls_send PASSED [ 13%]
tests/test_cmd_idle_fallback.py::TestIdleFallbackStructure::test_interrupt_idle_path_sets_input_value PASSED [ 13%]
tests/test_cmd_idle_fallback.py::TestIdleFallbackStructure::test_interrupt_idle_branch_exists PASSED [ 13%]
tests/test_cmd_idle_fallback.py::TestIdleFallbackStructure::test_steer_idle_path_calls_send PASSED [ 13%]
tests/test_cmd_idle_fallback.py::TestIdleFallbackStructure::test_steer_idle_path_sets_input_value PASSED [ 13%]
tests/test_cmd_idle_fallback.py::TestIdleFallbackStructure::test_steer_idle_branch_before_trySteer PASSED [ 13%]
tests/test_cmd_idle_fallback.py::TestIdleFallbackStructure::test_queue_no_longer_toasts_only_when_idle PASSED [ 13%]
tests/test_cmd_idle_fallback.py::TestIdleFallbackStructure::test_steer_no_longer_calls_no_active_task_toast_when_idle PASSED [ 13%]
tests/test_cmd_idle_fallback.py::TestBusyPathsStillWork::test_queue_still_queues_when_busy PASSED [ 13%]
tests/test_cmd_idle_fallback.py::TestBusyPathsStillWork::test_interrupt_still_cancels_when_busy PASSED [ 13%]
tests/test_cmd_idle_fallback.py::TestBusyPathsStillWork::test_steer_still_calls_trySteer_when_busy PASSED [ 13%]
tests/test_cmd_idle_fallback.py::TestBusyPathsStillWork::test_stop_command_unchanged PASSED [ 13%]
tests/test_commands_endpoint.py::test_commands_endpoint_returns_list SKIPPED [ 13%]
tests/test_commands_endpoint.py::test_commands_endpoint_includes_help SKIPPED [ 13%]
tests/test_commands_endpoint.py::test_commands_endpoint_command_shape SKIPPED [ 13%]
tests/test_commands_endpoint.py::test_commands_endpoint_excludes_gateway_only_and_never_expose SKIPPED [ 14%]
tests/test_commands_endpoint.py::test_commands_endpoint_keeps_new_with_reset_alias SKIPPED [ 14%]
tests/test_commands_endpoint.py::test_list_commands_returns_empty_for_empty_registry PASSED [ 14%]
tests/test_commands_endpoint.py::test_list_commands_degrades_when_agent_missing PASSED [ 14%]
tests/test_composer_chip_lightbox.py::TestComposerChipLightboxDelegate::test_delegate_handles_attach_thumb_clicks PASSED [ 14%]
tests/test_composer_chip_lightbox.py::TestComposerChipLightboxDelegate::test_delegate_still_handles_message_attached_images PASSED [ 14%]
tests/test_composer_chip_lightbox.py::TestComposerChipLightboxDelegate::test_delegate_excludes_audio_video_chips PASSED [ 14%]
tests/test_composer_chip_lightbox.py::TestComposerChipCursorAffordance::test_attach_thumb_cursor_is_zoom_in PASSED [ 14%]
tests/test_composer_chip_lightbox.py::TestComposerChipCursorAffordance::test_attach_thumb_has_hover_emphasis PASSED [ 14%]
tests/test_credential_pool_providers.py::test_ollama_cloud_manual_credential_shows_group PASSED [ 14%]
tests/test_credential_pool_providers.py::test_copilot_gh_cli_only_credential_hidden PASSED [ 14%]
tests/test_credential_pool_providers.py::test_copilot_mixed_credential_pool_remains_visible PASSED [ 14%]
tests/test_credential_pool_providers.py::test_copilot_empty_field_entries_are_treated_as_explicit PASSED [ 14%]
tests/test_credential_pool_providers.py::test_copilot_oauth_credential_is_visible PASSED [ 14%]
tests/test_credential_pool_providers.py::test_load_pool_copilot_ambient_only_remains_hidden PASSED [ 14%]
tests/test_credential_pool_providers.py::test_load_pool_copilot_ambient_key_source_only_remains_hidden PASSED [ 14%]
tests/test_credential_pool_providers.py::test_load_pool_alias_provider_key_is_resolved PASSED [ 14%]
tests/test_credential_pool_providers.py::test_load_pool_explicit_credential_shows_provider PASSED [ 14%]
tests/test_credential_pool_providers.py::test_apply_provider_prefix_ollama_cloud_non_active PASSED [ 14%]
tests/test_credential_pool_providers.py::test_apply_provider_prefix_copilot_non_active PASSED [ 14%]
tests/test_credential_pool_providers.py::test_apply_provider_prefix_no_double_prefix PASSED [ 14%]
tests/test_credential_pool_providers.py::test_apply_provider_prefix_active_provider_no_prefix PASSED [ 14%]
tests/test_credential_pool_providers.py::test_copilot_mixed_pool_prefixed_models PASSED [ 14%]
tests/test_credential_pool_providers.py::test_auth_store_active_provider_alias_is_resolved PASSED [ 14%]
tests/test_credential_pool_providers.py::test_ollama_cloud_empty_catalog_skips_group PASSED [ 14%]
tests/test_credential_pool_providers.py::test_format_ollama_label_simple PASSED [ 14%]
tests/test_credential_pool_providers.py::test_format_ollama_label_with_variant PASSED [ 14%]
tests/test_credential_pool_providers.py::test_format_ollama_label_short_acronym PASSED [ 14%]
tests/test_credential_pool_providers.py::test_format_ollama_label_gpt_oss_with_size PASSED [ 14%]
tests/test_credential_pool_providers.py::test_format_ollama_label_empty_string PASSED [ 14%]
tests/test_credential_pool_providers.py::test_format_ollama_label_no_variant PASSED [ 14%]
tests/test_credential_pool_providers.py::test_fallback_path_resolves_alias_when_load_pool_unavailable PASSED [ 14%]
tests/test_cron_manual_run_persistence.py::test_manual_cron_run_saves_output_and_marks_job PASSED [ 14%]
tests/test_cron_manual_run_persistence.py::test_manual_cron_run_marks_empty_response_as_failure PASSED [ 14%]
tests/test_cron_needs_attention.py::test_legacy_broken_recurring_cron_is_needs_attention_not_off PASSED [ 14%]
tests/test_cron_needs_attention.py::test_cron_attention_ui_has_recovery_and_diagnostics_actions PASSED [ 14%]
tests/test_cron_no_agent_edit.py::test_open_cron_edit_plumbs_no_agent_and_script_to_form PASSED [ 14%]
tests/test_cron_no_agent_edit.py::test_no_agent_form_drops_prompt_required_attribute_and_shows_script_context PASSED [ 14%]
tests/test_cron_no_agent_edit.py::test_save_cron_form_keeps_agent_prompt_required_but_skips_no_agent_edits PASSED [ 14%]
tests/test_cron_no_agent_edit.py::test_no_agent_detail_displays_mode_and_script PASSED [ 14%]
tests/test_cron_refresh_button_835.py::TestCronRefreshButtonHtml::test_refresh_button_present PASSED [ 14%]
tests/test_cron_refresh_button_835.py::TestCronRefreshButtonHtml::test_refresh_button_has_accessibility_labels PASSED [ 14%]
tests/test_cron_refresh_button_835.py::TestCronRefreshButtonHtml::test_refresh_button_calls_load_crons_with_animate PASSED [ 14%]
tests/test_cron_refresh_button_835.py::TestCronRefreshButtonHtml::test_refresh_button_sits_next_to_new_job_button PASSED [ 14%]
tests/test_cron_refresh_button_835.py::TestLoadCronsAnimateFlag::test_load_crons_accepts_animate_param PASSED [ 14%]
tests/test_cron_refresh_button_835.py::TestLoadCronsAnimateFlag::test_load_crons_restores_button_in_finally PASSED [ 14%]
tests/test_cron_refresh_button_835.py::TestCronCreatedEventListener::test_listener_registered_at_module_scope PASSED [ 14%]
tests/test_cron_refresh_button_835.py::TestCronCreatedEventListener::test_listener_triggers_load_crons PASSED [ 14%]
tests/test_cron_run_job_import.py::TestRunCronTrackedImport::test_run_job_imported_inside_function PASSED [ 15%]
tests/test_cron_run_job_import.py::TestRunCronTrackedImport::test_handle_cron_run_does_not_import_run_job PASSED [ 15%]
tests/test_cron_run_job_import.py::TestRunCronTrackedImport::test_run_cron_tracked_calls_run_job_helper PASSED [ 15%]
tests/test_cron_run_job_import.py::TestRunCronTrackedImport::test_cron_subprocess_target_calls_run_job PASSED [ 15%]
tests/test_cron_session_title.py::test_cron_session_uses_job_name_when_title_missing PASSED [ 15%]
tests/test_cron_session_title.py::test_cron_session_falls_back_when_jobs_json_missing PASSED [ 15%]
tests/test_cron_session_title.py::test_cron_session_falls_back_when_job_id_not_in_jobs_json PASSED [ 15%]
tests/test_cron_session_title.py::test_explicit_title_is_preserved PASSED [ 15%]
tests/test_cron_session_title.py::test_non_cron_sessions_unaffected PASSED [ 15%]
tests/test_css_tooltips.py::TestIndexHTMLTooltipCoverage::test_has_tooltip_also_has_data_tooltip PASSED [ 15%]
tests/test_css_tooltips.py::TestIndexHTMLTooltipCoverage::test_panel_head_btn_has_data_tooltip PASSED [ 15%]
tests/test_css_tooltips.py::TestIndexHTMLTooltipCoverage::test_panel_head_btn_has_tooltip_class PASSED [ 15%]
tests/test_css_tooltips.py::TestIndexHTMLTooltipCoverage::test_panel_head_btn_no_native_title PASSED [ 15%]
tests/test_css_tooltips.py::TestIndexHTMLTooltipCoverage::test_rail_btn_has_data_tooltip PASSED [ 15%]
tests/test_css_tooltips.py::TestIndexHTMLTooltipCoverage::test_rail_btn_has_tooltip_class PASSED [ 15%]
tests/test_css_tooltips.py::TestIndexHTMLTooltipCoverage::test_rail_btn_no_native_title PASSED [ 15%]
tests/test_css_tooltips.py::TestIndexHTMLTooltipCoverage::test_sidebar_nav_tabs_have_data_tooltip PASSED [ 15%]
tests/test_css_tooltips.py::TestIndexHTMLTooltipCoverage::test_sidebar_nav_tabs_have_tooltip_class PASSED [ 15%]
tests/test_css_tooltips.py::TestIndexHTMLTooltipCoverage::test_sidebar_nav_tabs_no_native_title PASSED [ 15%]
tests/test_css_tooltips.py::TestStyleCSSTooltipClasses::test_has_tooltip_after_uses_attr_data_tooltip PASSED [ 15%]
tests/test_css_tooltips.py::TestStyleCSSTooltipClasses::test_has_tooltip_bottom_defined PASSED [ 15%]
tests/test_css_tooltips.py::TestStyleCSSTooltipClasses::test_has_tooltip_class_defined PASSED [ 15%]
tests/test_css_tooltips.py::TestStyleCSSTooltipClasses::test_hover_and_focus_visible_trigger_opacity PASSED [ 15%]
tests/test_css_tooltips.py::TestStyleCSSTooltipClasses::test_prefers_reduced_motion_exists PASSED [ 15%]
tests/test_css_tooltips.py::TestI18NTooltipSync::test_data_tooltip_synced_in_i18n_title_handler PASSED [ 15%]
tests/test_css_tooltips.py::TestI18NTooltipSync::test_native_title_cleared_when_custom_tooltip_present PASSED [ 15%]
tests/test_css_tooltips.py::TestI18NTooltipSync::test_native_title_path_preserved_for_non_tooltip_elements PASSED [ 15%]
tests/test_css_tooltips.py::TestI18NTooltipSync::test_sync_only_fires_when_both_present PASSED [ 15%]
tests/test_css_tooltips.py::RailTooltipCascadeTests::test_all_rail_buttons_carry_has_tooltip PASSED [ 15%]
tests/test_css_tooltips.py::RailTooltipCascadeTests::test_legacy_data_label_hover_is_scoped_to_sidebar_nav PASSED [ 15%]
tests/test_css_tooltips.py::RailTooltipCascadeTests::test_rail_nav_tab_hover_after_killer_is_gone PASSED [ 15%]
tests/test_css_tooltips.py::BottomRightTooltipVariantTests::test_bottom_right_variant_defined PASSED [ 15%]
tests/test_css_tooltips.py::BottomRightTooltipVariantTests::test_btn_new_chat_uses_bottom_right_variant PASSED [ 15%]
tests/test_csv_table_rendering.py::test_csv_extension_regex PASSED       [ 15%]
tests/test_csv_table_rendering.py::test_csv_fence_block_handler PASSED   [ 15%]
tests/test_csv_table_rendering.py::test_csv_fence_renders_table_structure PASSED [ 15%]
tests/test_csv_table_rendering.py::test_csv_fence_fallback_for_insufficient_rows PASSED [ 15%]
tests/test_csv_table_rendering.py::test_csv_media_file_handler PASSED    [ 15%]
tests/test_csv_table_rendering.py::test_loadCsvInline_function PASSED    [ 15%]
tests/test_csv_table_rendering.py::test_csv_inline_max_size PASSED       [ 15%]
tests/test_csv_table_rendering.py::test_csv_auto_detect_separator PASSED [ 15%]
tests/test_csv_table_rendering.py::test_csv_quote_stripping PASSED       [ 15%]
tests/test_csv_table_rendering.py::test_csv_error_handling PASSED        [ 15%]
tests/test_csv_table_rendering.py::test_csv_loadCsvInline_called_after_render PASSED [ 15%]
tests/test_csv_table_rendering.py::test_csv_line_ending_normalization PASSED [ 15%]
tests/test_csv_table_rendering.py::test_csv_i18n_keys PASSED             [ 15%]
tests/test_csv_table_rendering.py::test_csv_css_classes PASSED           [ 15%]
tests/test_csv_table_rendering.py::test_csv_not_matched_by_image_exts PASSED [ 15%]
tests/test_ctl_script.py::test_start_writes_pid_under_hermes_home_runs_foreground_no_browser_and_logs FAILED [ 16%]
tests/test_ctl_script.py::test_start_loads_dotenv_but_inline_overrides_win FAILED [ 16%]
tests/test_ctl_script.py::test_stale_pid_file_is_removed_without_killing_unrelated_process FAILED [ 16%]
tests/test_ctl_script.py::test_logs_supports_non_following_line_count FAILED [ 16%]
tests/test_custom_provider_display_name.py::TestNamedCustomProviderGroup::test_named_provider_uses_name_as_group_header PASSED [ 16%]
tests/test_custom_provider_display_name.py::TestNamedCustomProviderGroup::test_named_provider_does_not_produce_generic_custom PASSED [ 16%]
tests/test_custom_provider_display_name.py::TestNamedCustomProviderGroup::test_named_provider_model_appears_in_its_group PASSED [ 16%]
tests/test_custom_provider_display_name.py::TestNamedCustomProviderGroup::test_multiple_named_providers_each_get_their_own_group PASSED [ 16%]
tests/test_custom_provider_display_name.py::TestNamedCustomProviderGroup::test_multiple_models_in_same_named_provider PASSED [ 16%]
tests/test_custom_provider_display_name.py::TestUnnamedCustomProviderFallback::test_unnamed_entry_still_produces_custom_group PASSED [ 16%]
tests/test_custom_provider_display_name.py::TestUnnamedCustomProviderFallback::test_mixed_named_and_unnamed_entries PASSED [ 16%]
tests/test_custom_providers_in_panel.py::TestCustomProvidersInGetProviders::test_custom_provider_with_models PASSED [ 16%]
tests/test_custom_providers_in_panel.py::TestCustomProvidersInGetProviders::test_custom_provider_with_multi_models PASSED [ 16%]
tests/test_custom_providers_in_panel.py::TestCustomProvidersInGetProviders::test_custom_provider_no_key PASSED [ 16%]
tests/test_custom_providers_in_panel.py::TestCustomProvidersInGetProviders::test_empty_custom_providers_no_crash PASSED [ 16%]
tests/test_custom_providers_in_panel.py::TestCustomProvidersInGetProviders::test_custom_provider_bare_api_key PASSED [ 16%]
tests/test_custom_providers_in_panel.py::TestCustomProvidersInGetProviders::test_custom_provider_no_name_skipped PASSED [ 16%]
tests/test_custom_providers_in_panel.py::TestDeepSeekV4Models::test_v4_models_in_provider_models PASSED [ 16%]
tests/test_custom_providers_in_panel.py::TestDeepSeekV4Models::test_zai_models_include_glm_series PASSED [ 16%]
tests/test_custom_providers_in_panel.py::TestDeepSeekV4Models::test_zai_in_onboarding_setup PASSED [ 16%]
tests/test_custom_providers_in_panel.py::TestDeepSeekV4Models::test_deepseek_onboarding_default_is_v4 PASSED [ 16%]
tests/test_dashboard_link_ui.py::test_dashboard_nav_buttons_are_hidden_by_default_and_subpath_safe PASSED [ 16%]
tests/test_dashboard_link_ui.py::test_dashboard_rail_item_sits_between_insights_and_settings_spacer PASSED [ 16%]
tests/test_dashboard_link_ui.py::test_dashboard_frontend_fetches_status_with_sixty_second_cache PASSED [ 16%]
tests/test_dashboard_link_ui.py::test_dashboard_probe_initializes_after_shared_api_helper_is_loaded PASSED [ 16%]
tests/test_dashboard_link_ui.py::test_dashboard_frontend_opens_external_tab_safely_and_derives_browser_host_url PASSED [ 16%]
tests/test_dashboard_link_ui.py::test_dashboard_loopback_warning_and_external_badge_are_present PASSED [ 16%]
tests/test_dashboard_link_ui.py::test_dashboard_settings_controls_live_in_system_panel PASSED [ 16%]
tests/test_dashboard_probe.py::test_probe_uses_official_dashboard_status_fingerprint PASSED [ 16%]
tests/test_dashboard_probe.py::test_probe_rejects_non_dashboard_json PASSED [ 16%]
tests/test_dashboard_probe.py::test_probe_failure_and_timeout_are_safe_false PASSED [ 16%]
tests/test_dashboard_probe.py::test_dashboard_target_validation_allows_only_loopback_base_urls PASSED [ 16%]
tests/test_dashboard_probe.py::test_status_tries_default_loopback_targets_until_dashboard_found PASSED [ 16%]
tests/test_dashboard_probe.py::test_status_honors_never_and_strict_override PASSED [ 16%]
tests/test_dashboard_probe.py::test_status_skips_auto_probe_when_webui_bind_host_is_non_loopback PASSED [ 16%]
tests/test_dashboard_probe.py::test_dashboard_status_route_returns_safe_payload PASSED [ 16%]
tests/test_dashboard_probe.py::test_dashboard_config_roundtrip_writes_profile_config_yaml PASSED [ 16%]
tests/test_default_workspace_fallback.py::test_resolve_default_workspace_falls_back_to_existing_home_work FAILED [ 16%]
tests/test_default_workspace_fallback.py::test_save_settings_rewrites_bad_default_workspace_to_fallback FAILED [ 16%]
tests/test_default_workspace_fallback.py::test_resolve_default_workspace_creates_home_workspace_when_missing PASSED [ 16%]
tests/test_default_workspace_fallback.py::test_resolve_default_workspace_raises_when_all_candidates_fail FAILED [ 16%]
tests/test_default_workspace_fallback.py::test_workspace_candidates_deduplicates_home_workspace PASSED [ 16%]
tests/test_default_workspace_fallback.py::test_env_var_workspace_takes_priority_over_passed_raw PASSED [ 16%]
tests/test_default_workspace_fallback.py::test_ensure_workspace_dir_returns_false_for_unwritable_path FAILED [ 16%]
tests/test_default_workspace_fallback.py::test_env_var_wins_over_settings_json_on_startup PASSED [ 16%]
tests/test_embedded_workspace_terminal.py::test_terminal_is_opened_by_slash_command_not_permanent_composer_icon PASSED [ 16%]
tests/test_embedded_workspace_terminal.py::test_terminal_surface_uses_composer_flyout_card_pattern PASSED [ 16%]
tests/test_embedded_workspace_terminal.py::test_terminal_uses_controlled_desktop_resize_handle PASSED [ 16%]
tests/test_embedded_workspace_terminal.py::test_terminal_resize_path_refits_backend_and_transcript_space PASSED [ 16%]
tests/test_embedded_workspace_terminal.py::test_terminal_open_reserves_transcript_space PASSED [ 17%]
tests/test_embedded_workspace_terminal.py::test_terminal_initial_open_settles_transcript_space_before_reveal PASSED [ 17%]
tests/test_embedded_workspace_terminal.py::test_terminal_collapsed_state_preserves_pty_and_output_surface PASSED [ 17%]
tests/test_embedded_workspace_terminal.py::test_terminal_slash_command_expands_existing_collapsed_terminal PASSED [ 17%]
tests/test_embedded_workspace_terminal.py::test_terminal_v1_does_not_expose_send_to_chat_action PASSED [ 17%]
tests/test_embedded_workspace_terminal.py::test_terminal_ui_handles_shell_close_commands PASSED [ 17%]
tests/test_embedded_workspace_terminal.py::test_terminal_restart_ignores_stale_sse_events PASSED [ 17%]
tests/test_embedded_workspace_terminal.py::test_terminal_routes_are_registered PASSED [ 17%]
tests/test_embedded_workspace_terminal.py::test_terminal_process_does_not_mutate_global_terminal_cwd PASSED [ 17%]
tests/test_embedded_workspace_terminal.py::test_terminal_safe_env_preserves_pythonpath_for_shell_packages PASSED [ 17%]
tests/test_embedded_workspace_terminal.py::test_terminal_output_preserves_control_sequences_for_xterm PASSED [ 17%]
tests/test_embedded_workspace_terminal.py::test_terminal_xterm_theme_follows_appearance_tokens PASSED [ 17%]
tests/test_empty_session_no_disk_write.py::test_new_session_does_not_write_to_disk PASSED [ 17%]
tests/test_empty_session_no_disk_write.py::test_new_session_lives_in_memory PASSED [ 17%]
tests/test_empty_session_no_disk_write.py::test_get_session_finds_unsaved_session_by_id PASSED [ 17%]
tests/test_empty_session_no_disk_write.py::test_unsaved_empty_session_hidden_from_sidebar PASSED [ 17%]
tests/test_empty_session_no_disk_write.py::test_save_writes_to_disk_when_first_invoked PASSED [ 17%]
tests/test_empty_session_no_disk_write.py::test_btw_background_pattern_still_persists PASSED [ 17%]
tests/test_empty_session_no_disk_write.py::test_repeated_new_session_creates_no_disk_files PASSED [ 17%]
tests/test_excalidraw_inline_embed.py::test_excalidraw_extension_regex PASSED [ 17%]
tests/test_excalidraw_inline_embed.py::test_excalidraw_media_handler PASSED [ 17%]
tests/test_excalidraw_inline_embed.py::test_loadExcalidrawInline_function PASSED [ 17%]
tests/test_excalidraw_inline_embed.py::test_excalidraw_json_validation PASSED [ 17%]
tests/test_excalidraw_inline_embed.py::test_excalidraw_size_cap PASSED   [ 17%]
tests/test_excalidraw_inline_embed.py::test_excalidraw_error_handling PASSED [ 17%]
tests/test_excalidraw_inline_embed.py::test_excalidraw_svg_renderer_exists PASSED [ 17%]
tests/test_excalidraw_inline_embed.py::test_excalidraw_renders_element_types PASSED [ 17%]
tests/test_excalidraw_inline_embed.py::test_excalidraw_arrow_marker PASSED [ 17%]
tests/test_excalidraw_inline_embed.py::test_excalidraw_bounds_calculation PASSED [ 17%]
tests/test_excalidraw_inline_embed.py::test_excalidraw_empty_elements PASSED [ 17%]
tests/test_excalidraw_inline_embed.py::test_excalidraw_download_link PASSED [ 17%]
tests/test_excalidraw_inline_embed.py::test_excalidraw_called_after_render PASSED [ 17%]
tests/test_excalidraw_inline_embed.py::test_excalidraw_embed_wrap_structure PASSED [ 17%]
tests/test_excalidraw_inline_embed.py::test_excalidraw_i18n_keys PASSED  [ 17%]
tests/test_excalidraw_inline_embed.py::test_excalidraw_css_classes PASSED [ 17%]
tests/test_excalidraw_inline_embed.py::test_excalidraw_string_color_fields_are_attribute_escaped PASSED [ 17%]
tests/test_excalidraw_inline_embed.py::test_excalidraw_numeric_fields_are_coerced_via_Number PASSED [ 17%]
tests/test_extension_hooks.py::test_extension_config_disabled_by_default PASSED [ 17%]
tests/test_extension_hooks.py::test_extension_config_accepts_only_safe_same_origin_urls PASSED [ 17%]
tests/test_extension_hooks.py::test_index_html_injection_escapes_urls_and_preserves_disabled_default PASSED [ 17%]
tests/test_extension_hooks.py::test_extension_route_remains_behind_webui_auth PASSED [ 17%]
tests/test_extension_hooks.py::test_extension_static_serving_is_sandboxed PASSED [ 17%]
tests/test_extension_hooks.py::test_extension_static_serving_fails_closed_when_disabled_or_unreadable PASSED [ 17%]
tests/test_extension_hooks.py::test_extension_static_serving_rejects_symlink_escape PASSED [ 17%]
tests/test_font_size_setting.py::TestFontSizeCssModifiers::test_small_font_size_rule_exists PASSED [ 17%]
tests/test_font_size_setting.py::TestFontSizeCssModifiers::test_large_font_size_rule_exists PASSED [ 17%]
tests/test_font_size_setting.py::TestFontSizeCssModifiers::test_small_is_smaller_than_default PASSED [ 17%]
tests/test_font_size_setting.py::TestFontSizeBootScript::test_boot_script_reads_hermes_font_size PASSED [ 17%]
tests/test_font_size_setting.py::TestFontSizeBootScript::test_font_size_picker_html_present PASSED [ 18%]
tests/test_font_size_setting.py::TestFontSizeBootScript::test_three_font_size_values_present PASSED [ 18%]
tests/test_font_size_setting.py::TestFontSizeBootScript::test_font_size_picker_not_duplicated PASSED [ 18%]
tests/test_font_size_setting.py::TestFontSizeBootScript::test_font_size_picker_lives_in_appearance_pane PASSED [ 18%]
tests/test_font_size_setting.py::TestFontSizeJsFunctions::test_pick_font_size_function_exists PASSED [ 18%]
tests/test_font_size_setting.py::TestFontSizeJsFunctions::test_apply_font_size_function_exists PASSED [ 18%]
tests/test_font_size_setting.py::TestFontSizeJsFunctions::test_sync_font_size_picker_function_exists PASSED [ 18%]
tests/test_font_size_setting.py::TestFontSizeJsFunctions::test_pick_font_size_persists_to_localstorage PASSED [ 18%]
tests/test_font_size_setting.py::TestFontSizeJsFunctions::test_apply_font_size_sets_data_attribute PASSED [ 18%]
tests/test_font_size_setting.py::TestFontSizeI18nCoverage::test_all_locales_have_font_size_keys PASSED [ 18%]
tests/test_font_size_setting.py::TestFontSizeI18nCoverage::test_font_size_small_key_in_all_locales PASSED [ 18%]
tests/test_font_size_setting.py::TestFontSizeI18nCoverage::test_font_size_large_key_in_all_locales PASSED [ 18%]
tests/test_font_size_setting.py::TestFontSizeCssTargetedOverrides::test_msg_body_overridden_for_small PASSED [ 18%]
tests/test_font_size_setting.py::TestFontSizeCssTargetedOverrides::test_msg_body_overridden_for_large PASSED [ 18%]
tests/test_font_size_setting.py::TestFontSizeCssTargetedOverrides::test_session_item_overridden_for_small PASSED [ 18%]
tests/test_font_size_setting.py::TestFontSizeCssTargetedOverrides::test_session_item_overridden_for_large PASSED [ 18%]
tests/test_font_size_setting.py::TestFontSizeCssTargetedOverrides::test_composer_overridden_for_small PASSED [ 18%]
tests/test_font_size_setting.py::TestFontSizeCssTargetedOverrides::test_composer_overridden_for_large PASSED [ 18%]
tests/test_font_size_setting.py::TestFontSizeCssTargetedOverrides::test_file_item_overridden_for_small PASSED [ 18%]
tests/test_font_size_setting.py::TestFontSizeCssTargetedOverrides::test_file_item_overridden_for_large PASSED [ 18%]
tests/test_gateway_status_agent_health.py::test_gateway_status_running_true_when_agent_health_alive_and_no_sessions PASSED [ 18%]
tests/test_gateway_status_agent_health.py::test_gateway_status_running_false_when_agent_health_alive_false_and_no_sessions PASSED [ 18%]
tests/test_gateway_status_agent_health.py::test_gateway_status_running_false_when_agent_health_alive_none_and_no_sessions PASSED [ 18%]
tests/test_gateway_status_agent_health.py::test_gateway_status_running_true_and_platforms_when_agent_health_alive_and_sessions PASSED [ 18%]
tests/test_gateway_status_agent_health.py::test_gateway_status_alive_none_falls_back_to_identity_map_heuristic PASSED [ 18%]
tests/test_gateway_status_agent_health.py::test_gateway_status_handles_corrupted_sessions_json PASSED [ 18%]
tests/test_gateway_status_agent_health.py::test_gateway_status_blank_platform_fields_empty_platforms_running_true PASSED [ 18%]
tests/test_gateway_status_agent_health.py::test_gateway_status_running_false_when_agent_health_down_even_with_sessions PASSED [ 18%]
tests/test_gateway_status_agent_health.py::test_gateway_status_missing_r_field_handled_by_frontend PASSED [ 18%]
tests/test_gateway_status_agent_health.py::test_gateway_status_last_active_empty_when_alive_and_no_sessions_path PASSED [ 18%]
tests/test_gateway_sync.py::test_gateway_sessions_appear_when_enabled PASSED [ 18%]
tests/test_gateway_sync.py::test_webui_state_db_session_without_sidecar_appears_when_agent_sessions_enabled PASSED [ 18%]
tests/test_gateway_sync.py::test_gateway_sessions_without_messages_are_hidden_from_sidebar PASSED [ 18%]
tests/test_gateway_sync.py::test_gateway_watcher_hides_sessions_without_messages PASSED [ 18%]
tests/test_gateway_sync.py::test_compression_chain_collapses_to_latest_tip_in_sidebar PASSED [ 18%]
tests/test_gateway_sync.py::test_compression_chain_with_empty_latest_tip_falls_back_to_latest_importable_segment PASSED [ 18%]
tests/test_gateway_sync.py::test_compression_chain_with_all_empty_segments_is_hidden PASSED [ 18%]
tests/test_gateway_sync.py::test_default_title_cli_compression_chain_is_kept_by_lineage PASSED [ 18%]
tests/test_gateway_sync.py::test_non_compression_child_is_not_collapsed_into_parent PASSED [ 18%]
tests/test_gateway_sync.py::test_agent_session_limit_applies_after_compression_projection PASSED [ 18%]
tests/test_gateway_sync.py::test_compression_chain_bubbles_to_top_by_tip_activity PASSED [ 18%]
tests/test_gateway_sync.py::test_gateway_sessions_excluded_when_disabled PASSED [ 18%]
tests/test_gateway_sync.py::test_gateway_session_has_correct_metadata PASSED [ 18%]
tests/test_gateway_sync.py::test_agent_session_source_normalization_contract PASSED [ 18%]
tests/test_gateway_sync.py::test_cross_source_parent_child_is_not_collapsed_into_root_metadata PASSED [ 18%]
tests/test_gateway_sync.py::test_gateway_watcher_uses_normalized_source_metadata PASSED [ 18%]
tests/test_gateway_sync.py::test_imported_cli_session_metadata_survives_compact PASSED [ 18%]
tests/test_gateway_sync.py::test_import_cli_preserves_messaging_source_metadata PASSED [ 18%]
tests/test_gateway_sync.py::test_sessions_response_backfills_imported_messaging_source_metadata PASSED [ 19%]
tests/test_gateway_sync.py::test_sessions_response_keeps_only_latest_messaging_session_per_source PASSED [ 19%]
tests/test_gateway_sync.py::test_sessions_response_keeps_distinct_messaging_sessions_for_distinct_users PASSED [ 19%]
tests/test_gateway_sync.py::test_sessions_response_distinguishes_same_user_different_chat_identity_from_gateway_metadata PASSED [ 19%]
tests/test_gateway_sync.py::test_messaging_projection_hides_stale_gateway_internal_segments PASSED [ 19%]
tests/test_gateway_sync.py::test_messaging_projection_keeps_distinct_active_gateway_conversations PASSED [ 19%]
tests/test_gateway_sync.py::test_messaging_projection_does_not_aggressively_hide_without_gateway_metadata PASSED [ 19%]
tests/test_gateway_sync.py::test_sessions_response_distinguishes_same_platform_same_group_chat_different_users_without_session_key PASSED [ 19%]
tests/test_gateway_sync.py::test_sessions_response_distinguishes_same_user_different_thread_without_session_key PASSED [ 19%]
tests/test_gateway_sync.py::test_archiving_raw_messaging_session_imports_without_erasing_agent_memory PASSED [ 19%]
tests/test_gateway_sync.py::test_delete_imported_messaging_session_preserves_agent_memory PASSED [ 19%]
tests/test_gateway_sync.py::test_imported_cron_sessions_hidden_from_sidebar_by_default PASSED [ 19%]
tests/test_gateway_sync.py::test_cron_sessions_hidden_from_sidebar_by_default PASSED [ 19%]
tests/test_gateway_sync.py::test_importable_agent_rows_can_opt_into_cron_source PASSED [ 19%]
tests/test_gateway_sync.py::test_gateway_session_has_message_count PASSED [ 19%]
tests/test_gateway_sync.py::test_gateway_sessions_multiple_sources PASSED [ 19%]
tests/test_gateway_sync.py::test_gateway_session_messages_readable PASSED [ 19%]
tests/test_gateway_sync.py::test_session_prefers_state_db_messages_over_stale_local_snapshot PASSED [ 19%]
tests/test_gateway_sync.py::test_sessions_prefers_state_db_metadata_for_messaging_overlap PASSED [ 19%]
tests/test_gateway_sync.py::test_archiving_messaging_session_keeps_state_db_history PASSED [ 19%]
tests/test_gateway_sync.py::test_importing_older_gateway_session_preserves_original_timestamps_and_order PASSED [ 19%]
tests/test_gateway_sync.py::test_gateway_sse_stream_endpoint_exists PASSED [ 19%]
tests/test_gateway_sync.py::test_gateway_sse_stream_probe_reports_status PASSED [ 19%]
tests/test_gateway_sync.py::test_gateway_webui_sessions_not_duplicated PASSED [ 19%]
tests/test_gateway_sync.py::test_gateway_sessions_no_state_db PASSED     [ 19%]
tests/test_gateway_sync.py::test_cli_sessions_still_work PASSED          [ 19%]
tests/test_gateway_sync.py::test_probe_payload_when_disabled PASSED      [ 19%]
tests/test_gateway_sync.py::test_probe_payload_when_watcher_missing PASSED [ 19%]
tests/test_gateway_sync.py::test_probe_payload_when_watcher_instance_no_thread PASSED [ 19%]
tests/test_gateway_sync.py::test_probe_payload_when_watcher_thread_alive PASSED [ 19%]
tests/test_gateway_sync.py::test_probe_payload_when_watcher_thread_dead PASSED [ 19%]
tests/test_gateway_sync.py::test_gateway_watcher_is_alive_public_method PASSED [ 19%]
tests/test_gateway_sync.py::test_probe_payload_prefers_public_is_alive PASSED [ 19%]
tests/test_home_route_html_error.py::test_home_route_internal_error_returns_html_503_not_json PASSED [ 19%]
tests/test_ime_composition.py::test_boot_chat_enter_send_respects_ime_composition PASSED [ 19%]
tests/test_ime_composition.py::test_ui_enter_submit_paths_respect_ime_composition PASSED [ 19%]
tests/test_ime_composition.py::test_sessions_enter_submit_paths_respect_ime_composition PASSED [ 19%]
tests/test_import_cli_session_lineage.py::test_import_cli_session_preserves_parent_session_id PASSED [ 19%]
tests/test_inflight_stream_reuse.py::test_attach_live_stream_reuses_existing_same_stream_transport PASSED [ 19%]
tests/test_inflight_stream_reuse.py::test_attach_live_stream_updates_uploads_before_same_stream_reuse PASSED [ 19%]
tests/test_inflight_stream_reuse.py::test_attach_live_stream_different_stream_still_reopens_transport PASSED [ 19%]
tests/test_inflight_stream_reuse.py::test_load_session_reattach_path_uses_attach_live_stream_for_running_sessions PASSED [ 19%]
tests/test_insights.py::test_insights_daily_tokens_zero_fills_selected_range_and_parses_cost PASSED [ 19%]
tests/test_insights.py::test_insights_model_breakdown_tracks_tokens_cost_and_shares PASSED [ 19%]
tests/test_insights.py::test_insights_frontend_renders_daily_token_chart_and_model_usage_table PASSED [ 19%]
tests/test_insights.py::test_insights_frontend_has_daily_chart_styles_and_range_switching_hooks PASSED [ 19%]
tests/test_issue1013_handoff_dock.py::test_handoff_hint_is_docked_in_composer_flyout_not_transcript PASSED [ 19%]
tests/test_issue1013_handoff_dock.py::test_handoff_dock_reserves_transcript_space_like_terminal_dock PASSED [ 19%]
tests/test_issue1013_handoff_dock.py::test_handoff_dock_width_aligns_with_existing_slide_up_panels PASSED [ 19%]
tests/test_issue1013_handoff_dock.py::test_handoff_summary_fallback_displays_clear_user_note PASSED [ 20%]
tests/test_issue1013_handoff_dock.py::test_handoff_delete_clears_local_storage_markers PASSED [ 20%]
tests/test_issue1013_handoff_dock.py::test_handoff_summary_renders_as_transcript_card_not_dock_card PASSED [ 20%]
tests/test_issue1013_handoff_dock.py::test_handoff_summary_card_rendering_uses_persisted_messages PASSED [ 20%]
tests/test_issue1013_handoff_dock.py::test_handoff_summary_does_not_call_removed_agent_get_response PASSED [ 20%]
tests/test_issue1013_handoff_dock.py::test_handoff_summary_prompt_uses_you_and_浣?PASSED [ 20%]
tests/test_issue1013_handoff_dock.py::test_generating_handoff_summary_marks_session_as_handled PASSED [ 20%]
tests/test_issue1013_handoff_dock.py::test_handoff_hints_use_max_baseline_since PASSED [ 20%]
tests/test_issue1013_handoff_dock.py::test_no_api_key_handoff_summary_persists_fallback_summary PASSED [ 20%]
tests/test_issue1013_handoff_dock.py::test_exception_handoff_summary_persists_fallback_summary PASSED [ 20%]
tests/test_issue1013_handoff_dock.py::test_handoff_summary_retries_once_when_length_limit_reached PASSED [ 20%]
tests/test_issue1013_handoff_dock.py::test_handoff_summary_falls_back_when_retry_still_incomplete PASSED [ 20%]
tests/test_issue1013_handoff_dock.py::test_handoff_summary_persistence_targets_both_backends_for_messaging_session PASSED [ 20%]
tests/test_issue1013_handoff_dock.py::test_persisted_handoff_summary_deduplicates_identical_tail_markers PASSED [ 20%]
tests/test_issue1013_handoff_dock.py::test_persist_handoff_summary_falls_back_when_local_session_file_missing PASSED [ 20%]
tests/test_issue1014_model_not_found.py::TestStreamingModelNotFoundDetection::test_model_not_found_type_defined_in_streaming PASSED [ 20%]
tests/test_issue1014_model_not_found.py::TestStreamingModelNotFoundDetection::test_is_not_found_flag_defined PASSED [ 20%]
tests/test_issue1014_model_not_found.py::TestStreamingModelNotFoundDetection::test_not_found_detects_404 PASSED [ 20%]
tests/test_issue1014_model_not_found.py::TestStreamingModelNotFoundDetection::test_not_found_detects_not_found_string PASSED [ 20%]
tests/test_issue1014_model_not_found.py::TestStreamingModelNotFoundDetection::test_not_found_detects_does_not_exist PASSED [ 20%]
tests/test_issue1014_model_not_found.py::TestStreamingModelNotFoundDetection::test_not_found_detects_invalid_model PASSED [ 20%]
tests/test_issue1014_model_not_found.py::TestStreamingModelNotFoundDetection::test_not_found_hint_mentions_settings PASSED [ 20%]
tests/test_issue1014_model_not_found.py::TestStreamingModelNotFoundDetection::test_not_found_check_order_after_auth PASSED [ 20%]
tests/test_issue1014_model_not_found.py::TestStreamingHtmlSanitization::test_html_strip_before_classification PASSED [ 20%]
tests/test_issue1014_model_not_found.py::TestStreamingHtmlSanitization::test_whitespace_normalization PASSED [ 20%]
tests/test_issue1014_model_not_found.py::TestApperrorModelNotFound::test_model_not_found_type_handled PASSED [ 20%]
tests/test_issue1014_model_not_found.py::TestApperrorModelNotFound::test_model_not_found_label PASSED [ 20%]
tests/test_issue1014_model_not_found.py::TestApperrorModelNotFound::test_is_model_not_found_variable PASSED [ 20%]
tests/test_issue1014_model_not_found.py::TestI18nModelNotFound::test_all_locales_have_model_not_found_label PASSED [ 20%]
tests/test_issue1014_model_not_found.py::TestI18nModelNotFound::test_english_label_is_plain_string PASSED [ 20%]
tests/test_issue1094_provider_bugs.py::TestBug1094HasKeyFalsePositive::test_model_api_key_only_marks_active_provider PASSED [ 20%]
tests/test_issue1094_provider_bugs.py::TestBug1094HasKeyFalsePositive::test_model_api_key_with_different_active_provider PASSED [ 20%]
tests/test_issue1094_provider_bugs.py::TestBug1094HasKeyFalsePositive::test_no_model_api_key_no_false_positive PASSED [ 20%]
tests/test_issue1094_provider_bugs.py::TestBug1094HasKeyFalsePositive::test_providers_section_api_key_still_detected PASSED [ 20%]
tests/test_issue1094_provider_bugs.py::TestBug1094RemoveProviderKey::test_remove_key_from_providers_section PASSED [ 20%]
tests/test_issue1094_provider_bugs.py::TestBug1094RemoveProviderKey::test_remove_key_from_model_section_when_active PASSED [ 20%]
tests/test_issue1094_provider_bugs.py::TestBug1094RemoveProviderKey::test_remove_non_active_provider_does_not_touch_model_api_key PASSED [ 20%]
tests/test_issue1094_provider_bugs.py::TestBug1094RemoveProviderKey::test_remove_key_with_no_config_file PASSED [ 20%]
tests/test_issue1094_provider_bugs.py::TestBug1094Endpoints::test_delete_provider_via_http PASSED [ 20%]
tests/test_issue1094_provider_bugs.py::TestBug1094Endpoints::test_get_providers_after_delete PASSED [ 20%]
tests/test_issue1095_pasted_images.py::TestComposerTrayThumbnails::test_rendertray_checks_image_extension PASSED [ 20%]
tests/test_issue1095_pasted_images.py::TestComposerTrayThumbnails::test_rendertray_uses_createobjecturl_for_images PASSED [ 20%]
tests/test_issue1095_pasted_images.py::TestComposerTrayThumbnails::test_rendertray_revokes_blob_url_on_remove PASSED [ 20%]
tests/test_issue1095_pasted_images.py::TestComposerTrayThumbnails::test_rendertray_uses_attach_thumb_class PASSED [ 20%]
tests/test_issue1095_pasted_images.py::TestComposerTrayThumbnails::test_rendertray_non_image_still_uses_paperclip PASSED [ 20%]
tests/test_issue1095_pasted_images.py::TestComposerTrayThumbnails::test_attach_thumb_css_present PASSED [ 20%]
tests/test_issue1095_pasted_images.py::TestComposerTrayThumbnails::test_attach_chip_image_variant_css PASSED [ 20%]
tests/test_issue1095_pasted_images.py::TestComposerTrayThumbnails::test_adfiles_function_still_present PASSED [ 20%]
tests/test_issue1095_pasted_images.py::TestChatHistoryImageRendering::test_attachment_render_uses_file_raw_not_media PASSED [ 21%]
tests/test_issue1095_pasted_images.py::TestChatHistoryImageRendering::test_attachment_render_includes_session_id PASSED [ 21%]
tests/test_issue1095_pasted_images.py::TestChatHistoryImageRendering::test_attachment_render_image_uses_msg_media_img PASSED [ 21%]
tests/test_issue1095_pasted_images.py::TestChatHistoryImageRendering::test_attachment_render_click_to_fullscreen PASSED [ 21%]
tests/test_issue1095_pasted_images.py::TestChatHistoryImageRendering::test_attachment_render_non_image_keeps_paperclip PASSED [ 21%]
tests/test_issue1095_pasted_images.py::TestChatHistoryImageRendering::test_attachment_render_extracts_filename PASSED [ 21%]
tests/test_issue1096_copy_buttons.py::TestClipboardPermissions::test_permissions_policy_includes_clipboard_write PASSED [ 21%]
tests/test_issue1096_copy_buttons.py::TestCopyTextFunction::test_copyText_uses_clipboard_api PASSED [ 21%]
tests/test_issue1096_copy_buttons.py::TestCopyTextFunction::test_copyText_has_fallback PASSED [ 21%]
tests/test_issue1096_copy_buttons.py::TestCopyTextFunction::test_fallbackCopy_uses_execCommand PASSED [ 21%]
tests/test_issue1096_copy_buttons.py::TestCopyTextFunction::test_fallbackCopy_focuses_textarea PASSED [ 21%]
tests/test_issue1096_copy_buttons.py::TestCopyTextFunction::test_fallbackCopy_not_offscreen PASSED [ 21%]
tests/test_issue1096_copy_buttons.py::TestCopyTextFunction::test_copyMsg_copies_raw_text PASSED [ 21%]
tests/test_issue1096_copy_buttons.py::TestCodeCopyButton::test_code_copy_uses_copyText PASSED [ 21%]
tests/test_issue1096_copy_buttons.py::TestCodeCopyButton::test_code_copy_button_is_idempotent_for_header_blocks PASSED [ 21%]
tests/test_issue1096_copy_buttons.py::TestCopyFailedI18n::test_copy_failed_in_all_locales PASSED [ 21%]
tests/test_issue1097_workspace_drag_drop.py::TestWorkspaceDragDrop::test_renderTreeItems_makes_items_draggable PASSED [ 21%]
tests/test_issue1097_workspace_drag_drop.py::TestWorkspaceDragDrop::test_dragstart_stores_ws_path PASSED [ 21%]
tests/test_issue1097_workspace_drag_drop.py::TestWorkspaceDragDrop::test_dragstart_stores_ws_type PASSED [ 21%]
tests/test_issue1097_workspace_drag_drop.py::TestWorkspaceDragDrop::test_dragstart_effectAllowed_copy PASSED [ 21%]
tests/test_issue1097_workspace_drag_drop.py::TestWorkspaceDragDrop::test_drop_handler_checks_ws_path PASSED [ 21%]
tests/test_issue1097_workspace_drag_drop.py::TestWorkspaceDragDrop::test_workspace_drop_inserts_at_path PASSED [ 21%]
tests/test_issue1097_workspace_drag_drop.py::TestWorkspaceDragDrop::test_workspace_drop_has_prefix_logic PASSED [ 21%]
tests/test_issue1097_workspace_drag_drop.py::TestWorkspaceDragDrop::test_dragenter_accepts_ws_path PASSED [ 21%]
tests/test_issue1097_workspace_drag_drop.py::TestWorkspaceDragDrop::test_os_file_drop_still_works PASSED [ 21%]
tests/test_issue1100_prism_sri.py::test_prism_theme_link_has_no_integrity PASSED [ 21%]
tests/test_issue1100_prism_sri.py::test_prism_theme_link_has_crossorigin PASSED [ 21%]
tests/test_issue1100_prism_sri.py::test_prism_theme_version_pinned PASSED [ 21%]
tests/test_issue1100_prism_sri.py::test_prism_js_still_has_integrity PASSED [ 21%]
tests/test_issue1100_prism_sri.py::test_boot_js_set_resolved_theme_no_integrity PASSED [ 21%]
tests/test_issue1103_reasoning_chip_visibility.py::test_boot_calls_fetchReasoningChip PASSED [ 21%]
tests/test_issue1103_reasoning_chip_visibility.py::test_boot_call_before_session_load PASSED [ 21%]
tests/test_issue1103_reasoning_chip_visibility.py::test_boot_call_has_typeof_guard PASSED [ 21%]
tests/test_issue1103_reasoning_chip_visibility.py::test_reasoning_chip_html_starts_hidden PASSED [ 21%]
tests/test_issue1103_reasoning_chip_visibility.py::test_applyReasoningChip_shows_wrap PASSED [ 21%]
tests/test_issue1103_reasoning_chip_visibility.py::test_fetchReasoningChip_calls_apply PASSED [ 21%]
tests/test_issue1103_reasoning_chip_visibility.py::test_syncReasoningChip_called_on_session_load PASSED [ 21%]
tests/test_issue1105_ssrf_custom_providers.py::test_ssrf_trusted_hosts_variable_exists PASSED [ 21%]
tests/test_issue1105_ssrf_custom_providers.py::test_ssrf_trusted_hosts_populated_from_custom_providers PASSED [ 21%]
tests/test_issue1105_ssrf_custom_providers.py::test_ssrf_check_uses_trusted_hosts PASSED [ 21%]
tests/test_issue1105_ssrf_custom_providers.py::test_ssrf_known_local_still_present PASSED [ 21%]
tests/test_issue1105_ssrf_custom_providers.py::test_ssrf_block_still_present PASSED [ 21%]
tests/test_issue1105_ssrf_custom_providers.py::test_custom_provider_hostname_added_to_trusted PASSED [ 21%]
tests/test_issue1105_ssrf_custom_providers.py::test_unknown_private_ip_still_blocked PASSED [ 21%]
tests/test_issue1106_custom_providers_models.py::TestCustomProvidersModelsDict::test_models_dict_keys_appear_in_dropdown PASSED [ 21%]
tests/test_issue1106_custom_providers_models.py::TestCustomProvidersModelsDict::test_models_dict_without_model_field_still_works PASSED [ 21%]
tests/test_issue1106_custom_providers_models.py::TestCustomProvidersModelsDict::test_no_duplicates_when_model_and_models_overlap PASSED [ 21%]
tests/test_issue1106_custom_providers_models.py::TestCustomProvidersModelsDict::test_unnamed_provider_models_dict_works PASSED [ 21%]
tests/test_issue1106_custom_providers_models.py::TestCustomProvidersModelsDict::test_empty_models_dict_is_ignored PASSED [ 22%]
tests/test_issue1106_custom_providers_models.py::TestCustomProvidersModelsDict::test_non_string_models_keys_are_skipped PASSED [ 22%]
tests/test_issue1106_custom_providers_models.py::TestCustomProvidersModelsDict::test_multiple_custom_providers_each_keep_models_separate PASSED [ 22%]
tests/test_issue1106_custom_providers_models.py::TestCustomProvidersModelsDict::test_named_custom_models_are_prefixed_when_not_active_provider PASSED [ 22%]
tests/test_issue1112_csp_google_fonts.py::TestCSPGoogleFonts::test_style_src_includes_google_fonts PASSED [ 22%]
tests/test_issue1112_csp_google_fonts.py::TestCSPGoogleFonts::test_font_src_includes_fonts_gstatic PASSED [ 22%]
tests/test_issue1112_csp_google_fonts.py::TestCSPGoogleFonts::test_existing_csp_directives_preserved PASSED [ 22%]
tests/test_issue1116_composer_placeholder.py::TestComposerPlaceholderProfile::test_applyBotName_uses_profile_name PASSED [ 22%]
tests/test_issue1116_composer_placeholder.py::TestComposerPlaceholderProfile::test_applyBotName_capitalises_profile_name PASSED [ 22%]
tests/test_issue1116_composer_placeholder.py::TestComposerPlaceholderProfile::test_applyBotName_falls_back_to_bot_name PASSED [ 22%]
tests/test_issue1116_composer_placeholder.py::TestComposerPlaceholderProfile::test_switchToProfile_calls_applyBotName PASSED [ 22%]
tests/test_issue1116_composer_placeholder.py::TestComposerPlaceholderProfile::test_placeholder_uses_name_variable PASSED [ 22%]
tests/test_issue1118_idle_session_retry.py::TestApiRetryOnNetworkError::test_api_function_has_retry_loop PASSED [ 22%]
tests/test_issue1118_idle_session_retry.py::TestApiRetryOnNetworkError::test_api_retries_on_typeerror PASSED [ 22%]
tests/test_issue1118_idle_session_retry.py::TestApiRetryOnNetworkError::test_api_does_not_retry_http_errors PASSED [ 22%]
tests/test_issue1118_idle_session_retry.py::TestApiRetryOnNetworkError::test_api_max_3_attempts PASSED [ 22%]
tests/test_issue1118_idle_session_retry.py::TestApiRetryOnNetworkError::test_api_preserves_401_redirect PASSED [ 22%]
tests/test_issue1118_idle_session_retry.py::TestApiRetryOnNetworkError::test_api_preserves_error_parsing PASSED [ 22%]
tests/test_issue1139_password_remote.py::test_system_pane_has_save_button PASSED [ 22%]
tests/test_issue1139_password_remote.py::test_system_pane_has_password_field_and_auth_buttons PASSED [ 22%]
tests/test_issue1139_password_remote.py::test_save_settings_sends_password PASSED [ 22%]
tests/test_issue1139_password_remote.py::test_disable_auth_sends_clear_password PASSED [ 22%]
tests/test_issue1139_password_remote.py::test_all_settings_panes_have_save_button PASSED [ 22%]
tests/test_issue1140_cron_badge_per_job.py::test_cron_new_job_ids_tracking_in_panels_js PASSED [ 22%]
tests/test_issue1140_cron_badge_per_job.py::test_cron_dot_indicator_rendered_in_load_crons PASSED [ 22%]
tests/test_issue1140_cron_badge_per_job.py::test_open_cron_detail_clears_unread PASSED [ 22%]
tests/test_issue1140_cron_badge_per_job.py::test_clear_cron_unread_for_job_function PASSED [ 22%]
tests/test_issue1140_cron_badge_per_job.py::test_switch_panel_no_longer_clears_badge PASSED [ 22%]
tests/test_issue1140_cron_badge_per_job.py::test_has_new_run_class_in_render_detail PASSED [ 22%]
tests/test_issue1140_cron_badge_per_job.py::test_cron_css_classes_exist PASSED [ 22%]
tests/test_issue1144_session_time_sync.py::test_sessions_endpoint_includes_server_time_and_tz PASSED [ 22%]
tests/test_issue1144_session_time_sync.py::test_server_time_allows_clock_skew_compensation PASSED [ 22%]
tests/test_issue1144_session_time_sync.py::test_server_now_ms_defaults_to_date_now_when_no_skew PASSED [ 22%]
tests/test_issue1144_session_time_sync.py::test_server_now_ms_compensates_positive_skew PASSED [ 22%]
tests/test_issue1144_session_time_sync.py::test_server_now_ms_compensates_negative_skew PASSED [ 22%]
tests/test_issue1144_session_time_sync.py::test_relative_time_uses_server_clock PASSED [ 22%]
tests/test_issue1144_session_time_sync.py::test_session_bucket_uses_server_clock PASSED [ 22%]
tests/test_issue1144_session_time_sync.py::test_explicit_now_param_overrides_server_clock PASSED [ 22%]
tests/test_issue1144_session_time_sync.py::test_server_tz_options_positive_offset PASSED [ 22%]
tests/test_issue1144_session_time_sync.py::test_server_tz_options_negative_offset PASSED [ 22%]
tests/test_issue1144_session_time_sync.py::test_server_tz_options_utc_returns_undefined PASSED [ 22%]
tests/test_issue1144_session_time_sync.py::test_server_tz_options_empty_returns_undefined PASSED [ 22%]
tests/test_issue1144_session_time_sync.py::test_message_footer_timestamp_uses_server_tz FAILED [ 22%]
tests/test_issue1144_session_time_sync.py::test_message_footer_timestamp_handles_fractional_offset PASSED [ 22%]
tests/test_issue1144_session_time_sync.py::test_message_footer_timestamp_falls_back_without_server_tz PASSED [ 22%]
tests/test_issue1144_session_time_sync.py::test_sessions_js_has_server_time_compensation_vars PASSED [ 22%]
tests/test_issue1144_session_time_sync.py::test_sessions_js_captures_server_time_on_fetch PASSED [ 22%]
tests/test_issue1144_session_time_sync.py::test_sessions_js_uses_server_now_in_time_functions PASSED [ 22%]
tests/test_issue1144_session_time_sync.py::test_ui_js_message_timestamp_uses_server_tz PASSED [ 22%]
tests/test_issue1144_session_time_sync.py::test_sessions_js_has_format_in_server_tz_helper PASSED [ 23%]
tests/test_issue1154_fenced_code_leak.py::TestFencedCodeBlockIsolation::test_diff_block_plus_minus_lines_not_treated_as_list PASSED [ 23%]
tests/test_issue1154_fenced_code_leak.py::TestFencedCodeBlockIsolation::test_bash_block_asterisk_lines_not_treated_as_list PASSED [ 23%]
tests/test_issue1154_fenced_code_leak.py::TestFencedCodeBlockIsolation::test_markdown_block_heading_not_treated_as_h1 PASSED [ 23%]
tests/test_issue1154_fenced_code_leak.py::TestFencedCodeBlockIsolation::test_markdown_block_bold_not_treated_as_strong PASSED [ 23%]
tests/test_issue1154_fenced_code_leak.py::TestFencedCodeBlockIsolation::test_content_after_code_block_renders_normally PASSED [ 23%]
tests/test_issue1154_fenced_code_leak.py::TestFencedCodeBlockIsolation::test_no_escaped_pre_closing_tag PASSED [ 23%]
tests/test_issue1154_fenced_code_leak.py::TestFencedCodeBlockIsolation::test_code_block_without_language PASSED [ 23%]
tests/test_issue1154_fenced_code_leak.py::TestFencedCodeBlockIsolation::test_inline_backtick_still_works PASSED [ 23%]
tests/test_issue1154_fenced_code_leak.py::TestFencedCodeBlockIsolation::test_inline_backtick_inside_bold PASSED [ 23%]
tests/test_issue1154_fenced_code_leak.py::TestFencedCodeBlockIsolation::test_large_diff_output_no_corruption PASSED [ 23%]
tests/test_issue1154_fenced_code_leak.py::TestFencedCodeBlockIsolation::test_mixed_fenced_and_inline_code PASSED [ 23%]
tests/test_issue1154_fenced_code_leak.py::TestFencedBlockPreHeaderPreserved::test_language_header_present PASSED [ 23%]
tests/test_issue1154_fenced_code_leak.py::TestFencedBlockPreHeaderPreserved::test_no_language_no_header PASSED [ 23%]
tests/test_issue1154_fenced_code_leak.py::TestFencedBlockPreHeaderPreserved::test_language_class_on_code_tag PASSED [ 23%]
tests/test_issue1164_env_file_corruption.py::TestEnvFileCommentPreservation::test_blank_lines_preserved PASSED [ 23%]
tests/test_issue1164_env_file_corruption.py::TestEnvFileCommentPreservation::test_comments_preserved_on_update PASSED [ 23%]
tests/test_issue1164_env_file_corruption.py::TestEnvFileCommentPreservation::test_empty_file_handled_gracefully PASSED [ 23%]
tests/test_issue1164_env_file_corruption.py::TestEnvFileCommentPreservation::test_key_order_preserved PASSED [ 23%]
tests/test_issue1164_env_file_corruption.py::TestEnvFileCommentPreservation::test_key_removal_preserves_others PASSED [ 23%]
tests/test_issue1164_env_file_corruption.py::TestEnvFileCommentPreservation::test_new_key_appended_with_separator PASSED [ 23%]
tests/test_issue1164_env_file_corruption.py::TestOnboardingUsesProviderWriteEnv::test_onboarding_imports_write_env_from_providers PASSED [ 23%]
tests/test_issue1164_env_file_corruption.py::TestOnboardingUsesProviderWriteEnv::test_providers_write_env_holds_env_lock PASSED [ 23%]
tests/test_issue1164_env_file_corruption.py::TestOnboardingUsesProviderWriteEnv::test_providers_write_env_uses_atomic_rename PASSED [ 23%]
tests/test_issue1188_fuzzy_match.py::TestNoFalseSiblingVersionMatch::test_gpt_5_5_does_not_match_gpt_5_4_mini PASSED [ 23%]
tests/test_issue1188_fuzzy_match.py::TestNoFalseSiblingVersionMatch::test_claude_opus_4_7_does_not_match_claude_opus_4_6 PASSED [ 23%]
tests/test_issue1188_fuzzy_match.py::TestPreservedFuzzyMatches::test_gpt_5_5_finds_exact_provider_prefixed PASSED [ 23%]
tests/test_issue1188_fuzzy_match.py::TestPreservedFuzzyMatches::test_bare_root_gpt_matches_versioned_option PASSED [ 23%]
tests/test_issue1188_fuzzy_match.py::TestPreservedFuzzyMatches::test_short_target_gpt_5_falls_back_to_bare_root PASSED [ 23%]
tests/test_issue1188_fuzzy_match.py::TestPreservedFuzzyMatches::test_bare_root_claude_matches PASSED [ 23%]
tests/test_issue1188_fuzzy_match.py::TestPreservedFuzzyMatches::test_target_without_version_suffix_still_matches PASSED [ 23%]
tests/test_issue1188_fuzzy_match.py::TestPreservedFuzzyMatches::test_exact_match_short_circuits PASSED [ 23%]
tests/test_issue1188_fuzzy_match.py::TestPreservedFuzzyMatches::test_unrelated_target_returns_null PASSED [ 23%]
tests/test_issue1189_openai_codex_detection.py::test_openai_api_key_env_var_path_detects_openai_codex PASSED [ 23%]
tests/test_issue1189_openai_codex_detection.py::test_openai_codex_static_model_list_present PASSED [ 23%]
tests/test_issue1189_openai_codex_detection.py::test_openai_codex_display_name_present PASSED [ 23%]
tests/test_issue1195_session_profile_routing.py::TestGetHermesHomeForProfile::test_existing_profile_returns_profile_dir PASSED [ 23%]
tests/test_issue1195_session_profile_routing.py::TestGetHermesHomeForProfile::test_nonexistent_profile_still_returns_profile_path PASSED [ 23%]
tests/test_issue1195_session_profile_routing.py::TestGetHermesHomeForProfile::test_none_returns_default PASSED [ 23%]
tests/test_issue1195_session_profile_routing.py::TestGetHermesHomeForProfile::test_empty_string_returns_default PASSED [ 23%]
tests/test_issue1195_session_profile_routing.py::TestGetHermesHomeForProfile::test_default_string_returns_default PASSED [ 23%]
tests/test_issue1202_oauth_provider_status.py::TestGetProvidersOauthBlock::test_config_yaml_token_shows_configured_when_auth_logged_in PASSED [ 23%]
tests/test_issue1202_oauth_provider_status.py::TestGetProvidersOauthBlock::test_config_yaml_token_shows_configured_when_auth_not_logged_in PASSED [ 23%]
tests/test_issue1202_oauth_provider_status.py::TestGetProvidersOauthBlock::test_not_configured_when_no_key_and_not_logged_in PASSED [ 23%]
tests/test_issue1202_oauth_provider_status.py::TestGetProvidersOauthBlock::test_auth_error_preserved_when_not_logged_in_and_no_config_key PASSED [ 23%]
tests/test_issue1202_oauth_provider_status.py::TestGetProvidersOauthBlock::test_auth_error_preserved_when_not_logged_in_but_config_key_present PASSED [ 23%]
tests/test_issue1202_oauth_provider_status.py::TestGetProvidersOauthBlock::test_hermes_cli_import_error_does_not_discard_config_yaml_key PASSED [ 23%]
tests/test_issue1202_oauth_provider_status.py::TestGetProvidersOauthBlock::test_auth_error_field_present_on_all_oauth_providers PASSED [ 23%]
tests/test_issue1202_oauth_provider_status.py::TestBuildProviderCardJs::test_isOauth_uses_is_oauth_backend_field PASSED [ 24%]
tests/test_issue1202_oauth_provider_status.py::TestBuildProviderCardJs::test_oauth_body_has_config_yaml_branch PASSED [ 24%]
tests/test_issue1202_oauth_provider_status.py::TestBuildProviderCardJs::test_oauth_body_surfaces_auth_error PASSED [ 24%]
tests/test_issue1202_oauth_provider_status.py::TestBuildProviderCardJs::test_configured_badge_shown_for_config_yaml PASSED [ 24%]
tests/test_issue1202_oauth_provider_status.py::TestI18nNewKeys::test_providers_oauth_config_yaml_hint_exists PASSED [ 24%]
tests/test_issue1202_oauth_provider_status.py::TestI18nNewKeys::test_providers_oauth_not_configured_hint_exists PASSED [ 24%]
tests/test_issue1202_oauth_provider_status.py::TestI18nNewKeys::test_is_oauth_field_true_for_oauth_providers PASSED [ 24%]
tests/test_issue1202_oauth_provider_status.py::TestProviderListFilter::test_providers_filter_includes_is_oauth PASSED [ 24%]
tests/test_issue1217_transcript_compaction.py::test_session_persists_model_context_separately_from_display_transcript PASSED [ 24%]
tests/test_issue1217_transcript_compaction.py::test_compacted_agent_result_keeps_old_prompts_and_appends_current_turn PASSED [ 24%]
tests/test_issue1217_transcript_compaction.py::test_append_only_agent_result_preserves_normal_delta_behavior PASSED [ 24%]
tests/test_issue1217_transcript_compaction.py::test_repeated_user_text_after_compaction_is_not_dropped PASSED [ 24%]
tests/test_issue1217_transcript_compaction.py::test_session_context_falls_back_to_display_messages_for_legacy_sessions PASSED [ 24%]
tests/test_issue1217_transcript_compaction.py::test_retry_truncates_model_context_when_it_is_separate PASSED [ 24%]
tests/test_issue1217_transcript_compaction.py::test_undo_truncates_model_context_when_it_is_separate PASSED [ 24%]
tests/test_issue1228_model_picker_duplicate_ids.py::TestDeduplicateModelIds::test_already_prefixed_ids_and_unique_slash_ids_unchanged PASSED [ 24%]
tests/test_issue1228_model_picker_duplicate_ids.py::TestDeduplicateModelIds::test_empty_groups PASSED [ 24%]
tests/test_issue1228_model_picker_duplicate_ids.py::TestDeduplicateModelIds::test_label_differs_from_id_when_custom_label PASSED [ 24%]
tests/test_issue1228_model_picker_duplicate_ids.py::TestDeduplicateModelIds::test_label_same_as_id_adds_provider_parenthetical PASSED [ 24%]
tests/test_issue1228_model_picker_duplicate_ids.py::TestDeduplicateModelIds::test_mixed_unique_and_colliding PASSED [ 24%]
tests/test_issue1228_model_picker_duplicate_ids.py::TestDeduplicateModelIds::test_single_group_unchanged PASSED [ 24%]
tests/test_issue1228_model_picker_duplicate_ids.py::TestDeduplicateModelIds::test_three_providers_same_model PASSED [ 24%]
tests/test_issue1228_model_picker_duplicate_ids.py::TestDeduplicateModelIds::test_two_providers_same_model_prefixes_second PASSED [ 24%]
tests/test_issue1228_model_picker_duplicate_ids.py::TestDeduplicateModelIds::test_two_providers_same_slash_qualified_model_prefixes_second PASSED [ 24%]
tests/test_issue1228_model_picker_duplicate_ids.py::TestDeduplicateModelIds::test_unique_ids_unchanged PASSED [ 24%]
tests/test_issue1228_model_picker_duplicate_ids.py::TestFrontendNormRegex::test_norm_preserves_minimax_prefix PASSED [ 24%]
tests/test_issue1228_model_picker_duplicate_ids.py::TestFrontendNormRegex::test_norm_preserves_openrouter PASSED [ 24%]
tests/test_issue1228_model_picker_duplicate_ids.py::TestFrontendNormRegex::test_norm_strips_nested_provider_prefix PASSED [ 24%]
tests/test_issue1228_model_picker_duplicate_ids.py::TestFrontendNormRegex::test_norm_strips_simple_provider_prefix PASSED [ 24%]
tests/test_issue1228_model_picker_duplicate_ids.py::TestFrontendPreferredProviderMatch::test_find_model_prefers_matching_provider_for_slash_collision PASSED [ 24%]
tests/test_issue1228_model_picker_duplicate_ids.py::TestResolveModelProviderColonInProviderId::test_custom_provider_id_with_colon PASSED [ 24%]
tests/test_issue1228_model_picker_duplicate_ids.py::TestResolveModelProviderColonInProviderId::test_simple_provider_id_unchanged PASSED [ 24%]
tests/test_issue1240_generic_cli_catalog_sync.py::test_generic_provider_uses_hermes_cli_catalog_before_static_snapshot PASSED [ 24%]
tests/test_issue1240_generic_cli_catalog_sync.py::test_generic_provider_keeps_static_catalog_as_cli_failure_fallback PASSED [ 24%]
tests/test_issue1240_generic_cli_catalog_sync.py::test_generic_provider_prefixes_live_ids_when_not_active_provider PASSED [ 24%]
tests/test_issue1257_llm_wiki_status.py::test_llm_wiki_status_reads_synthetic_fixture_without_exposing_content PASSED [ 24%]
tests/test_issue1257_llm_wiki_status.py::test_llm_wiki_status_reports_unavailable_when_path_missing PASSED [ 24%]
tests/test_issue1257_llm_wiki_status.py::test_api_wiki_status_route_is_registered PASSED [ 24%]
tests/test_issue1257_llm_wiki_status.py::test_insights_panel_fetches_and_renders_llm_wiki_status_card PASSED [ 24%]
tests/test_issue1298_cancel_and_activity.py::TestIssue1298CancelPreservesUserMessage::test_cancel_synthesizes_user_message_when_messages_empty PASSED [ 24%]
tests/test_issue1298_cancel_and_activity.py::TestIssue1298CancelPreservesUserMessage::test_cancel_does_not_double_append_when_streaming_thread_already_merged PASSED [ 24%]
tests/test_issue1298_cancel_and_activity.py::TestIssue1298CancelPreservesUserMessage::test_cancel_synthesized_user_message_carries_attachments PASSED [ 24%]
tests/test_issue1298_cancel_and_activity.py::TestIssue1298CancelPreservesUserMessage::test_cancel_no_pending_user_message_does_nothing_extra PASSED [ 24%]
tests/test_issue1298_cancel_and_activity.py::TestIssue1298CancelPreservesUserMessage::test_cancel_synthesizes_when_prior_turn_content_is_substring_of_pending PASSED [ 24%]
tests/test_issue1298_cancel_and_activity.py::TestIssue1298ActivityGroupExpandPersistence::test_ui_js_tracks_user_expand_intent_for_live_activity_group PASSED [ 24%]
tests/test_issue1298_cancel_and_activity.py::TestIssue1298ActivityGroupExpandPersistence::test_ensure_activity_group_restores_expand_intent PASSED [ 24%]
tests/test_issue1298_cancel_and_activity.py::TestIssue1298ActivityGroupExpandPersistence::test_finalize_thinking_card_respects_user_expand PASSED [ 24%]
tests/test_issue1298_cancel_and_activity.py::TestIssue1298ActivityGroupExpandPersistence::test_inline_onclick_records_user_intent PASSED [ 24%]
tests/test_issue1298_cancel_and_activity.py::TestIssue1298ActivityGroupExpandPersistence::test_clear_live_tool_cards_resets_expand_intent PASSED [ 25%]
tests/test_issue1360_streaming_scroll_hardening.py::test_messages_scroller_disables_browser_scroll_anchoring PASSED [ 25%]
tests/test_issue1360_streaming_scroll_hardening.py::test_scroll_repin_dead_zone_is_wider_for_mac_app_windows PASSED [ 25%]
tests/test_issue1360_streaming_scroll_hardening.py::test_queue_card_measurement_does_not_force_repin_during_streaming PASSED [ 25%]
tests/test_issue1360_streaming_scroll_hardening.py::test_queue_pill_click_does_not_force_repin_during_streaming PASSED [ 25%]
tests/test_issue1361_cancel_data_loss.py::TestCancelPreservesReasoningText::test_cancel_with_reasoning_only_preserves_reasoning PASSED [ 25%]
tests/test_issue1361_cancel_data_loss.py::TestCancelPreservesReasoningText::test_cancel_with_reasoning_and_partial_tokens_preserves_both PASSED [ 25%]
tests/test_issue1361_cancel_data_loss.py::TestCancelPreservesReasoningText::test_cancel_without_reasoning_dict_works_as_before PASSED [ 25%]
tests/test_issue1361_cancel_data_loss.py::TestCancelPreservesToolCalls::test_cancel_with_tool_calls_preserves_tools PASSED [ 25%]
tests/test_issue1361_cancel_data_loss.py::TestCancelPreservesToolCalls::test_cancel_with_tools_and_text_preserves_both PASSED [ 25%]
tests/test_issue1361_cancel_data_loss.py::TestCancelWithReasoningOnlyNoText::test_reasoning_only_creates_partial_message PASSED [ 25%]
tests/test_issue1361_cancel_data_loss.py::TestCancelWithReasoningOnlyNoText::test_tools_only_creates_partial_message PASSED [ 25%]
tests/test_issue1361_cancel_data_loss.py::TestCancelWithReasoningOnlyNoText::test_no_reasoning_no_tools_no_partial PASSED [ 25%]
tests/test_issue1361_cancel_data_loss.py::test_stream_error_materializes_pending_user_turn_before_clearing_runtime_state PASSED [ 25%]
tests/test_issue1361_cancel_data_loss.py::test_stream_error_pending_materialization_does_not_duplicate_eager_checkpoint PASSED [ 25%]
tests/test_issue1361_cancel_data_loss.py::test_materialize_helper_called_immediately_before_error_path_clears PASSED [ 25%]
tests/test_issue1362_codex_oauth_onboarding.py::test_onboarding_codex_oauth_routes_use_post_start_cancel_and_get_poll PASSED [ 25%]
tests/test_issue1362_codex_oauth_onboarding.py::test_onboarding_oauth_rejects_unsupported_providers PASSED [ 25%]
tests/test_issue1362_codex_oauth_onboarding.py::test_start_payload_does_not_leak_provider_device_secrets PASSED [ 25%]
tests/test_issue1362_codex_oauth_onboarding.py::test_poll_returns_high_level_status_only PASSED [ 25%]
tests/test_issue1362_codex_oauth_onboarding.py::test_cancel_marks_flow_cancelled_and_poll_stops PASSED [ 25%]
tests/test_issue1362_codex_oauth_onboarding.py::test_cancel_during_token_exchange_does_not_persist_credentials PASSED [ 25%]
tests/test_issue1362_codex_oauth_onboarding.py::test_expired_flow_reports_expired_and_drops_sensitive_lifecycle PASSED [ 25%]
tests/test_issue1362_codex_oauth_onboarding.py::test_codex_credentials_written_to_active_profile_auth_json FAILED [ 25%]
tests/test_issue1362_codex_oauth_onboarding.py::test_frontend_uses_onboarding_oauth_endpoints_and_no_secret_poll_url PASSED [ 25%]
tests/test_issue1362_codex_oauth_onboarding.py::test_unsupported_note_mentions_codex_and_claude_as_in_app PASSED [ 25%]
tests/test_issue1362_codex_oauth_onboarding.py::test_claude_provider_aliases_normalize_to_anthropic PASSED [ 25%]
tests/test_issue1362_codex_oauth_onboarding.py::test_anthropic_immediate_success_when_credentials_exist PASSED [ 25%]
tests/test_issue1362_codex_oauth_onboarding.py::test_anthropic_pending_payload_is_action_only_and_secret_free PASSED [ 25%]
tests/test_issue1362_codex_oauth_onboarding.py::test_anthropic_poll_and_cancel_return_high_level_status PASSED [ 25%]
tests/test_issue1362_codex_oauth_onboarding.py::test_anthropic_worker_detects_credentials_and_cancel_wins PASSED [ 25%]
tests/test_issue1362_codex_oauth_onboarding.py::test_anthropic_cancel_during_link_keeps_flow_cancelled PASSED [ 25%]
tests/test_issue1362_codex_oauth_onboarding.py::test_anthropic_cancel_missing_flow_keeps_requested_provider PASSED [ 25%]
tests/test_issue1362_codex_oauth_onboarding.py::test_anthropic_worker_expires_flow PASSED [ 25%]
tests/test_issue1362_codex_oauth_onboarding.py::test_anthropic_worker_reports_link_errors PASSED [ 25%]
tests/test_issue1362_codex_oauth_onboarding.py::test_anthropic_link_clears_env_and_writes_secret_free_marker PASSED [ 25%]
tests/test_issue1362_codex_oauth_onboarding.py::test_anthropic_env_clear_waits_for_chat_env_read_lock PASSED [ 25%]
tests/test_issue1362_codex_oauth_onboarding.py::test_runtime_provider_reads_use_anthropic_env_lock PASSED [ 25%]
tests/test_issue1362_codex_oauth_onboarding.py::test_anthropic_onboarding_setup_allows_linked_oauth_without_api_key PASSED [ 25%]
tests/test_issue1362_codex_oauth_onboarding.py::test_frontend_has_anthropic_oauth_support PASSED [ 25%]
tests/test_issue1384_local_provider.py::TestAutoDetectWritesCustom::test_source_code_no_local_assignment PASSED [ 25%]
tests/test_issue1384_local_provider.py::TestAutoDetectWritesCustom::test_auto_detect_branch_uses_custom PASSED [ 25%]
tests/test_issue1384_local_provider.py::TestResolveModelProviderHealsLegacyLocal::test_provider_local_normalised_to_custom PASSED [ 25%]
tests/test_issue1384_local_provider.py::TestResolveModelProviderHealsLegacyLocal::test_provider_local_uppercase_also_normalised PASSED [ 25%]
tests/test_issue1384_local_provider.py::TestResolveModelProviderHealsLegacyLocal::test_other_providers_pass_through_unchanged PASSED [ 25%]
tests/test_issue1384_local_provider.py::TestSetHermesDefaultModelNeverPersistsLocal::test_existing_local_provider_is_replaced_on_save PASSED [ 25%]
tests/test_issue1384_local_provider.py::TestAliasTableHasLocalEntry::test_local_alias_resolves_to_custom PASSED [ 25%]
tests/test_issue1384_local_provider.py::TestAliasTableHasLocalEntry::test_local_alias_case_insensitive PASSED [ 25%]
tests/test_issue1384_local_provider.py::TestAliasTableHasLocalEntry::test_alias_table_contains_local_entry PASSED [ 25%]
tests/test_issue1413_li_path_coverage.py::test_all_li_calls_reference_registered_icons PASSED [ 26%]
tests/test_issue1413_li_path_coverage.py::test_specific_icons_present_after_1413_fix PASSED [ 26%]
tests/test_issue1413_li_path_coverage.py::test_li_helper_warns_on_unknown_icon PASSED [ 26%]
tests/test_issue1420_lmstudio_provider_env_var.py::TestIssue1420LMStudioProviderEnvVar::test_lmstudio_in_provider_env_var_dict PASSED [ 26%]
tests/test_issue1420_lmstudio_provider_env_var.py::TestIssue1420LMStudioProviderEnvVar::test_lmstudio_has_key_true_when_env_var_set PASSED [ 26%]
tests/test_issue1420_lmstudio_provider_env_var.py::TestIssue1420LMStudioProviderEnvVar::test_lmstudio_has_key_true_via_config_yaml PASSED [ 26%]
tests/test_issue1420_lmstudio_provider_env_var.py::TestIssue1420LMStudioProviderEnvVar::test_lmstudio_has_key_false_when_no_signal PASSED [ 26%]
tests/test_issue1420_lmstudio_provider_env_var.py::TestIssue1420LMStudioProviderEnvVar::test_lmstudio_does_not_collide_with_other_providers PASSED [ 26%]
tests/test_issue1426_openrouter_free_tier_live_fetch.py::test_fallback_list_contains_free_tier_entries PASSED [ 26%]
tests/test_issue1426_openrouter_free_tier_live_fetch.py::test_openrouter_group_uses_live_fetch_when_available PASSED [ 26%]
tests/test_issue1426_openrouter_free_tier_live_fetch.py::test_openrouter_falls_back_to_static_when_live_fails PASSED [ 26%]
tests/test_issue1426_openrouter_free_tier_live_fetch.py::test_free_tier_cap_prevents_picker_drowning PASSED [ 26%]
tests/test_issue1426_openrouter_free_tier_live_fetch.py::test_openrouter_dedupe_curated_and_free_tier PASSED [ 26%]
tests/test_issue1431_toolsets_chip_responsive.py::TestToolsetsChipResponsiveCSS::test_base_rule_defaults_chip_to_hidden PASSED [ 26%]
tests/test_issue1431_toolsets_chip_responsive.py::TestToolsetsChipResponsiveCSS::test_wide_container_query_shows_chip PASSED [ 26%]
tests/test_issue1431_toolsets_chip_responsive.py::TestToolsetsChipResponsiveCSS::test_narrow_container_query_keeps_hiding PASSED [ 26%]
tests/test_issue1431_toolsets_chip_responsive.py::TestToolsetsChipResponsiveCSS::test_mobile_viewport_keeps_hiding PASSED [ 26%]
tests/test_issue1431_toolsets_chip_responsive.py::TestToolsetsChipJSDoesNotForceHide::test_applyToolsetsChip_does_not_set_display_none PASSED [ 26%]
tests/test_issue1431_toolsets_chip_responsive.py::TestToolsetsChipJSDoesNotForceHide::test_applyToolsetsChip_clears_inline_style PASSED [ 26%]
tests/test_issue1431_toolsets_chip_responsive.py::TestToolsetsChipJSDoesNotForceHide::test_applyToolsetsChip_still_tracks_state PASSED [ 26%]
tests/test_issue1431_toolsets_chip_responsive.py::TestToolsetsChipHTMLNoInlineDisplay::test_html_does_not_force_inline_hide PASSED [ 26%]
tests/test_issue1431_toolsets_chip_responsive.py::TestToolsetsAPIStillWorks::test_session_toolsets_endpoint_exists PASSED [ 26%]
tests/test_issue1431_toolsets_chip_responsive.py::TestToolsetsAPIStillWorks::test_toolsets_dropdown_renderer_exists PASSED [ 26%]
tests/test_issue1431_toolsets_chip_responsive.py::TestToolsetsDropdownResizeGuard::test_resize_handler_closes_dropdown_when_chip_hidden PASSED [ 26%]
tests/test_issue1431_toolsets_chip_responsive.py::TestToolsetsDropdownResizeGuard::test_position_dropdown_guards_against_hidden_chip PASSED [ 26%]
tests/test_issue1431_toolsets_chip_responsive.py::TestToolsetsDropdownResizeGuard::test_toggle_dropdown_guards_against_hidden_chip PASSED [ 26%]
tests/test_issue1436_context_indicator_load_path.py::TestIssue1436BackendFallback::test_persisted_context_length_passed_through_unchanged PASSED [ 26%]
tests/test_issue1436_context_indicator_load_path.py::TestIssue1436BackendFallback::test_zero_context_length_falls_back_to_model_metadata PASSED [ 26%]
tests/test_issue1436_context_indicator_load_path.py::TestIssue1436BackendFallback::test_fallback_called_with_persisted_model PASSED [ 26%]
tests/test_issue1436_context_indicator_load_path.py::TestIssue1436BackendFallback::test_empty_model_skips_fallback PASSED [ 26%]
tests/test_issue1436_context_indicator_load_path.py::TestIssue1436BackendFallback::test_fallback_exception_does_not_break_response PASSED [ 26%]
tests/test_issue1436_context_indicator_load_path.py::TestIssue1436FrontendDefense::test_promptTok_does_not_fall_back_to_input_tokens PASSED [ 26%]
tests/test_issue1436_context_indicator_load_path.py::TestIssue1436FrontendDefense::test_promptTok_assignment_uses_last_prompt_tokens_only PASSED [ 26%]
tests/test_issue1436_context_indicator_load_path.py::TestIssue1436FrontendDefense::test_no_data_branch_renders_dot PASSED [ 26%]
tests/test_issue1436_context_indicator_load_path.py::TestIssue1436SourceMarkers::test_routes_load_path_imports_get_model_context_length PASSED [ 26%]
tests/test_issue1436_context_indicator_load_path.py::TestIssue1436SourceMarkers::test_routes_load_path_marks_fix_with_issue_number PASSED [ 26%]
tests/test_issue1438_fence_anchoring.py::test_inner_triple_backtick_inside_regex_does_not_terminate_outer_fence PASSED [ 26%]
tests/test_issue1438_fence_anchoring.py::test_inline_triple_backtick_in_paragraph_does_not_open_fence PASSED [ 26%]
tests/test_issue1438_fence_anchoring.py::test_three_backticks_at_end_of_sentence_no_fence PASSED [ 26%]
tests/test_issue1438_fence_anchoring.py::test_unmatched_partial_fence_does_not_eat_message PASSED [ 26%]
tests/test_issue1438_fence_anchoring.py::test_simple_python_fence_renders PASSED [ 26%]
tests/test_issue1438_fence_anchoring.py::test_fence_after_paragraph_no_blank_line_required PASSED [ 26%]
tests/test_issue1438_fence_anchoring.py::test_fence_at_end_of_input_no_trailing_newline PASSED [ 26%]
tests/test_issue1438_fence_anchoring.py::test_two_adjacent_fenced_blocks_render_independently PASSED [ 26%]
tests/test_issue1438_fence_anchoring.py::test_three_space_indented_fence_still_recognised PASSED [ 26%]
tests/test_issue1438_fence_anchoring.py::test_four_space_indent_is_not_a_fence PASSED [ 26%]
tests/test_issue1438_fence_anchoring.py::test_bold_after_fence_renders_correctly PASSED [ 26%]
tests/test_issue1438_fence_anchoring.py::test_italic_after_fence_renders_correctly PASSED [ 26%]
tests/test_issue1438_fence_anchoring.py::test_inline_code_after_fence PASSED [ 27%]
tests/test_issue1438_fence_anchoring.py::test_renderMd_fence_regex_is_line_anchored PASSED [ 27%]
tests/test_issue1438_fence_anchoring.py::test_renderUserFencedBlocks_fence_regex_is_line_anchored PASSED [ 27%]
tests/test_issue1438_fence_anchoring.py::test_stripForTTS_fence_regex_is_line_anchored PASSED [ 27%]
tests/test_issue1438_fence_anchoring.py::test_renderMd_callback_prefixes_lead PASSED [ 27%]
tests/test_issue1438_fence_anchoring.py::test_renderUserFencedBlocks_callback_prefixes_lead PASSED [ 27%]
tests/test_issue1438_fence_anchoring.py::test_no_unanchored_fence_regex_remains_in_render_paths PASSED [ 27%]
tests/test_issue1438_fence_anchoring.py::test_diff_fence_with_inner_backticks_in_content PASSED [ 27%]
tests/test_issue1443_ime_helper_promotion.py::test_isimeenter_helper_is_exposed_on_window PASSED [ 27%]
tests/test_issue1443_ime_helper_promotion.py::test_no_isComposing_guards_remain_in_sessions_js PASSED [ 27%]
tests/test_issue1443_ime_helper_promotion.py::test_no_isComposing_guards_remain_in_ui_js PASSED [ 27%]
tests/test_issue1443_ime_helper_promotion.py::test_session_rename_uses_windowed_helper PASSED [ 27%]
tests/test_issue1443_ime_helper_promotion.py::test_project_create_and_rename_use_windowed_helper PASSED [ 27%]
tests/test_issue1443_ime_helper_promotion.py::test_app_dialog_uses_windowed_helper PASSED [ 27%]
tests/test_issue1443_ime_helper_promotion.py::test_message_edit_uses_windowed_helper PASSED [ 27%]
tests/test_issue1443_ime_helper_promotion.py::test_workspace_rename_uses_windowed_helper PASSED [ 27%]
tests/test_issue1443_ime_helper_promotion.py::test_isimeenter_still_has_three_guards PASSED [ 27%]
tests/test_issue1446_glued_heading_lift.py::test_glued_bold_after_period_lifts_to_own_paragraph PASSED [ 27%]
tests/test_issue1446_glued_heading_lift.py::test_glued_bold_after_question_mark_lifts PASSED [ 27%]
tests/test_issue1446_glued_heading_lift.py::test_glued_bold_after_exclamation_lifts PASSED [ 27%]
tests/test_issue1446_glued_heading_lift.py::test_mid_paragraph_bold_unchanged PASSED [ 27%]
tests/test_issue1446_glued_heading_lift.py::test_trailing_bold_without_period_unchanged PASSED [ 27%]
tests/test_issue1446_glued_heading_lift.py::test_trailing_bold_with_period_after_bold_unchanged PASSED [ 27%]
tests/test_issue1446_glued_heading_lift.py::test_glued_bold_without_blank_line_unchanged PASSED [ 27%]
tests/test_issue1446_glued_heading_lift.py::test_long_bold_phrase_not_lifted PASSED [ 27%]
tests/test_issue1446_glued_heading_lift.py::test_intentional_block_final_bold_with_no_glue_unchanged PASSED [ 27%]
tests/test_issue1446_glued_heading_lift.py::test_chain_of_glued_headings_all_lifted PASSED [ 27%]
tests/test_issue1446_glued_heading_lift.py::test_lift_pass_present_in_ui_js_at_correct_position PASSED [ 27%]
tests/test_issue1446_glued_heading_lift.py::test_lift_regex_is_single_line_only PASSED [ 27%]
tests/test_issue1446_glued_heading_lift.py::test_real_renderer_lifts_glued_heading PASSED [ 27%]
tests/test_issue1446_glued_heading_lift.py::test_real_renderer_protects_fenced_code PASSED [ 27%]
tests/test_issue1446_glued_heading_lift.py::test_real_renderer_protects_raw_pre_html PASSED [ 27%]
tests/test_issue1446_glued_heading_lift.py::test_real_renderer_protects_inline_code PASSED [ 27%]
tests/test_issue1446_glued_heading_lift.py::test_real_renderer_preserves_mid_paragraph_emphasis PASSED [ 27%]
tests/test_issue1446_glued_heading_lift.py::test_real_renderer_chain_of_glued_headings PASSED [ 27%]
tests/test_issue1447_heading_hierarchy.py::test_msg_body_heading_sizes_form_clear_hierarchy PASSED [ 27%]
tests/test_issue1447_heading_hierarchy.py::test_msg_body_h1_and_h2_have_bottom_border PASSED [ 27%]
tests/test_issue1447_heading_hierarchy.py::test_msg_body_h5_and_h6_use_label_style_affordance PASSED [ 27%]
tests/test_issue1447_heading_hierarchy.py::test_msg_body_headings_use_strong_color_and_bold_weight PASSED [ 27%]
tests/test_issue1447_heading_hierarchy.py::test_preview_md_heading_sizes_match_msg_body PASSED [ 27%]
tests/test_issue1447_heading_hierarchy.py::test_preview_md_has_h4_h5_h6_rules PASSED [ 27%]
tests/test_issue1447_heading_hierarchy.py::test_data_font_size_small_overrides_scale_with_new_defaults PASSED [ 27%]
tests/test_issue1447_heading_hierarchy.py::test_data_font_size_large_overrides_scale_with_new_defaults PASSED [ 27%]
tests/test_issue1447_heading_hierarchy.py::test_specific_heading_sizes_match_issue_spec PASSED [ 27%]
tests/test_issue1458_stability_hardening.py::test_health_exposes_accept_loop_heartbeat PASSED [ 27%]
tests/test_issue1458_stability_hardening.py::test_deep_health_exercises_session_project_and_sqlite_paths PASSED [ 27%]
tests/test_issue1458_stability_hardening.py::test_server_raises_fd_soft_limit_when_resource_allows PASSED [ 27%]
tests/test_issue1464_workspace_dropdown_filter.py::test_workspace_dropdown_noresults_hides_when_matches_exist PASSED [ 27%]
tests/test_issue1488_composer_voice_buttons.py::TestComposerVoiceButtonHTML::test_dictation_button_has_dictate_i18n_key PASSED [ 27%]
tests/test_issue1488_composer_voice_buttons.py::TestComposerVoiceButtonHTML::test_voice_mode_button_has_voice_mode_i18n_key PASSED [ 28%]
tests/test_issue1488_composer_voice_buttons.py::TestComposerVoiceButtonHTML::test_buttons_have_distinct_static_titles PASSED [ 28%]
tests/test_issue1488_composer_voice_buttons.py::TestComposerVoiceButtonHTML::test_voice_mode_uses_audio_lines_glyph PASSED [ 28%]
tests/test_issue1488_composer_voice_buttons.py::TestComposerVoiceButtonI18n::test_legacy_voice_toggle_key_removed PASSED [ 28%]
tests/test_issue1488_composer_voice_buttons.py::TestComposerVoiceButtonI18n::test_all_locales_define_new_keys PASSED [ 28%]
tests/test_issue1488_composer_voice_buttons.py::TestComposerVoiceButtonI18n::test_english_dictate_label_is_dictate PASSED [ 28%]
tests/test_issue1488_composer_voice_buttons.py::TestComposerVoiceButtonI18n::test_english_voice_mode_label_is_voice_mode PASSED [ 28%]
tests/test_issue1488_composer_voice_buttons.py::TestVoiceModePreferenceGate::test_voice_mode_pref_is_localstorage_backed PASSED [ 28%]
tests/test_issue1488_composer_voice_buttons.py::TestVoiceModePreferenceGate::test_voice_mode_button_hidden_until_pref_enabled PASSED [ 28%]
tests/test_issue1488_composer_voice_buttons.py::TestVoiceModePreferenceGate::test_settings_pane_has_voice_mode_checkbox PASSED [ 28%]
tests/test_issue1488_composer_voice_buttons.py::TestVoiceModePreferenceGate::test_settings_pane_has_voice_mode_i18n_keys PASSED [ 28%]
tests/test_issue1488_composer_voice_buttons.py::TestVoiceModePreferenceGate::test_panels_js_wires_voice_mode_pref PASSED [ 28%]
tests/test_issue1488_composer_voice_buttons.py::TestActiveStateTooltips::test_dictation_active_tooltip_changes_when_recording PASSED [ 28%]
tests/test_issue1488_composer_voice_buttons.py::TestActiveStateTooltips::test_voice_mode_active_tooltip PASSED [ 28%]
tests/test_issue1488_composer_voice_buttons.py::TestActiveStateTooltips::test_voice_mode_idle_tooltip PASSED [ 28%]
tests/test_issue1488_composer_voice_buttons.py::TestAudioLinesIconRegistered::test_audio_lines_in_li_paths PASSED [ 28%]
tests/test_issue1494_state_db_fd_leak.py::test_read_importable_agent_session_rows_closes_connection PASSED [ 28%]
tests/test_issue1494_state_db_fd_leak.py::test_read_session_lineage_metadata_closes_connection PASSED [ 28%]
tests/test_issue1494_state_db_fd_leak.py::test_get_cli_session_messages_closes_connection PASSED [ 28%]
tests/test_issue1494_state_db_fd_leak.py::test_delete_cli_session_closes_connection PASSED [ 28%]
tests/test_issue1499_keyless_onboarding.py::TestKeyOptionalProviderSchema::test_lmstudio_is_key_optional PASSED [ 28%]
tests/test_issue1499_keyless_onboarding.py::TestKeyOptionalProviderSchema::test_ollama_is_key_optional PASSED [ 28%]
tests/test_issue1499_keyless_onboarding.py::TestKeyOptionalProviderSchema::test_custom_is_key_optional PASSED [ 28%]
tests/test_issue1499_keyless_onboarding.py::TestKeyOptionalProviderSchema::test_cloud_providers_are_not_key_optional PASSED [ 28%]
tests/test_issue1499_keyless_onboarding.py::TestKeyOptionalProviderSchema::test_setup_catalog_exposes_key_optional_flag PASSED [ 28%]
tests/test_issue1499_keyless_onboarding.py::TestKeylessOnboarding::test_lmstudio_empty_api_key_accepted PASSED [ 28%]
tests/test_issue1499_keyless_onboarding.py::TestKeylessOnboarding::test_ollama_empty_api_key_accepted PASSED [ 28%]
tests/test_issue1499_keyless_onboarding.py::TestKeylessOnboarding::test_custom_empty_api_key_accepted PASSED [ 28%]
tests/test_issue1499_keyless_onboarding.py::TestKeylessOnboarding::test_openrouter_empty_api_key_still_rejected PASSED [ 28%]
tests/test_issue1499_keyless_onboarding.py::TestKeylessOnboarding::test_anthropic_empty_api_key_still_rejected PASSED [ 28%]
tests/test_issue1499_keyless_onboarding.py::TestKeylessOnboarding::test_lmstudio_with_explicit_api_key_still_writes_env PASSED [ 28%]
tests/test_issue1499_keyless_onboarding.py::TestKeylessChatReady::test_lmstudio_keyless_provider_ready_via_status_runtime PASSED [ 28%]
tests/test_issue1499_keyless_onboarding.py::TestKeylessChatReady::test_ollama_keyless_provider_ready_via_status_runtime PASSED [ 28%]
tests/test_issue1499_keyless_onboarding.py::TestKeylessChatReady::test_custom_keyless_provider_ready_requires_base_url PASSED [ 28%]
tests/test_issue1499_keyless_onboarding.py::TestKeylessChatReady::test_openrouter_keyless_provider_ready_is_false PASSED [ 28%]
tests/test_issue1499_keyless_onboarding.py::TestKeylessChatReady::test_lmstudio_keyless_chat_ready_via_full_status PASSED [ 28%]
tests/test_issue1499_onboarding_probe.py::TestIssue1499OnboardingProbe::test_invalid_url_empty PASSED [ 28%]
tests/test_issue1499_onboarding_probe.py::TestIssue1499OnboardingProbe::test_invalid_url_bad_scheme PASSED [ 28%]
tests/test_issue1499_onboarding_probe.py::TestIssue1499OnboardingProbe::test_invalid_url_no_host PASSED [ 28%]
tests/test_issue1499_onboarding_probe.py::TestIssue1499OnboardingProbe::test_dns_resolution_failure PASSED [ 28%]
tests/test_issue1499_onboarding_probe.py::TestIssue1499OnboardingProbe::test_connect_refused FAILED [ 28%]
tests/test_issue1499_onboarding_probe.py::TestIssue1499OnboardingProbe::test_success_openai_shape PASSED [ 28%]
tests/test_issue1499_onboarding_probe.py::TestIssue1499OnboardingProbe::test_success_bare_list_shape PASSED [ 28%]
tests/test_issue1499_onboarding_probe.py::TestIssue1499OnboardingProbe::test_http_4xx PASSED [ 28%]
tests/test_issue1499_onboarding_probe.py::TestIssue1499OnboardingProbe::test_http_5xx PASSED [ 28%]
tests/test_issue1499_onboarding_probe.py::TestIssue1499OnboardingProbe::test_parse_non_json PASSED [ 28%]
tests/test_issue1499_onboarding_probe.py::TestIssue1499OnboardingProbe::test_parse_wrong_shape PASSED [ 28%]
tests/test_issue1499_onboarding_probe.py::TestIssue1499OnboardingProbe::test_api_key_passes_authorization_header PASSED [ 28%]
tests/test_issue1499_onboarding_probe.py::TestIssue1499OnboardingProbe::test_probe_does_not_persist_to_config PASSED [ 29%]
tests/test_issue1499_onboarding_probe.py::TestIssue1499OnboardingProbe::test_probe_does_not_follow_redirects PASSED [ 29%]
tests/test_issue1499_onboarding_probe.py::TestIssue1499OnboardingProbe::test_probe_error_codes_set_is_documented PASSED [ 29%]
tests/test_issue1499_onboarding_probe.py::TestIssue1499ProbeRouteEndToEnd::test_route_returns_invalid_url_for_empty_base PASSED [ 29%]
tests/test_issue1499_onboarding_probe.py::TestIssue1499ProbeRouteEndToEnd::test_route_returns_success_against_mock PASSED [ 29%]
tests/test_issue1499_onboarding_probe.py::TestIssue1499ProbeRouteEndToEnd::test_route_returns_dns_error_for_bad_host PASSED [ 29%]
tests/test_issue1500_lmstudio_env_var_alignment.py::TestIssue1500EnvVarAlignment::test_onboarding_supported_provider_setup_uses_lm_api_key PASSED [ 29%]
tests/test_issue1500_lmstudio_env_var_alignment.py::TestIssue1500EnvVarAlignment::test_onboarding_writes_canonical_name_only PASSED [ 29%]
tests/test_issue1500_lmstudio_env_var_alignment.py::TestIssue1500EnvVarAlignment::test_legacy_lmstudio_env_var_still_detected PASSED [ 29%]
tests/test_issue1500_lmstudio_env_var_alignment.py::TestIssue1500EnvVarAlignment::test_canonical_takes_precedence_over_legacy PASSED [ 29%]
tests/test_issue1500_lmstudio_env_var_alignment.py::TestIssue1500EnvVarAlignment::test_provider_api_key_present_reads_aliases PASSED [ 29%]
tests/test_issue1511_dedup_shared_reference.py::test_groups_have_independent_model_lists PASSED [ 29%]
tests/test_issue1511_dedup_shared_reference.py::test_unconfigured_providers_no_shared_dedup_bleed PASSED [ 29%]
tests/test_issue1511_dedup_shared_reference.py::test_shared_reference_pre_fix_demonstrates_corruption PASSED [ 29%]
tests/test_issue1511_dedup_shared_reference.py::test_get_models_grouped_unconfigured_providers_get_independent_dicts PASSED [ 29%]
tests/test_issue1527_lmstudio_base_url_classification.py::test_lmstudio_configured_base_url_keeps_discovered_models[http://192.168.1.22:1234/v1-192.168.1.22] PASSED [ 29%]
tests/test_issue1527_lmstudio_base_url_classification.py::test_lmstudio_configured_base_url_keeps_discovered_models[http://my-mac.tailnet.example:1234/v1-192.168.1.22] PASSED [ 29%]
tests/test_issue1527_lmstudio_base_url_classification.py::test_lmstudio_configured_base_url_keeps_discovered_models[https://lm.internal.example.com/v1-192.168.1.22] PASSED [ 29%]
tests/test_issue1527_lmstudio_base_url_classification.py::test_custom_configured_base_url_is_not_reclassified_as_ollama PASSED [ 29%]
tests/test_issue1527_lmstudio_base_url_classification.py::test_lmstudio_session_model_resolves_to_configured_base_url PASSED [ 29%]
tests/test_issue1538_nous_live_catalog.py::TestNousLiveCatalog::test_nous_models_live_fetch_when_hermes_cli_available PASSED [ 29%]
tests/test_issue1538_nous_live_catalog.py::TestNousLiveCatalog::test_nous_model_ids_carry_at_nous_prefix FAILED [ 29%]
tests/test_issue1538_nous_live_catalog.py::TestNousLiveCatalog::test_nous_labels_carry_via_nous_suffix FAILED [ 29%]
tests/test_issue1538_nous_live_catalog.py::TestNousLiveCatalog::test_nous_live_catalog_includes_recent_models PASSED [ 29%]
tests/test_issue1538_nous_live_catalog.py::TestNousStaticFallback::test_static_fallback_when_hermes_cli_raises FAILED [ 29%]
tests/test_issue1538_nous_live_catalog.py::TestFormatNousLabel::test_strips_vendor_namespace PASSED [ 29%]
tests/test_issue1538_nous_live_catalog.py::TestFormatNousLabel::test_handles_missing_vendor PASSED [ 29%]
tests/test_issue1538_nous_live_catalog.py::TestFormatNousLabel::test_handles_variant_after_colon PASSED [ 29%]
tests/test_issue1538_nous_live_catalog.py::TestFormatNousLabel::test_minimax_renders_mixed_case PASSED [ 29%]
tests/test_issue1538_nous_live_catalog.py::TestFormatNousLabel::test_label_always_ends_with_via_nous_suffix PASSED [ 29%]
tests/test_issue1538_nous_live_catalog.py::TestStaticListPreservedAsFallback::test_static_list_present PASSED [ 29%]
tests/test_issue1538_nous_live_catalog.py::TestStaticListPreservedAsFallback::test_static_list_keeps_at_nous_prefix PASSED [ 29%]
tests/test_issue1539_provider_removal_dropdown_invalidation.py::TestSlashModelCacheInvalidator::test_invalidator_helper_defined PASSED [ 29%]
tests/test_issue1539_provider_removal_dropdown_invalidation.py::TestSlashModelCacheInvalidator::test_invalidator_clears_both_cache_slots PASSED [ 29%]
tests/test_issue1539_provider_removal_dropdown_invalidation.py::TestSlashModelCacheInvalidator::test_invalidator_exposed_on_window PASSED [ 29%]
tests/test_issue1539_provider_removal_dropdown_invalidation.py::TestProviderRemoveInvalidatesDropdowns::test_remove_path_invokes_dropdown_flush PASSED [ 29%]
tests/test_issue1539_provider_removal_dropdown_invalidation.py::TestProviderRemoveInvalidatesDropdowns::test_save_path_invokes_dropdown_flush PASSED [ 29%]
tests/test_issue1539_provider_removal_dropdown_invalidation.py::TestProviderRemoveInvalidatesDropdowns::test_dropdown_flush_helper_defined PASSED [ 29%]
tests/test_issue1539_provider_removal_dropdown_invalidation.py::TestProviderRemoveInvalidatesDropdowns::test_dropdown_flush_calls_slash_cache_invalidator PASSED [ 29%]
tests/test_issue1539_provider_removal_dropdown_invalidation.py::TestProviderRemoveInvalidatesDropdowns::test_dropdown_flush_calls_populate_model_dropdown PASSED [ 29%]
tests/test_issue1539_provider_removal_dropdown_invalidation.py::TestProviderRemoveInvalidatesDropdowns::test_dropdown_flush_is_resilient_to_missing_modules PASSED [ 29%]
tests/test_issue1539_provider_removal_dropdown_invalidation.py::TestProviderRemoveInvalidatesDropdowns::test_dropdown_flush_does_not_block_panel_refresh PASSED [ 29%]
tests/test_issue1539_provider_removal_dropdown_invalidation.py::TestServerSideInvariantPreserved::test_set_provider_key_invalidates_cache PASSED [ 29%]
tests/test_issue1560_password_env_var_lock.py::test_get_settings_surfaces_password_env_var_flag PASSED [ 29%]
tests/test_issue1560_password_env_var_lock.py::test_post_settings_refuses_set_password_when_env_var_shadowed PASSED [ 29%]
tests/test_issue1560_password_env_var_lock.py::test_post_settings_refuses_clear_password_when_env_var_shadowed PASSED [ 29%]
tests/test_issue1560_password_env_var_lock.py::test_settings_html_has_password_env_lock_banner PASSED [ 29%]
tests/test_issue1560_password_env_var_lock.py::test_panels_js_disables_password_when_env_locked PASSED [ 29%]
tests/test_issue1560_password_env_var_lock.py::test_panels_js_hides_disable_auth_button_when_env_locked PASSED [ 30%]
tests/test_issue1560_password_env_var_lock.py::test_i18n_password_env_var_locked_in_all_locales PASSED [ 30%]
tests/test_issue1560_password_env_var_lock.py::test_i18n_password_env_var_locked_placeholder_in_all_locales PASSED [ 30%]
tests/test_issue1560_password_env_var_lock.py::test_i18n_locked_string_mentions_env_var_name_in_all_locales PASSED [ 30%]
tests/test_issue1560_password_env_var_lock.py::test_get_settings_returns_password_env_var_false_when_unset PASSED [ 30%]
tests/test_issue1567_nous_picker_capacity_and_symmetry.py::TestBuildNousFeaturedSet::test_small_catalog_is_no_op PASSED [ 30%]
tests/test_issue1567_nous_picker_capacity_and_symmetry.py::TestBuildNousFeaturedSet::test_large_catalog_is_capped_to_target PASSED [ 30%]
tests/test_issue1567_nous_picker_capacity_and_symmetry.py::TestBuildNousFeaturedSet::test_featured_and_extras_are_disjoint_and_complete PASSED [ 30%]
tests/test_issue1567_nous_picker_capacity_and_symmetry.py::TestBuildNousFeaturedSet::test_priority_vendors_get_picked_first PASSED [ 30%]
tests/test_issue1567_nous_picker_capacity_and_symmetry.py::TestBuildNousFeaturedSet::test_sticky_selection_is_preserved PASSED [ 30%]
tests/test_issue1567_nous_picker_capacity_and_symmetry.py::TestBuildNousFeaturedSet::test_sticky_selection_handles_at_nous_prefix PASSED [ 30%]
tests/test_issue1567_nous_picker_capacity_and_symmetry.py::TestBuildNousFeaturedSet::test_curated_static_flagships_are_preserved PASSED [ 30%]
tests/test_issue1567_nous_picker_capacity_and_symmetry.py::TestBuildNousFeaturedSet::test_empty_catalog_returns_empty PASSED [ 30%]
tests/test_issue1567_nous_picker_capacity_and_symmetry.py::TestBuildNousFeaturedSet::test_deterministic_across_calls PASSED [ 30%]
tests/test_issue1567_nous_picker_capacity_and_symmetry.py::TestApiModelsLargeCatalog::test_picker_caps_large_catalog_and_exposes_extras FAILED [ 30%]
tests/test_issue1567_nous_picker_capacity_and_symmetry.py::TestApiModelsLargeCatalog::test_picker_does_not_cap_small_catalog FAILED [ 30%]
tests/test_issue1567_nous_picker_capacity_and_symmetry.py::TestNousDetectionSymmetry::test_picker_includes_nous_when_get_auth_status_logged_in FAILED [ 30%]
tests/test_issue1567_nous_picker_capacity_and_symmetry.py::TestNousDetectionSymmetry::test_picker_omits_nous_when_both_auth_signals_false PASSED [ 30%]
tests/test_issue1567_nous_picker_capacity_and_symmetry.py::TestNousLiveFetchEmpty::test_authenticated_empty_catalog_omits_nous_group PASSED [ 30%]
tests/test_issue1567_nous_picker_capacity_and_symmetry.py::TestNousLiveFetchEmpty::test_hermes_cli_unavailable_falls_back_to_static_4 FAILED [ 30%]
tests/test_issue1567_nous_picker_capacity_and_symmetry.py::TestProvidersCardPickerSymmetry::test_providers_card_and_picker_agree_on_featured_set PASSED [ 30%]
tests/test_issue1567_nous_picker_capacity_and_symmetry.py::TestFrontendExtrasContract::test_ui_js_hydrates_dynamic_labels_from_extra_models PASSED [ 30%]
tests/test_issue1567_nous_picker_capacity_and_symmetry.py::TestFrontendExtrasContract::test_commands_js_loads_slash_args_from_extra_models PASSED [ 30%]
tests/test_issue1567_nous_picker_capacity_and_symmetry.py::TestFrontendExtrasContract::test_panels_js_uses_models_total_for_count PASSED [ 30%]
tests/test_issue1567_nous_picker_capacity_and_symmetry.py::TestFrontendExtrasContract::test_panels_js_renders_more_disclosure_pill PASSED [ 30%]
tests/test_issue1568_duplicate_provider_groups.py::TestCanonicaliseProviderId::test_canonical_id_preserved PASSED [ 30%]
tests/test_issue1568_duplicate_provider_groups.py::TestCanonicaliseProviderId::test_underscore_folded_to_hyphen PASSED [ 30%]
tests/test_issue1568_duplicate_provider_groups.py::TestCanonicaliseProviderId::test_case_folded PASSED [ 30%]
tests/test_issue1568_duplicate_provider_groups.py::TestCanonicaliseProviderId::test_alias_resolved_when_target_is_canonical PASSED [ 30%]
tests/test_issue1568_duplicate_provider_groups.py::TestCanonicaliseProviderId::test_alias_not_applied_when_input_is_already_canonical PASSED [ 30%]
tests/test_issue1568_duplicate_provider_groups.py::TestCanonicaliseProviderId::test_empty_input PASSED [ 30%]
tests/test_issue1568_duplicate_provider_groups.py::TestCanonicaliseProviderId::test_unknown_id_normalised_but_preserved PASSED [ 30%]
tests/test_issue1568_duplicate_provider_groups.py::TestCanonicaliseProviderId::test_idempotent PASSED [ 30%]
tests/test_issue1568_duplicate_provider_groups.py::TestProviderGroupDedup::test_underscored_providers_key_does_not_create_phantom_group PASSED [ 30%]
tests/test_issue1568_duplicate_provider_groups.py::TestProviderGroupDedup::test_uppercase_providers_key_does_not_create_phantom_group PASSED [ 30%]
tests/test_issue1568_duplicate_provider_groups.py::TestProviderGroupDedup::test_aliased_providers_key_collapses_to_canonical PASSED [ 30%]
tests/test_issue1568_duplicate_provider_groups.py::TestProviderGroupDedup::test_happy_path_unchanged PASSED [ 30%]
tests/test_issue1568_duplicate_provider_groups.py::TestDefaultModelProviderIdGuard::test_provider_id_as_default_does_not_inject_phantom PASSED [ 30%]
tests/test_issue1568_duplicate_provider_groups.py::TestDefaultModelProviderIdGuard::test_provider_alias_as_default_does_not_inject_phantom PASSED [ 30%]
tests/test_issue1568_duplicate_provider_groups.py::TestDefaultModelProviderIdGuard::test_real_unknown_model_id_still_injected PASSED [ 30%]
tests/test_issue1568_duplicate_provider_groups.py::TestEmptyGroupFilter::test_empty_optgroups_dropped PASSED [ 30%]
tests/test_issue1568_duplicate_provider_groups.py::TestEmptyGroupFilter::test_custom_provider_can_still_be_empty PASSED [ 30%]
tests/test_issue1574_cron_profile_lock.py::test_manual_cron_subprocess_uses_spawn_context PASSED [ 30%]
tests/test_issue1574_cron_profile_lock.py::test_spawn_context_does_not_inherit_parent_thread_locks FAILED [ 30%]
tests/test_issue1574_cron_profile_lock.py::test_manual_cron_subprocess_drains_large_result_before_join SKIPPED [ 30%]
tests/test_issue1574_cron_profile_lock.py::test_manual_cron_run_does_not_hold_profile_lock_for_job_duration PASSED [ 30%]
tests/test_issue1574_cron_profile_lock.py::test_cron_job_subprocess_executes_under_selected_profile_home SKIPPED [ 30%]
tests/test_issue1579_whats_new_link_404.py::test_current_sha_is_merge_base_not_local_HEAD PASSED [ 30%]
tests/test_issue1579_whats_new_link_404.py::test_current_sha_equals_HEAD_when_no_local_commits PASSED [ 30%]
tests/test_issue1579_whats_new_link_404.py::test_current_sha_falls_back_to_None_when_merge_base_fails PASSED [ 31%]
tests/test_issue1579_whats_new_link_404.py::test_whats_new_link_resets_display_and_href_on_every_render PASSED [ 31%]
tests/test_issue1579_whats_new_link_404.py::test_whats_new_link_suppressed_when_curSha_falsy PASSED [ 31%]
tests/test_issue1579_whats_new_link_404.py::test_reporter_url_shape_no_longer_produces_invalid_compare_url PASSED [ 31%]
tests/test_issue1611_session_profile_filtering.py::test_profiles_match_exact PASSED [ 31%]
tests/test_issue1611_session_profile_filtering.py::test_profiles_match_distinct_named_profiles PASSED [ 31%]
tests/test_issue1611_session_profile_filtering.py::test_profiles_match_default_alias_treated_as_root PASSED [ 31%]
tests/test_issue1611_session_profile_filtering.py::test_profiles_match_empty_row_treated_as_root PASSED [ 31%]
tests/test_issue1611_session_profile_filtering.py::test_profiles_match_active_none_treated_as_default PASSED [ 31%]
tests/test_issue1611_session_profile_filtering.py::test_all_profiles_query_flag_true_values PASSED [ 31%]
tests/test_issue1611_session_profile_filtering.py::test_all_profiles_query_flag_false_values PASSED [ 31%]
tests/test_issue1611_session_profile_filtering.py::test_static_sessions_js_no_cli_session_bypass PASSED [ 31%]
tests/test_issue1611_session_profile_filtering.py::test_static_sessions_js_uses_all_profiles_query_when_toggle_on PASSED [ 31%]
tests/test_issue1611_session_profile_filtering.py::test_keep_latest_messaging_runs_after_profile_filter PASSED [ 31%]
tests/test_issue1611_session_profile_filtering.py::test_static_sessions_js_trusts_server_profile_scoping PASSED [ 31%]
tests/test_issue1612_renamed_root_profile.py::test_is_root_profile_default_alias PASSED [ 31%]
tests/test_issue1612_renamed_root_profile.py::test_is_root_profile_empty_or_none_is_false PASSED [ 31%]
tests/test_issue1612_renamed_root_profile.py::test_is_root_profile_renamed_root_via_list_profiles_api PASSED [ 31%]
tests/test_issue1612_renamed_root_profile.py::test_is_root_profile_caches_results PASSED [ 31%]
tests/test_issue1612_renamed_root_profile.py::test_is_root_profile_invalidation_drops_stale PASSED [ 31%]
tests/test_issue1612_renamed_root_profile.py::test_is_root_profile_handles_list_profiles_failure PASSED [ 31%]
tests/test_issue1612_renamed_root_profile.py::test_get_active_hermes_home_returns_default_for_renamed_root PASSED [ 31%]
tests/test_issue1612_renamed_root_profile.py::test_get_active_hermes_home_returns_named_for_real_named_profile PASSED [ 31%]
tests/test_issue1612_renamed_root_profile.py::test_switch_profile_resolution_renamed_root_picks_default_home PASSED [ 31%]
tests/test_issue1612_renamed_root_profile.py::test_switch_profile_sticky_marker_renamed_root PASSED [ 31%]
tests/test_issue1612_renamed_root_profile.py::test_delete_profile_blocks_renamed_root PASSED [ 31%]
tests/test_issue1614_project_profile_filtering.py::test_ensure_cron_project_creates_per_profile PASSED [ 31%]
tests/test_issue1614_project_profile_filtering.py::test_ensure_cron_project_idempotent_per_profile PASSED [ 31%]
tests/test_issue1614_project_profile_filtering.py::test_ensure_cron_project_back_tags_legacy_untagged PASSED [ 31%]
tests/test_issue1614_project_profile_filtering.py::test_ensure_cron_project_renamed_root_matches_default PASSED [ 31%]
tests/test_issue1614_project_profile_filtering.py::test_load_projects_backfills_from_session_index PASSED [ 31%]
tests/test_issue1614_project_profile_filtering.py::test_load_projects_backfills_to_default_when_no_sessions PASSED [ 31%]
tests/test_issue1614_project_profile_filtering.py::test_load_projects_idempotent_after_first_migrate PASSED [ 31%]
tests/test_issue1614_project_profile_filtering.py::test_profile_field_on_project_dict_default_create PASSED [ 31%]
tests/test_issue1614_project_profile_filtering.py::test_project_rename_rejects_cross_profile PASSED [ 31%]
tests/test_issue1614_project_profile_filtering.py::test_project_delete_rejects_cross_profile PASSED [ 31%]
tests/test_issue1614_project_profile_filtering.py::test_session_move_rejects_cross_profile_project PASSED [ 31%]
tests/test_issue1617_tps_message_header.py::test_tps_renders_in_message_header_not_global_titlebar PASSED [ 31%]
tests/test_issue1617_tps_message_header.py::test_live_metering_updates_only_real_tps_and_never_placeholders PASSED [ 31%]
tests/test_issue1617_tps_message_header.py::test_done_payload_persists_final_tps_when_exact_usage_available PASSED [ 31%]
tests/test_issue1617_tps_message_header.py::test_backend_marks_streaming_metering_availability_explicitly PASSED [ 31%]
tests/test_issue1617_tps_message_header.py::test_tps_display_setting_is_default_off_and_persisted PASSED [ 31%]
tests/test_issue1617_tps_message_header.py::test_tps_display_hot_applies_when_preferences_autosave PASSED [ 31%]
tests/test_issue1617_tps_message_header.py::test_tps_header_rendering_respects_display_setting PASSED [ 31%]
tests/test_issue1618_yaml_json_diff_newline_preserve.py::test_pre_stash_regex_matches_pre_with_attributes PASSED [ 31%]
tests/test_issue1618_yaml_json_diff_newline_preserve.py::test_pre_stash_still_captures_pre_header_and_optional_div PASSED [ 31%]
tests/test_issue1618_yaml_json_diff_newline_preserve.py::test_yaml_block_preserves_newlines PASSED [ 31%]
tests/test_issue1618_yaml_json_diff_newline_preserve.py::test_json_block_preserves_newlines PASSED [ 31%]
tests/test_issue1618_yaml_json_diff_newline_preserve.py::test_diff_block_preserves_newlines PASSED [ 32%]
tests/test_issue1618_yaml_json_diff_newline_preserve.py::test_yml_alias_already_worked_still_works PASSED [ 32%]
tests/test_issue1618_yaml_json_diff_newline_preserve.py::test_bash_block_unaffected_baseline PASSED [ 32%]
tests/test_issue1618_yaml_json_diff_newline_preserve.py::test_yaml_block_renders_multiline_html_shape PASSED [ 32%]
tests/test_issue1618_yaml_json_diff_newline_preserve.py::test_mermaid_block_unaffected_by_regex_relaxation PASSED [ 32%]
tests/test_issue1623_sse_heartbeat_alignment.py::test_sse_heartbeat_constant_below_kernel_keepalive_window PASSED [ 32%]
tests/test_issue1623_sse_heartbeat_alignment.py::test_no_sse_handler_uses_30s_or_higher_timeout PASSED [ 32%]
tests/test_issue1623_sse_heartbeat_alignment.py::test_each_named_sse_handler_uses_constant PASSED [ 32%]
tests/test_issue1624_repair_stale_pending_grace.py::test_repair_skips_fresh_turn PASSED [ 32%]
tests/test_issue1624_repair_stale_pending_grace.py::test_repair_skips_almost_grace_window PASSED [ 32%]
tests/test_issue1624_repair_stale_pending_grace.py::test_repair_fires_after_grace_window PASSED [ 32%]
tests/test_issue1624_repair_stale_pending_grace.py::test_repair_fires_when_pending_started_at_missing PASSED [ 32%]
tests/test_issue1624_repair_stale_pending_grace.py::test_repair_fires_when_pending_started_at_zero PASSED [ 32%]
tests/test_issue1624_repair_stale_pending_grace.py::test_repair_fires_when_pending_started_at_garbage PASSED [ 32%]
tests/test_issue1624_repair_stale_pending_grace.py::test_repair_skips_when_no_pending_message PASSED [ 32%]
tests/test_issue1624_repair_stale_pending_grace.py::test_repair_skips_when_stream_still_alive PASSED [ 32%]
tests/test_issue1624_repair_stale_pending_grace.py::test_grace_constant_exists_and_is_sane PASSED [ 32%]
tests/test_issue1625_local_server_model_id_preservation.py::test_known_local_server_provider_preserves_full_model_id[lmstudio] PASSED [ 32%]
tests/test_issue1625_local_server_model_id_preservation.py::test_known_local_server_provider_preserves_full_model_id[lm-studio] PASSED [ 32%]
tests/test_issue1625_local_server_model_id_preservation.py::test_known_local_server_provider_preserves_full_model_id[ollama] PASSED [ 32%]
tests/test_issue1625_local_server_model_id_preservation.py::test_known_local_server_provider_preserves_full_model_id[llamacpp] PASSED [ 32%]
tests/test_issue1625_local_server_model_id_preservation.py::test_known_local_server_provider_preserves_full_model_id[llama-cpp] PASSED [ 32%]
tests/test_issue1625_local_server_model_id_preservation.py::test_known_local_server_provider_preserves_full_model_id[vllm] PASSED [ 32%]
tests/test_issue1625_local_server_model_id_preservation.py::test_known_local_server_provider_preserves_full_model_id[tabby] PASSED [ 32%]
tests/test_issue1625_local_server_model_id_preservation.py::test_known_local_server_provider_preserves_full_model_id[tabbyapi] PASSED [ 32%]
tests/test_issue1625_local_server_model_id_preservation.py::test_known_local_server_provider_preserves_full_model_id[koboldcpp] PASSED [ 32%]
tests/test_issue1625_local_server_model_id_preservation.py::test_known_local_server_provider_preserves_full_model_id[textgen] PASSED [ 32%]
tests/test_issue1625_local_server_model_id_preservation.py::test_known_local_server_provider_preserves_full_model_id[localai] PASSED [ 32%]
tests/test_issue1625_local_server_model_id_preservation.py::test_lmstudio_with_huggingface_namespace_preserved PASSED [ 32%]
tests/test_issue1625_local_server_model_id_preservation.py::test_lmstudio_with_openai_prefix_preserved PASSED [ 32%]
tests/test_issue1625_local_server_model_id_preservation.py::test_loopback_base_url_preserves_full_model_id[http://localhost:11434] PASSED [ 32%]
tests/test_issue1625_local_server_model_id_preservation.py::test_loopback_base_url_preserves_full_model_id[http://127.0.0.1:1234/v1] PASSED [ 32%]
tests/test_issue1625_local_server_model_id_preservation.py::test_loopback_base_url_preserves_full_model_id[http://127.0.0.1:8080/openai] PASSED [ 32%]
tests/test_issue1625_local_server_model_id_preservation.py::test_loopback_base_url_preserves_full_model_id[http://10.0.0.5:8080/v1] PASSED [ 32%]
tests/test_issue1625_local_server_model_id_preservation.py::test_loopback_base_url_preserves_full_model_id[http://192.168.1.50:1234/v1] PASSED [ 32%]
tests/test_issue1625_local_server_model_id_preservation.py::test_loopback_base_url_preserves_full_model_id[http://172.16.0.10:8000/v1] PASSED [ 32%]
tests/test_issue1625_local_server_model_id_preservation.py::test_loopback_base_url_preserves_full_model_id[http://[::1]:1234/v1] PASSED [ 32%]
tests/test_issue1625_local_server_model_id_preservation.py::test_public_openai_proxy_still_strips_prefix PASSED [ 32%]
tests/test_issue1625_local_server_model_id_preservation.py::test_unknown_prefix_on_public_proxy_preserved PASSED [ 32%]
tests/test_issue1625_local_server_model_id_preservation.py::test_openrouter_passes_full_unaffected PASSED [ 32%]
tests/test_issue1625_local_server_model_id_preservation.py::test_base_url_points_at_local_server_helper[http://localhost:1234-True] PASSED [ 32%]
tests/test_issue1625_local_server_model_id_preservation.py::test_base_url_points_at_local_server_helper[http://127.0.0.1:1234-True] PASSED [ 32%]
tests/test_issue1625_local_server_model_id_preservation.py::test_base_url_points_at_local_server_helper[http://10.0.0.5-True] PASSED [ 32%]
tests/test_issue1625_local_server_model_id_preservation.py::test_base_url_points_at_local_server_helper[http://192.168.1.1:8080-True] PASSED [ 32%]
tests/test_issue1625_local_server_model_id_preservation.py::test_base_url_points_at_local_server_helper[http://[::1]:1234-True] PASSED [ 32%]
tests/test_issue1625_local_server_model_id_preservation.py::test_base_url_points_at_local_server_helper[http://example.com-False] PASSED [ 32%]
tests/test_issue1625_local_server_model_id_preservation.py::test_base_url_points_at_local_server_helper[https://api.openai.com/v1-False] PASSED [ 32%]
tests/test_issue1625_local_server_model_id_preservation.py::test_base_url_points_at_local_server_helper[https://litellm.example.com/v1-False] PASSED [ 32%]
tests/test_issue1625_local_server_model_id_preservation.py::test_base_url_points_at_local_server_helper[-False] PASSED [ 33%]
tests/test_issue1625_local_server_model_id_preservation.py::test_base_url_points_at_local_server_helper[None-False] PASSED [ 33%]
tests/test_issue1625_local_server_model_id_preservation.py::test_base_url_points_at_local_server_helper[not-a-url-False] PASSED [ 33%]
tests/test_issue1633_models_cache_version_stamp.py::test_current_webui_version_returns_runtime_version PASSED [ 33%]
tests/test_issue1633_models_cache_version_stamp.py::test_current_webui_version_returns_none_when_module_missing PASSED [ 33%]
tests/test_issue1633_models_cache_version_stamp.py::test_save_stamps_webui_version_on_disk PASSED [ 33%]
tests/test_issue1633_models_cache_version_stamp.py::test_save_omits_webui_version_when_runtime_unknown PASSED [ 33%]
tests/test_issue1633_models_cache_version_stamp.py::test_save_only_writes_known_keys PASSED [ 33%]
tests/test_issue1633_models_cache_version_stamp.py::test_load_round_trip_matching_version PASSED [ 33%]
tests/test_issue1633_models_cache_version_stamp.py::test_load_rejects_mismatched_webui_version PASSED [ 33%]
tests/test_issue1633_models_cache_version_stamp.py::test_load_rejects_legacy_cache_without_version_stamp PASSED [ 33%]
tests/test_issue1633_models_cache_version_stamp.py::test_load_rejects_mismatched_schema_version PASSED [ 33%]
tests/test_issue1633_models_cache_version_stamp.py::test_load_skips_version_check_when_runtime_unknown PASSED [ 33%]
tests/test_issue1633_models_cache_version_stamp.py::test_is_valid_models_cache_remains_shape_only PASSED [ 33%]
tests/test_issue1633_models_cache_version_stamp.py::test_is_loadable_disk_cache_checks_versions PASSED [ 33%]
tests/test_issue1633_models_cache_version_stamp.py::test_is_loadable_disk_cache_rejects_non_dict PASSED [ 33%]
tests/test_issue1633_models_cache_version_stamp.py::test_load_handles_corrupt_json PASSED [ 33%]
tests/test_issue1633_models_cache_version_stamp.py::test_load_handles_missing_file PASSED [ 33%]
tests/test_issue1633_models_cache_version_stamp.py::test_save_overwrite_atomic FAILED [ 33%]
tests/test_issue1633_models_cache_version_stamp.py::test_save_skips_invalid_shape PASSED [ 33%]
tests/test_issue1633_models_cache_version_stamp.py::test_docker_update_scenario_invalidates_old_cache PASSED [ 33%]
tests/test_issue1633_models_cache_version_stamp.py::test_invalidate_models_cache_still_deletes_disk_file PASSED [ 33%]
tests/test_issue1669_sidebar_scroll_jump_fix.py::test_render_restores_scroll_top_for_non_virtualized_lists PASSED [ 33%]
tests/test_issue1669_sidebar_scroll_jump_fix.py::test_scroll_handler_short_circuits_below_virtualization_threshold PASSED [ 33%]
tests/test_issue1669_sidebar_scroll_jump_fix.py::test_virtualization_still_active_for_large_lists PASSED [ 33%]
tests/test_issue1680_codex_spark.py::test_openai_codex_group_uses_provider_model_ids_for_spark PASSED [ 33%]
tests/test_issue1680_codex_spark.py::test_openai_codex_group_merges_visible_codex_cache_models PASSED [ 33%]
tests/test_issue1690_scroll_completion.py::test_terminal_done_render_preserves_manual_scroll_after_active_stream_is_cleared PASSED [ 33%]
tests/test_issue1690_scroll_completion.py::test_render_messages_preserve_scroll_option_uses_user_pin_state_not_stream_liveness PASSED [ 33%]
tests/test_issue1690_scroll_completion.py::test_cached_render_path_uses_same_scroll_policy_as_fresh_render PASSED [ 33%]
tests/test_issue1690_scroll_completion.py::test_session_switch_and_idle_session_load_keep_default_bottom_pin_behavior PASSED [ 33%]
tests/test_issue1697_multi_image_paste.py::test_one_clipboard_paste_with_two_image_items_adds_two_attachment_chips PASSED [ 33%]
tests/test_issue1697_multi_image_paste.py::test_single_image_paste_keeps_existing_screenshot_filename_shape PASSED [ 33%]
tests/test_issue1697_multi_image_paste.py::test_file_picker_and_drop_paths_still_pass_real_file_names_to_addfiles PASSED [ 33%]
tests/test_issue1699_model_cache_source_fingerprint.py::test_memory_models_cache_invalidates_when_auth_store_active_provider_changes PASSED [ 33%]
tests/test_issue1699_model_cache_source_fingerprint.py::test_disk_models_cache_invalidates_when_auth_store_active_provider_changes PASSED [ 33%]
tests/test_issue1699_model_cache_source_fingerprint.py::test_disk_models_cache_still_loads_when_auth_and_config_sources_are_unchanged PASSED [ 33%]
tests/test_issue1700_parallel_profile_switch.py::test_process_wide_switch_still_blocks_when_stream_is_active PASSED [ 33%]
tests/test_issue1700_parallel_profile_switch.py::test_per_client_switch_allowed_when_stream_is_active PASSED [ 33%]
tests/test_issue1700_parallel_profile_switch.py::test_frontend_profile_switch_no_longer_blocks_on_busy_state PASSED [ 33%]
tests/test_issue1700_parallel_profile_switch.py::test_frontend_treats_active_or_pending_session_as_in_progress PASSED [ 33%]
tests/test_issue1731_upward_scroll_unpins.py::test_scroll_listener_tracks_last_scroll_top PASSED [ 33%]
tests/test_issue1731_upward_scroll_unpins.py::test_scroll_listener_detects_upward_motion PASSED [ 33%]
tests/test_issue1731_upward_scroll_unpins.py::test_upward_scroll_unpins_immediately_without_hysteresis PASSED [ 33%]
tests/test_issue1731_upward_scroll_unpins.py::test_downward_path_preserves_macos_momentum_hysteresis PASSED [ 33%]
tests/test_issue1731_upward_scroll_unpins.py::test_repin_threshold_is_still_250px PASSED [ 33%]
tests/test_issue1731_upward_scroll_unpins.py::test_programmatic_scroll_guard_still_skips_listener PASSED [ 33%]
tests/test_issue1743_model_picker_race.py::test_model_picker_open_waits_for_async_model_catalog_before_rendering PASSED [ 33%]
tests/test_issue1743_model_picker_race.py::test_populate_model_dropdown_rerenders_if_picker_is_already_open PASSED [ 33%]
tests/test_issue1765_codex_quota.py::test_codex_oauth_usage_exhaustion_is_classified_as_quota PASSED [ 34%]
tests/test_issue1765_codex_quota.py::test_silent_provider_failure_gets_specific_catch_all_error PASSED [ 34%]
tests/test_issue1765_codex_quota.py::test_provider_error_payload_includes_bounded_redacted_details PASSED [ 34%]
tests/test_issue1765_codex_quota.py::test_frontend_renders_apperror_details_in_collapsible_block PASSED [ 34%]
tests/test_issue1771_session_model_switch_sync.py::test_sync_topbar_missing_model_falls_back_to_configured_default_not_previous_chat PASSED [ 34%]
tests/test_issue1771_session_model_switch_sync.py::test_sync_topbar_unknown_model_falls_back_to_configured_default_not_first_option PASSED [ 34%]
tests/test_issue1771_session_model_switch_sync.py::test_sync_topbar_rerenders_open_visible_model_dropdown_after_session_model_change PASSED [ 34%]
tests/test_issue1771_session_model_switch_sync.py::test_sync_topbar_does_not_persist_correction_while_model_resolution_deferred PASSED [ 34%]
tests/test_issue1785_workspace_preview_breadcrumb.py::test_clear_preview_can_keep_preview_only_panel_open_for_directory_navigation PASSED [ 34%]
tests/test_issue1785_workspace_preview_breadcrumb.py::test_load_dir_keeps_workspace_panel_open_when_clearing_preview PASSED [ 34%]
tests/test_issue1785_workspace_preview_breadcrumb.py::test_file_preview_breadcrumb_uses_directory_navigation_for_root PASSED [ 34%]
tests/test_issue1786_workspace_heading_actions.py::test_workspace_heading_is_interactive_root_control PASSED [ 34%]
tests/test_issue1786_workspace_heading_actions.py::test_workspace_heading_context_menu_exposes_root_reveal_and_copy_path PASSED [ 34%]
tests/test_issue1793_file_tree_cruft_filter.py::test_workspace_panel_has_show_hidden_files_toggle PASSED [ 34%]
tests/test_issue1793_file_tree_cruft_filter.py::test_file_tree_filters_common_cruft_by_default PASSED [ 34%]
tests/test_issue1793_file_tree_cruft_filter.py::test_hidden_file_toggle_invalidates_tree_render_without_refetch PASSED [ 34%]
tests/test_issue1793_file_tree_cruft_filter.py::test_no_inline_workspace_hidden_toggle_row PASSED [ 34%]
tests/test_issue1793_file_tree_cruft_filter.py::test_panel_actions_row_has_workspace_prefs_kebab PASSED [ 34%]
tests/test_issue1793_file_tree_cruft_filter.py::test_panel_heading_has_hidden_files_indicator PASSED [ 34%]
tests/test_issue1793_file_tree_cruft_filter.py::test_kebab_menu_javascript_exists PASSED [ 34%]
tests/test_issue1793_file_tree_cruft_filter.py::test_kebab_menu_closes_on_escape_and_outside_click PASSED [ 34%]
tests/test_issue1793_file_tree_cruft_filter.py::test_indicator_reflects_localStorage_state_on_load PASSED [ 34%]
tests/test_issue1793_file_tree_cruft_filter.py::test_kebab_menu_styles_replace_inline_row PASSED [ 34%]
tests/test_issue1793_file_tree_cruft_filter.py::test_new_i18n_keys_present_in_all_locales PASSED [ 34%]
tests/test_issue1796_error_toasts.py::test_error_toast_default_duration_is_substantially_longer_than_info_toasts PASSED [ 34%]
tests/test_issue1796_error_toasts.py::test_error_toast_keeps_explicit_duration_override PASSED [ 34%]
tests/test_issue1796_error_toasts.py::test_error_toast_has_copy_button_for_exact_error_text PASSED [ 34%]
tests/test_issue1796_error_toasts.py::test_toast_dismissal_pauses_on_hover_and_keyboard_focus PASSED [ 34%]
tests/test_issue1800_file_html_interactions.py::test_attach_button_is_non_submit_button PASSED [ 34%]
tests/test_issue1800_file_html_interactions.py::test_file_input_is_visually_hidden_not_display_none PASSED [ 34%]
tests/test_issue1800_file_html_interactions.py::test_attach_click_prevents_default_and_opens_picker PASSED [ 34%]
tests/test_issue1800_file_html_interactions.py::test_html_chat_attachment_opens_sandboxed_inline_raw_file PASSED [ 34%]
tests/test_issue1800_file_html_interactions.py::test_html_media_open_full_uses_inline_new_tab_not_download PASSED [ 34%]
tests/test_issue1800_file_html_interactions.py::test_media_html_inline_keeps_csp_sandbox PASSED [ 34%]
tests/test_issue1800_file_html_interactions.py::test_sandboxed_file_responses_do_not_send_x_frame_options PASSED [ 34%]
tests/test_issue1806_named_custom_provider_resolution.py::test_model_provider_name_resolves_to_named_custom_slug PASSED [ 34%]
tests/test_issue1806_named_custom_provider_resolution.py::test_available_models_drops_base_url_derived_custom_slug PASSED [ 34%]
tests/test_issue1807_codex_provider_card_live_models.py::test_codex_provider_card_prefers_live_account_catalog PASSED [ 34%]
tests/test_issue1807_codex_provider_card_live_models.py::test_codex_provider_card_keeps_static_fallback_when_live_catalog_empty PASSED [ 34%]
tests/test_issue1823_kanban_not_found.py::test_unknown_kanban_endpoint_get_returns_stale_client_diagnostic PASSED [ 34%]
tests/test_issue1823_kanban_not_found.py::test_unknown_kanban_endpoint_routes_are_wrapped_for_all_methods PASSED [ 34%]
tests/test_issue1823_kanban_not_found.py::test_kanban_stale_client_error_renders_hard_refresh_escape_hatch PASSED [ 34%]
tests/test_issue1823_kanban_not_found.py::test_inner_handler_bad_response_does_not_emit_double_404 PASSED [ 34%]
tests/test_issue1823_kanban_not_found.py::test_kanban_load_resolves_board_before_board_scoped_requests PASSED [ 34%]
tests/test_issue1850_csp_connect_src_jsdelivr.py::TestCSPConnectSrcJsdelivr::test_connect_src_includes_jsdelivr PASSED [ 34%]
tests/test_issue1850_csp_connect_src_jsdelivr.py::TestCSPConnectSrcJsdelivr::test_connect_src_still_includes_self PASSED [ 34%]
tests/test_issue341.py::test_msg_body_table_css_present PASSED           [ 34%]
tests/test_issue341.py::test_msg_body_table_th_td_present PASSED         [ 34%]
tests/test_issue341.py::test_msg_body_table_tr_stripe_present PASSED     [ 35%]
tests/test_issue341.py::test_msg_body_light_theme_overrides PASSED       [ 35%]
tests/test_issue342.py::test_autolink_comment_present PASSED             [ 35%]
tests/test_issue342.py::test_autolink_regex_in_rendermd PASSED           [ 35%]
tests/test_issue342.py::test_autolink_uses_esc_for_xss_safety PASSED     [ 35%]
tests/test_issue342.py::test_autolink_in_inline_md PASSED                [ 35%]
tests/test_issue342.py::test_autolink_after_safe_tags_pass PASSED        [ 35%]
tests/test_issue342.py::test_autolink_target_blank_and_rel PASSED        [ 35%]
tests/test_issue342.py::test_safe_tags_includes_anchor PASSED            [ 35%]
tests/test_issue347.py::test_display_math_stash_present PASSED           [ 35%]
tests/test_issue347.py::test_inline_math_stash_present PASSED            [ 35%]
tests/test_issue347.py::test_katex_block_placeholder_emitted PASSED      [ 35%]
tests/test_issue347.py::test_backslash_latex_delimiters_render_to_katex_placeholders FAILED [ 35%]
tests/test_issue347.py::test_user_code_block_with_latex_syntax_renders_as_literal_code FAILED [ 35%]
tests/test_issue347.py::test_user_bubble_top_level_latex_still_renders_after_fence_reorder FAILED [ 35%]
tests/test_issue347.py::test_katex_inline_placeholder_emitted PASSED     [ 35%]
tests/test_issue347.py::test_data_katex_attribute_present PASSED         [ 35%]
tests/test_issue347.py::test_render_katex_blocks_function_exists PASSED  [ 35%]
tests/test_issue347.py::test_katex_lazy_load_follows_mermaid_pattern PASSED [ 35%]
tests/test_issue347.py::test_katex_js_loaded_from_cdn PASSED             [ 35%]
tests/test_issue347.py::test_katex_js_has_sri_hash PASSED                [ 35%]
tests/test_issue347.py::test_katex_display_mode_used PASSED              [ 35%]
tests/test_issue347.py::test_katex_throw_on_error_false PASSED           [ 35%]
tests/test_issue347.py::test_render_katex_blocks_wired_into_raf PASSED   [ 35%]
tests/test_issue347.py::test_mermaid_render_failure_removes_temporary_error_dom PASSED [ 35%]
tests/test_issue347.py::test_katex_css_in_index_html PASSED              [ 35%]
tests/test_issue347.py::test_katex_css_has_sri_hash PASSED               [ 35%]
tests/test_issue347.py::test_katex_block_css_present PASSED              [ 35%]
tests/test_issue347.py::test_katex_inline_css_present PASSED             [ 35%]
tests/test_issue347.py::test_katex_block_text_align_center PASSED        [ 35%]
tests/test_issue347.py::test_safe_tags_includes_span PASSED              [ 35%]
tests/test_issue347.py::test_fence_stash_before_math_stash PASSED        [ 35%]
tests/test_issue347.py::test_fence_stash_populated_before_math_stash PASSED [ 35%]
tests/test_issue347.py::test_math_stash_comment_says_after_fence PASSED  [ 35%]
tests/test_issue347.py::test_math_restore_after_fence_restore PASSED     [ 35%]
tests/test_issue347.py::test_stash_tokens_distinct PASSED                [ 35%]
tests/test_issue347.py::test_workspace_calls_render_katex_after_preview PASSED [ 35%]
tests/test_issue347.py::test_workspace_renders_katex_after_file_open PASSED [ 35%]
tests/test_issue347.py::test_workspace_katex_guarded_by_typeof PASSED    [ 35%]
tests/test_issue347.py::test_safe_tags_span_is_narrowly_scoped PASSED    [ 35%]
tests/test_issue347.py::test_inline_math_regex_requires_non_space_boundaries PASSED [ 35%]
tests/test_issue347.py::test_display_math_stashed_before_inline PASSED   [ 35%]
tests/test_issue347.py::test_math_stash_token_uses_single_backslash_null_byte PASSED [ 35%]
tests/test_issue357.py::TestDockerfileUvPreinstall::test_dockerfile_installs_uv_at_build_time PASSED [ 35%]
tests/test_issue357.py::TestDockerfileUvPreinstall::test_dockerfile_uv_installed_system_wide PASSED [ 35%]
tests/test_issue357.py::TestDockerfileUvPreinstall::test_dockerfile_uv_installed_before_copy PASSED [ 35%]
tests/test_issue357.py::TestDockerfileUvPreinstall::test_dockerfile_uv_installed_as_root_or_before_user_switch PASSED [ 35%]
tests/test_issue357.py::TestInitScriptUvSkip::test_init_script_checks_uv_before_download PASSED [ 35%]
tests/test_issue357.py::TestInitScriptUvSkip::test_init_script_skips_download_if_present PASSED [ 36%]
tests/test_issue357.py::TestInitScriptUvSkip::test_init_script_curl_download_in_else_branch PASSED [ 36%]
tests/test_issue357.py::TestInitScriptUvSkip::test_init_script_error_exit_on_download_failure PASSED [ 36%]
tests/test_issue357.py::TestInitScriptUvSkip::test_init_script_path_includes_hermeswebui_local_bin PASSED [ 36%]
tests/test_issue357.py::TestWorkspacePermissions::test_workspace_uses_sudo_mkdir PASSED [ 36%]
tests/test_issue357.py::TestWorkspacePermissions::test_workspace_uses_sudo_chown FAILED [ 36%]
tests/test_issue357.py::TestWorkspacePermissions::test_workspace_mkdir_before_chown FAILED [ 36%]
tests/test_issue357.py::TestWorkspacePermissions::test_workspace_error_exit_on_mkdir_failure PASSED [ 36%]
tests/test_issue357.py::TestWorkspacePermissions::test_workspace_chown_is_conditional_on_writable PASSED [ 36%]
tests/test_issue357.py::TestWorkspacePermissions::test_init_script_syntax_valid FAILED [ 36%]
tests/test_issue401.py::test_loadsession_preserves_tool_rows PASSED      [ 36%]
tests/test_issue401.py::test_loadsession_uses_session_toolcalls_only_as_fallback PASSED [ 36%]
tests/test_issue401.py::test_rendermessages_treats_openai_toolcall_assistants_as_visible PASSED [ 36%]
tests/test_issue401.py::test_reload_keeps_empty_assistant_toolcall_anchor PASSED [ 36%]
tests/test_issue401.py::test_reload_uses_session_summary_when_messages_have_no_tool_metadata PASSED [ 36%]
tests/test_issue467_yolo_mode_toggle.py::TestYoloEndpointGet::test_yolo_get_returns_false_by_default SKIPPED [ 36%]
tests/test_issue467_yolo_mode_toggle.py::TestYoloEndpointGet::test_yolo_get_requires_session_id SKIPPED [ 36%]
tests/test_issue467_yolo_mode_toggle.py::TestYoloEndpointPost::test_yolo_post_enable SKIPPED [ 36%]
tests/test_issue467_yolo_mode_toggle.py::TestYoloEndpointPost::test_yolo_post_disable SKIPPED [ 36%]
tests/test_issue467_yolo_mode_toggle.py::TestYoloEndpointPost::test_yolo_post_persists_within_session SKIPPED [ 36%]
tests/test_issue467_yolo_mode_toggle.py::TestYoloEndpointPost::test_yolo_post_cross_session_isolation SKIPPED [ 36%]
tests/test_issue467_yolo_mode_toggle.py::TestYoloEndpointPost::test_yolo_post_defaults_to_enabled SKIPPED [ 36%]
tests/test_issue467_yolo_mode_toggle.py::TestYoloCommandRegistration::test_yolo_command_in_array PASSED [ 36%]
tests/test_issue467_yolo_mode_toggle.py::TestYoloCommandRegistration::test_yolo_uses_cmdYolo PASSED [ 36%]
tests/test_issue467_yolo_mode_toggle.py::TestYoloCommandRegistration::test_cmdYolo_function_exists PASSED [ 36%]
tests/test_issue467_yolo_mode_toggle.py::TestYoloCommandRegistration::test_cmdYolo_calls_yolo_endpoint PASSED [ 36%]
tests/test_issue467_yolo_mode_toggle.py::TestYoloPillHTML::test_yolo_pill_element_exists PASSED [ 36%]
tests/test_issue467_yolo_mode_toggle.py::TestYoloPillHTML::test_yolo_pill_has_onclick PASSED [ 36%]
tests/test_issue467_yolo_mode_toggle.py::TestYoloPillHTML::test_yolo_pill_hidden_by_default PASSED [ 36%]
tests/test_issue467_yolo_mode_toggle.py::TestYoloPillHTML::test_skip_all_button_exists PASSED [ 36%]
tests/test_issue467_yolo_mode_toggle.py::TestYoloCSS::test_yolo_pill_class PASSED [ 36%]
tests/test_issue467_yolo_mode_toggle.py::TestYoloCSS::test_yolo_pill_uses_amber PASSED [ 36%]
tests/test_issue467_yolo_mode_toggle.py::TestYoloCSS::test_approval_skip_all_class PASSED [ 36%]
tests/test_issue467_yolo_mode_toggle.py::TestYoloI18n::test_locale_has_all_yolo_keys[en] PASSED [ 36%]
tests/test_issue467_yolo_mode_toggle.py::TestYoloI18n::test_locale_has_all_yolo_keys[ru] PASSED [ 36%]
tests/test_issue467_yolo_mode_toggle.py::TestYoloI18n::test_locale_has_all_yolo_keys[es] PASSED [ 36%]
tests/test_issue467_yolo_mode_toggle.py::TestYoloI18n::test_locale_has_all_yolo_keys[de] PASSED [ 36%]
tests/test_issue467_yolo_mode_toggle.py::TestYoloI18n::test_locale_has_all_yolo_keys[zh] PASSED [ 36%]
tests/test_issue467_yolo_mode_toggle.py::TestYoloI18n::test_locale_has_all_yolo_keys[ko] PASSED [ 36%]
tests/test_issue470.py::test_inlinemd_uses_link_stash PASSED             [ 36%]
tests/test_issue470.py::test_inlinemd_no_esc_on_href PASSED              [ 36%]
tests/test_issue470.py::test_outer_link_pass_uses_a_stash PASSED         [ 36%]
tests/test_issue470.py::test_autolink_pass_uses_al_stash PASSED          [ 36%]
tests/test_issue470.py::test_autolink_no_esc_on_href PASSED              [ 36%]
tests/test_issue470.py::test_labeled_link_renders_as_single_anchor PASSED [ 36%]
tests/test_issue470.py::test_href_not_html_escaped PASSED                [ 36%]
tests/test_issue470.py::test_bare_url_not_double_linked PASSED           [ 36%]
tests/test_issue470.py::test_labeled_link_in_table_cell_single_anchor PASSED [ 36%]
tests/test_issue470.py::test_multiple_links_in_table_no_double_linking PASSED [ 36%]
tests/test_issue470.py::test_link_label_is_escaped PASSED                [ 37%]
tests/test_issue470.py::test_link_not_broken_by_prior_autolink PASSED    [ 37%]
tests/test_issue470.py::test_href_quote_sanitized PASSED                 [ 37%]
tests/test_issue470.py::test_js_source_sanitizes_quotes_in_href PASSED   [ 37%]
tests/test_issue470.py::test_js_inlinemd_stashes_code_before_bold PASSED [ 37%]
tests/test_issue470.py::test_code_inside_bold_renders_correctly PASSED   [ 37%]
tests/test_issue470.py::test_code_and_bold_mixed_no_escaping PASSED      [ 37%]
tests/test_issue477.py::test_font_src_allows_jsdelivr PASSED             [ 37%]
tests/test_issue477.py::test_font_src_still_allows_self_and_data PASSED  [ 37%]
tests/test_issue477.py::test_script_src_already_allows_jsdelivr PASSED   [ 37%]
tests/test_issue483_inline_diff_viewer.py::TestFencedDiffRenderer::test_diff_block_has_diff_block_class PASSED [ 37%]
tests/test_issue483_inline_diff_viewer.py::TestFencedDiffRenderer::test_diff_lines_get_span_classes PASSED [ 37%]
tests/test_issue483_inline_diff_viewer.py::TestFencedDiffRenderer::test_diff_lang_detection PASSED [ 37%]
tests/test_issue483_inline_diff_viewer.py::TestFencedDiffRenderer::test_diff_line_escape PASSED [ 37%]
tests/test_issue483_inline_diff_viewer.py::TestMediaDiffInline::test_patch_extension_detected PASSED [ 37%]
tests/test_issue483_inline_diff_viewer.py::TestMediaDiffInline::test_diff_inline_load_placeholder PASSED [ 37%]
tests/test_issue483_inline_diff_viewer.py::TestMediaDiffInline::test_loadDiffInline_function_exists PASSED [ 37%]
tests/test_issue483_inline_diff_viewer.py::TestMediaDiffInline::test_loadDiffInline_called_in_post_render PASSED [ 37%]
tests/test_issue483_inline_diff_viewer.py::TestMediaDiffInline::test_diff_inline_error_class PASSED [ 37%]
tests/test_issue483_inline_diff_viewer.py::TestDiffCSS::test_diff_css_classes_exist PASSED [ 37%]
tests/test_issue483_inline_diff_viewer.py::TestDiffCSS::test_diff_colors_are_present PASSED [ 37%]
tests/test_issue483_inline_diff_viewer.py::TestDiffI18n::test_diff_loading_key_in_all_locales PASSED [ 37%]
tests/test_issue484_json_tree_viewer.py::TestTreeRenderer::test_json_blocks_get_tree_wrapper PASSED [ 37%]
tests/test_issue484_json_tree_viewer.py::TestTreeRenderer::test_json_yaml_lang_detection PASSED [ 37%]
tests/test_issue484_json_tree_viewer.py::TestTreeRenderer::test_initTreeViews_function_exists PASSED [ 37%]
tests/test_issue484_json_tree_viewer.py::TestTreeRenderer::test_buildTreeDOM_function_exists PASSED [ 37%]
tests/test_issue484_json_tree_viewer.py::TestTreeRenderer::test_initTreeViews_called_in_post_render PASSED [ 37%]
tests/test_issue484_json_tree_viewer.py::TestTreeRenderer::test_tree_handles_all_value_types PASSED [ 37%]
tests/test_issue484_json_tree_viewer.py::TestTreeRenderer::test_tree_collapse_support PASSED [ 37%]
tests/test_issue484_json_tree_viewer.py::TestTreeRenderer::test_tree_depth_auto_collapse PASSED [ 37%]
tests/test_issue484_json_tree_viewer.py::TestTreeRenderer::test_toggle_button_uses_i18n PASSED [ 37%]
tests/test_issue484_json_tree_viewer.py::TestTreeRenderer::test_yaml_support_via_jsyaml PASSED [ 37%]
tests/test_issue484_json_tree_viewer.py::TestTreeRenderer::test_short_json_defaults_to_raw PASSED [ 37%]
tests/test_issue484_json_tree_viewer.py::TestTreeCSS::test_tree_css_classes_exist PASSED [ 37%]
tests/test_issue484_json_tree_viewer.py::TestTreeCSS::test_tree_colors_match_types PASSED [ 37%]
tests/test_issue484_json_tree_viewer.py::TestTreeI18n::test_i18n_keys_present PASSED [ 37%]
tests/test_issue486_487.py::TestIssue486CssCodeInTable::test_td_code_font_size_present PASSED [ 37%]
tests/test_issue486_487.py::TestIssue486CssCodeInTable::test_th_code_rule_present PASSED [ 37%]
tests/test_issue486_487.py::TestIssue486CssCodeInTable::test_td_code_has_font_size PASSED [ 37%]
tests/test_issue486_487.py::TestIssue486CssCodeInTable::test_td_code_has_padding PASSED [ 37%]
tests/test_issue486_487.py::TestIssue486CssCodeInTable::test_td_code_has_vertical_align PASSED [ 37%]
tests/test_issue486_487.py::TestIssue486CssCodeInTable::test_code_renders_inside_table_cell PASSED [ 37%]
tests/test_issue486_487.py::TestIssue486CssCodeInTable::test_bold_code_renders_inside_table_cell PASSED [ 37%]
tests/test_issue486_487.py::TestIssue486CssCodeInTable::test_multiple_code_spans_in_same_cell PASSED [ 37%]
tests/test_issue486_487.py::TestIssue486CssCodeInTable::test_code_in_header_cell PASSED [ 37%]
tests/test_issue486_487.py::TestIssue486CssCodeInTable::test_code_not_mangled_by_bold_in_table PASSED [ 37%]
tests/test_issue486_487.py::TestIssue486CssCodeInTable::test_code_with_special_chars_in_table PASSED [ 37%]
tests/test_issue486_487.py::TestIssue486CssCodeInTable::test_code_adjacent_to_link_in_table PASSED [ 37%]
tests/test_issue486_487.py::TestIssue486CssCodeInTable::test_empty_code_span_in_table PASSED [ 38%]
tests/test_issue486_487.py::TestIssue487ImageRendering::test_image_pass_present_in_ui_js PASSED [ 38%]
tests/test_issue486_487.py::TestIssue487ImageRendering::test_image_pass_runs_before_link_pass_in_outer PASSED [ 38%]
tests/test_issue486_487.py::TestIssue487ImageRendering::test_image_url_sanitized_for_quotes PASSED [ 38%]
tests/test_issue486_487.py::TestIssue487ImageRendering::test_image_alt_uses_esc PASSED [ 38%]
tests/test_issue486_487.py::TestIssue487ImageRendering::test_safe_tags_includes_img PASSED [ 38%]
tests/test_issue486_487.py::TestIssue487ImageRendering::test_inlinemd_has_image_pass PASSED [ 38%]
tests/test_issue486_487.py::TestIssue487ImageRendering::test_basic_image_renders_as_img_tag PASSED [ 38%]
tests/test_issue486_487.py::TestIssue487ImageRendering::test_image_does_not_render_as_link PASSED [ 38%]
tests/test_issue486_487.py::TestIssue487ImageRendering::test_image_stray_exclamation_not_present PASSED [ 38%]
tests/test_issue486_487.py::TestIssue487ImageRendering::test_image_uses_msg_media_img_class PASSED [ 38%]
tests/test_issue486_487.py::TestIssue487ImageRendering::test_image_has_lazy_loading PASSED [ 38%]
tests/test_issue486_487.py::TestIssue487ImageRendering::test_image_has_click_to_zoom PASSED [ 38%]
tests/test_issue486_487.py::TestIssue487ImageRendering::test_image_alt_is_escaped PASSED [ 38%]
tests/test_issue486_487.py::TestIssue487ImageRendering::test_image_url_quote_sanitized PASSED [ 38%]
tests/test_issue486_487.py::TestIssue487ImageRendering::test_image_no_javascript_uri PASSED [ 38%]
tests/test_issue486_487.py::TestIssue487ImageRendering::test_image_no_data_uri PASSED [ 38%]
tests/test_issue486_487.py::TestIssue487ImageRendering::test_image_followed_by_text PASSED [ 38%]
tests/test_issue486_487.py::TestIssue487ImageRendering::test_image_preceded_by_text PASSED [ 38%]
tests/test_issue486_487.py::TestIssue487ImageRendering::test_image_and_link_in_same_cell PASSED [ 38%]
tests/test_issue486_487.py::TestIssue487ImageRendering::test_image_inside_table_cell PASSED [ 38%]
tests/test_issue486_487.py::TestIssue487ImageRendering::test_image_in_table_no_stray_exclamation PASSED [ 38%]
tests/test_issue486_487.py::TestIssue487ImageRendering::test_empty_alt_text_image PASSED [ 38%]
tests/test_issue486_487.py::TestIssue487ImageRendering::test_multiple_images_in_one_cell PASSED [ 38%]
tests/test_issue486_487.py::TestIssue487ImageRendering::test_image_with_https_url PASSED [ 38%]
tests/test_issue486_487.py::TestIssue487ImageRendering::test_image_with_http_url PASSED [ 38%]
tests/test_issue486_487.py::TestEdgeCasesCodeAndImageInTables::test_code_and_image_in_same_table_row PASSED [ 38%]
tests/test_issue486_487.py::TestEdgeCasesCodeAndImageInTables::test_code_in_cell_with_image_in_next_cell PASSED [ 38%]
tests/test_issue486_487.py::TestEdgeCasesCodeAndImageInTables::test_bold_code_in_cell_and_image_in_cell PASSED [ 38%]
tests/test_issue486_487.py::TestEdgeCasesCodeAndImageInTables::test_link_code_image_all_in_table PASSED [ 38%]
tests/test_issue486_487.py::TestEdgeCasesCodeAndImageInTables::test_image_url_with_query_string_in_table PASSED [ 38%]
tests/test_issue486_487.py::TestEdgeCasesCodeAndImageInTables::test_image_adjacent_to_code_no_interference PASSED [ 38%]
tests/test_issue486_487.py::TestEdgeCasesCodeAndImageInTables::test_image_inside_code_span_not_rendered PASSED [ 38%]
tests/test_issue487b.py::test_al_stash_includes_img_tags PASSED          [ 38%]
tests/test_issue487b.py::test_image_src_not_mangled_by_autolink PASSED   [ 38%]
tests/test_issue487b.py::test_image_tag_renders_as_img PASSED            [ 38%]
tests/test_issue487b.py::test_image_and_link_in_same_paragraph PASSED    [ 38%]
tests/test_issue487b.py::test_image_count_is_one PASSED                  [ 38%]
tests/test_issue487b.py::test_multiple_images_not_mangled PASSED         [ 38%]
tests/test_issue487b.py::test_image_with_query_string_src_intact PASSED  [ 38%]
tests/test_issue492_workspace_reorder.py::TestWorkspaceReorderEndpoint::test_reorder_changes_order PASSED [ 38%]
tests/test_issue492_workspace_reorder.py::TestWorkspaceReorderEndpoint::test_reorder_strips_whitespace PASSED [ 38%]
tests/test_issue492_workspace_reorder.py::TestWorkspaceReorderEndpoint::test_reorder_preserves_unmentioned_workspaces PASSED [ 38%]
tests/test_issue492_workspace_reorder.py::TestWorkspaceReorderEndpoint::test_reorder_rejects_empty_paths PASSED [ 38%]
tests/test_issue492_workspace_reorder.py::TestWorkspaceReorderEndpoint::test_reorder_rejects_missing_paths_key PASSED [ 38%]
tests/test_issue492_workspace_reorder.py::TestWorkspaceReorderEndpoint::test_reorder_deduplicates PASSED [ 38%]
tests/test_issue492_workspace_reorder.py::TestWorkspaceReorderEndpoint::test_reorder_ignores_unknown_paths PASSED [ 38%]
tests/test_issue492_workspace_reorder.py::TestWorkspaceReorderFrontend::test_i18n_keys_present_in_all_locales PASSED [ 38%]
tests/test_issue492_workspace_reorder.py::TestWorkspaceReorderFrontend::test_grip_vertical_icon_exists PASSED [ 38%]
tests/test_issue492_workspace_reorder.py::TestWorkspaceReorderFrontend::test_renderWorkspacesPanel_has_drag_attrs PASSED [ 39%]
tests/test_issue492_workspace_reorder.py::TestWorkspaceReorderFrontend::test_css_drag_classes_exist PASSED [ 39%]
tests/test_issue500_session_list_virtualization.py::test_session_virtual_window_reduces_large_lists_and_tracks_scroll PASSED [ 39%]
tests/test_issue500_session_list_virtualization.py::test_session_virtual_window_keeps_active_session_rendered PASSED [ 39%]
tests/test_issue500_session_list_virtualization.py::test_session_list_render_path_uses_virtual_spacers_and_scroll_rerender PASSED [ 39%]
tests/test_issue513_wsl_autostart.py::test_wsl_autostart_docs_cover_session_and_task_scheduler_options PASSED [ 39%]
tests/test_issue513_wsl_autostart.py::test_wsl_autostart_launcher_has_safe_duplicate_prevention_and_exports_runtime_env PASSED [ 39%]
tests/test_issue513_wsl_autostart.py::test_wsl_autostart_launcher_passes_bash_syntax_check FAILED [ 39%]
tests/test_issue513_wsl_autostart.py::test_windows_task_scheduler_helper_is_idempotent_and_validates_wsl_script_path PASSED [ 39%]
tests/test_issue513_wsl_autostart.py::test_powershell_helper_passes_parser_when_pwsh_is_available PASSED [ 39%]
tests/test_issue538_mcp_management.py::TestMcpList::test_returns_servers_list PASSED [ 39%]
tests/test_issue538_mcp_management.py::TestMcpList::test_empty_config PASSED [ 39%]
tests/test_issue538_mcp_management.py::TestMcpList::test_list_payload_includes_status_tool_counts_and_safe_invalid_config PASSED [ 39%]
tests/test_issue538_mcp_management.py::TestMcpList::test_secrets_are_masked PASSED [ 39%]
tests/test_issue538_mcp_management.py::TestMcpList::test_server_summary_stdio PASSED [ 39%]
tests/test_issue538_mcp_management.py::TestMcpList::test_server_summary_http PASSED [ 39%]
tests/test_issue538_mcp_management.py::TestMcpList::test_server_summary_default_timeout PASSED [ 39%]
tests/test_issue538_mcp_management.py::TestMcpList::test_numeric_zero_enabled_flag_is_disabled PASSED [ 39%]
tests/test_issue538_mcp_management.py::TestMcpSave::test_add_new_stdio_server PASSED [ 39%]
tests/test_issue538_mcp_management.py::TestMcpSave::test_add_new_http_server PASSED [ 39%]
tests/test_issue538_mcp_management.py::TestMcpSave::test_update_existing PASSED [ 39%]
tests/test_issue538_mcp_management.py::TestMcpSave::test_preserves_other_servers PASSED [ 39%]
tests/test_issue538_mcp_management.py::TestMcpSave::test_empty_name_rejected PASSED [ 39%]
tests/test_issue538_mcp_management.py::TestMcpSave::test_missing_command_and_url_rejected PASSED [ 39%]
tests/test_issue538_mcp_management.py::TestMcpDelete::test_delete_existing PASSED [ 39%]
tests/test_issue538_mcp_management.py::TestMcpDelete::test_delete_nonexistent PASSED [ 39%]
tests/test_issue538_mcp_management.py::TestMcpDelete::test_preserves_others PASSED [ 39%]
tests/test_issue538_mcp_management.py::TestMcpDelete::test_empty_name_rejected PASSED [ 39%]
tests/test_issue538_mcp_management.py::TestMaskSecrets::test_masks_env_values PASSED [ 39%]
tests/test_issue538_mcp_management.py::TestMaskSecrets::test_masks_headers PASSED [ 39%]
tests/test_issue538_mcp_management.py::TestMaskSecrets::test_passes_non_dict PASSED [ 39%]
tests/test_issue538_mcp_management.py::TestMaskSecrets::test_handles_empty_dict PASSED [ 39%]
tests/test_issue538_mcp_management.py::TestMaskSecrets::test_masks_password_key PASSED [ 39%]
tests/test_issue538_mcp_management.py::TestStripMaskedValues::test_masked_env_preserves_original PASSED [ 39%]
tests/test_issue538_mcp_management.py::TestStripMaskedValues::test_masked_headers_preserves_original PASSED [ 39%]
tests/test_issue538_mcp_management.py::TestStripMaskedValues::test_new_key_still_saved PASSED [ 39%]
tests/test_issue538_mcp_management.py::TestStripMaskedValues::test_non_dict_passthrough PASSED [ 39%]
tests/test_issue538_mcp_management.py::TestStripMaskedValues::test_empty_dicts PASSED [ 39%]
tests/test_issue569_579.py::test_569_uid_autodetect_present PASSED       [ 39%]
tests/test_issue569_579.py::test_569_gid_autodetect_present PASSED       [ 39%]
tests/test_issue569_579.py::test_569_autodetect_before_usermod FAILED    [ 39%]
tests/test_issue569_579.py::test_569_skips_root_uid FAILED               [ 39%]
tests/test_issue569_579.py::test_569_fallback_preserved PASSED           [ 39%]
tests/test_issue569_579.py::test_668_uid_autodetect_checks_hermes_home PASSED [ 39%]
tests/test_issue569_579.py::test_668_gid_autodetect_checks_hermes_home PASSED [ 39%]
tests/test_issue569_579.py::test_668_uid_probe_loop_uses_break FAILED    [ 39%]
tests/test_issue569_579.py::test_668_hermes_home_probe_before_workspace PASSED [ 39%]
tests/test_issue569_579.py::test_579_topbar_filters_tool_messages PASSED [ 39%]
tests/test_issue569_579.py::test_579_sidebar_count_is_gated_behind_detailed_density PASSED [ 40%]
tests/test_issue570_permission.py::test_load_settings_returns_defaults_when_settings_file_unreadable FAILED [ 40%]
tests/test_issue570_permission.py::test_load_settings_returns_defaults_when_exists_raises_permission_error PASSED [ 40%]
tests/test_issue572.py::TestProviderApiKeyPresentFallback::test_minimax_cn_logged_in_returns_true PASSED [ 40%]
tests/test_issue572.py::TestProviderApiKeyPresentFallback::test_unsupported_provider_logged_out_returns_false PASSED [ 40%]
tests/test_issue572.py::TestProviderApiKeyPresentFallback::test_hermes_cli_import_failure_is_safe PASSED [ 40%]
tests/test_issue572.py::TestProviderApiKeyPresentFallback::test_supported_provider_still_works_without_fallback PASSED [ 40%]
tests/test_issue572.py::TestProviderApiKeyPresentFallback::test_inline_api_key_in_cfg_still_works PASSED [ 40%]
tests/test_issue572.py::TestStatusFromRuntimeUnsupportedProvider::test_minimax_cn_with_key_gives_chat_ready PASSED [ 40%]
tests/test_issue572.py::TestStatusFromRuntimeUnsupportedProvider::test_deepseek_with_key_gives_chat_ready PASSED [ 40%]
tests/test_issue572.py::TestStatusFromRuntimeUnsupportedProvider::test_unsupported_provider_no_key_no_oauth_gives_not_ready PASSED [ 40%]
tests/test_issue572.py::TestStatusFromRuntimeUnsupportedProvider::test_oauth_provider_still_works_via_oauth_path PASSED [ 40%]
tests/test_issue572.py::TestOnboardingStatusUnsupportedProvider::test_minimax_cn_chat_ready_skips_wizard PASSED [ 40%]
tests/test_issue572.py::TestOnboardingStatusUnsupportedProvider::test_minimax_cn_not_ready_skips_wizard PASSED [ 40%]
tests/test_issue572.py::TestOnboardingStatusUnsupportedProvider::test_current_is_oauth_set_for_unsupported_provider PASSED [ 40%]
tests/test_issue603_provider_categories.py::TestProviderCatalog::test_all_providers_have_category PASSED [ 40%]
tests/test_issue603_provider_categories.py::TestProviderCatalog::test_categories_are_valid PASSED [ 40%]
tests/test_issue603_provider_categories.py::TestProviderCatalog::test_easy_start_has_core_providers PASSED [ 40%]
tests/test_issue603_provider_categories.py::TestProviderCatalog::test_self_hosted_has_local_providers PASSED [ 40%]
tests/test_issue603_provider_categories.py::TestProviderCatalog::test_specialized_has_extended_providers PASSED [ 40%]
tests/test_issue603_provider_categories.py::TestProviderCatalog::test_new_providers_exist PASSED [ 40%]
tests/test_issue603_provider_categories.py::TestProviderCatalog::test_new_providers_have_env_vars PASSED [ 40%]
tests/test_issue603_provider_categories.py::TestProviderCatalog::test_local_providers_require_base_url PASSED [ 40%]
tests/test_issue603_provider_categories.py::TestProviderCatalog::test_specialized_providers_have_base_url_defaults PASSED [ 40%]
tests/test_issue603_provider_categories.py::TestProviderCatalog::test_google_uses_gemini_key PASSED [ 40%]
tests/test_issue603_provider_categories.py::TestProviderCatalog::test_gemini_model_list_is_populated PASSED [ 40%]
tests/test_issue603_provider_categories.py::TestProviderCatalog::test_specialized_default_models_match_catalog PASSED [ 40%]
tests/test_issue603_provider_categories.py::TestProviderCategoryOrder::test_categories_sorted_by_order PASSED [ 40%]
tests/test_issue603_provider_categories.py::TestProviderCategoryOrder::test_category_ids PASSED [ 40%]
tests/test_issue603_provider_categories.py::TestProviderCategoryOrder::test_three_categories PASSED [ 40%]
tests/test_issue603_provider_categories.py::TestBuildSetupCatalog::test_catalog_has_categories_key PASSED [ 40%]
tests/test_issue603_provider_categories.py::TestBuildSetupCatalog::test_catalog_categories_have_providers_list PASSED [ 40%]
tests/test_issue603_provider_categories.py::TestBuildSetupCatalog::test_catalog_providers_have_category_field PASSED [ 40%]
tests/test_issue603_provider_categories.py::TestBuildSetupCatalog::test_catalog_providers_sorted_by_category PASSED [ 40%]
tests/test_issue603_provider_categories.py::TestBuildSetupCatalog::test_catalog_quick_flag_on_openrouter PASSED [ 40%]
tests/test_issue603_provider_categories.py::TestBuildSetupCatalog::test_catalog_no_quick_flag_on_others PASSED [ 40%]
tests/test_issue603_provider_categories.py::TestApplyBaseURL::test_requires_base_url_writes_user_url PASSED [ 40%]
tests/test_issue603_provider_categories.py::TestApplyBaseURL::test_default_base_url_written_for_openai PASSED [ 40%]
tests/test_issue603_provider_categories.py::TestApplyBaseURL::test_base_url_stripped_for_anthropic PASSED [ 40%]
tests/test_issue603_provider_categories.py::TestI18nCategoryKeys::test_en_has_all_category_keys PASSED [ 40%]
tests/test_issue603_provider_categories.py::TestI18nCategoryKeys::test_ru_has_all_category_keys PASSED [ 40%]
tests/test_issue603_provider_categories.py::TestI18nCategoryKeys::test_es_has_all_category_keys PASSED [ 40%]
tests/test_issue603_provider_categories.py::TestI18nCategoryKeys::test_zh_has_all_category_keys PASSED [ 40%]
tests/test_issue603_provider_categories.py::TestI18nCategoryKeys::test_zh_hant_has_all_category_keys PASSED [ 40%]
tests/test_issue603_provider_categories.py::TestApplyBaseURLSpecialized::test_gemini_gets_default_base_url PASSED [ 40%]
tests/test_issue603_provider_categories.py::TestApplyBaseURLSpecialized::test_deepseek_gets_default_base_url PASSED [ 40%]
tests/test_issue603_provider_categories.py::TestApplyBaseURLSpecialized::test_mistral_gets_default_base_url PASSED [ 40%]
tests/test_issue603_provider_categories.py::TestApplyBaseURLSpecialized::test_x_ai_gets_default_base_url PASSED [ 40%]
tests/test_issue604_all_providers_model_picker.py::TestProviderDetectionEnvVars::test_xai_env_maps_to_xai_provider PASSED [ 41%]
tests/test_issue604_all_providers_model_picker.py::TestProviderDetectionEnvVars::test_mistral_env_maps_to_mistralai_provider PASSED [ 41%]
tests/test_issue604_all_providers_model_picker.py::TestProviderDetectionEnvVars::test_all_provider_env_vars_map_to_known_providers PASSED [ 41%]
tests/test_issue604_all_providers_model_picker.py::TestConfigProvidersDetection::test_cfg_providers_detection_exists PASSED [ 41%]
tests/test_issue604_all_providers_model_picker.py::TestConfigProvidersDetection::test_cfg_providers_only_adds_known PASSED [ 41%]
tests/test_issue604_all_providers_model_picker.py::TestProviderModelsCompleteness::test_has_anthropic PASSED [ 41%]
tests/test_issue604_all_providers_model_picker.py::TestProviderModelsCompleteness::test_has_openai PASSED [ 41%]
tests/test_issue604_all_providers_model_picker.py::TestProviderModelsCompleteness::test_has_google PASSED [ 41%]
tests/test_issue604_all_providers_model_picker.py::TestProviderModelsCompleteness::test_has_deepseek PASSED [ 41%]
tests/test_issue604_all_providers_model_picker.py::TestProviderModelsCompleteness::test_has_xai PASSED [ 41%]
tests/test_issue604_all_providers_model_picker.py::TestProviderModelsCompleteness::test_has_mistralai PASSED [ 41%]
tests/test_issue604_all_providers_model_picker.py::TestProviderModelsCompleteness::test_has_openrouter PASSED [ 41%]
tests/test_issue604_all_providers_model_picker.py::TestProviderModelsCompleteness::test_has_minimax_cn PASSED [ 41%]
tests/test_issue607.py::TestGemma4ThinkingTokenStrip::test_strip_gemma4_basic PASSED [ 41%]
tests/test_issue607.py::TestGemma4ThinkingTokenStrip::test_strip_gemma4_multiline_reasoning PASSED [ 41%]
tests/test_issue607.py::TestGemma4ThinkingTokenStrip::test_strip_gemma4_no_thinking_passthrough PASSED [ 41%]
tests/test_issue607.py::TestGemma4ThinkingTokenStrip::test_strip_gemma4_with_leading_whitespace PASSED [ 41%]
tests/test_issue607.py::TestGemma4ThinkingTokenStrip::test_strip_gemma4_empty_reasoning PASSED [ 41%]
tests/test_issue607.py::TestGemma4ThinkingTokenStrip::test_strip_gemma4_case_insensitive PASSED [ 41%]
tests/test_issue607.py::TestGemma4ThinkingTokenStrip::test_existing_think_tag_still_works PASSED [ 41%]
tests/test_issue607.py::TestGemma4ThinkingTokenStrip::test_existing_channel_tag_still_works PASSED [ 41%]
tests/test_issue607.py::TestGemma4TitleLeakDetection::test_detects_gemma4_leak_in_title PASSED [ 41%]
tests/test_issue607.py::TestGemma4TitleLeakDetection::test_clean_title_not_flagged PASSED [ 41%]
tests/test_issue607.py::TestGemma4MessagesJsThinkPairs::test_messages_js_has_correct_gemma4_open PASSED [ 41%]
tests/test_issue607.py::TestGemma4MessagesJsThinkPairs::test_messages_js_no_wrong_gemma4_open PASSED [ 41%]
tests/test_issue607.py::TestGemma4MessagesJsThinkPairs::test_messages_js_has_gemma4_close PASSED [ 41%]
tests/test_issue609.py::test_subdir_of_boot_default_is_trusted PASSED    [ 41%]
tests/test_issue609.py::test_boot_default_itself_is_trusted PASSED       [ 41%]
tests/test_issue609.py::test_mount_alias_of_boot_default_is_trusted PASSED [ 41%]
tests/test_issue609.py::test_path_outside_boot_default_and_home_is_rejected FAILED [ 41%]
tests/test_issue609.py::test_none_path_returns_boot_default PASSED       [ 41%]
tests/test_issue609.py::test_path_traversal_via_dotdot_does_not_escape_boot_default FAILED [ 41%]
tests/test_issue616.py::test_workspace_suggest_endpoint_is_wired PASSED  [ 41%]
tests/test_issue616.py::test_spaces_panel_uses_workspace_suggest_autocomplete PASSED [ 41%]
tests/test_issue617_cron_profile_selector.py::test_cron_api_serializes_legacy_profile_as_explicit_server_default PASSED [ 41%]
tests/test_issue617_cron_profile_selector.py::test_cron_profile_value_validates_against_existing_profiles PASSED [ 41%]
tests/test_issue617_cron_profile_selector.py::test_cron_create_api_persists_profile_and_returns_it PASSED [ 41%]
tests/test_issue617_cron_profile_selector.py::test_cron_create_api_rejects_unknown_profile_before_persisting PASSED [ 41%]
tests/test_issue617_cron_profile_selector.py::test_cron_update_api_accepts_profile_clear_and_rejects_unknown PASSED [ 41%]
tests/test_issue617_cron_profile_selector.py::test_manual_cron_run_uses_execution_profile_but_persists_to_owning_store PASSED [ 41%]
tests/test_issue617_cron_profile_selector.py::test_cron_profile_selector_source_hooks_present PASSED [ 41%]
tests/test_issue632.py::test_subarg_registry_exists_and_reasoning_is_promoted_to_builtin PASSED [ 41%]
tests/test_issue632.py::test_model_and_personality_subargs_load_from_existing_apis PASSED [ 41%]
tests/test_issue632.py::test_slash_autocomplete_parses_second_level_arguments PASSED [ 41%]
tests/test_issue632.py::test_boot_uses_async_slash_autocomplete_helper PASSED [ 41%]
tests/test_issue632.py::test_subarg_dropdown_has_distinct_parent_and_argument_styling PASSED [ 41%]
tests/test_issue634.py::TestCliSessionsErrorSurface::test_schema_introspection_present PASSED [ 41%]
tests/test_issue634.py::TestCliSessionsErrorSurface::test_missing_source_column_logs_warning PASSED [ 41%]
tests/test_issue634.py::TestCliSessionsErrorSurface::test_missing_source_column_suggests_upgrade PASSED [ 41%]
tests/test_issue634.py::TestCliSessionsErrorSurface::test_exception_path_logs_warning PASSED [ 42%]
tests/test_issue634.py::TestCliSessionsErrorSurface::test_exception_path_includes_db_path PASSED [ 42%]
tests/test_issue634.py::TestCliSessionsErrorSurface::test_still_returns_empty_on_error PASSED [ 42%]
tests/test_issue634.py::TestCliSessionsErrorSurface::test_source_column_check_before_sql_query PASSED [ 42%]
tests/test_issue644.py::TestConfigYamlModelsLoading::test_provider_in_config_but_not_provider_models_gets_cfg_models PASSED [ 42%]
tests/test_issue644.py::TestConfigYamlModelsLoading::test_provider_models_dict_format_expanded PASSED [ 42%]
tests/test_issue644.py::TestConfigYamlModelsLoading::test_provider_models_list_format_expanded PASSED [ 42%]
tests/test_issue644.py::TestConfigYamlModelsLoading::test_provider_in_provider_models_but_no_cfg_override_uses_static_fallback PASSED [ 42%]
tests/test_issue644.py::TestConfigYamlModelsLoading::test_non_dict_models_value_falls_through_gracefully PASSED [ 42%]
tests/test_issue646.py::TestEmptyDefaultModel::test_no_empty_id_when_default_model_is_empty PASSED [ 42%]
tests/test_issue646.py::TestEmptyDefaultModel::test_no_empty_id_when_default_model_is_set PASSED [ 42%]
tests/test_issue646.py::TestEmptyDefaultModel::test_default_model_env_var_empty_string_accepted PASSED [ 42%]
tests/test_issue660.py::TestQueuePersistence::test_queue_writes_to_session_storage PASSED [ 42%]
tests/test_issue660.py::TestQueuePersistence::test_queue_stamps_queued_at_timestamp PASSED [ 42%]
tests/test_issue660.py::TestQueuePersistence::test_shift_removes_from_session_storage PASSED [ 42%]
tests/test_issue660.py::TestQueuePersistence::test_shift_updates_session_storage_when_items_remain PASSED [ 42%]
tests/test_issue660.py::TestQueueRestore::test_restore_reads_session_storage PASSED [ 42%]
tests/test_issue660.py::TestQueueRestore::test_restore_uses_timestamp_guard PASSED [ 42%]
tests/test_issue660.py::TestQueueRestore::test_restore_shows_toast PASSED [ 42%]
tests/test_issue660.py::TestQueueRestore::test_restore_puts_text_in_composer PASSED [ 42%]
tests/test_issue660.py::TestQueueRestore::test_restore_clears_stale_storage PASSED [ 42%]
tests/test_issue660.py::TestQueueRestore::test_restore_wrapped_in_try_catch PASSED [ 42%]
tests/test_issue660.py::TestQueueRestore::test_active_session_not_restored_as_draft PASSED [ 42%]
tests/test_issue673.py::TestSidebarDensityConfig::test_sidebar_density_default_is_compact PASSED [ 42%]
tests/test_issue673.py::TestSidebarDensityConfig::test_sidebar_density_in_defaults PASSED [ 42%]
tests/test_issue673.py::TestSidebarDensityConfig::test_sidebar_density_in_enum_values PASSED [ 42%]
tests/test_issue673.py::TestSidebarDensityHTML::test_i18n_wiring_present PASSED [ 42%]
tests/test_issue673.py::TestSidebarDensityHTML::test_settings_select_present PASSED [ 42%]
tests/test_issue673.py::TestSidebarDensityBootAndPanels::test_boot_applies_sidebar_density PASSED [ 42%]
tests/test_issue673.py::TestSidebarDensityBootAndPanels::test_boot_fallback_is_compact PASSED [ 42%]
tests/test_issue673.py::TestSidebarDensityBootAndPanels::test_settings_panel_reads_sidebar_density PASSED [ 42%]
tests/test_issue673.py::TestSidebarDensityBootAndPanels::test_settings_save_writes_sidebar_density PASSED [ 42%]
tests/test_issue673.py::TestSidebarDensitySessionRendering::test_detailed_mode_branch_present PASSED [ 42%]
tests/test_issue673.py::TestSidebarDensitySessionRendering::test_detailed_mode_uses_message_count_and_model PASSED [ 42%]
tests/test_issue673.py::TestSidebarDensitySessionRendering::test_profile_only_when_show_all_profiles PASSED [ 42%]
tests/test_issue673.py::TestSidebarDensitySessionRendering::test_session_meta_css_hook_present PASSED [ 42%]
tests/test_issue673.py::TestSidebarDensityI18N::test_all_locale_blocks_have_sidebar_density_keys PASSED [ 42%]
tests/test_issue673.py::TestSidebarDensitySettingsAPI::test_invalid_sidebar_density_is_ignored PASSED [ 42%]
tests/test_issue673.py::TestSidebarDensitySettingsAPI::test_sidebar_density_default_is_compact PASSED [ 42%]
tests/test_issue673.py::TestSidebarDensitySettingsAPI::test_sidebar_density_round_trips_detailed PASSED [ 42%]
tests/test_issue677.py::TestScrollPinningFix::test_render_messages_respects_active_stream PASSED [ 42%]
tests/test_issue677.py::TestScrollPinningFix::test_append_thinking_uses_scroll_if_pinned PASSED [ 42%]
tests/test_issue677.py::TestScrollPinningFix::test_scroll_threshold_increased PASSED [ 42%]
tests/test_issue677.py::TestScrollPinningFix::test_scroll_to_bottom_button_exists_in_html PASSED [ 42%]
tests/test_issue677.py::TestScrollPinningFix::test_scroll_to_bottom_button_hidden_by_default PASSED [ 42%]
tests/test_issue677.py::TestScrollPinningFix::test_scroll_to_bottom_button_css_exists PASSED [ 42%]
tests/test_issue677.py::TestScrollPinningFix::test_scroll_to_bottom_button_is_sticky PASSED [ 42%]
tests/test_issue677.py::TestScrollPinningFix::test_scroll_listener_hides_button_when_pinned PASSED [ 42%]
tests/test_issue677.py::TestScrollPinningFix::test_scroll_to_bottom_button_calls_scroll_to_bottom PASSED [ 43%]
tests/test_issue693_system_health_panel.py::test_system_health_payload_normalizes_safe_aggregate_metrics PASSED [ 43%]
tests/test_issue693_system_health_panel.py::test_system_health_payload_partial_and_unavailable_are_graceful PASSED [ 43%]
tests/test_issue693_system_health_panel.py::test_system_health_route_registered_and_auth_gated PASSED [ 43%]
tests/test_issue693_system_health_panel.py::test_system_health_route_returns_only_sanitized_payload PASSED [ 43%]
tests/test_issue693_system_health_panel.py::test_system_health_panel_markup_and_styles_live_under_insights_not_top_chrome PASSED [ 43%]
tests/test_issue693_system_health_panel.py::test_system_health_frontend_polls_visible_and_renders_progress_labels PASSED [ 43%]
tests/test_issue693_system_health_panel.py::test_system_health_backend_uses_no_shell_or_private_process_sources PASSED [ 43%]
tests/test_issue696_mcp_visibility_panel.py::test_settings_system_panel_contains_readonly_mcp_visibility_section PASSED [ 43%]
tests/test_issue696_mcp_visibility_panel.py::test_mcp_panel_renders_status_badges_tool_counts_and_empty_error_states PASSED [ 43%]
tests/test_issue696_mcp_visibility_panel.py::test_mcp_i18n_includes_visibility_status_labels PASSED [ 43%]
tests/test_issue697_mcp_tool_inventory.py::TestMcpToolInventoryApi::test_endpoint_returns_sanitized_registered_mcp_tools PASSED [ 43%]
tests/test_issue697_mcp_tool_inventory.py::TestMcpToolInventoryApi::test_schema_summary_uses_parameter_names_types_required_and_descriptions_only PASSED [ 43%]
tests/test_issue697_mcp_tool_inventory.py::TestMcpToolInventoryApi::test_tool_summary_rejects_non_dict_schema_and_redacts_description PASSED [ 43%]
tests/test_issue697_mcp_tool_inventory.py::TestMcpToolInventoryUi::test_system_settings_contains_searchable_global_mcp_tool_section PASSED [ 43%]
tests/test_issue697_mcp_tool_inventory.py::TestMcpToolInventoryUi::test_panels_js_loads_tools_and_filters_name_server_description PASSED [ 43%]
tests/test_issue697_mcp_tool_inventory.py::TestMcpToolInventoryUi::test_mcp_tool_i18n_keys_are_present PASSED [ 43%]
tests/test_issue716_agent_heartbeat.py::test_agent_health_payload_alive_uses_safe_runtime_details PASSED [ 43%]
tests/test_issue716_agent_heartbeat.py::test_agent_health_payload_down_when_gateway_metadata_exists_but_no_process PASSED [ 43%]
tests/test_issue716_agent_heartbeat.py::test_agent_health_payload_unknown_when_gateway_is_not_configured PASSED [ 43%]
tests/test_issue716_agent_heartbeat.py::test_agent_health_route_is_registered_with_tri_state_payload_shape PASSED [ 43%]
tests/test_issue716_agent_heartbeat.py::test_agent_health_banner_markup_and_styles_exist PASSED [ 43%]
tests/test_issue716_agent_heartbeat.py::test_agent_health_frontend_polls_only_visible_and_distinguishes_states PASSED [ 43%]
tests/test_issue716_agent_heartbeat.py::test_agent_health_dismiss_persists_until_recovery PASSED [ 43%]
tests/test_issue716_agent_heartbeat.py::test_agent_health_backend_does_not_use_shell_or_expose_raw_process_fields PASSED [ 43%]
tests/test_issue734_message_windowing.py::test_message_windowing_caps_initial_dom_to_recent_messages PASSED [ 43%]
tests/test_issue734_message_windowing.py::test_load_earlier_expands_local_window_before_server_pagination_and_preserves_scroll PASSED [ 43%]
tests/test_issue734_message_windowing.py::test_windowed_render_keeps_streaming_and_tool_activity_anchored_to_rendered_messages PASSED [ 43%]
tests/test_issue734_message_windowing.py::test_window_state_participates_in_cache_and_cached_button_is_rewired PASSED [ 43%]
tests/test_issue734_message_windowing.py::test_load_earlier_affordance_has_button_styling_hook PASSED [ 43%]
tests/test_issue739_652_653.py::TestQuotaDetection::test_quota_patterns_present_in_silent_failure_path PASSED [ 43%]
tests/test_issue739_652_653.py::TestQuotaDetection::test_quota_type_emitted_as_quota_exhausted PASSED [ 43%]
tests/test_issue739_652_653.py::TestQuotaDetection::test_quota_checked_before_rate_limit PASSED [ 43%]
tests/test_issue739_652_653.py::TestQuotaDetection::test_rate_limit_excludes_quota PASSED [ 43%]
tests/test_issue739_652_653.py::TestQuotaDetection::test_js_quota_label_present PASSED [ 43%]
tests/test_issue739_652_653.py::TestErrorPersistence::test_silent_failure_appends_error_message PASSED [ 43%]
tests/test_issue739_652_653.py::TestErrorPersistence::test_silent_failure_calls_save_before_return PASSED [ 43%]
tests/test_issue739_652_653.py::TestErrorPersistence::test_exception_path_appends_error_message PASSED [ 43%]
tests/test_issue739_652_653.py::TestErrorPersistence::test_sanitize_skips_error_messages PASSED [ 43%]
tests/test_issue739_652_653.py::TestStreamEndSessionId::test_non_bg_title_stream_end_uses_session_id_param PASSED [ 43%]
tests/test_issue739_652_653.py::TestStreamEndSessionId::test_background_title_thread_stream_end_uses_session_id_param PASSED [ 43%]
tests/test_issue739_652_653.py::TestStreamEndSessionId::test_s_session_id_not_used_in_stream_end PASSED [ 43%]
tests/test_issue739_652_653.py::TestStreamEndSessionId::test_title_event_uses_original_session_id PASSED [ 43%]
tests/test_issue744.py::test_only_latest_user_message_gets_edit_button PASSED [ 43%]
tests/test_issue765_streaming_persistence.py::TestSaveSkipIndex::test_save_writes_json_file PASSED [ 43%]
tests/test_issue765_streaming_persistence.py::TestSaveSkipIndex::test_save_with_skip_index_writes_json PASSED [ 43%]
tests/test_issue765_streaming_persistence.py::TestSaveSkipIndex::test_save_with_skip_index_skips_index_rebuild PASSED [ 43%]
tests/test_issue765_streaming_persistence.py::TestSaveSkipIndex::test_save_without_skip_index_creates_index PASSED [ 43%]
tests/test_issue765_streaming_persistence.py::TestSaveSkipIndex::test_skip_index_then_full_save_updates_index PASSED [ 44%]
tests/test_issue765_streaming_persistence.py::TestSaveSkipIndex::test_skip_index_save_with_touch_updated_at_false PASSED [ 44%]
tests/test_issue765_streaming_persistence.py::TestPeriodicCheckpoint::test_checkpoint_fires_on_activity_counter_increment PASSED [ 44%]
tests/test_issue765_streaming_persistence.py::TestPeriodicCheckpoint::test_checkpoint_does_not_fire_without_activity PASSED [ 44%]
tests/test_issue765_streaming_persistence.py::TestPeriodicCheckpoint::test_checkpoint_stops_on_signal PASSED [ 44%]
tests/test_issue765_streaming_persistence.py::TestPeriodicCheckpoint::test_pending_message_survives_simulated_restart PASSED [ 44%]
tests/test_issue765_streaming_persistence.py::TestPeriodicCheckpoint::test_activity_checkpoint_persists_updated_at PASSED [ 44%]
tests/test_issue765_streaming_persistence.py::TestIssue765FollowupHardening::test_same_session_concurrent_saves_use_distinct_temp_files FAILED [ 44%]
tests/test_issue765_streaming_persistence.py::TestIssue765FollowupHardening::test_success_path_joins_checkpoint_before_session_mutation PASSED [ 44%]
tests/test_issue765_streaming_persistence.py::TestIssue765FollowupHardening::test_silent_failure_path_does_not_reacquire_agent_lock PASSED [ 44%]
tests/test_issue765_streaming_persistence.py::TestIssue765FollowupHardening::test_checkpoint_stop_initialised_before_any_raiseable_code PASSED [ 44%]
tests/test_issue765_streaming_persistence.py::TestIssue765FollowupHardening::test_finally_path_when_early_exception_does_not_unbound_error PASSED [ 44%]
tests/test_issue765_streaming_persistence.py::TestIssue765FollowupHardening::test_agent_lock_null_guard_in_except_block PASSED [ 44%]
tests/test_issue765_streaming_persistence.py::TestIssue765FollowupHardening::test_periodic_checkpoint_uses_agent_lock PASSED [ 44%]
tests/test_issue765_streaming_persistence.py::TestIssue765FollowupHardening::test_background_title_update_rebinds_to_canonical_session_instance PASSED [ 44%]
tests/test_issue765_streaming_persistence.py::TestIssue765FollowupHardening::test_cancel_stream_uses_agent_lock PASSED [ 44%]
tests/test_issue765_streaming_persistence.py::TestIssue765FollowupHardening::test_session_ops_retry_undo_hold_agent_lock PASSED [ 44%]
tests/test_issue765_streaming_persistence.py::TestIssue765FollowupHardening::test_periodic_checkpoint_mutation_race_with_undo_last PASSED [ 44%]
tests/test_issue765_streaming_persistence.py::TestIssue765FollowupHardening::test_cancel_stream_concurrent_checkpoint_produces_valid_json PASSED [ 44%]
tests/test_issue765_streaming_persistence.py::TestIssue765FollowupHardening::test_lock_identity_preserved_after_session_id_rotation PASSED [ 44%]
tests/test_issue765_streaming_persistence.py::TestIssue765FollowupHardening::test_lock_rotation_migration_survives_old_id_already_pruned PASSED [ 44%]
tests/test_issue781.py::test_mobile_close_btn_displayed_in_900px_block PASSED [ 44%]
tests/test_issue781.py::test_close_preview_hidden_in_900px_block PASSED  [ 44%]
tests/test_issue781.py::test_both_rules_in_same_media_block PASSED       [ 44%]
tests/test_issue781.py::test_close_preview_visible_outside_media_query PASSED [ 44%]
tests/test_issue789.py::test_new_untitled_session_is_hidden_from_sidebar PASSED [ 44%]
tests/test_issue789.py::test_recent_untitled_session_under_60s_is_hidden PASSED [ 44%]
tests/test_issue789.py::test_old_untitled_session_over_60s_is_filtered PASSED [ 44%]
tests/test_issue789.py::test_session_exactly_at_boundary_is_filtered PASSED [ 44%]
tests/test_issue789.py::test_session_with_messages_always_visible_new PASSED [ 44%]
tests/test_issue789.py::test_session_with_messages_always_visible_old PASSED [ 44%]
tests/test_issue789.py::test_titled_session_with_no_messages_old_is_visible PASSED [ 44%]
tests/test_issue789.py::test_mixed_sessions_correct_visibility PASSED    [ 44%]
tests/test_issue798.py::test_get_hermes_home_for_profile_returns_default_for_none PASSED [ 44%]
tests/test_issue798.py::test_get_hermes_home_for_profile_returns_profile_subdir PASSED [ 44%]
tests/test_issue798.py::test_get_hermes_home_for_profile_returns_profile_path_for_missing_profile PASSED [ 44%]
tests/test_issue798.py::test_get_hermes_home_for_profile_does_not_mutate_globals PASSED [ 44%]
tests/test_issue798.py::test_hermes_base_home_named_profile_matches_cookie_without_doubling PASSED [ 44%]
tests/test_issue798.py::test_hermes_base_home_named_profile_nonmatching_cookie_uses_sibling_profile_path PASSED [ 44%]
tests/test_issue798.py::test_new_session_uses_explicit_profile_not_global PASSED [ 44%]
tests/test_issue798.py::test_new_session_falls_back_to_global_when_profile_not_supplied PASSED [ 44%]
tests/test_issue798.py::test_new_session_none_profile_falls_back_to_global PASSED [ 44%]
tests/test_issue798.py::test_concurrent_new_sessions_get_correct_profiles PASSED [ 44%]
tests/test_issue798.py::test_sessions_js_sends_profile_in_new_session_post PASSED [ 44%]
tests/test_issue798.py::test_get_hermes_home_for_profile_rejects_path_traversal PASSED [ 44%]
tests/test_issue803.py::TestProfileCookieHelpers::test_build_profile_cookie_sets_value PASSED [ 44%]
tests/test_issue803.py::TestProfileCookieHelpers::test_build_profile_cookie_default_persists PASSED [ 44%]
tests/test_issue803.py::TestProfileCookieHelpers::test_get_profile_cookie_returns_none_when_absent PASSED [ 44%]
tests/test_issue803.py::TestProfileCookieHelpers::test_get_profile_cookie_extracts_valid_name PASSED [ 44%]
tests/test_issue803.py::TestProfileCookieHelpers::test_get_profile_cookie_accepts_default PASSED [ 45%]
tests/test_issue803.py::TestProfileCookieHelpers::test_get_profile_cookie_rejects_injection PASSED [ 45%]
tests/test_issue803.py::TestProfileCookieHelpers::test_get_profile_cookie_ignores_malformed_header PASSED [ 45%]
tests/test_issue803.py::TestProfileCookieHelpers::test_profile_cookie_name_defaults_to_hermes_profile PASSED [ 45%]
tests/test_issue803.py::TestProfileCookieHelpers::test_profile_cookie_name_can_be_isolated_per_webui_instance PASSED [ 45%]
tests/test_issue803.py::TestProfileCookieHelpers::test_configured_profile_cookie_ignores_default_cookie_name PASSED [ 45%]
tests/test_issue803.py::TestThreadLocalProfileContext::test_tls_takes_priority_over_global PASSED [ 45%]
tests/test_issue803.py::TestThreadLocalProfileContext::test_global_used_when_tls_cleared PASSED [ 45%]
tests/test_issue803.py::TestThreadLocalProfileContext::test_clear_is_idempotent PASSED [ 45%]
tests/test_issue803.py::test_get_active_hermes_home_respects_tls PASSED  [ 45%]
tests/test_issue803.py::test_switch_profile_process_wide_false_does_not_mutate_global PASSED [ 45%]
tests/test_issue803.py::test_concurrent_threads_see_independent_profiles PASSED [ 45%]
tests/test_issue840_slash_echo.py::TestExecuteCommandReturnValue::test_execute_command_returns_null_on_no_match PASSED [ 45%]
tests/test_issue840_slash_echo.py::TestExecuteCommandReturnValue::test_execute_command_returns_noecho_object PASSED [ 45%]
tests/test_issue840_slash_echo.py::TestExecuteCommandReturnValue::test_no_echo_flag_on_clear PASSED [ 45%]
tests/test_issue840_slash_echo.py::TestExecuteCommandReturnValue::test_no_echo_flag_on_new PASSED [ 45%]
tests/test_issue840_slash_echo.py::TestExecuteCommandReturnValue::test_no_echo_flag_on_stop PASSED [ 45%]
tests/test_issue840_slash_echo.py::TestExecuteCommandReturnValue::test_no_echo_flag_on_retry PASSED [ 45%]
tests/test_issue840_slash_echo.py::TestExecuteCommandReturnValue::test_no_echo_flag_on_undo PASSED [ 45%]
tests/test_issue840_slash_echo.py::TestExecuteCommandReturnValue::test_no_echo_flag_on_voice PASSED [ 45%]
tests/test_issue840_slash_echo.py::TestExecuteCommandReturnValue::test_no_echo_flag_on_theme PASSED [ 45%]
tests/test_issue840_slash_echo.py::TestExecuteCommandReturnValue::test_no_echo_flag_on_model PASSED [ 45%]
tests/test_issue840_slash_echo.py::TestExecuteCommandReturnValue::test_skills_has_no_noecho PASSED [ 45%]
tests/test_issue840_slash_echo.py::TestExecuteCommandReturnValue::test_help_has_no_noecho PASSED [ 45%]
tests/test_issue840_slash_echo.py::TestExecuteCommandReturnValue::test_status_has_no_noecho PASSED [ 45%]
tests/test_issue840_slash_echo.py::TestSendSlashIntercept::test_send_checks_noecho_flag PASSED [ 45%]
tests/test_issue840_slash_echo.py::TestSendSlashIntercept::test_send_pushes_user_message_for_echo_commands PASSED [ 45%]
tests/test_issue840_slash_echo.py::TestSendSlashIntercept::test_send_pushes_user_message_before_running_handler PASSED [ 45%]
tests/test_issue840_slash_echo.py::TestSendSlashIntercept::test_send_rolls_back_user_push_on_handler_optout PASSED [ 45%]
tests/test_issue840_slash_echo.py::test_compress_has_no_echo_flag PASSED [ 45%]
tests/test_issue840_slash_echo.py::test_compact_has_no_echo_flag PASSED  [ 45%]
tests/test_issue840_slash_echo.py::test_title_with_args_pushes_confirmation_message PASSED [ 45%]
tests/test_issue840_slash_echo.py::test_personality_with_args_pushes_confirmation_message PASSED [ 45%]
tests/test_issue852_thinking_card_mirror.py::TestStreamDisplayStripsThinkBlocksAlways::test_early_return_on_reasoning_text_is_gone PASSED [ 45%]
tests/test_issue852_thinking_card_mirror.py::TestStreamDisplayStripsThinkBlocksAlways::test_think_pair_stripping_still_runs PASSED [ 45%]
tests/test_issue852_thinking_card_mirror.py::TestStreamDisplayStripsThinkBlocksAlways::test_still_handles_incomplete_think_tag_partial_prefix PASSED [ 45%]
tests/test_issue854_live_model_prefix.py::TestLiveModelPrefix::test_apply_prefix_to_any_non_at_id PASSED [ 45%]
tests/test_issue854_live_model_prefix.py::TestLiveModelPrefix::test_portal_fetch_flag_semantics PASSED [ 45%]
tests/test_issue854_live_model_prefix.py::TestLiveModelPrefix::test_portal_fetch_excludes_openrouter_and_custom PASSED [ 45%]
tests/test_issue854_live_model_prefix.py::TestCheckProviderMismatchAtPrefix::test_returns_null_for_at_prefix_ids PASSED [ 45%]
tests/test_issue856_active_session_read_state.py::test_messages_js_defines_active_session_viewed_helper PASSED [ 45%]
tests/test_issue856_active_session_read_state.py::test_done_path_marks_active_session_as_viewed PASSED [ 45%]
tests/test_issue856_active_session_read_state.py::test_cancel_path_marks_active_session_as_viewed PASSED [ 45%]
tests/test_issue856_active_session_read_state.py::test_restore_and_error_paths_mark_active_session_as_viewed PASSED [ 45%]
tests/test_issue856_background_completion_unread.py::test_background_completion_unread_uses_explicit_marker_not_message_delta PASSED [ 45%]
tests/test_issue856_background_completion_unread.py::test_background_done_sets_marker_when_session_not_actively_viewed PASSED [ 45%]
tests/test_issue856_background_completion_unread.py::test_background_done_uses_rotated_session_id_for_completion_unread PASSED [ 45%]
tests/test_issue856_background_completion_unread.py::test_done_event_updates_sidebar_cache_immediately_after_completion_marker PASSED [ 45%]
tests/test_issue856_background_completion_unread.py::test_sidebar_cache_completion_handles_compression_session_rotation PASSED [ 46%]
tests/test_issue856_background_completion_unread.py::test_polling_transition_marks_completion_unread_without_sse_done PASSED [ 46%]
tests/test_issue856_background_completion_unread.py::test_polling_transition_does_not_mark_historical_first_render PASSED [ 46%]
tests/test_issue856_background_completion_unread.py::test_polling_transition_skips_visible_focused_active_session PASSED [ 46%]
tests/test_issue856_background_completion_unread.py::test_polling_transition_tracks_the_same_effective_streaming_state_as_sidebar PASSED [ 46%]
tests/test_issue856_background_completion_unread.py::test_cache_render_seeds_streaming_transition_state_for_visible_spinners PASSED [ 46%]
tests/test_issue856_background_completion_unread.py::test_polling_transition_marks_completion_when_long_running_stream_snapshot_advances PASSED [ 46%]
tests/test_issue856_background_completion_unread.py::test_polling_snapshot_fallback_does_not_mark_first_seen_historical_sessions PASSED [ 46%]
tests/test_issue856_background_completion_unread.py::test_rendered_streaming_rows_persist_observation_across_reload PASSED [ 46%]
tests/test_issue856_background_completion_unread.py::test_active_done_marks_viewed_without_setting_unread_marker PASSED [ 46%]
tests/test_issue856_background_completion_unread.py::test_hidden_active_done_still_updates_current_pane_but_not_read_state PASSED [ 46%]
tests/test_issue856_background_completion_unread.py::test_hidden_or_unfocused_active_session_counts_as_background_completion PASSED [ 46%]
tests/test_issue856_background_completion_unread.py::test_switching_away_counts_as_background_completion PASSED [ 46%]
tests/test_issue856_background_completion_unread.py::test_restore_settled_background_stream_marks_completion_unread PASSED [ 46%]
tests/test_issue856_background_completion_unread.py::test_focus_visibility_return_marks_active_session_viewed_and_clears_marker PASSED [ 46%]
tests/test_issue856_background_completion_unread.py::test_completion_unread_clears_only_when_session_is_opened PASSED [ 46%]
tests/test_issue856_background_completion_unread.py::test_historical_sessions_are_not_marked_unread_on_list_render PASSED [ 46%]
tests/test_issue856_pinned_indicator_layout.py::test_pinned_indicator_renders_inside_title_row PASSED [ 46%]
tests/test_issue856_pinned_indicator_layout.py::test_pinned_indicator_uses_fixed_indicator_box PASSED [ 46%]
tests/test_issue856_pinned_indicator_layout.py::test_state_indicator_uses_right_actions_slot_to_prevent_title_shift PASSED [ 46%]
tests/test_issue856_pinned_indicator_layout.py::test_timestamp_hidden_when_attention_state_is_present PASSED [ 46%]
tests/test_issue856_pinned_indicator_layout.py::test_plain_mouse_hover_does_not_mark_session_row_dragging PASSED [ 46%]
tests/test_issue856_pinned_indicator_layout.py::test_sidebar_uses_local_inflight_state_for_immediate_spinner PASSED [ 46%]
tests/test_issue856_pinned_indicator_layout.py::test_date_group_caret_expanded_down_collapsed_right PASSED [ 46%]
tests/test_issue856_pinned_indicator_layout.py::test_apperror_path_calls_render_session_list PASSED [ 46%]
tests/test_issue856_pinned_indicator_layout.py::test_pointerup_ignores_non_primary_mouse_buttons PASSED [ 46%]
tests/test_issue856_session_streaming_state.py::test_all_sessions_marks_indexed_and_in_memory_streaming_sessions PASSED [ 46%]
tests/test_issue856_session_streaming_state.py::test_all_sessions_marks_streaming_false_when_stream_is_not_active PASSED [ 46%]
tests/test_issue856_session_streaming_state.py::test_all_sessions_does_not_report_streaming_after_restart_without_active_registry PASSED [ 46%]
tests/test_issue893_cancel_preserves_partial.py::TestStreamPartialTextAccumulation::test_stream_partial_text_initialized_on_stream_creation PASSED [ 46%]
tests/test_issue893_cancel_preserves_partial.py::TestStreamPartialTextAccumulation::test_stream_partial_text_cleaned_up_on_stream_end PASSED [ 46%]
tests/test_issue893_cancel_preserves_partial.py::TestCancelStreamPreservesPartial::test_cancel_stream_saves_partial_text_to_session PASSED [ 46%]
tests/test_issue893_cancel_preserves_partial.py::TestCancelStreamPreservesPartial::test_cancel_stream_with_no_partial_text_still_saves_cancel_marker PASSED [ 46%]
tests/test_issue893_cancel_preserves_partial.py::TestCancelStreamPreservesPartial::test_cancel_stream_strips_thinking_markup_from_partial PASSED [ 46%]
tests/test_issue893_cancel_preserves_partial.py::TestCancelStreamPreservesPartial::test_cancel_stream_strips_unclosed_think_tag PASSED [ 46%]
tests/test_issue893_cancel_preserves_partial.py::TestPartialMessageInContext::test_partial_message_included_in_api_sanitization PASSED [ 46%]
tests/test_issue895_894_nous_prefix.py::TestResolveModelProviderPortalPriority::test_minimax_prefix_preserved_for_nous PASSED [ 46%]
tests/test_issue895_894_nous_prefix.py::TestResolveModelProviderPortalPriority::test_qwen_prefix_preserved_for_nous PASSED [ 46%]
tests/test_issue895_894_nous_prefix.py::TestResolveModelProviderPortalPriority::test_anthropic_prefix_preserved_for_nous PASSED [ 46%]
tests/test_issue895_894_nous_prefix.py::TestResolveModelProviderPortalPriority::test_at_nous_prefix_unpacked_correctly PASSED [ 46%]
tests/test_issue895_894_nous_prefix.py::TestResolveModelProviderPortalPriority::test_unknown_prefix_preserved_for_nous PASSED [ 46%]
tests/test_issue895_894_nous_prefix.py::TestSetDefaultModelPreservesAtPrefix::test_at_nous_prefix_strips_to_bare_for_cli_compatibility PASSED [ 46%]
tests/test_issue895_894_nous_prefix.py::TestSetDefaultModelPreservesAtPrefix::test_settings_picker_applies_saved_default_via_smart_matcher PASSED [ 46%]
tests/test_issue895_894_nous_prefix.py::TestSetDefaultModelPreservesAtPrefix::test_save_does_not_return_full_model_catalog PASSED [ 46%]
tests/test_issue926_hindsight_docker_dependency.py::test_926_docker_init_installs_hindsight_distribution PASSED [ 46%]
tests/test_issue926_hindsight_docker_dependency.py::test_926_hindsight_install_can_be_skipped_in_reduced_attach_mode PASSED [ 46%]
tests/test_issue926_hindsight_docker_dependency.py::test_926_hindsight_install_runs_after_fast_restart_guard PASSED [ 46%]
tests/test_issue926_hindsight_docker_dependency.py::test_926_hindsight_dependency_stays_docker_specific PASSED [ 46%]
tests/test_issue926_hindsight_docker_dependency.py::test_extra_shell_python_packages_hook_exists_for_docker_attach_workflows PASSED [ 47%]
tests/test_issue926_hindsight_docker_dependency.py::test_reportlab_shell_package_uses_uv_target_install_path PASSED [ 47%]
tests/test_issue926_hindsight_docker_dependency.py::test_extra_shell_python_packages_can_be_skipped_in_reduced_attach_mode PASSED [ 47%]
tests/test_issue926_hindsight_docker_dependency.py::test_extra_shell_python_packages_run_after_fast_restart_guard PASSED [ 47%]
tests/test_issue926_hindsight_docker_dependency.py::test_prepare_runtime_owned_paths_covers_persisted_venv_volume PASSED [ 47%]
tests/test_issue_1584_multitab_sse.py::test_stream_channel_broadcasts_each_event_to_every_subscriber PASSED [ 47%]
tests/test_issue_1584_multitab_sse.py::test_same_stream_in_two_tabs_receives_identical_token_sequence PASSED [ 47%]
tests/test_issue_code_syntax_highlight.py::test_fenced_code_blocks_add_prism_language_class PASSED [ 47%]
tests/test_issue_code_syntax_highlight.py::test_fenced_code_blocks_keep_existing_pre_header_layout PASSED [ 47%]
tests/test_issues_373_374_375.py::TestSilentErrorDetection::test_streaming_detects_no_assistant_reply PASSED [ 47%]
tests/test_issues_373_374_375.py::TestSilentErrorDetection::test_streaming_emits_apperror_on_no_response PASSED [ 47%]
tests/test_issues_373_374_375.py::TestSilentErrorDetection::test_streaming_returns_early_after_apperror PASSED [ 47%]
tests/test_issues_373_374_375.py::TestSilentErrorDetection::test_streaming_detects_auth_error_in_result PASSED [ 47%]
tests/test_issues_373_374_375.py::TestSilentErrorDetection::test_messages_js_done_handler_detects_no_reply PASSED [ 47%]
tests/test_issues_373_374_375.py::TestSilentErrorDetection::test_messages_js_handles_no_response_apperror_type PASSED [ 47%]
tests/test_issues_373_374_375.py::TestSilentErrorDetection::test_messages_js_no_response_label PASSED [ 47%]
tests/test_issues_373_374_375.py::TestStaleModelListCleanup::test_gpt4o_removed_from_fallback_models PASSED [ 47%]
tests/test_issues_373_374_375.py::TestStaleModelListCleanup::test_o3_removed_from_fallback_models PASSED [ 47%]
tests/test_issues_373_374_375.py::TestStaleModelListCleanup::test_gpt4o_removed_from_provider_models_openai PASSED [ 47%]
tests/test_issues_373_374_375.py::TestStaleModelListCleanup::test_o3_removed_from_provider_models_openai PASSED [ 47%]
tests/test_issues_373_374_375.py::TestStaleModelListCleanup::test_fallback_still_has_gpt54_mini PASSED [ 47%]
tests/test_issues_373_374_375.py::TestStaleModelListCleanup::test_fallback_has_gpt54 PASSED [ 47%]
tests/test_issues_373_374_375.py::TestStaleModelListCleanup::test_copilot_list_unchanged PASSED [ 47%]
tests/test_issues_373_374_375.py::TestLiveModelFetching::test_live_models_endpoint_exists_in_routes PASSED [ 47%]
tests/test_issues_373_374_375.py::TestLiveModelFetching::test_live_models_handler_function_exists PASSED [ 47%]
tests/test_issues_373_374_375.py::TestLiveModelFetching::test_live_models_handler_validates_scheme PASSED [ 47%]
tests/test_issues_373_374_375.py::TestLiveModelFetching::test_live_models_handler_has_ssrf_guard PASSED [ 47%]
tests/test_issues_373_374_375.py::TestLiveModelFetching::test_live_models_all_providers_handled_via_agent PASSED [ 47%]
tests/test_issues_373_374_375.py::TestLiveModelFetching::test_frontend_has_fetch_live_models_function PASSED [ 47%]
tests/test_issues_373_374_375.py::TestLiveModelFetching::test_frontend_live_models_cache_exists PASSED [ 47%]
tests/test_issues_373_374_375.py::TestLiveModelFetching::test_frontend_calls_live_models_after_static_load PASSED [ 47%]
tests/test_issues_373_374_375.py::TestLiveModelFetching::test_frontend_live_fetch_only_adds_new_models PASSED [ 47%]
tests/test_issues_373_374_375.py::TestLiveModelFetching::test_frontend_live_fetch_covers_all_providers PASSED [ 47%]
tests/test_issues_373_374_375.py::TestLiveModelFetching::test_live_models_endpoint_wired_in_routes PASSED [ 47%]
tests/test_issues_373_374_375.py::TestGeminiModelIds::test_gemini_provider_models_has_3x PASSED [ 47%]
tests/test_issues_373_374_375.py::TestGeminiModelIds::test_gemini_provider_models_has_flash_lite PASSED [ 47%]
tests/test_issues_373_374_375.py::TestGeminiModelIds::test_fallback_models_has_gemini_3x PASSED [ 47%]
tests/test_issues_373_374_375.py::TestGeminiModelIds::test_gemini_provider_also_has_stable_25 PASSED [ 47%]
tests/test_issues_373_374_375.py::TestGeminiModelIds::test_no_invalid_gemini_3_pro_model PASSED [ 47%]
tests/test_issues_853_857.py::TestMediaUrlRendersInline::test_render_md_checks_https_scheme_for_img_tag PASSED [ 47%]
tests/test_issues_853_857.py::TestMediaUrlRendersInline::test_img_class_applied_to_media_image PASSED [ 47%]
tests/test_issues_853_857.py::TestThinkingPreambleStripping::test_strip_thinking_markup_drops_heres_thinking_process PASSED [ 47%]
tests/test_issues_853_857.py::TestThinkingPreambleStripping::test_strip_thinking_markup_drops_let_me_think PASSED [ 47%]
tests/test_issues_853_857.py::TestThinkingPreambleStripping::test_strip_thinking_markup_drops_ill_think_about PASSED [ 47%]
tests/test_issues_853_857.py::TestThinkingPreambleStripping::test_strip_thinking_markup_drops_okay_let_me PASSED [ 47%]
tests/test_issues_853_857.py::TestThinkingPreambleStripping::test_strip_thinking_markup_preserves_non_preamble_content PASSED [ 47%]
tests/test_issues_853_857.py::TestThinkingPreambleStripping::test_strip_thinking_markup_case_insensitive PASSED [ 47%]
tests/test_issues_853_857.py::TestThinkingPreambleStripping::test_looks_invalid_generated_title_catches_heres_thinking PASSED [ 47%]
tests/test_issues_853_857.py::TestThinkingPreambleStripping::test_looks_invalid_generated_title_accepts_real_titles PASSED [ 47%]
tests/test_issues_907_908_909_model_dropdown.py::TestIssue907LiveModelDedup::test_addLiveModelsToSelect_has_norm_dedup PASSED [ 48%]
tests/test_issues_907_908_909_model_dropdown.py::TestIssue907LiveModelDedup::test_normId_strips_at_prefix PASSED [ 48%]
tests/test_issues_907_908_909_model_dropdown.py::TestIssue907LiveModelDedup::test_existingNorm_used_as_guard PASSED [ 48%]
tests/test_issues_907_908_909_model_dropdown.py::TestIssue907LiveModelDedup::test_normId_handles_multi_colon_ollama_ids PASSED [ 48%]
tests/test_issues_907_908_909_model_dropdown.py::TestIssue908DefaultModelSync::test_applySavedSettingsUi_updates_window_defaultModel PASSED [ 48%]
tests/test_issues_907_908_909_model_dropdown.py::TestIssue908DefaultModelSync::test_defaultModel_update_conditioned_on_body_default_model PASSED [ 48%]
tests/test_issues_907_908_909_model_dropdown.py::TestIssue909InjectedModelLabel::test_get_label_for_model_helper_exists PASSED [ 48%]
tests/test_issues_907_908_909_model_dropdown.py::TestIssue909InjectedModelLabel::test_label_helper_capitalizes_bare_id PASSED [ 48%]
tests/test_issues_907_908_909_model_dropdown.py::TestIssue909InjectedModelLabel::test_label_helper_uses_catalog_when_available PASSED [ 48%]
tests/test_issues_907_908_909_model_dropdown.py::TestIssue909InjectedModelLabel::test_label_helper_strips_at_prefix_for_lookup PASSED [ 48%]
tests/test_issues_907_908_909_model_dropdown.py::TestIssue909InjectedModelLabel::test_config_uses_label_helper_not_raw_split PASSED [ 48%]
tests/test_japanese_locale.py::test_japanese_locale_block_exists PASSED  [ 48%]
tests/test_japanese_locale.py::test_japanese_locale_includes_representative_translations PASSED [ 48%]
tests/test_japanese_locale.py::test_japanese_locale_covers_english_keys PASSED [ 48%]
tests/test_japanese_locale.py::test_japanese_locale_has_no_keys_outside_english PASSED [ 48%]
tests/test_japanese_locale.py::test_japanese_locale_duplicates_match_english PASSED [ 48%]
tests/test_japanese_locale.py::test_japanese_locale_preserves_placeholder_patterns PASSED [ 48%]
tests/test_japanese_locale.py::test_japanese_locale_arrow_function_values_mirror_english PASSED [ 48%]
tests/test_japanese_locale.py::test_japanese_label_is_japanese_script PASSED [ 48%]
tests/test_kanban_bridge.py::test_kanban_board_payload_exposes_read_only_board PASSED [ 48%]
tests/test_kanban_bridge.py::test_board_pointer_drift_falls_back_to_default PASSED [ 48%]
tests/test_kanban_bridge.py::test_kanban_task_detail_payload_exposes_comments_events_links_and_runs PASSED [ 48%]
tests/test_kanban_bridge.py::test_kanban_create_task_payload_writes_to_agent_kanban PASSED [ 48%]
tests/test_kanban_bridge.py::test_kanban_patch_task_payload_updates_status_title_and_comment PASSED [ 48%]
tests/test_kanban_bridge.py::test_kanban_link_payload_adds_parent_child_relationship PASSED [ 48%]
tests/test_kanban_bridge.py::test_kanban_board_since_returns_lightweight_unchanged_payload PASSED [ 48%]
tests/test_kanban_bridge.py::test_kanban_events_payload_matches_polling_shape PASSED [ 48%]
tests/test_kanban_bridge.py::test_routes_dispatches_api_kanban_get_to_bridge PASSED [ 48%]
tests/test_kanban_bridge.py::test_routes_dispatches_api_kanban_post_to_bridge PASSED [ 48%]
tests/test_kanban_bridge.py::test_kanban_dashboard_core_api_exposes_stats_assignees_config_and_logs PASSED [ 48%]
tests/test_kanban_bridge.py::test_kanban_only_mine_bulk_dispatch_and_block_unblock PASSED [ 48%]
tests/test_kanban_bridge.py::test_routes_dispatches_canonical_kanban_patch_and_delete_verbs PASSED [ 48%]
tests/test_kanban_bridge.py::test_patch_status_running_is_rejected_to_protect_dispatcher_contract PASSED [ 48%]
tests/test_kanban_bridge.py::test_patch_status_done_to_running_is_rejected PASSED [ 48%]
tests/test_kanban_bridge.py::test_patch_status_blocked_to_ready_routes_through_unblock_task PASSED [ 48%]
tests/test_kanban_bridge.py::test_handle_kanban_get_returns_503_when_hermes_cli_missing PASSED [ 48%]
tests/test_kanban_bridge.py::test_handle_kanban_post_returns_503_when_hermes_cli_missing PASSED [ 48%]
tests/test_kanban_bridge.py::test_handle_kanban_patch_returns_503_when_hermes_cli_missing PASSED [ 48%]
tests/test_kanban_bridge.py::test_list_boards_includes_default_when_only_default_exists PASSED [ 48%]
tests/test_kanban_bridge.py::test_board_counts_returns_empty_for_nonexistent_board PASSED [ 48%]
tests/test_kanban_bridge.py::test_board_counts_returns_real_counts_for_populated_board PASSED [ 48%]
tests/test_kanban_bridge.py::test_create_board_payload_creates_and_optionally_switches PASSED [ 48%]
tests/test_kanban_bridge.py::test_create_board_payload_rejects_empty_slug PASSED [ 48%]
tests/test_kanban_bridge.py::test_update_board_payload_renames_metadata_only PASSED [ 48%]
tests/test_kanban_bridge.py::test_update_board_payload_rejects_unknown_slug PASSED [ 48%]
tests/test_kanban_bridge.py::test_delete_board_payload_archives_by_default PASSED [ 48%]
tests/test_kanban_bridge.py::test_delete_board_payload_refuses_to_delete_default PASSED [ 48%]
tests/test_kanban_bridge.py::test_switch_board_payload_updates_active_pointer PASSED [ 48%]
tests/test_kanban_bridge.py::test_switch_board_payload_rejects_unknown_slug PASSED [ 49%]
tests/test_kanban_bridge.py::test_resolve_board_query_param_normalises_and_validates PASSED [ 49%]
tests/test_kanban_bridge.py::test_resolve_board_from_body_mirrors_query_contract PASSED [ 49%]
tests/test_kanban_bridge.py::test_handle_kanban_get_routes_boards_endpoint PASSED [ 49%]
tests/test_kanban_bridge.py::test_handle_kanban_post_routes_create_board_and_switch PASSED [ 49%]
tests/test_kanban_bridge.py::test_handle_kanban_delete_routes_archive_board PASSED [ 49%]
tests/test_kanban_bridge.py::test_handle_kanban_patch_routes_update_board PASSED [ 49%]
tests/test_kanban_bridge.py::test_board_param_isolates_task_writes_between_boards PASSED [ 49%]
tests/test_kanban_bridge.py::test_sse_fetch_new_returns_advanced_cursor_and_events PASSED [ 49%]
tests/test_kanban_bridge.py::test_sse_fetch_new_self_heals_on_db_error PASSED [ 49%]
tests/test_kanban_bridge.py::test_sse_handler_runs_in_thread_and_streams_event PASSED [ 49%]
tests/test_kanban_bridge.py::test_handle_kanban_patch_routes_boards_slug_before_board_query_param PASSED [ 49%]
tests/test_kanban_bridge.py::test_handle_kanban_delete_routes_boards_slug_before_board_query_param PASSED [ 49%]
tests/test_kanban_bridge.py::test_sse_emits_id_lines_so_browser_can_resume_via_last_event_id PASSED [ 49%]
tests/test_kanban_bridge.py::test_sse_honours_last_event_id_header_when_since_absent PASSED [ 49%]
tests/test_kanban_ui_static.py::test_kanban_has_native_sidebar_rail_and_mobile_tab PASSED [ 49%]
tests/test_kanban_ui_static.py::test_kanban_has_sidebar_panel_and_main_board_mounts PASSED [ 49%]
tests/test_kanban_ui_static.py::test_switch_panel_lazy_loads_kanban_and_toggles_main_view PASSED [ 49%]
tests/test_kanban_ui_static.py::test_kanban_frontend_uses_relative_api_endpoints PASSED [ 49%]
tests/test_kanban_ui_static.py::test_kanban_task_detail_renders_read_only_sections PASSED [ 49%]
tests/test_kanban_ui_static.py::test_kanban_write_mvp_has_native_controls_and_api_calls PASSED [ 49%]
tests/test_kanban_ui_static.py::test_kanban_board_has_native_css_classes PASSED [ 49%]
tests/test_kanban_ui_static.py::test_kanban_i18n_keys_exist_in_every_locale_block PASSED [ 49%]
tests/test_kanban_ui_static.py::test_kanban_dashboard_parity_core_controls_are_native PASSED [ 49%]
tests/test_kanban_ui_static.py::test_kanban_dashboard_parity_i18n_keys_exist PASSED [ 49%]
tests/test_kanban_ui_static.py::test_kanban_ui_parity_polish_adds_card_metadata_quick_actions_and_swimlanes PASSED [ 49%]
tests/test_kanban_ui_static.py::test_kanban_ui_parity_polish_css_and_i18n_exist PASSED [ 49%]
tests/test_kanban_ui_static.py::test_kanban_review_feedback_static_ui_fixes_exist PASSED [ 49%]
tests/test_kanban_ui_static.py::test_kanban_task_detail_renderer_executes_with_log_and_formats_feedback PASSED [ 49%]
tests/test_kanban_ui_static.py::test_kanban_readonly_banner_starts_hidden_and_is_toggled_on_load PASSED [ 49%]
tests/test_kanban_ui_static.py::test_kanban_board_switcher_markup_in_index PASSED [ 49%]
tests/test_kanban_ui_static.py::test_kanban_board_modal_markup_in_index PASSED [ 49%]
tests/test_kanban_ui_static.py::test_kanban_board_switcher_handlers_in_panels PASSED [ 49%]
tests/test_kanban_ui_static.py::test_kanban_board_switcher_calls_correct_endpoints PASSED [ 49%]
tests/test_kanban_ui_static.py::test_kanban_board_param_is_plumbed_into_api_calls PASSED [ 49%]
tests/test_kanban_ui_static.py::test_kanban_active_board_persisted_to_localstorage PASSED [ 49%]
tests/test_kanban_ui_static.py::test_kanban_archive_board_uses_showConfirmDialog PASSED [ 49%]
tests/test_kanban_ui_static.py::test_kanban_sse_eventsource_subscription_is_default PASSED [ 49%]
tests/test_kanban_ui_static.py::test_kanban_sse_falls_back_to_polling_on_repeated_failure PASSED [ 49%]
tests/test_kanban_ui_static.py::test_kanban_sse_torn_down_on_panel_switch PASSED [ 49%]
tests/test_kanban_ui_static.py::test_kanban_sse_refresh_is_debounced PASSED [ 49%]
tests/test_kanban_ui_static.py::test_kanban_board_color_is_validated_against_css_injection FAILED [ 49%]
tests/test_korean_locale.py::test_korean_locale_block_exists PASSED      [ 49%]
tests/test_korean_locale.py::test_korean_locale_includes_representative_translations PASSED [ 49%]
tests/test_korean_locale.py::test_korean_settings_detail_descriptions_are_translated PASSED [ 49%]
tests/test_korean_locale.py::test_korean_locale_matches_english_key_coverage PASSED [ 49%]
tests/test_korean_locale.py::test_korean_locale_has_no_duplicate_keys PASSED [ 49%]
tests/test_korean_locale.py::test_korean_locale_keys_use_standard_indentation PASSED [ 49%]
tests/test_language_precedence.py::test_i18n_exposes_locale_resolvers PASSED [ 50%]
tests/test_language_precedence.py::test_locale_alias_resolution_and_precedence_logic PASSED [ 50%]
tests/test_language_precedence.py::test_set_locale_normalizes_alias_and_persists_canonical_key PASSED [ 50%]
tests/test_language_precedence.py::test_boot_and_settings_panel_use_shared_locale_precedence PASSED [ 50%]
tests/test_live_models_ttl_cache.py::test_live_models_cache_hits_within_ttl PASSED [ 50%]
tests/test_live_models_ttl_cache.py::test_live_models_cache_expires PASSED [ 50%]
tests/test_live_models_ttl_cache.py::test_live_models_cache_is_profile_scoped PASSED [ 50%]
tests/test_live_models_ttl_cache.py::test_live_models_cache_returns_deep_copies PASSED [ 50%]
tests/test_login_locale.py::test_login_page_uses_simplified_chinese_for_zh_cn_alias PASSED [ 50%]
tests/test_login_locale.py::test_login_page_uses_traditional_chinese_for_zh_hant PASSED [ 50%]
tests/test_login_locale.py::test_login_page_uses_russian_for_ru PASSED   [ 50%]
tests/test_login_locale_parity.py::test_every_i18n_locale_has_login_locale_entry PASSED [ 50%]
tests/test_login_locale_parity.py::test_login_locale_count_matches_or_exceeds_floor PASSED [ 50%]
tests/test_login_locale_parity.py::test_login_locale_entry_well_formed[en] PASSED [ 50%]
tests/test_login_locale_parity.py::test_login_locale_entry_well_formed[es] PASSED [ 50%]
tests/test_login_locale_parity.py::test_login_locale_entry_well_formed[de] PASSED [ 50%]
tests/test_login_locale_parity.py::test_login_locale_entry_well_formed[ru] PASSED [ 50%]
tests/test_login_locale_parity.py::test_login_locale_entry_well_formed[zh] PASSED [ 50%]
tests/test_login_locale_parity.py::test_login_locale_entry_well_formed[zh-Hant] PASSED [ 50%]
tests/test_login_locale_parity.py::test_login_locale_entry_well_formed[ja] PASSED [ 50%]
tests/test_login_locale_parity.py::test_login_locale_entry_well_formed[pt] PASSED [ 50%]
tests/test_login_locale_parity.py::test_login_locale_entry_well_formed[ko] PASSED [ 50%]
tests/test_login_locale_parity.py::test_login_locale_resolver_handles_new_locales PASSED [ 50%]
tests/test_login_locale_parity.py::test_login_flow_keys_are_translated[es] PASSED [ 50%]
tests/test_login_locale_parity.py::test_login_flow_keys_are_translated[de] PASSED [ 50%]
tests/test_login_locale_parity.py::test_login_flow_keys_are_translated[ru] PASSED [ 50%]
tests/test_login_locale_parity.py::test_login_flow_keys_are_translated[zh] PASSED [ 50%]
tests/test_login_locale_parity.py::test_login_flow_keys_are_translated[zh-Hant] PASSED [ 50%]
tests/test_login_locale_parity.py::test_login_flow_keys_are_translated[ja] PASSED [ 50%]
tests/test_login_locale_parity.py::test_login_flow_keys_are_translated[pt] PASSED [ 50%]
tests/test_login_locale_parity.py::test_login_flow_keys_are_translated[ko] PASSED [ 50%]
tests/test_logs_endpoint.py::test_logs_endpoint_tails_whitelisted_synthetic_agent_log PASSED [ 50%]
tests/test_logs_endpoint.py::test_logs_endpoint_rejects_path_traversal_and_unknown_files PASSED [ 50%]
tests/test_logs_endpoint.py::test_logs_endpoint_missing_file_returns_empty_lines_with_safe_hint PASSED [ 50%]
tests/test_logs_endpoint.py::test_logs_endpoint_tail_selector_is_allowlisted_and_defaults_to_200 PASSED [ 50%]
tests/test_logs_endpoint.py::test_logs_endpoint_reads_bounded_window_and_reports_truncation PASSED [ 50%]
tests/test_logs_endpoint.py::test_logs_endpoint_tests_use_only_synthetic_fixture_content PASSED [ 50%]
tests/test_logs_ui_static.py::test_logs_tab_is_wired_between_insights_and_settings_in_rail_and_mobile_nav PASSED [ 50%]
tests/test_logs_ui_static.py::test_logs_panel_fetches_allowlisted_api_and_exposes_controls PASSED [ 50%]
tests/test_logs_ui_static.py::test_logs_autorefresh_runs_only_while_logs_tab_is_visible_and_enabled PASSED [ 50%]
tests/test_logs_ui_static.py::test_logs_severity_coloring_prioritizes_explicit_log_level_before_message_text PASSED [ 50%]
tests/test_logs_ui_static.py::test_logs_severity_coloring_and_monospace_wrap_css_are_present PASSED [ 50%]
tests/test_logs_ui_static.py::test_logs_source_fixtures_do_not_bake_private_log_content PASSED [ 50%]
tests/test_media_inline.py::TestMediaRenderMdStash::test_http_url_media_rendered_as_img PASSED [ 50%]
tests/test_media_inline.py::TestMediaRenderMdStash::test_image_extension_regex_covers_common_types PASSED [ 50%]
tests/test_media_inline.py::TestMediaRenderMdStash::test_local_audio_video_media_tokens_request_inline_streaming PASSED [ 50%]
tests/test_media_inline.py::TestMediaRenderMdStash::test_media_api_url_pattern PASSED [ 50%]
tests/test_media_inline.py::TestMediaRenderMdStash::test_media_restore_produces_download_link PASSED [ 50%]
tests/test_media_inline.py::TestMediaRenderMdStash::test_media_restore_produces_img_tag PASSED [ 50%]
tests/test_media_inline.py::TestMediaRenderMdStash::test_media_stash_defined PASSED [ 51%]
tests/test_media_inline.py::TestMediaRenderMdStash::test_media_stash_runs_before_fence_stash PASSED [ 51%]
tests/test_media_inline.py::TestMediaRenderMdStash::test_media_stash_uses_null_byte_token PASSED [ 51%]
tests/test_media_inline.py::TestMediaRenderMdStash::test_media_token_regex PASSED [ 51%]
tests/test_media_inline.py::TestMediaRenderMdStash::test_zoom_toggle_on_click PASSED [ 51%]
tests/test_media_inline.py::TestMediaCSS::test_msg_media_img_class_defined PASSED [ 51%]
tests/test_media_inline.py::TestMediaCSS::test_msg_media_img_full_class_defined PASSED [ 51%]
tests/test_media_inline.py::TestMediaCSS::test_msg_media_img_max_width PASSED [ 51%]
tests/test_media_inline.py::TestMediaCSS::test_msg_media_link_class_defined PASSED [ 51%]
tests/test_media_inline.py::TestInlineAudioVideoEditor::test_audio_and_video_extension_detection_exists PASSED [ 51%]
tests/test_media_inline.py::TestInlineAudioVideoEditor::test_composer_tray_recognizes_audio_video_files PASSED [ 51%]
tests/test_media_inline.py::TestInlineAudioVideoEditor::test_media_editor_css_defined PASSED [ 51%]
tests/test_media_inline.py::TestInlineAudioVideoEditor::test_media_player_markup_has_native_controls PASSED [ 51%]
tests/test_media_inline.py::TestInlineAudioVideoEditor::test_message_attachments_render_audio_video_instead_of_badges PASSED [ 51%]
tests/test_media_inline.py::TestInlineAudioVideoEditor::test_playback_speed_preference_persists_in_localstorage PASSED [ 51%]
tests/test_media_inline.py::TestInlineAudioVideoEditor::test_variable_speed_buttons_and_playback_rate_handler_exist PASSED [ 51%]
tests/test_media_inline.py::TestInlineAudioVideoEditor::test_workspace_preview_routes_audio_video_inline PASSED [ 51%]
tests/test_media_inline.py::TestWorkspacePdfViewer::test_pdf_extension_routes_to_inline_viewer PASSED [ 51%]
tests/test_media_inline.py::TestWorkspacePdfViewer::test_pdf_preview_css_defined PASSED [ 51%]
tests/test_media_inline.py::TestWorkspacePdfViewer::test_pdf_viewer_markup_exists PASSED [ 51%]
tests/test_media_inline.py::TestMediaEndpointUnit::test_allowed_roots_include_tmp PASSED [ 51%]
tests/test_media_inline.py::TestMediaEndpointUnit::test_api_media_route_registered PASSED [ 51%]
tests/test_media_inline.py::TestMediaEndpointUnit::test_handle_media_function_exists PASSED [ 51%]
tests/test_media_inline.py::TestMediaEndpointUnit::test_media_endpoints_advertise_byte_range_support PASSED [ 51%]
tests/test_media_inline.py::TestMediaEndpointUnit::test_non_image_forces_download PASSED [ 51%]
tests/test_media_inline.py::TestMediaEndpointUnit::test_svg_forces_download PASSED [ 51%]
tests/test_media_inline.py::TestMediaEndpointIntegration::test_audio_media_endpoint_inline_and_range PASSED [ 51%]
tests/test_media_inline.py::TestMediaEndpointIntegration::test_health_check_still_works PASSED [ 51%]
tests/test_media_inline.py::TestMediaEndpointIntegration::test_html_media_endpoint_inline_requires_csp_sandbox PASSED [ 51%]
tests/test_media_inline.py::TestMediaEndpointIntegration::test_no_path_returns_400 PASSED [ 51%]
tests/test_media_inline.py::TestMediaEndpointIntegration::test_nonexistent_file_returns_404 PASSED [ 51%]
tests/test_media_inline.py::TestMediaEndpointIntegration::test_path_outside_allowed_root_rejected PASSED [ 51%]
tests/test_media_inline.py::TestMediaEndpointIntegration::test_path_traversal_rejected PASSED [ 51%]
tests/test_media_inline.py::TestMediaEndpointIntegration::test_valid_png_served_with_image_mime PASSED [ 51%]
tests/test_metadata_save_wipe_1558.py::test_metadata_only_save_raises_to_prevent_wipe PASSED [ 51%]
tests/test_metadata_save_wipe_1558.py::test_clear_stale_stream_state_preserves_messages PASSED [ 51%]
tests/test_metadata_save_wipe_1558.py::test_save_writes_bak_when_messages_shrink PASSED [ 51%]
tests/test_metadata_save_wipe_1558.py::test_save_does_not_write_bak_when_messages_grow PASSED [ 51%]
tests/test_metadata_save_wipe_1558.py::test_recover_all_sessions_on_startup_restores_shrunken_session PASSED [ 51%]
tests/test_metadata_save_wipe_1558.py::test_recover_all_sessions_on_startup_is_idempotent_no_op_on_clean_state PASSED [ 51%]
tests/test_metadata_save_wipe_1558.py::test_recover_all_sessions_on_startup_skips_non_session_index_json PASSED [ 51%]
tests/test_metadata_save_wipe_1558.py::test_msg_count_returns_neg1_for_non_dict_top_level PASSED [ 51%]
tests/test_minimax_provider.py::test_minimax_m2_7_in_fallback_models PASSED [ 51%]
tests/test_minimax_provider.py::test_minimax_m2_7_highspeed_in_fallback_models PASSED [ 51%]
tests/test_minimax_provider.py::test_minimax_fallback_provider_label PASSED [ 51%]
tests/test_minimax_provider.py::test_minimax_provider_models_has_m2_7 PASSED [ 51%]
tests/test_minimax_provider.py::test_minimax_provider_models_has_highspeed PASSED [ 51%]
tests/test_minimax_provider.py::test_minimax_cn_provider_models_match_hermes_agent_catalog PASSED [ 51%]
tests/test_minimax_provider.py::test_minimax_api_key_in_env_scan_tuple PASSED [ 52%]
tests/test_minimax_provider.py::test_minimax_cn_api_key_in_env_scan_tuple PASSED [ 52%]
tests/test_minimax_provider.py::test_minimax_detected_from_os_environ PASSED [ 52%]
tests/test_minimax_provider.py::test_minimax_cn_detected_from_os_environ PASSED [ 52%]
tests/test_minimax_provider.py::test_minimax_cn_empty_config_provider_gets_static_models PASSED [ 52%]
tests/test_minimax_provider.py::test_minimax_cn_key_can_be_managed_from_provider_settings PASSED [ 52%]
tests/test_minimax_provider.py::test_provider_hint_minimax_m2_7 PASSED   [ 52%]
tests/test_minimax_provider.py::test_provider_hint_minimax_highspeed PASSED [ 52%]
tests/test_minimax_provider.py::test_minimax_slash_format_routes_openrouter_when_not_active PASSED [ 52%]
tests/test_mobile_layout.py::test_mobile_breakpoint_900px_present PASSED [ 52%]
tests/test_mobile_layout.py::test_mobile_breakpoint_640px_present PASSED [ 52%]
tests/test_mobile_layout.py::test_rightpanel_mobile_slide_over_css PASSED [ 52%]
tests/test_mobile_layout.py::test_workspace_panel_inline_width_is_desktop_only PASSED [ 52%]
tests/test_mobile_layout.py::test_composer_controls_switch_to_icon_only_by_container_width PASSED [ 52%]
tests/test_mobile_layout.py::test_composer_700px_workspace_switch_does_not_become_blank_chip PASSED [ 52%]
tests/test_mobile_layout.py::test_composer_compact_switch_is_not_viewport_only PASSED [ 52%]
tests/test_mobile_layout.py::test_mobile_overlay_present PASSED          [ 52%]
tests/test_mobile_layout.py::test_sidebar_nav_present PASSED             [ 52%]
tests/test_mobile_layout.py::test_mobile_does_not_hide_sidebar_nav PASSED [ 52%]
tests/test_mobile_layout.py::test_mobile_files_button_present PASSED     [ 52%]
tests/test_mobile_layout.py::test_profile_dropdown_not_clipped_by_overflow PASSED [ 52%]
tests/test_mobile_layout.py::test_composer_dropdowns_are_not_nested_inside_left_control_row PASSED [ 52%]
tests/test_mobile_layout.py::test_topbar_chips_mobile_overflow PASSED    [ 52%]
tests/test_mobile_layout.py::test_workspace_close_button_present PASSED  [ 52%]
tests/test_mobile_layout.py::test_toggle_mobile_files_js_defined PASSED  [ 52%]
tests/test_mobile_layout.py::test_new_conversation_closes_mobile_sidebar PASSED [ 52%]
tests/test_mobile_layout.py::test_new_conversation_shortcut_works_while_busy PASSED [ 52%]
tests/test_mobile_layout.py::test_body_overflow_hidden PASSED            [ 52%]
tests/test_mobile_layout.py::test_flex_parents_allow_message_scroller_to_shrink PASSED [ 52%]
tests/test_mobile_layout.py::test_messages_touch_scrolling_hints_present PASSED [ 52%]
tests/test_mobile_layout.py::test_100dvh_viewport_height PASSED          [ 52%]
tests/test_mobile_layout.py::test_titlebar_safe_area_top_not_double_counted_in_browser_viewport PASSED [ 52%]
tests/test_mobile_layout.py::test_titlebar_safe_area_top_preserved_for_standalone_modes PASSED [ 52%]
tests/test_mobile_layout.py::test_composer_touch_target_size PASSED      [ 52%]
tests/test_mobile_layout.py::test_mobile_composer_footer_stays_single_row PASSED [ 52%]
tests/test_mobile_layout.py::test_mobile_composer_left_scrolls_horizontally_without_wrapping PASSED [ 52%]
tests/test_mobile_layout.py::test_mobile_composer_left_children_do_not_shrink_into_each_other PASSED [ 52%]
tests/test_mobile_layout.py::test_legacy_320px_composer_tightens_spacing_without_shrinking_targets PASSED [ 52%]
tests/test_mobile_layout.py::test_mobile_composer_workspace_switch_does_not_leave_empty_icon_slot PASSED [ 52%]
tests/test_mobile_layout.py::test_mobile_composer_overflow_control_present PASSED [ 52%]
tests/test_mobile_layout.py::test_model_and_reasoning_controls_live_in_mobile_overflow_panel PASSED [ 52%]
tests/test_mobile_layout.py::test_model_and_reasoning_dropdowns_use_mobile_panel_anchors PASSED [ 52%]
tests/test_mobile_layout.py::test_context_details_live_in_mobile_overflow_panel PASSED [ 52%]
tests/test_mobile_layout.py::test_workspace_control_lives_in_mobile_overflow_panel PASSED [ 52%]
tests/test_mobile_layout.py::test_mobile_config_panel_escape_closes_panel_and_dropdowns PASSED [ 52%]
tests/test_mobile_layout.py::test_reasoning_chip_updates_desktop_and_mobile_controls PASSED [ 52%]
tests/test_mobile_layout.py::test_mobile_config_kickers_have_i18n_fallbacks PASSED [ 52%]
tests/test_mobile_layout.py::test_mobile_composer_primary_controls_keep_touch_friendly_sizing PASSED [ 52%]
tests/test_mobile_layout.py::test_composer_textarea_font_size_mobile PASSED [ 52%]
tests/test_mobile_layout.py::test_touch_device_inputs_meet_zoom_threshold PASSED [ 53%]
tests/test_mobile_layout.py::test_profiles_sidebar_tab_present PASSED    [ 53%]
tests/test_mobile_layout.py::test_mobile_bottom_nav_removed PASSED       [ 53%]
tests/test_mobile_layout.py::test_mobile_enter_newline_condition_present PASSED [ 53%]
tests/test_mobile_layout.py::test_mobile_enter_newline_uses_match_media PASSED [ 53%]
tests/test_mobile_layout.py::test_mobile_enter_newline_only_overrides_enter_default PASSED [ 53%]
tests/test_mobile_layout.py::test_mobile_enter_does_not_affect_desktop_logic PASSED [ 53%]
tests/test_model_cache_metadata.py::test_save_models_cache_to_disk_preserves_response_metadata PASSED [ 53%]
tests/test_model_cache_metadata.py::test_load_models_cache_from_disk_rejects_legacy_groups_only_cache PASSED [ 53%]
tests/test_model_cache_metadata.py::test_load_models_cache_from_disk_rejects_partial_metadata_cache PASSED [ 53%]
tests/test_model_cache_metadata.py::test_get_available_models_ignores_invalid_ttl_memory_cache PASSED [ 53%]
tests/test_model_cache_metadata.py::test_get_available_models_does_not_use_disk_cache_after_config_mtime_change PASSED [ 53%]
tests/test_model_cache_metadata.py::test_get_available_models_ignores_legacy_disk_cache_and_rebuilds FAILED [ 53%]
tests/test_model_picker_badges.py::test_available_models_exposes_primary_and_fallback_badges PASSED [ 53%]
tests/test_model_picker_badges.py::test_duplicate_slash_id_primary_badge_sticks_to_matching_provider_only PASSED [ 53%]
tests/test_model_picker_badges.py::test_ui_badge_lookup_prefers_row_provider_for_duplicate_model_ids PASSED [ 53%]
tests/test_model_picker_badges.py::test_configured_model_group_label_has_i18n_key PASSED [ 53%]
tests/test_model_picker_badges.py::test_get_available_models_cache_preserves_configured_model_badges PASSED [ 53%]
tests/test_model_picker_badges.py::test_ui_renders_model_badges_from_api_payload PASSED [ 53%]
tests/test_model_resolver.py::test_openrouter_free_keeps_full_path PASSED [ 53%]
tests/test_model_resolver.py::test_openrouter_model_with_provider_prefix PASSED [ 53%]
tests/test_model_resolver.py::test_anthropic_prefix_stripped_for_direct_api PASSED [ 53%]
tests/test_model_resolver.py::test_openai_prefix_stripped_for_direct_api PASSED [ 53%]
tests/test_model_resolver.py::test_cross_provider_routes_through_openrouter PASSED [ 53%]
tests/test_model_resolver.py::test_bare_model_uses_config_provider PASSED [ 53%]
tests/test_model_resolver.py::test_empty_model_returns_config_defaults PASSED [ 53%]
tests/test_model_resolver.py::test_provider_hint_routes_to_specific_provider PASSED [ 53%]
tests/test_model_resolver.py::test_provider_hint_zai PASSED              [ 53%]
tests/test_model_resolver.py::test_provider_hint_deepseek PASSED         [ 53%]
tests/test_model_resolver.py::test_slash_prefix_non_default_still_routes_openrouter PASSED [ 53%]
tests/test_model_resolver.py::test_custom_provider_model_with_slash_routes_to_named_custom_provider PASSED [ 53%]
tests/test_model_resolver.py::test_custom_provider_models_dict_routes_to_named_custom_provider PASSED [ 53%]
tests/test_model_resolver.py::test_non_default_provider_models_use_hint_prefix PASSED [ 53%]
tests/test_model_resolver.py::test_no_duplicate_when_default_model_is_prefixed PASSED [ 53%]
tests/test_model_resolver.py::test_default_provider_models_not_prefixed PASSED [ 53%]
tests/test_model_resolver.py::test_no_phantom_custom_group_when_active_provider_is_set PASSED [ 53%]
tests/test_model_resolver.py::test_default_model_lands_under_active_provider_group PASSED [ 53%]
tests/test_model_resolver.py::test_unknown_providers_do_not_inherit_default_model PASSED [ 53%]
tests/test_model_resolver.py::test_custom_endpoint_uses_model_config_api_key_for_model_discovery PASSED [ 53%]
tests/test_model_resolver.py::test_custom_endpoint_slash_model_routes_to_custom_not_openrouter PASSED [ 53%]
tests/test_model_scope_copy.py::test_composer_model_dropdown_has_scope_advisory PASSED [ 53%]
tests/test_model_scope_copy.py::test_model_selection_toast_describes_conversation_scope PASSED [ 53%]
tests/test_model_scope_copy.py::test_settings_default_model_copy_describes_new_conversations PASSED [ 53%]
tests/test_native_image_attachments.py::TestAttachmentName::test_dict_with_name PASSED [ 53%]
tests/test_native_image_attachments.py::TestAttachmentName::test_dict_with_filename_fallback PASSED [ 53%]
tests/test_native_image_attachments.py::TestAttachmentName::test_dict_with_path_fallback PASSED [ 53%]
tests/test_native_image_attachments.py::TestAttachmentName::test_string_attachment PASSED [ 53%]
tests/test_native_image_attachments.py::TestAttachmentName::test_empty_attachment PASSED [ 53%]
tests/test_native_image_attachments.py::TestAttachmentName::test_none_attachment PASSED [ 54%]
tests/test_native_image_attachments.py::TestNormalizeChatAttachments::test_legacy_string_list PASSED [ 54%]
tests/test_native_image_attachments.py::TestNormalizeChatAttachments::test_dict_with_mime_and_is_image PASSED [ 54%]
tests/test_native_image_attachments.py::TestNormalizeChatAttachments::test_dict_missing_fields_defaults PASSED [ 54%]
tests/test_native_image_attachments.py::TestNormalizeChatAttachments::test_mixed_list PASSED [ 54%]
tests/test_native_image_attachments.py::TestNormalizeChatAttachments::test_empty_list PASSED [ 54%]
tests/test_native_image_attachments.py::TestNormalizeChatAttachments::test_not_a_list PASSED [ 54%]
tests/test_native_image_attachments.py::TestBuildNativeMultimodalMessage::test_no_attachments_returns_string PASSED [ 54%]
tests/test_native_image_attachments.py::TestBuildNativeMultimodalMessage::test_single_image_in_workspace PASSED [ 54%]
tests/test_native_image_attachments.py::TestBuildNativeMultimodalMessage::test_jpeg_image_in_workspace PASSED [ 54%]
tests/test_native_image_attachments.py::TestBuildNativeMultimodalMessage::test_multiple_images_become_multiple_parts PASSED [ 54%]
tests/test_native_image_attachments.py::TestBuildNativeMultimodalMessage::test_non_image_attachment_stays_text_fallback PASSED [ 54%]
tests/test_native_image_attachments.py::TestBuildNativeMultimodalMessage::test_outside_workspace_path_rejected PASSED [ 54%]
tests/test_native_image_attachments.py::TestBuildNativeMultimodalMessage::test_symlink_inside_workspace_resolved PASSED [ 54%]
tests/test_native_image_attachments.py::TestBuildNativeMultimodalMessage::test_symlink_pointing_outside_workspace_rejected PASSED [ 54%]
tests/test_native_image_attachments.py::TestBuildNativeMultimodalMessage::test_size_above_cap_rejected PASSED [ 54%]
tests/test_native_image_attachments.py::TestBuildNativeMultimodalMessage::test_missing_path_skipped PASSED [ 54%]
tests/test_native_image_attachments.py::TestBuildNativeMultimodalMessage::test_no_mime_guessed_from_extension PASSED [ 54%]
tests/test_native_image_attachments.py::TestBuildNativeMultimodalMessage::test_mixed_image_and_nonimage PASSED [ 54%]
tests/test_native_image_attachments.py::TestBuildNativeMultimodalMessage::test_upload_result_structure_roundtrip PASSED [ 54%]
tests/test_native_image_attachments.py::TestBuildNativeMultimodalMessage::test_fake_png_rejected_by_magic_bytes PASSED [ 54%]
tests/test_native_image_attachments.py::TestIsValidImage::test_valid_png PASSED [ 54%]
tests/test_native_image_attachments.py::TestIsValidImage::test_valid_jpeg PASSED [ 54%]
tests/test_native_image_attachments.py::TestIsValidImage::test_fake_png_rejected PASSED [ 54%]
tests/test_native_image_attachments.py::TestIsValidImage::test_text_file_not_image PASSED [ 54%]
tests/test_native_image_attachments.py::TestIsValidImage::test_svg_allowed PASSED [ 54%]
tests/test_native_image_attachments.py::TestIsValidImage::test_missing_file PASSED [ 54%]
tests/test_native_image_attachments.py::TestIsValidImage::test_mime_with_charset PASSED [ 54%]
tests/test_norm_model_id_trailing_empty_guard.py::test_norm_model_id_trailing_colon_keeps_original PASSED [ 54%]
tests/test_norm_model_id_trailing_empty_guard.py::test_norm_model_id_clean_multi_segment_strips_correctly PASSED [ 54%]
tests/test_norm_model_id_trailing_empty_guard.py::test_norm_model_id_trailing_slash_keeps_original PASSED [ 54%]
tests/test_norm_model_id_trailing_empty_guard.py::test_norm_model_id_simple_inputs_unchanged PASSED [ 54%]
tests/test_norm_model_id_trailing_empty_guard.py::test_ui_js_mirror_has_trailing_empty_guard PASSED [ 54%]
tests/test_nous_portal_routing.py::TestNousModelIds::test_nous_models_use_at_prefix PASSED [ 54%]
tests/test_nous_portal_routing.py::TestNousModelIds::test_nous_known_models_present PASSED [ 54%]
tests/test_nous_portal_routing.py::TestNousModelIds::test_nous_models_no_bare_or_slash_only PASSED [ 54%]
tests/test_nous_portal_routing.py::TestPortalProviderRouting::test_nous_routes_anthropic_model PASSED [ 54%]
tests/test_nous_portal_routing.py::TestPortalProviderRouting::test_nous_routes_openai_model PASSED [ 54%]
tests/test_nous_portal_routing.py::TestPortalProviderRouting::test_nous_routes_google_model PASSED [ 54%]
tests/test_nous_portal_routing.py::TestPortalProviderRouting::test_opencode_zen_routes_cross_namespace PASSED [ 54%]
tests/test_nous_portal_routing.py::TestPortalProviderRouting::test_portal_path_matches_at_prefix_path PASSED [ 54%]
tests/test_nous_portal_routing.py::TestPortalProviderRouting::test_non_portal_still_routes_to_openrouter PASSED [ 54%]
tests/test_nous_portal_routing.py::TestPortalProviderRouting::test_openrouter_config_keeps_full_path PASSED [ 54%]
tests/test_ollama_model_chip_label_regression.py::test_select_model_custom_option_uses_friendly_label_helper PASSED [ 54%]
tests/test_ollama_model_chip_label_regression.py::test_get_model_label_formats_bare_ollama_ids PASSED [ 54%]
tests/test_ollama_model_chip_label_regression.py::test_fmt_ollama_label_preserves_dotted_acronyms PASSED [ 54%]
tests/test_onboarding_existing_config.py::TestOnboardingGate::test_config_exists_and_chat_ready_returns_completed_true PASSED [ 54%]
tests/test_onboarding_existing_config.py::TestOnboardingGate::test_no_config_returns_completed_false PASSED [ 54%]
tests/test_onboarding_existing_config.py::TestOnboardingGate::test_config_exists_but_not_chat_ready_still_shows_wizard PASSED [ 55%]
tests/test_onboarding_existing_config.py::TestOnboardingGate::test_onboarding_done_flag_always_respected PASSED [ 55%]
tests/test_onboarding_existing_config.py::TestOnboardingGate::test_config_exists_always_exposed_in_system PASSED [ 55%]
tests/test_onboarding_existing_config.py::TestOnboardingGate::test_persist_failure_does_not_break_status_endpoint PASSED [ 55%]
tests/test_onboarding_existing_config.py::TestApplyOnboardingSetupGuard::test_setup_blocked_when_config_exists_without_confirm PASSED [ 55%]
tests/test_onboarding_existing_config.py::TestApplyOnboardingSetupGuard::test_setup_allowed_with_confirm_overwrite PASSED [ 55%]
tests/test_onboarding_existing_config.py::TestApplyOnboardingSetupGuard::test_setup_allowed_when_no_config_exists PASSED [ 55%]
tests/test_onboarding_existing_config.py::TestOnboardingGateIntegration::test_no_config_wizard_fires PASSED [ 55%]
tests/test_onboarding_existing_config.py::TestOnboardingGateIntegration::test_existing_config_and_chat_ready_skips_wizard PASSED [ 55%]
tests/test_onboarding_existing_config.py::TestOnboardingGateIntegration::test_setup_blocked_for_existing_config PASSED [ 55%]
tests/test_onboarding_existing_config.py::TestOnboardingGateIntegration::test_setup_allowed_with_confirm_overwrite PASSED [ 55%]
tests/test_onboarding_mvp.py::test_onboarding_status_defaults_incomplete PASSED [ 55%]
tests/test_onboarding_mvp.py::test_onboarding_setup_openrouter_writes_real_config_and_env PASSED [ 55%]
tests/test_onboarding_mvp.py::test_onboarding_setup_custom_endpoint_writes_runtime_files PASSED [ 55%]
tests/test_onboarding_mvp.py::test_onboarding_setup_detects_incomplete_saved_provider PASSED [ 55%]
tests/test_onboarding_mvp.py::test_onboarding_setup_rejects_missing_custom_base_url PASSED [ 55%]
tests/test_onboarding_mvp.py::test_onboarding_complete_persists_flag PASSED [ 55%]
tests/test_onboarding_mvp.py::test_onboarding_complete_preserves_other_settings PASSED [ 55%]
tests/test_onboarding_mvp.py::test_onboarding_already_completed_status PASSED [ 55%]
tests/test_onboarding_mvp.py::test_onboarding_setup_rejects_api_key_with_newline PASSED [ 55%]
tests/test_onboarding_network.py::TestOnboardingIPLogic::test_loopback_allowed PASSED [ 55%]
tests/test_onboarding_network.py::TestOnboardingIPLogic::test_ipv6_loopback_allowed PASSED [ 55%]
tests/test_onboarding_network.py::TestOnboardingIPLogic::test_private_172_allowed PASSED [ 55%]
tests/test_onboarding_network.py::TestOnboardingIPLogic::test_private_192168_allowed PASSED [ 55%]
tests/test_onboarding_network.py::TestOnboardingIPLogic::test_private_10_allowed PASSED [ 55%]
tests/test_onboarding_network.py::TestOnboardingIPLogic::test_public_ip_blocked PASSED [ 55%]
tests/test_onboarding_network.py::TestOnboardingIPLogic::test_xff_loopback_trusted PASSED [ 55%]
tests/test_onboarding_network.py::TestOnboardingIPLogic::test_xff_private_trusted PASSED [ 55%]
tests/test_onboarding_network.py::TestOnboardingIPLogic::test_xff_public_blocked PASSED [ 55%]
tests/test_onboarding_network.py::TestOnboardingIPLogic::test_xff_first_entry_used PASSED [ 55%]
tests/test_onboarding_network.py::TestOnboardingIPLogic::test_xreal_ip_loopback_trusted PASSED [ 55%]
tests/test_onboarding_network.py::TestOnboardingIPLogic::test_xreal_ip_private_trusted PASSED [ 55%]
tests/test_onboarding_network.py::TestOnboardingIPLogic::test_xff_takes_priority_over_xri PASSED [ 55%]
tests/test_onboarding_network.py::TestOnboardingIPLogic::test_open_env_bypasses_check PASSED [ 55%]
tests/test_onboarding_network.py::TestOnboardingIPLogic::test_auth_enabled_bypasses_check PASSED [ 55%]
tests/test_onboarding_network.py::TestOnboardingIPLogic::test_invalid_ip_blocked PASSED [ 55%]
tests/test_onboarding_network.py::TestOnboardingSetupEndpoint::test_loopback_request_allowed PASSED [ 55%]
tests/test_onboarding_network.py::TestOnboardingSetupEndpoint::test_xff_loopback_header_respected PASSED [ 55%]
tests/test_onboarding_static.py::test_index_contains_onboarding_overlay_markup PASSED [ 55%]
tests/test_onboarding_static.py::test_onboarding_css_rules_exist PASSED  [ 55%]
tests/test_onboarding_static.py::test_onboarding_js_exposes_bootstrap_hooks PASSED [ 55%]
tests/test_onboarding_static.py::test_onboarding_uses_i18n_helpers PASSED [ 55%]
tests/test_onboarding_static.py::test_bootstrap_script_contains_official_installer_and_windows_guard PASSED [ 55%]
tests/test_opencode_providers.py::test_opencode_zen_in_provider_display PASSED [ 55%]
tests/test_opencode_providers.py::test_opencode_go_in_provider_display PASSED [ 55%]
tests/test_opencode_providers.py::test_opencode_zen_in_provider_models PASSED [ 55%]
tests/test_opencode_providers.py::test_opencode_go_in_provider_models PASSED [ 55%]
tests/test_opencode_providers.py::test_opencode_zen_detected_via_env_key PASSED [ 55%]
tests/test_opencode_providers.py::test_opencode_go_detected_via_env_key PASSED [ 55%]
tests/test_opencode_providers.py::test_openai_codex_model_catalog_includes_gpt54 PASSED [ 56%]
tests/test_opencode_providers.py::test_openai_codex_display_name PASSED  [ 56%]
tests/test_opencode_providers.py::test_live_models_handler_delegates_to_provider_model_ids PASSED [ 56%]
tests/test_opencode_providers.py::test_live_models_ui_no_longer_skips_any_provider PASSED [ 56%]
tests/test_orphaned_tool_messages.py::test_valid_tool_roundtrip_preserved PASSED [ 56%]
tests/test_orphaned_tool_messages.py::test_extra_fields_stripped PASSED  [ 56%]
tests/test_orphaned_tool_messages.py::test_valid_history_without_tool_messages_unchanged PASSED [ 56%]
tests/test_orphaned_tool_messages.py::test_multiple_valid_tool_calls_preserved PASSED [ 56%]
tests/test_orphaned_tool_messages.py::test_orphaned_tool_message_dropped PASSED [ 56%]
tests/test_orphaned_tool_messages.py::test_tool_message_missing_tool_call_id_dropped PASSED [ 56%]
tests/test_orphaned_tool_messages.py::test_partially_orphaned_tool_messages PASSED [ 56%]
tests/test_orphaned_tool_messages.py::test_orphaned_tool_only_history PASSED [ 56%]
tests/test_orphaned_tool_messages.py::test_anthropic_call_id_field_recognized PASSED [ 56%]
tests/test_orphaned_tool_messages.py::test_empty_messages_list PASSED    [ 56%]
tests/test_orphaned_tool_messages.py::test_non_dict_messages_skipped PASSED [ 56%]
tests/test_orphaned_tool_messages.py::test_tool_calls_none_does_not_crash PASSED [ 56%]
tests/test_orphaned_tool_messages.py::test_system_messages_preserved PASSED [ 56%]
tests/test_parallel_session_switch.py::TestLoadDirParallelPrefetch::test_loaddir_uses_promise_all_for_expanded_dirs PASSED [ 56%]
tests/test_parallel_session_switch.py::TestLoadDirParallelPrefetch::test_loaddir_no_serial_for_await_in_prefetch PASSED [ 56%]
tests/test_parallel_session_switch.py::TestLoadDirParallelPrefetch::test_expanded_dirs_fallback_is_set PASSED [ 56%]
tests/test_parallel_session_switch.py::TestLoadSessionIdleOverlap::test_idle_path_starts_loaddir_before_highlightcode PASSED [ 56%]
tests/test_parallel_session_switch.py::TestGitInfoParallel::test_uses_thread_pool PASSED [ 56%]
tests/test_parallel_session_switch.py::TestGitInfoParallel::test_git_commands_run_concurrently PASSED [ 56%]
tests/test_parallel_session_switch.py::TestGitInfoParallel::test_parallel_faster_than_serial PASSED [ 56%]
tests/test_parallel_session_switch.py::TestMessagePaginationBackend::test_msg_limit_returns_tail PASSED [ 56%]
tests/test_parallel_session_switch.py::TestMessagePaginationBackend::test_msg_limit_larger_than_total PASSED [ 56%]
tests/test_parallel_session_switch.py::TestMessagePaginationBackend::test_msg_before_index_based_slicing PASSED [ 56%]
tests/test_parallel_session_switch.py::TestMessagePaginationBackend::test_msg_before_zero_returns_empty PASSED [ 56%]
tests/test_parallel_session_switch.py::TestMessagePaginationBackend::test_msg_before_equal_total PASSED [ 56%]
tests/test_parallel_session_switch.py::TestMessagePaginationBackend::test_truncation_flag PASSED [ 56%]
tests/test_parallel_session_switch.py::TestMessagePaginationBackend::test_truncation_flag_with_msg_before PASSED [ 56%]
tests/test_parallel_session_switch.py::TestMessagePaginationBackend::test_messages_offset_initial_load PASSED [ 56%]
tests/test_parallel_session_switch.py::TestMessagePaginationBackend::test_messages_offset_with_msg_before PASSED [ 56%]
tests/test_parallel_session_switch.py::TestMessagePaginationBackend::test_payload_size_reduction PASSED [ 56%]
tests/test_parallel_session_switch.py::TestMessagePaginationBackend::test_msg_before_bounds_clamping PASSED [ 56%]
tests/test_parallel_session_switch.py::TestMessagePaginationFrontend::test_ensure_messages_uses_msg_limit PASSED [ 56%]
tests/test_parallel_session_switch.py::TestMessagePaginationFrontend::test_truncation_tracking PASSED [ 56%]
tests/test_parallel_session_switch.py::TestMessagePaginationFrontend::test_oldest_idx_tracking PASSED [ 56%]
tests/test_parallel_session_switch.py::TestMessagePaginationFrontend::test_load_older_messages_function_exists PASSED [ 56%]
tests/test_parallel_session_switch.py::TestMessagePaginationFrontend::test_load_older_uses_index_cursor PASSED [ 56%]
tests/test_parallel_session_switch.py::TestMessagePaginationFrontend::test_ensure_all_messages_function_exists PASSED [ 56%]
tests/test_parallel_session_switch.py::TestMessagePaginationFrontend::test_scroll_to_top_triggers_loading PASSED [ 56%]
tests/test_parallel_session_switch.py::TestMessagePaginationFrontend::test_load_older_indicator_in_render PASSED [ 56%]
tests/test_parallel_session_switch.py::TestMessagePaginationFrontend::test_oldest_idx_reset_on_session_switch PASSED [ 56%]
tests/test_parallel_session_switch.py::TestSessionSwitchCancellation::test_load_older_checks_loading_session_id PASSED [ 56%]
tests/test_parallel_session_switch.py::TestSessionSwitchCancellation::test_loading_older_reset_on_session_switch PASSED [ 56%]
tests/test_parallel_session_switch.py::TestSessionSwitchCancellation::test_stale_cannot_mutate_messages PASSED [ 56%]
tests/test_parallel_session_switch.py::TestSessionSwitchCancellation::test_messages_truncated_reset_on_switch PASSED [ 56%]
tests/test_parallel_session_switch.py::TestSessionSwitchCancellation::test_oldest_idx_reset_prevents_wrong_cursor PASSED [ 57%]
tests/test_parallel_session_switch.py::TestSessionSwitchCancellation::test_load_older_compares_against_active_session_id PASSED [ 57%]
tests/test_parallel_session_switch.py::TestScrollPositionPreservation::test_uses_correct_scrollable_container PASSED [ 57%]
tests/test_parallel_session_switch.py::TestScrollPositionPreservation::test_resets_scroll_pinned_after_restore PASSED [ 57%]
tests/test_pdf_html_preview.py::TestExtensionRegexes::test_pdf_exts_regex_exists PASSED [ 57%]
tests/test_pdf_html_preview.py::TestExtensionRegexes::test_html_exts_regex_exists PASSED [ 57%]
tests/test_pdf_html_preview.py::TestExtensionRegexes::test_pdf_not_matched_by_image_exts PASSED [ 57%]
tests/test_pdf_html_preview.py::TestExtensionRegexes::test_html_not_matched_by_image_exts PASSED [ 57%]
tests/test_pdf_html_preview.py::TestPdfMediaPlaceholder::test_pdf_media_produces_placeholder_div PASSED [ 57%]
tests/test_pdf_html_preview.py::TestPdfMediaPlaceholder::test_pdf_media_uses_i18n_loading_key PASSED [ 57%]
tests/test_pdf_html_preview.py::TestHtmlMediaPlaceholder::test_html_media_produces_placeholder_div PASSED [ 57%]
tests/test_pdf_html_preview.py::TestHtmlMediaPlaceholder::test_html_media_uses_i18n_loading_key PASSED [ 57%]
tests/test_pdf_html_preview.py::TestHtmlMediaPlaceholder::test_html_iframe_has_sandbox_attribute PASSED [ 57%]
tests/test_pdf_html_preview.py::TestLoadPdfInlineFunction::test_function_exists PASSED [ 57%]
tests/test_pdf_html_preview.py::TestLoadPdfInlineFunction::test_selects_pdf_preview_load_elements PASSED [ 57%]
tests/test_pdf_html_preview.py::TestLoadPdfInlineFunction::test_fetches_via_api_media PASSED [ 57%]
tests/test_pdf_html_preview.py::TestLoadPdfInlineFunction::test_has_size_cap PASSED [ 57%]
tests/test_pdf_html_preview.py::TestLoadPdfInlineFunction::test_fallback_on_error PASSED [ 57%]
tests/test_pdf_html_preview.py::TestLoadPdfInlineFunction::test_lazy_loads_pdfjs_from_cdn PASSED [ 57%]
tests/test_pdf_html_preview.py::TestLoadPdfInlineFunction::test_pdfjs_state_variables PASSED [ 57%]
tests/test_pdf_html_preview.py::TestLoadHtmlInlineFunction::test_function_exists PASSED [ 57%]
tests/test_pdf_html_preview.py::TestLoadHtmlInlineFunction::test_selects_html_preview_load_elements PASSED [ 57%]
tests/test_pdf_html_preview.py::TestLoadHtmlInlineFunction::test_fetches_via_api_media PASSED [ 57%]
tests/test_pdf_html_preview.py::TestLoadHtmlInlineFunction::test_has_size_cap PASSED [ 57%]
tests/test_pdf_html_preview.py::TestLoadHtmlInlineFunction::test_fallback_on_error PASSED [ 57%]
tests/test_pdf_html_preview.py::TestLoadHtmlInlineFunction::test_uses_srcdoc_attribute PASSED [ 57%]
tests/test_pdf_html_preview.py::TestLoadHtmlInlineFunction::test_escapes_html_for_srcdoc PASSED [ 57%]
tests/test_pdf_html_preview.py::TestRAFIntegration::test_loadPdfInline_called_after_render PASSED [ 57%]
tests/test_pdf_html_preview.py::TestRAFIntegration::test_loadHtmlInline_called_after_render PASSED [ 57%]
tests/test_pdf_html_preview.py::TestRAFIntegration::test_initTreeViews_blocks_also_call_loaders PASSED [ 57%]
tests/test_pdf_html_preview.py::TestCSSClasses::test_pdf_preview_wrap PASSED [ 57%]
tests/test_pdf_html_preview.py::TestCSSClasses::test_pdf_preview_header PASSED [ 57%]
tests/test_pdf_html_preview.py::TestCSSClasses::test_pdf_preview_body PASSED [ 57%]
tests/test_pdf_html_preview.py::TestCSSClasses::test_pdf_preview_canvas PASSED [ 57%]
tests/test_pdf_html_preview.py::TestCSSClasses::test_pdf_preview_fallback PASSED [ 57%]
tests/test_pdf_html_preview.py::TestCSSClasses::test_pdf_download_link PASSED [ 57%]
tests/test_pdf_html_preview.py::TestCSSClasses::test_html_preview_wrap PASSED [ 57%]
tests/test_pdf_html_preview.py::TestCSSClasses::test_html_preview_header PASSED [ 57%]
tests/test_pdf_html_preview.py::TestCSSClasses::test_html_preview_iframe PASSED [ 57%]
tests/test_pdf_html_preview.py::TestCSSClasses::test_html_preview_fallback PASSED [ 57%]
tests/test_pdf_html_preview.py::TestCSSClasses::test_html_iframe_has_fixed_height PASSED [ 57%]
tests/test_pdf_html_preview.py::TestI18nKeys::test_pdf_keys_in_en PASSED [ 57%]
tests/test_pdf_html_preview.py::TestI18nKeys::test_html_keys_in_en PASSED [ 57%]
tests/test_pdf_html_preview.py::TestI18nKeys::test_pdf_keys_in_all_locales PASSED [ 57%]
tests/test_pdf_html_preview.py::TestI18nKeys::test_html_keys_in_all_locales PASSED [ 57%]
tests/test_pdf_html_preview.py::TestPdfCanvasAttachmentNotSerialized::test_pdf_does_not_serialize_canvas_via_outerhtml PASSED [ 57%]
tests/test_pdf_html_preview.py::TestPdfCanvasAttachmentNotSerialized::test_pdf_attaches_canvas_as_dom_node PASSED [ 57%]
tests/test_plugins_panel.py::TestPluginsApi::test_api_plugins_exposes_sanitized_metadata_and_hook_names PASSED [ 57%]
tests/test_plugins_panel.py::TestPluginsApi::test_api_plugins_empty_state_payload_when_no_plugins_loaded PASSED [ 58%]
tests/test_plugins_panel.py::TestPluginsApi::test_api_plugins_filters_non_visibility_hooks_and_manifest_paths PASSED [ 58%]
tests/test_plugins_panel.py::TestPluginsSettingsUi::test_settings_sidebar_has_plugins_section PASSED [ 58%]
tests/test_plugins_panel.py::TestPluginsSettingsUi::test_plugins_panel_has_list_and_empty_state PASSED [ 58%]
tests/test_plugins_panel.py::TestPluginsSettingsUi::test_plugins_panel_fetches_api_and_renders_hook_badges_safely PASSED [ 58%]
tests/test_pr1318_context_length_fallback.py::test_fallback_uses_model_metadata PASSED [ 58%]
tests/test_pr1318_context_length_fallback.py::test_fallback_gates_on_falsy_context_length PASSED [ 58%]
tests/test_pr1318_context_length_fallback.py::test_fallback_passes_model_and_base_url PASSED [ 58%]
tests/test_pr1318_context_length_fallback.py::test_fallback_exception_is_swallowed PASSED [ 58%]
tests/test_pr1318_context_length_fallback.py::test_fallback_runs_before_save PASSED [ 58%]
tests/test_pr1318_context_length_fallback.py::test_fallback_assigns_context_length_when_resolved PASSED [ 58%]
tests/test_pr1339_fallback_providers_list.py::test_fallback_handles_both_dict_and_list_config PASSED [ 58%]
tests/test_pr1339_fallback_providers_list.py::test_fallback_list_iteration_picks_first_valid_entry PASSED [ 58%]
tests/test_pr1339_fallback_providers_list.py::test_fallback_resolved_initialized_to_none PASSED [ 58%]
tests/test_pr1341_context_window_persistence.py::test_streaming_persists_context_fields_on_session_before_save PASSED [ 58%]
tests/test_pr1341_context_window_persistence.py::test_session_init_accepts_context_fields PASSED [ 58%]
tests/test_pr1341_context_window_persistence.py::test_session_metadata_fields_includes_context_fields PASSED [ 58%]
tests/test_pr1341_context_window_persistence.py::test_session_compact_exposes_context_fields PASSED [ 58%]
tests/test_pr1341_context_window_persistence.py::test_routes_session_get_returns_context_fields PASSED [ 58%]
tests/test_pr1341_context_window_persistence.py::test_session_round_trip_persists_context_fields PASSED [ 58%]
tests/test_pr1350_sse_atomic_subscribe.py::test_snapshot_taken_under_lock PASSED [ 58%]
tests/test_pr1350_sse_atomic_subscribe.py::test_subscriber_registered_inside_lock PASSED [ 58%]
tests/test_pr1350_sse_atomic_subscribe.py::test_subscribe_before_snapshot_in_lock PASSED [ 58%]
tests/test_pr1350_sse_atomic_subscribe.py::test_no_double_subscribe_outside_lock PASSED [ 58%]
tests/test_pr1350_sse_notify_correctness.py::TestParallelApprovalsHeadFidelity::test_second_submit_pending_sends_head_not_tail PASSED [ 58%]
tests/test_pr1350_sse_notify_correctness.py::TestRespondNotifiesTrailingApproval::test_respond_to_first_pushes_second_as_new_head PASSED [ 58%]
tests/test_pr1350_sse_notify_correctness.py::TestRespondNotifiesTrailingApproval::test_respond_to_only_pending_pushes_empty_state PASSED [ 58%]
tests/test_pr1350_sse_notify_correctness.py::TestNotifyOrderUnderContention::test_pending_count_is_monotonic_under_contention PASSED [ 58%]
tests/test_pr1355_sse_handler_no_deadlock.py::test_handler_snapshot_does_not_deadlock_when_queue_is_empty PASSED [ 58%]
tests/test_pr1355_sse_handler_no_deadlock.py::test_handler_snapshot_does_not_deadlock_when_queue_has_entry PASSED [ 58%]
tests/test_pr1355_sse_handler_no_deadlock.py::test_routes_handler_does_not_call_get_pending_under_lock PASSED [ 58%]
tests/test_pr1366_finalize_thinking_card_guard.py::test_finalize_thinking_card_guard_exists PASSED [ 58%]
tests/test_pr1366_finalize_thinking_card_guard.py::test_live_turn_creation_sites_stamp_session_id PASSED [ 58%]
tests/test_pr1366_finalize_thinking_card_guard.py::test_at_least_three_live_turn_sites PASSED [ 58%]
tests/test_pr1370_lineage_metadata_perf_and_orphan.py::test_does_not_full_scan_sessions_table PASSED [ 58%]
tests/test_pr1370_lineage_metadata_perf_and_orphan.py::test_orphan_parent_reference_not_exposed_in_metadata PASSED [ 58%]
tests/test_pr1370_lineage_metadata_perf_and_orphan.py::test_cycle_in_parent_chain_terminates PASSED [ 58%]
tests/test_pr1370_lineage_metadata_perf_and_orphan.py::test_chain_walk_returns_correct_root_for_real_compression_chain PASSED [ 58%]
tests/test_pr1370_lineage_metadata_perf_and_orphan.py::test_in_clause_chunked_for_large_session_set PASSED [ 58%]
tests/test_pr1370_lineage_metadata_perf_and_orphan.py::test_two_children_sharing_non_continuation_parent_not_collapsed PASSED [ 58%]
tests/test_pr1370_lineage_metadata_perf_and_orphan.py::test_non_compression_parent_does_not_extend_lineage PASSED [ 58%]
tests/test_pr1375_partial_tool_calls_sanitize.py::test_partial_tool_calls_field_not_forwarded_to_llm PASSED [ 58%]
tests/test_pr1375_partial_tool_calls_sanitize.py::test_legitimate_tool_calls_are_preserved_for_completed_turns PASSED [ 58%]
tests/test_pr1441_ime_safari_guard.py::test_ime_helper_function_exists PASSED [ 58%]
tests/test_pr1441_ime_safari_guard.py::test_compositionstart_sets_manual_flag PASSED [ 58%]
tests/test_pr1441_ime_safari_guard.py::test_compositionend_resets_flag_on_next_tick PASSED [ 58%]
tests/test_pr1441_ime_safari_guard.py::test_blur_resets_imecomposing_flag PASSED [ 58%]
tests/test_pr1441_ime_safari_guard.py::test_ime_listeners_null_guard_msg_lookup PASSED [ 58%]
tests/test_pr1441_ime_safari_guard.py::test_chat_send_enter_uses_helper PASSED [ 58%]
tests/test_pr1441_ime_safari_guard.py::test_dropdown_enter_uses_helper PASSED [ 59%]
tests/test_pr1445_opus_followups.py::test_fully_unquote_handles_quadruple_encoded PASSED [ 59%]
tests/test_pr1445_opus_followups.py::test_quadruple_encoded_traversal_url_now_rejected PASSED [ 59%]
tests/test_pr1445_opus_followups.py::test_url_list_caps_at_max PASSED    [ 59%]
tests/test_pr1445_opus_followups.py::test_url_list_logs_rejected_urls_once PASSED [ 59%]
tests/test_pr1445_opus_followups.py::test_expanded_mime_map_serves_fonts_and_wasm PASSED [ 59%]
tests/test_profile_default_workspace_823.py::TestProfileDefaultWorkspacePersistence::test_new_session_does_not_null_profile_default_workspace PASSED [ 59%]
tests/test_profile_default_workspace_823.py::TestProfileDefaultWorkspacePersistence::test_new_session_uses_dedicated_switch_workspace_flag PASSED [ 59%]
tests/test_profile_default_workspace_823.py::TestProfileDefaultWorkspacePersistence::test_new_session_still_inherits_default_workspace PASSED [ 59%]
tests/test_profile_default_workspace_823.py::TestProfileSwitchWorkspaceSetter::test_panels_sets_profile_switch_workspace PASSED [ 59%]
tests/test_profile_default_workspace_823.py::TestProfileSwitchWorkspaceSetter::test_panels_still_sets_profile_default_workspace PASSED [ 59%]
tests/test_profile_default_workspace_823.py::TestProfileSwitchWorkspaceSetter::test_both_set_together_in_same_block PASSED [ 59%]
tests/test_profile_default_workspace_823.py::TestProfileSwitchWorkspaceSetter::test_switch_to_workspace_clears_profile_switch_workspace PASSED [ 59%]
tests/test_profile_default_workspace_823.py::TestBlankPageAfterSessionDelete::test_sync_workspace_displays_reads_profile_default PASSED [ 59%]
tests/test_profile_default_workspace_823.py::TestBlankPageAfterSessionDelete::test_prompt_new_file_reads_profile_default PASSED [ 59%]
tests/test_profile_env_isolation.py::test_profile_switch_clears_previous_profile_env_vars PASSED [ 59%]
tests/test_profile_env_isolation.py::test_profile_switch_replaces_overlapping_keys PASSED [ 59%]
tests/test_profile_path_security.py::test_switch_profile_rejects_path_traversal PASSED [ 59%]
tests/test_profile_path_security.py::test_delete_profile_rejects_path_traversal PASSED [ 59%]
tests/test_profile_path_security.py::test_switch_profile_allows_valid_profile_name PASSED [ 59%]
tests/test_profile_switch_1200.py::test_switch_profile_returns_target_workspace_not_current PASSED [ 59%]
tests/test_profile_switch_1200.py::test_switch_profile_uses_last_workspace_txt_over_config PASSED [ 59%]
tests/test_profile_switch_1200.py::test_switch_profile_process_wide_false_returns_correct_model PASSED [ 59%]
tests/test_profile_switch_1200.py::test_profile_switch_route_invalidates_models_cache PASSED [ 59%]
tests/test_profile_switch_1200.py::test_syncTopbar_early_return_updates_profile_chip PASSED [ 59%]
tests/test_profile_switch_1200.py::test_regression_switch_profile_default_workspace_not_from_process_global PASSED [ 59%]
tests/test_profile_switch_1200.py::test_regression_models_cache_cleared_on_profile_switch PASSED [ 59%]
tests/test_profile_switch_1200.py::test_regression_synctopbar_early_return_updates_profile_chip PASSED [ 59%]
tests/test_profile_switch_1200.py::test_regression_switch_profile_returns_target_model PASSED [ 59%]
tests/test_profile_switch_1200.py::test_get_config_reloads_when_request_profile_changes PASSED [ 59%]
tests/test_profile_switch_1200.py::test_chat_start_retags_empty_session_to_request_profile PASSED [ 59%]
tests/test_profile_switch_1200.py::test_chat_start_does_not_retag_non_empty_session PASSED [ 59%]
tests/test_profile_switch_1200.py::test_chat_start_rejects_invalid_request_profile PASSED [ 59%]
tests/test_profile_switch_ux.py::TestProfileSwitchSpinner::test_switching_class_added_on_start PASSED [ 59%]
tests/test_profile_switch_ux.py::TestProfileSwitchSpinner::test_switching_class_removed_in_finally PASSED [ 59%]
tests/test_profile_switch_ux.py::TestProfileSwitchSpinner::test_optimistic_name_set_before_api_call PASSED [ 59%]
tests/test_profile_switch_ux.py::TestProfileSwitchSpinner::test_chip_disabled_during_switch PASSED [ 59%]
tests/test_profile_switch_ux.py::TestProfileSwitchSpinner::test_error_reverts_chip_label_to_previous_name PASSED [ 59%]
tests/test_profile_switch_ux.py::TestParallelizedFetches::test_populate_and_workspace_in_promise_all PASSED [ 59%]
tests/test_profile_switch_ux.py::TestParallelizedFetches::test_no_sequential_await_pattern PASSED [ 59%]
tests/test_profile_switch_ux.py::TestParallelizedFetches::test_apply_steps_after_promise_all PASSED [ 59%]
tests/test_profile_switch_ux.py::TestSpinnerCss::test_switching_class_defined PASSED [ 59%]
tests/test_profile_switch_ux.py::TestSpinnerCss::test_switching_class_has_cursor_wait PASSED [ 59%]
tests/test_profile_switch_ux.py::TestSpinnerCss::test_switching_class_has_pointer_events_none PASSED [ 59%]
tests/test_profile_terminal_env.py::test_profile_runtime_env_includes_terminal_config_and_dotenv PASSED [ 59%]
tests/test_profile_terminal_env.py::test_streaming_applies_profile_runtime_env_to_agent_run PASSED [ 59%]
tests/test_profile_terminal_env.py::test_streaming_thread_env_allows_profile_terminal_cwd_override PASSED [ 59%]
tests/test_profile_terminal_env.py::test_streaming_thread_env_preserves_pythonpath_for_shell_packages PASSED [ 59%]
tests/test_project_chip_ui.py::TestContextMenuBackground::test_panel_variable_not_defined_in_stylesheet PASSED [ 60%]
tests/test_project_chip_ui.py::TestContextMenuBackground::test_context_menu_uses_surface_not_panel PASSED [ 60%]
tests/test_project_chip_ui.py::TestContextMenuBackground::test_session_action_menu_also_uses_surface_for_consistency PASSED [ 60%]
tests/test_project_chip_ui.py::TestProjectCreateInputWidth::test_no_hardcoded_100px_width PASSED [ 60%]
tests/test_project_chip_ui.py::TestProjectCreateInputWidth::test_min_and_max_width_present PASSED [ 60%]
tests/test_project_chip_ui.py::TestResizeProjectInputHelper::test_resize_helper_defined PASSED [ 60%]
tests/test_project_chip_ui.py::TestResizeProjectInputHelper::test_resize_helper_uses_hidden_span PASSED [ 60%]
tests/test_project_chip_ui.py::TestResizeProjectInputHelper::test_rename_calls_resize_helper PASSED [ 60%]
tests/test_project_chip_ui.py::TestResizeProjectInputHelper::test_create_calls_resize_helper PASSED [ 60%]
tests/test_provider_management.py::TestGetProviders::test_returns_list_of_known_providers PASSED [ 60%]
tests/test_provider_management.py::TestGetProviders::test_provider_entries_have_required_fields PASSED [ 60%]
tests/test_provider_management.py::TestGetProviders::test_oauth_providers_not_configurable PASSED [ 60%]
tests/test_provider_management.py::TestGetProviders::test_openai_codex_provider_card_prefers_live_catalog PASSED [ 60%]
tests/test_provider_management.py::TestSetProviderKey::test_set_key_writes_to_env_file PASSED [ 60%]
tests/test_provider_management.py::TestSetProviderKey::test_remove_key_deletes_from_env_file PASSED [ 60%]
tests/test_provider_management.py::TestSetProviderKey::test_oauth_provider_rejected PASSED [ 60%]
tests/test_provider_management.py::TestSetProviderKey::test_short_key_rejected PASSED [ 60%]
tests/test_provider_management.py::TestSetProviderKey::test_empty_provider_id_rejected PASSED [ 60%]
tests/test_provider_management.py::TestSetProviderKey::test_newline_in_key_rejected PASSED [ 60%]
tests/test_provider_management.py::TestRemoveProviderKey::test_clean_provider_key_uses_late_bound_config_path PASSED [ 60%]
tests/test_provider_management.py::TestRemoveProviderKey::test_remove_provider_key_calls_set_with_none PASSED [ 60%]
tests/test_provider_management.py::TestProvidersEndpoints::test_get_providers_returns_200 PASSED [ 60%]
tests/test_provider_management.py::TestProvidersEndpoints::test_post_provider_set_key PASSED [ 60%]
tests/test_provider_management.py::TestProvidersEndpoints::test_post_provider_remove_key PASSED [ 60%]
tests/test_provider_management.py::TestProvidersEndpoints::test_post_provider_delete PASSED [ 60%]
tests/test_provider_management.py::TestProvidersEndpoints::test_post_provider_missing_id PASSED [ 60%]
tests/test_provider_management.py::TestProvidersEndpoints::test_post_provider_delete_missing_id PASSED [ 60%]
tests/test_provider_management.py::TestIssue1410OllamaEnvVarBleed::test_ollama_local_not_configured_when_only_cloud_env_var_set PASSED [ 60%]
tests/test_provider_management.py::TestIssue1410OllamaEnvVarBleed::test_ollama_local_still_configured_via_config_yaml PASSED [ 60%]
tests/test_provider_mismatch.py::TestStreamingAuthErrorDetection::test_auth_mismatch_type_defined_in_streaming PASSED [ 60%]
tests/test_provider_mismatch.py::TestStreamingAuthErrorDetection::test_is_auth_error_flag_defined PASSED [ 60%]
tests/test_provider_mismatch.py::TestStreamingAuthErrorDetection::test_auth_error_detects_401 PASSED [ 60%]
tests/test_provider_mismatch.py::TestStreamingAuthErrorDetection::test_auth_error_detects_unauthorized PASSED [ 60%]
tests/test_provider_mismatch.py::TestStreamingAuthErrorDetection::test_auth_error_hint_mentions_hermes_model PASSED [ 60%]
tests/test_provider_mismatch.py::TestStreamingAuthErrorDetection::test_auth_error_does_not_catch_rate_limit PASSED [ 60%]
tests/test_provider_mismatch.py::TestCheckProviderMismatch::test_function_defined PASSED [ 60%]
tests/test_provider_mismatch.py::TestCheckProviderMismatch::test_uses_window_active_provider PASSED [ 60%]
tests/test_provider_mismatch.py::TestCheckProviderMismatch::test_skips_check_for_openrouter PASSED [ 60%]
tests/test_provider_mismatch.py::TestCheckProviderMismatch::test_skips_check_for_custom PASSED [ 60%]
tests/test_provider_mismatch.py::TestCheckProviderMismatch::test_active_provider_stored_on_model_load PASSED [ 60%]
tests/test_provider_mismatch.py::TestApperrorHandler::test_auth_mismatch_type_handled PASSED [ 60%]
tests/test_provider_mismatch.py::TestApperrorHandler::test_provider_mismatch_label PASSED [ 60%]
tests/test_provider_mismatch.py::TestApperrorHandler::test_is_auth_mismatch_variable PASSED [ 60%]
tests/test_provider_mismatch.py::TestI18nProviderMismatch::test_all_locales_have_warning_key PASSED [ 60%]
tests/test_provider_mismatch.py::TestI18nProviderMismatch::test_all_locales_have_label_key PASSED [ 60%]
tests/test_provider_mismatch.py::TestI18nProviderMismatch::test_warning_is_function_in_en PASSED [ 60%]
tests/test_provider_mismatch.py::TestI18nProviderMismatch::test_spanish_locale_key_coverage PASSED [ 60%]
tests/test_provider_mismatch.py::TestBootModelSelectChange::test_onchange_calls_check_function PASSED [ 60%]
tests/test_provider_mismatch.py::TestBootModelSelectChange::test_onchange_shows_toast_on_mismatch PASSED [ 61%]
tests/test_provider_mismatch.py::test_api_models_includes_active_provider PASSED [ 61%]
tests/test_provider_mismatch.py::test_codex_provider_qualified_model_routes_to_codex_not_openrouter PASSED [ 61%]
tests/test_provider_mismatch.py::test_default_model_save_persists_codex_provider_for_qualified_model PASSED [ 61%]
tests/test_provider_mismatch.py::test_active_codex_at_provider_session_model_preserved PASSED [ 61%]
tests/test_provider_mismatch.py::test_bare_codex_gpt_session_model_gets_separate_provider_context PASSED [ 61%]
tests/test_provider_mismatch.py::test_session_model_normalizer_keeps_bare_codex_model_and_saves_provider PASSED [ 61%]
tests/test_provider_mismatch.py::test_bare_codex_gpt_runtime_bridge_routes_to_codex PASSED [ 61%]
tests/test_provider_mismatch.py::test_non_openrouter_slash_model_provider_context_stays_unqualified PASSED [ 61%]
tests/test_provider_mismatch.py::test_api_session_new_persists_model_provider_context PASSED [ 61%]
tests/test_provider_mismatch.py::test_explicit_openrouter_selection_supported_with_codex_base_url PASSED [ 61%]
tests/test_provider_mismatch.py::test_real_provider_custom_base_url_slash_model_stays_on_configured_endpoint PASSED [ 61%]
tests/test_provider_mismatch.py::test_bare_gemini_session_model_normalizes_to_active_provider_default PASSED [ 61%]
tests/test_provider_mismatch.py::test_prefixed_google_session_model_normalizes_to_active_provider_default PASSED [ 61%]
tests/test_provider_mismatch.py::test_legacy_at_provider_session_model_normalizes_when_provider_hidden PASSED [ 61%]
tests/test_provider_mismatch.py::test_active_at_provider_session_model_preserved_with_hint PASSED [ 61%]
tests/test_provider_mismatch.py::test_routable_non_active_at_provider_session_model_is_preserved PASSED [ 61%]
tests/test_provider_mismatch.py::test_issue1253_duplicate_model_id_active_provider_hint_preserved PASSED [ 61%]
tests/test_provider_mismatch.py::test_named_custom_provider_hint_with_colon_is_preserved PASSED [ 61%]
tests/test_provider_mismatch.py::test_issue1734_stale_openai_slash_session_model_repairs_to_codex PASSED [ 61%]
tests/test_provider_mismatch.py::test_issue1734_chat_start_persists_repaired_codex_provider PASSED [ 61%]
tests/test_provider_mismatch.py::test_stale_at_provider_model_falls_back_when_family_mismatches PASSED [ 61%]
tests/test_provider_mismatch.py::test_google_active_provider_keeps_valid_gemini_session_model PASSED [ 61%]
tests/test_provider_mismatch.py::test_session_model_normalizer_persists_corrected_model PASSED [ 61%]
tests/test_provider_mismatch.py::test_session_model_display_resolver_is_read_only PASSED [ 61%]
tests/test_provider_mismatch.py::test_api_session_is_side_effect_free_for_stale_models PASSED [ 61%]
tests/test_provider_mismatch.py::TestModelSwitchToast::test_toast_in_model_select_onchange PASSED [ 61%]
tests/test_provider_mismatch.py::TestModelSwitchToast::test_toast_is_not_gated_on_messages_length PASSED [ 61%]
tests/test_provider_mismatch.py::TestModelSwitchToast::test_toast_uses_show_toast_not_alert PASSED [ 61%]
tests/test_provider_mismatch.py::TestModelSwitchToast::test_toast_has_typeof_showtoast_guard PASSED [ 61%]
tests/test_provider_mismatch.py::TestChatStartEffectiveModelRecovery::test_send_applies_effective_model_from_chat_start PASSED [ 61%]
tests/test_provider_mismatch.py::TestFrontendModelProviderState::test_boot_session_update_sends_model_provider PASSED [ 61%]
tests/test_provider_mismatch.py::TestFrontendModelProviderState::test_new_session_sends_model_provider PASSED [ 61%]
tests/test_provider_mismatch.py::TestFrontendModelProviderState::test_ui_has_json_model_state_storage PASSED [ 61%]
tests/test_provider_mismatch.py::test_unknown_prefix_model_passes_through_unchanged PASSED [ 61%]
tests/test_provider_mismatch.py::test_empty_model_session_does_not_trigger_save PASSED [ 61%]
tests/test_provider_mismatch.py::test_stale_openai_model_cleared_for_custom_only_provider PASSED [ 61%]
tests/test_provider_mismatch.py::test_stale_openai_model_cleared_for_custom_provider_with_default PASSED [ 61%]
tests/test_provider_mismatch.py::test_openrouter_model_preserved_when_openrouter_group_present PASSED [ 61%]
tests/test_provider_mismatch.py::test_custom_namespace_model_always_preserved_on_custom_provider PASSED [ 61%]
tests/test_provider_mismatch.py::test_stale_ui_js_does_not_inject_unavailable_option PASSED [ 61%]
tests/test_provider_quota_status.py::test_openrouter_quota_fetches_key_endpoint_and_sanitizes_response PASSED [ 61%]
tests/test_provider_quota_status.py::test_openrouter_quota_no_key_returns_safe_no_key_without_network PASSED [ 61%]
tests/test_provider_quota_status.py::test_openrouter_quota_invalid_key_and_timeout_are_sanitized PASSED [ 61%]
tests/test_provider_quota_status.py::test_unsupported_provider_reports_followup_state PASSED [ 61%]
tests/test_provider_quota_status.py::test_codex_account_usage_is_fetched_under_active_profile_home PASSED [ 61%]
tests/test_provider_quota_status.py::test_codex_account_usage_unavailable_is_sanitized PASSED [ 61%]
tests/test_provider_quota_status.py::test_anthropic_oauth_usage_unavailable_reason_is_reported PASSED [ 61%]
tests/test_provider_quota_status.py::test_provider_quota_route_is_registered PASSED [ 61%]
tests/test_provider_quota_status.py::test_provider_quota_card_is_rendered_in_providers_panel PASSED [ 62%]
tests/test_provider_quota_status.py::test_provider_quota_styles_exist PASSED [ 62%]
tests/test_pwa_manifest_csp.py::TestManifestSrcCSP::test_manifest_src_self_present PASSED [ 62%]
tests/test_pwa_manifest_csp.py::TestManifestSrcCSP::test_manifest_src_is_explicit_not_just_default PASSED [ 62%]
tests/test_pwa_manifest_csp.py::TestManifestSrcCSP::test_existing_directives_unchanged PASSED [ 62%]
tests/test_pwa_manifest_sw.py::TestManifest::test_manifest_is_valid_json PASSED [ 62%]
tests/test_pwa_manifest_sw.py::TestManifest::test_manifest_has_required_pwa_fields PASSED [ 62%]
tests/test_pwa_manifest_sw.py::TestManifest::test_manifest_icons_reference_existing_files PASSED [ 62%]
tests/test_pwa_manifest_sw.py::TestServiceWorker::test_sw_has_cache_version_placeholder PASSED [ 62%]
tests/test_pwa_manifest_sw.py::TestServiceWorker::test_sw_js_has_no_merge_conflict_markers PASSED [ 62%]
tests/test_pwa_manifest_sw.py::TestServiceWorker::test_sw_bypasses_api_and_stream PASSED [ 62%]
tests/test_pwa_manifest_sw.py::TestServiceWorker::test_sw_offline_fallback_awaits_caches_match PASSED [ 62%]
tests/test_pwa_manifest_sw.py::TestServiceWorker::test_sw_never_caches_api_responses PASSED [ 62%]
tests/test_pwa_manifest_sw.py::TestPWARoutes::test_manifest_route_serves_correct_content_type PASSED [ 62%]
tests/test_pwa_manifest_sw.py::TestPWARoutes::test_sw_route_injects_cache_version PASSED [ 62%]
tests/test_pwa_manifest_sw.py::TestPWARoutes::test_sw_route_url_encodes_cache_version PASSED [ 62%]
tests/test_pwa_manifest_sw.py::TestPWARoutes::test_sw_route_sets_service_worker_allowed PASSED [ 62%]
tests/test_pwa_manifest_sw.py::TestIndexHtmlIntegration::test_index_links_manifest PASSED [ 62%]
tests/test_pwa_manifest_sw.py::TestIndexHtmlIntegration::test_index_registers_service_worker PASSED [ 62%]
tests/test_pwa_manifest_sw.py::TestIndexHtmlIntegration::test_index_uses_version_placeholders_for_static_assets PASSED [ 62%]
tests/test_pwa_manifest_sw.py::TestIndexHtmlIntegration::test_index_versions_stylesheet PASSED [ 62%]
tests/test_pwa_manifest_sw.py::TestIndexHtmlIntegration::test_sw_shell_assets_match_versioned_asset_urls PASSED [ 62%]
tests/test_pwa_manifest_sw.py::TestIndexHtmlIntegration::test_index_route_url_encodes_asset_version PASSED [ 62%]
tests/test_pwa_manifest_sw.py::TestIndexHtmlIntegration::test_index_sw_registration_uses_relative_path PASSED [ 62%]
tests/test_pwa_manifest_sw.py::TestIndexHtmlIntegration::test_index_has_ios_pwa_meta_tags PASSED [ 62%]
tests/test_pytest_config_isolation.py::test_pytest_overrides_inherited_hermes_config_path PASSED [ 62%]
tests/test_pytest_state_isolation.py::test_api_config_uses_pytest_state_dir PASSED [ 62%]
tests/test_quote_entity_mangling.py::TestAlStashSourceFix::test_al_stash_includes_pre_pattern PASSED [ 62%]
tests/test_quote_entity_mangling.py::TestAlStashSourceFix::test_al_stash_pre_regex_uses_lazy_dotall PASSED [ 62%]
tests/test_quote_entity_mangling.py::TestAlStashSourceFix::test_al_stash_still_covers_a_and_img PASSED [ 62%]
tests/test_quote_entity_mangling.py::TestAlStashSourceFix::test_js_syntax_valid PASSED [ 62%]
tests/test_quote_entity_mangling.py::TestCodeBlockQuotedUrlFixed::test_no_amp_quot_in_code_block_url PASSED [ 62%]
tests/test_quote_entity_mangling.py::TestCodeBlockQuotedUrlFixed::test_no_a_tag_injected_inside_pre PASSED [ 62%]
tests/test_quote_entity_mangling.py::TestCodeBlockQuotedUrlFixed::test_copy_text_shows_correct_url PASSED [ 62%]
tests/test_quote_entity_mangling.py::TestCodeBlockQuotedUrlFixed::test_python_code_block_not_mangled PASSED [ 62%]
tests/test_quote_entity_mangling.py::TestCodeBlockQuotedUrlFixed::test_bash_code_block_not_mangled PASSED [ 62%]
tests/test_quote_entity_mangling.py::TestCodeBlockQuotedUrlFixed::test_buggy_pipeline_does_mangle PASSED [ 62%]
tests/test_quote_entity_mangling.py::TestCodeBlockQuotedUrlFixed::test_buggy_pipeline_does_inject_a_in_pre PASSED [ 62%]
tests/test_quote_entity_mangling.py::TestNonCodeAutolinkUnaffected::test_bare_url_in_paragraph_still_autolinks PASSED [ 62%]
tests/test_quote_entity_mangling.py::TestNonCodeAutolinkUnaffected::test_url_in_paragraph_does_not_double_escape PASSED [ 62%]
tests/test_quote_entity_mangling.py::TestNonCodeAutolinkUnaffected::test_multiple_urls_in_paragraph_all_autolinked PASSED [ 62%]
tests/test_quote_entity_mangling.py::TestNonCodeAutolinkUnaffected::test_pre_block_restored_intact PASSED [ 62%]
tests/test_quote_entity_mangling.py::TestNonCodeAutolinkUnaffected::test_code_block_and_bare_url_in_same_message PASSED [ 62%]
tests/test_quote_entity_mangling.py::TestSanitizerUnaffected::test_script_tag_in_code_block_escaped PASSED [ 62%]
tests/test_quote_entity_mangling.py::TestSanitizerUnaffected::test_untrusted_tag_outside_code_escaped_by_safe_tags PASSED [ 62%]
tests/test_quote_entity_mangling.py::TestSanitizerUnaffected::test_javascript_url_not_autolinked PASSED [ 62%]
tests/test_real_steer.py::TestHandleChatSteerHappyPath::test_accepts_when_agent_cached_and_running PASSED [ 62%]
tests/test_real_steer.py::TestHandleChatSteerFallbacks::test_no_cached_agent PASSED [ 62%]
tests/test_real_steer.py::TestHandleChatSteerFallbacks::test_agent_lacks_steer_method PASSED [ 63%]
tests/test_real_steer.py::TestHandleChatSteerFallbacks::test_session_not_found PASSED [ 63%]
tests/test_real_steer.py::TestHandleChatSteerFallbacks::test_session_not_running PASSED [ 63%]
tests/test_real_steer.py::TestHandleChatSteerFallbacks::test_stream_dead PASSED [ 63%]
tests/test_real_steer.py::TestHandleChatSteerFallbacks::test_steer_raises PASSED [ 63%]
tests/test_real_steer.py::TestHandleChatSteerInputValidation::test_missing_session_id PASSED [ 63%]
tests/test_real_steer.py::TestHandleChatSteerInputValidation::test_missing_text PASSED [ 63%]
tests/test_real_steer.py::TestHandleChatSteerInputValidation::test_empty_text_after_strip PASSED [ 63%]
tests/test_real_steer.py::TestRouting::test_route_registered PASSED      [ 63%]
tests/test_real_steer.py::TestFrontendWiring::test_cmd_steer_calls_endpoint PASSED [ 63%]
tests/test_real_steer.py::TestFrontendWiring::test_try_steer_calls_endpoint PASSED [ 63%]
tests/test_real_steer.py::TestFrontendWiring::test_try_steer_handles_fallback PASSED [ 63%]
tests/test_real_steer.py::TestFrontendWiring::test_send_busy_steer_uses_try_steer PASSED [ 63%]
tests/test_real_steer.py::TestFrontendWiring::test_pending_steer_leftover_listener PASSED [ 63%]
tests/test_real_steer.py::TestI18nKeys::test_cmd_steer_delivered_in_all_locales PASSED [ 63%]
tests/test_real_steer.py::TestI18nKeys::test_steer_leftover_queued_in_all_locales PASSED [ 63%]
tests/test_real_steer.py::TestLeftoverDelivery::test_leftover_drain_call_in_streaming PASSED [ 63%]
tests/test_real_steer.py::TestLeftoverDelivery::test_leftover_drain_runs_before_done_event PASSED [ 63%]
tests/test_reasoning_chip_btw_fixes.py::TestReasoningDropdownEscapesComposerLeft::test_dropdown_lives_outside_composer_left PASSED [ 63%]
tests/test_reasoning_chip_btw_fixes.py::TestReasoningDropdownEscapesComposerLeft::test_dropdown_is_sibling_of_other_composer_dropdowns PASSED [ 63%]
tests/test_reasoning_chip_btw_fixes.py::TestReasoningChipIcon::test_chip_button_contains_svg_with_currentColor PASSED [ 63%]
tests/test_reasoning_chip_btw_fixes.py::TestReasoningChipIcon::test_apply_reasoning_chip_label_has_no_emoji PASSED [ 63%]
tests/test_reasoning_chip_btw_fixes.py::TestReasoningChipNoneState::test_none_and_default_do_not_hide_reasoning_chip PASSED [ 63%]
tests/test_reasoning_chip_btw_fixes.py::TestReasoningChipNoneState::test_none_and_default_have_visible_labels PASSED [ 63%]
tests/test_reasoning_chip_btw_fixes.py::TestReasoningChipNoneState::test_none_and_default_are_visually_inactive_not_missing PASSED [ 63%]
tests/test_reasoning_chip_btw_fixes.py::TestReasoningCommandUpdatesChip::test_cmd_reasoning_calls_apply_not_sync PASSED [ 63%]
tests/test_reasoning_chip_btw_fixes.py::TestBtwStreamDoneGuard::test_stream_done_flag_declared PASSED [ 63%]
tests/test_reasoning_chip_btw_fixes.py::TestBtwStreamDoneGuard::test_stream_done_set_in_done_handler PASSED [ 63%]
tests/test_reasoning_chip_btw_fixes.py::TestBtwStreamDoneGuard::test_onerror_gated_on_stream_done PASSED [ 63%]
tests/test_reasoning_chip_btw_fixes.py::TestBtwStreamDoneGuard::test_ensure_btw_row_called_in_done PASSED [ 63%]
tests/test_reasoning_chip_btw_fixes.py::TestBtwStreamDoneGuard::test_ensure_btw_row_gated_on_session_match PASSED [ 63%]
tests/test_reasoning_chip_btw_fixes.py::TestBtwStreamDoneGuard::test_stream_done_set_before_close_in_done PASSED [ 63%]
tests/test_reasoning_chip_btw_fixes.py::TestBtwStreamDoneGuard::test_stream_done_set_before_close_in_apperror PASSED [ 63%]
tests/test_reasoning_chip_btw_fixes.py::TestBtwStreamDoneGuard::test_stream_end_sets_stream_done PASSED [ 63%]
tests/test_reasoning_chip_btw_fixes.py::TestResizeHandlerSymmetry::test_resize_repositions_reasoning_dropdown PASSED [ 63%]
tests/test_reasoning_chip_js_behaviour.py::TestChipAlwaysVisible::test_empty_string_shows_chip_with_default_label PASSED [ 63%]
tests/test_reasoning_chip_js_behaviour.py::TestChipAlwaysVisible::test_null_shows_chip_with_default_label PASSED [ 63%]
tests/test_reasoning_chip_js_behaviour.py::TestChipAlwaysVisible::test_none_shows_chip_with_none_label PASSED [ 63%]
tests/test_reasoning_chip_js_behaviour.py::TestChipAlwaysVisible::test_low_shows_chip_active PASSED [ 63%]
tests/test_reasoning_chip_js_behaviour.py::TestChipAlwaysVisible::test_high_shows_chip_active PASSED [ 63%]
tests/test_reasoning_chip_js_behaviour.py::TestNormalizationEdgeCases::test_uppercase_normalises PASSED [ 63%]
tests/test_reasoning_chip_js_behaviour.py::TestNormalizationEdgeCases::test_whitespace_trimmed PASSED [ 63%]
tests/test_reasoning_chip_js_behaviour.py::TestNormalizationEdgeCases::test_unknown_value_falls_through_visible PASSED [ 63%]
tests/test_reasoning_chip_js_behaviour.py::TestTitleAttributeAccessibility::test_title_has_default_label_for_unset PASSED [ 63%]
tests/test_reasoning_chip_js_behaviour.py::TestTitleAttributeAccessibility::test_title_has_none_label_for_none PASSED [ 63%]
tests/test_reasoning_chip_js_behaviour.py::TestTitleAttributeAccessibility::test_title_has_active_label_for_high PASSED [ 63%]
tests/test_reasoning_show_hide.py::TestShowThinkingConfig::test_show_thinking_in_defaults PASSED [ 63%]
tests/test_reasoning_show_hide.py::TestShowThinkingConfig::test_show_thinking_in_bool_keys PASSED [ 63%]
tests/test_reasoning_show_hide.py::TestBootJsShowThinking::test_settings_path_initialises_show_thinking PASSED [ 63%]
tests/test_reasoning_show_hide.py::TestBootJsShowThinking::test_fallback_path_initialises_show_thinking_true PASSED [ 64%]
tests/test_reasoning_show_hide.py::TestUiJsThinkingGate::test_thinking_card_gated_in_render_messages PASSED [ 64%]
tests/test_reasoning_show_hide.py::TestMessagesJsLiveThinkingGate::test_live_thinking_gated PASSED [ 64%]
tests/test_reasoning_show_hide.py::TestReasoningCommand::test_reasoning_in_commands_array PASSED [ 64%]
tests/test_reasoning_show_hide.py::TestReasoningCommand::test_reasoning_subargs_include_show_hide PASSED [ 64%]
tests/test_reasoning_show_hide.py::TestReasoningCommand::test_reasoning_not_only_in_subarg_sources PASSED [ 64%]
tests/test_reasoning_show_hide.py::TestReasoningCommand::test_cmd_reasoning_function_exists PASSED [ 64%]
tests/test_reasoning_show_hide.py::TestReasoningCommand::test_cmd_reasoning_handles_show PASSED [ 64%]
tests/test_reasoning_show_hide.py::TestReasoningCommand::test_cmd_reasoning_handles_hide PASSED [ 64%]
tests/test_reasoning_show_hide.py::TestReasoningCommand::test_cmd_reasoning_i18n_key_exists PASSED [ 64%]
tests/test_reasoning_show_hide.py::TestReasoningCommand::test_cmd_reasoning_posts_api_endpoints_not_gets PASSED [ 64%]
tests/test_reasoning_show_hide.py::TestReasoningCommand::test_cmd_reasoning_routes_effort_through_api_reasoning PASSED [ 64%]
tests/test_reasoning_show_hide.py::TestReasoningCommand::test_cmd_reasoning_routes_display_through_api_reasoning PASSED [ 64%]
tests/test_reasoning_show_hide.py::TestReasoningCommand::test_cmd_reasoning_supports_all_cli_effort_levels PASSED [ 64%]
tests/test_reasoning_show_hide.py::TestReasoningCommand::test_reasoning_subargs_match_cli_levels PASSED [ 64%]
tests/test_reasoning_show_hide.py::TestReasoningConfigHelpers::test_parse_reasoning_effort_matches_cli_semantics PASSED [ 64%]
tests/test_reasoning_show_hide.py::TestReasoningConfigHelpers::test_valid_reasoning_efforts_matches_hermes_constants PASSED [ 64%]
tests/test_reasoning_show_hide.py::TestReasoningConfigHelpers::test_set_reasoning_effort_persists_to_config_yaml PASSED [ 64%]
tests/test_reasoning_show_hide.py::TestReasoningConfigHelpers::test_set_reasoning_display_persists_to_config_yaml PASSED [ 64%]
tests/test_reasoning_show_hide.py::TestReasoningConfigHelpers::test_set_reasoning_effort_rejects_invalid PASSED [ 64%]
tests/test_reasoning_show_hide.py::TestReasoningConfigHelpers::test_get_reasoning_status_defaults_to_show_true PASSED [ 64%]
tests/test_reasoning_show_hide.py::TestStreamingReasoningWiring::test_streaming_reads_reasoning_effort_from_config PASSED [ 64%]
tests/test_reasoning_show_hide.py::TestReasoningRoutes::test_get_api_reasoning_route_exists PASSED [ 64%]
tests/test_reasoning_show_hide.py::TestReasoningRoutes::test_post_api_reasoning_accepts_display PASSED [ 64%]
tests/test_reasoning_show_hide.py::TestReasoningRoutes::test_post_api_reasoning_accepts_effort PASSED [ 64%]
tests/test_regressions.py::test_chat_start_returns_stream_id PASSED      [ 64%]
tests/test_regressions.py::test_chat_stream_opens_successfully SKIPPED   [ 64%]
tests/test_regressions.py::test_session_with_tool_calls_in_json_loads_ok PASSED [ 64%]
tests/test_regressions.py::test_streaming_py_imports_has_pending PASSED  [ 64%]
tests/test_regressions.py::test_aiagent_imported_in_streaming PASSED     [ 64%]
tests/test_regressions.py::test_cancel_nonexistent_stream_returns_not_cancelled PASSED [ 64%]
tests/test_regressions.py::test_server_py_sse_loop_breaks_on_cancel PASSED [ 64%]
tests/test_regressions.py::test_real_jobs_json_not_polluted_by_tests PASSED [ 64%]
tests/test_regressions.py::test_all_api_modules_importable PASSED        [ 64%]
tests/test_regressions.py::test_server_py_importable PASSED              [ 64%]
tests/test_regressions.py::test_loadSession_resets_busy_state_for_idle_session PASSED [ 64%]
tests/test_regressions.py::test_done_handler_guards_setbusy_with_inflight_check PASSED [ 64%]
tests/test_regressions.py::test_refresh_handler_does_not_drop_tool_messages_needed_by_todos PASSED [ 64%]
tests/test_regressions.py::test_cancel_button_not_cleared_across_sessions PASSED [ 64%]
tests/test_regressions.py::test_deleted_session_does_not_appear_in_list PASSED [ 64%]
tests/test_regressions.py::test_server_delete_invalidates_index PASSED   [ 64%]
tests/test_regressions.py::test_token_handler_guards_session_id PASSED   [ 64%]
tests/test_regressions.py::test_tool_handler_guards_session_id PASSED    [ 64%]
tests/test_regressions.py::test_respond_approval_uses_approval_session_id PASSED [ 64%]
tests/test_regressions.py::test_tool_status_only_shown_for_current_session PASSED [ 64%]
tests/test_regressions.py::test_loadSession_inflight_restores_live_tool_cards PASSED [ 64%]
tests/test_regressions.py::test_done_handler_sets_busy_false_before_renderMessages PASSED [ 64%]
tests/test_regressions.py::test_send_uses_session_model_as_authoritative_source PASSED [ 64%]
tests/test_regressions.py::test_newSession_clears_live_tool_cards PASSED [ 65%]
tests/test_regressions.py::test_newSession_resets_busy_state_for_fresh_chat PASSED [ 65%]
tests/test_regressions.py::test_session_scoped_message_queue_frontend_wiring PASSED [ 65%]
tests/test_regressions.py::test_chat_start_persists_pending_turn_metadata_for_reload_recovery PASSED [ 65%]
tests/test_regressions.py::test_reload_path_restores_pending_message_and_reattaches_live_stream PASSED [ 65%]
tests/test_regressions.py::test_live_stream_tokens_persist_partial_assistant_for_session_switch PASSED [ 65%]
tests/test_regressions.py::test_inflight_session_state_tracks_live_tool_cards_per_session PASSED [ 65%]
tests/test_regressions.py::test_loadSession_inflight_sets_busy_before_renderMessages PASSED [ 65%]
tests/test_regressions.py::test_loadSession_inflight_sets_active_stream_before_replaying_live_tool_cards PASSED [ 65%]
tests/test_regressions.py::test_streaming_bridge_accepts_current_tool_progress_callback_signature PASSED [ 65%]
tests/test_regressions.py::test_streaming_reads_reasoning_effort_from_config_dict PASSED [ 65%]
tests/test_regressions.py::test_streaming_agent_cache_signature_includes_reasoning_config PASSED [ 65%]
tests/test_regressions.py::test_messages_js_supports_live_reasoning_and_tool_completion PASSED [ 65%]
tests/test_regressions.py::test_ui_js_can_upgrade_thinking_spinner_into_live_reasoning_card PASSED [ 65%]
tests/test_regressions.py::test_ui_js_keeps_split_thinking_cards_and_assistant_header PASSED [ 65%]
tests/test_regressions.py::test_ui_js_keeps_reasoning_only_assistant_messages_visible PASSED [ 65%]
tests/test_regressions.py::test_ui_js_does_not_hide_anchor_segments_that_contain_thinking PASSED [ 65%]
tests/test_regressions.py::test_messages_js_live_assistant_segment_reuses_live_turn_wrapper PASSED [ 65%]
tests/test_regressions.py::test_messages_js_finalizes_thinking_card_before_tool_card PASSED [ 65%]
tests/test_regressions.py::test_500_response_has_no_trace_field PASSED   [ 65%]
tests/test_regressions.py::test_upload_error_has_no_trace_field PASSED   [ 65%]
tests/test_regressions.py::test_skills_slash_command_defined PASSED      [ 65%]
tests/test_regressions.py::test_reload_recovery_persists_durable_inflight_state PASSED [ 65%]
tests/test_regressions.py::test_provider_oauth_authenticated_accepts_credential_pool_entries PASSED [ 65%]
tests/test_regressions.py::test_provider_oauth_authenticated_rejects_flag_only_credential_pool_entries PASSED [ 65%]
tests/test_regressions.py::test_status_from_runtime_marks_openai_codex_ready_from_credential_pool PASSED [ 65%]
tests/test_renderer_comprehensive.py::TestSourceStructure::test_crlf_normalisation_present PASSED [ 65%]
tests/test_renderer_comprehensive.py::TestSourceStructure::test_strikethrough_in_inline_md PASSED [ 65%]
tests/test_renderer_comprehensive.py::TestSourceStructure::test_del_in_safe_tags PASSED [ 65%]
tests/test_renderer_comprehensive.py::TestSourceStructure::test_del_in_safe_inline PASSED [ 65%]
tests/test_renderer_comprehensive.py::TestSourceStructure::test_task_list_checked_handled PASSED [ 65%]
tests/test_renderer_comprehensive.py::TestSourceStructure::test_task_list_unchecked_handled PASSED [ 65%]
tests/test_renderer_comprehensive.py::TestSourceStructure::test_nested_blockquote_recurse PASSED [ 65%]
tests/test_renderer_comprehensive.py::TestSourceStructure::test_blockquote_handler_is_function PASSED [ 65%]
tests/test_renderer_comprehensive.py::TestSourceStructure::test_old_single_line_blockquote_removed PASSED [ 65%]
tests/test_renderer_comprehensive.py::TestSourceStructure::test_h1_h2_h3_handled PASSED [ 65%]
tests/test_renderer_comprehensive.py::TestSourceStructure::test_ordered_list_value_attr PASSED [ 65%]
tests/test_renderer_comprehensive.py::TestSourceStructure::test_table_handler_present PASSED [ 65%]
tests/test_renderer_comprehensive.py::TestSourceStructure::test_fenced_code_lang_header PASSED [ 65%]
tests/test_renderer_comprehensive.py::TestSourceStructure::test_autolink_present PASSED [ 65%]
tests/test_renderer_comprehensive.py::TestInlineFormatting::test_bold PASSED [ 65%]
tests/test_renderer_comprehensive.py::TestInlineFormatting::test_italic PASSED [ 65%]
tests/test_renderer_comprehensive.py::TestInlineFormatting::test_bold_italic PASSED [ 65%]
tests/test_renderer_comprehensive.py::TestInlineFormatting::test_strikethrough PASSED [ 65%]
tests/test_renderer_comprehensive.py::TestInlineFormatting::test_strikethrough_inline PASSED [ 65%]
tests/test_renderer_comprehensive.py::TestInlineFormatting::test_inline_code PASSED [ 65%]
tests/test_renderer_comprehensive.py::TestInlineFormatting::test_strikethrough_inside_code_not_processed PASSED [ 65%]
tests/test_renderer_comprehensive.py::TestInlineFormatting::test_bold_with_inline_code PASSED [ 65%]
tests/test_renderer_comprehensive.py::TestInlineFormatting::test_xss_in_bold PASSED [ 66%]
tests/test_renderer_comprehensive.py::TestInlineFormatting::test_xss_in_strikethrough PASSED [ 66%]
tests/test_renderer_comprehensive.py::TestBlockquotes::test_single_line PASSED [ 66%]
tests/test_renderer_comprehensive.py::TestBlockquotes::test_multi_line_grouped PASSED [ 66%]
tests/test_renderer_comprehensive.py::TestBlockquotes::test_blank_continuation_no_literal_gt PASSED [ 66%]
tests/test_renderer_comprehensive.py::TestBlockquotes::test_blank_continuation_becomes_br PASSED [ 66%]
tests/test_renderer_comprehensive.py::TestBlockquotes::test_bare_gt_no_space PASSED [ 66%]
tests/test_renderer_comprehensive.py::TestBlockquotes::test_two_separate_blockquotes PASSED [ 66%]
tests/test_renderer_comprehensive.py::TestBlockquotes::test_inline_markdown_in_blockquote PASSED [ 66%]
tests/test_renderer_comprehensive.py::TestBlockquotes::test_inline_code_in_blockquote PASSED [ 66%]
tests/test_renderer_comprehensive.py::TestBlockquotes::test_strikethrough_in_blockquote PASSED [ 66%]
tests/test_renderer_comprehensive.py::TestBlockquotes::test_nested_blockquote_double PASSED [ 66%]
tests/test_renderer_comprehensive.py::TestBlockquotes::test_nested_blockquote_outer_and_inner PASSED [ 66%]
tests/test_renderer_comprehensive.py::TestBlockquotes::test_list_inside_blockquote PASSED [ 66%]
tests/test_renderer_comprehensive.py::TestBlockquotes::test_task_list_inside_blockquote PASSED [ 66%]
tests/test_renderer_comprehensive.py::TestBlockquotes::test_blockquote_followed_by_paragraph PASSED [ 66%]
tests/test_renderer_comprehensive.py::TestTaskLists::test_checked_item PASSED [ 66%]
tests/test_renderer_comprehensive.py::TestTaskLists::test_checked_uppercase_X PASSED [ 66%]
tests/test_renderer_comprehensive.py::TestTaskLists::test_unchecked_item PASSED [ 66%]
tests/test_renderer_comprehensive.py::TestTaskLists::test_mixed_task_and_normal PASSED [ 66%]
tests/test_renderer_comprehensive.py::TestTaskLists::test_task_item_with_bold PASSED [ 66%]
tests/test_renderer_comprehensive.py::TestTaskLists::test_non_task_list_unaffected PASSED [ 66%]
tests/test_renderer_comprehensive.py::TestStrikethrough::test_basic PASSED [ 66%]
tests/test_renderer_comprehensive.py::TestStrikethrough::test_multiword PASSED [ 66%]
tests/test_renderer_comprehensive.py::TestStrikethrough::test_inside_bold PASSED [ 66%]
tests/test_renderer_comprehensive.py::TestStrikethrough::test_xss_escaped PASSED [ 66%]
tests/test_renderer_comprehensive.py::TestEdgeCases::test_empty_string PASSED [ 66%]
tests/test_renderer_comprehensive.py::TestEdgeCases::test_no_blockquote PASSED [ 66%]
tests/test_renderer_comprehensive.py::TestEdgeCases::test_crlf_in_blockquote PASSED [ 66%]
tests/test_renderer_comprehensive.py::TestEdgeCases::test_blockquote_with_code_and_nested PASSED [ 66%]
tests/test_renderer_comprehensive.py::TestEdgeCases::test_deeply_nested_blockquote PASSED [ 66%]
tests/test_renderer_comprehensive.py::TestEdgeCases::test_task_list_normal_list_mixed PASSED [ 66%]
tests/test_renderer_js_behaviour.py::TestBlockquotePrefixStrip::test_single_line_blockquote_no_leading_space PASSED [ 66%]
tests/test_renderer_js_behaviour.py::TestBlockquotePrefixStrip::test_multiline_blockquote_no_leading_space PASSED [ 66%]
tests/test_renderer_js_behaviour.py::TestBlockquotePrefixStrip::test_list_inside_blockquote_renders_as_ul PASSED [ 66%]
tests/test_renderer_js_behaviour.py::TestBlockquotePrefixStrip::test_task_list_inside_blockquote PASSED [ 66%]
tests/test_renderer_js_behaviour.py::TestRendererSanitization::test_raw_html_dangerous_attributes_and_schemes_are_removed[<img src=x onerror=alert(1)>-onerror] PASSED [ 66%]
tests/test_renderer_js_behaviour.py::TestRendererSanitization::test_raw_html_dangerous_attributes_and_schemes_are_removed[<span onclick=alert(1)>click</span>-onclick] PASSED [ 66%]
tests/test_renderer_js_behaviour.py::TestRendererSanitization::test_raw_html_dangerous_attributes_and_schemes_are_removed[<div onmouseover=alert(1)>hover</div>-onmouseover] PASSED [ 66%]
tests/test_renderer_js_behaviour.py::TestRendererSanitization::test_raw_html_dangerous_attributes_and_schemes_are_removed[<a href="javascript:alert(1)">x</a>-javascript:] PASSED [ 66%]
tests/test_renderer_js_behaviour.py::TestRendererSanitization::test_generated_image_markdown_uses_delegated_lightbox_not_inline_js PASSED [ 66%]
tests/test_renderer_js_behaviour.py::TestRendererSanitization::test_media_token_image_uses_delegated_lightbox_not_inline_js PASSED [ 66%]
tests/test_renderer_js_behaviour.py::TestRendererSanitization::test_incomplete_raw_html_tag_is_escaped_before_paragraph_wrapping PASSED [ 66%]
tests/test_renderer_js_behaviour.py::TestCommonLLMShapes::test_strikethrough_outside_quote PASSED [ 66%]
tests/test_renderer_js_behaviour.py::TestCommonLLMShapes::test_strikethrough_inside_blockquote PASSED [ 66%]
tests/test_renderer_js_behaviour.py::TestCommonLLMShapes::test_top_level_task_list PASSED [ 66%]
tests/test_renderer_js_behaviour.py::TestCommonLLMShapes::test_nested_blockquote_recurses PASSED [ 66%]
tests/test_renderer_js_behaviour.py::TestCommonLLMShapes::test_quote_then_heading PASSED [ 66%]
tests/test_renderer_js_behaviour.py::TestCommonLLMShapes::test_crlf_does_not_leak_carriage_return PASSED [ 66%]
tests/test_renderer_js_behaviour.py::TestCommonLLMShapes::test_llm_multiparagraph_quote_with_list PASSED [ 67%]
tests/test_renderer_js_behaviour.py::TestBugFencedCodeInBlockquote::test_fenced_code_inside_blockquote_renders_pre PASSED [ 67%]
tests/test_renderer_js_behaviour.py::TestBugFencedCodeInBlockquote::test_fenced_code_with_lang_class PASSED [ 67%]
tests/test_renderer_js_behaviour.py::TestFencedCodeFenceLength::test_five_backtick_outer_fence_preserves_inner_triple_fence PASSED [ 67%]
tests/test_renderer_js_behaviour.py::TestFencedCodeFenceLength::test_four_backtick_outer_fence_preserves_inner_triple_fence PASSED [ 67%]
tests/test_renderer_js_behaviour.py::TestFencedCodeFenceLength::test_three_backtick_fence_still_renders_language_class PASSED [ 67%]
tests/test_renderer_js_behaviour.py::TestBugBlankContinuationInBlockquote::test_three_paragraphs_one_blockquote PASSED [ 67%]
tests/test_renderer_js_behaviour.py::TestBugHeadingsInsideBlockquote::test_h2_inside_blockquote PASSED [ 67%]
tests/test_renderer_js_behaviour.py::TestBugHeadingsInsideBlockquote::test_h1_h2_h3_all_render PASSED [ 67%]
tests/test_renderer_js_behaviour.py::TestBugOrderedListInsideBlockquote::test_ordered_list_renders_as_ol PASSED [ 67%]
tests/test_renderer_js_behaviour.py::TestBugHorizontalRuleInsideBlockquote::test_hr_renders_inside_blockquote PASSED [ 67%]
tests/test_renderer_js_behaviour.py::TestBugComplexBlockquoteAllFeatures::test_complex_blockquote_renders_all_constructs PASSED [ 67%]
tests/test_renderer_js_behaviour.py::TestBlockquoteRegressionsDontTouchOutsideContent::test_shell_prompt_in_bash_fence_not_treated_as_blockquote PASSED [ 67%]
tests/test_renderer_js_behaviour.py::TestBlockquoteRegressionsDontTouchOutsideContent::test_two_separate_blockquotes_stay_separate PASSED [ 67%]
tests/test_renderer_js_behaviour.py::TestBlockquoteRegressionsDontTouchOutsideContent::test_nested_double_blockquote PASSED [ 67%]
tests/test_renderer_js_behaviour.py::TestBlockquoteEntityEncodedInput::test_amp_gt_prefix_becomes_blockquote PASSED [ 67%]
tests/test_renderer_js_behaviour.py::TestBlockquoteEntityEncodedInput::test_amp_gt_fenced_code_in_blockquote PASSED [ 67%]
tests/test_renderer_js_behaviour.py::TestMermaidToolOutputGuard::test_line_numbered_mermaid_fence_renders_as_code_block PASSED [ 67%]
tests/test_renderer_js_behaviour.py::TestMermaidToolOutputGuard::test_valid_mermaid_fence_still_creates_mermaid_block PASSED [ 67%]
tests/test_renderer_js_behaviour.py::TestMermaidToolOutputGuard::test_valid_mermaid_c4_fence_still_creates_mermaid_block PASSED [ 67%]
tests/test_renderer_js_behaviour.py::TestMermaidToolOutputGuard::test_valid_mermaid_frontmatter_fence_still_creates_mermaid_block PASSED [ 67%]
tests/test_renderer_js_behaviour.py::TestMermaidToolOutputGuard::test_prose_mention_of_mermaid_fence_renders_as_code_block PASSED [ 67%]
tests/test_renderer_js_behaviour.py::TestRawPreCodePreservation::test_multiline_pre_code_blocks_do_not_degrade_to_backticks PASSED [ 67%]
tests/test_renderer_js_behaviour.py::TestHeadingLevelsH1ThroughH6::test_all_six_heading_levels_render PASSED [ 67%]
tests/test_renderer_js_behaviour.py::TestHeadingLevelsH1ThroughH6::test_h6_does_not_partial_match_as_lower_level PASSED [ 67%]
tests/test_renderer_js_behaviour.py::TestHeadingLevelsH1ThroughH6::test_h4_inline_markdown_still_processes PASSED [ 67%]
tests/test_repair_workspace_user_turns.py::test_clean_message_list_strips_workspace_prefix_and_dedupes_adjacent_user_turns PASSED [ 67%]
tests/test_repair_workspace_user_turns.py::test_repair_sidecars_writes_backup_and_updates_message_count PASSED [ 67%]
tests/test_repair_workspace_user_turns.py::test_repair_state_db_strips_prefixes_deletes_duplicates_and_updates_counts PASSED [ 67%]
tests/test_resolve_model_provider_free_suffix.py::test_openrouter_free_suffix_survives_provider_qualification PASSED [ 67%]
tests/test_resolve_model_provider_free_suffix.py::test_openrouter_free_suffix_nvidia PASSED [ 67%]
tests/test_resolve_model_provider_free_suffix.py::test_openrouter_free_suffix_arcee PASSED [ 67%]
tests/test_resolve_model_provider_free_suffix.py::test_openrouter_thinking_suffix PASSED [ 67%]
tests/test_resolve_model_provider_free_suffix.py::test_custom_provider_rsplit_still_works PASSED [ 67%]
tests/test_resolve_model_provider_free_suffix.py::test_known_provider_single_colon PASSED [ 67%]
tests/test_resolve_model_provider_free_suffix.py::test_known_provider_anthropic PASSED [ 67%]
tests/test_resolve_model_provider_free_suffix.py::test_custom_provider_free_suffix_1776 PASSED [ 67%]
tests/test_resolve_model_provider_free_suffix.py::test_custom_provider_beta_suffix_1776 PASSED [ 67%]
tests/test_resolve_model_provider_free_suffix.py::test_custom_provider_thinking_suffix_1776 PASSED [ 67%]
tests/test_resolve_model_provider_free_suffix.py::test_custom_provider_preview_suffix_1776 PASSED [ 67%]
tests/test_resolve_model_provider_free_suffix.py::test_custom_provider_slashed_model_with_free_suffix_1776 PASSED [ 67%]
tests/test_russian_locale.py::test_russian_locale_block_exists PASSED    [ 67%]
tests/test_russian_locale.py::test_russian_locale_includes_representative_translations PASSED [ 67%]
tests/test_russian_locale.py::test_russian_locale_covers_english_keys PASSED [ 67%]
tests/test_russian_locale.py::test_russian_locale_has_no_duplicate_keys PASSED [ 67%]
tests/test_scheduled_jobs_profile_isolation.py::test_cron_profile_context_pins_profile_home PASSED [ 67%]
tests/test_scheduled_jobs_profile_isolation.py::test_cron_profile_context_for_home_pins_explicit_home PASSED [ 67%]
tests/test_scheduled_jobs_profile_isolation.py::test_cron_profile_context_serializes_concurrent_access PASSED [ 67%]
tests/test_scheduled_jobs_profile_isolation.py::test_cron_run_does_not_silently_swallow_profile_resolution_errors PASSED [ 68%]
tests/test_scheduled_jobs_profile_isolation.py::test_webui_installs_profile_context_on_in_process_scheduler_run_job PASSED [ 68%]
tests/test_scheduled_jobs_profile_isolation.py::test_scheduler_run_job_wrapper_does_not_reenter_manual_cron_context PASSED [ 68%]
tests/test_scheduled_jobs_profile_isolation.py::test_cron_worker_does_not_silently_fall_back_on_profile_context_failure PASSED [ 68%]
tests/test_security_redaction.py::test_redact_value_str PASSED           [ 68%]
tests/test_security_redaction.py::test_redact_value_dict PASSED          [ 68%]
tests/test_security_redaction.py::test_redact_value_list PASSED          [ 68%]
tests/test_security_redaction.py::test_redact_value_works_with_legacy_agent_redact_signature PASSED [ 68%]
tests/test_security_redaction.py::test_redact_session_data_messages PASSED [ 68%]
tests/test_security_redaction.py::test_redact_session_data_multiple_cred_types PASSED [ 68%]
tests/test_security_redaction.py::test_redact_session_data_non_sensitive_unchanged PASSED [ 68%]
tests/test_security_redaction.py::test_api_session_redacts_messages PASSED [ 68%]
tests/test_security_redaction.py::test_api_session_redacts_title PASSED  [ 68%]
tests/test_security_redaction.py::test_api_sessions_list_redacts_titles SKIPPED [ 68%]
tests/test_security_redaction.py::test_api_session_export_redacts PASSED [ 68%]
tests/test_security_redaction.py::test_api_memory_redacts_via_write_read PASSED [ 68%]
tests/test_security_redaction.py::test_fix_credential_permissions_corrects_loose_files FAILED [ 68%]
tests/test_security_redaction.py::test_fix_credential_permissions_skips_correct_files FAILED [ 68%]
tests/test_service_worker_api_cache.py::test_service_worker_excludes_subpath_mounted_api_routes_from_cache PASSED [ 68%]
tests/test_service_worker_api_cache.py::test_service_worker_excludes_subpath_mounted_health_routes_from_cache PASSED [ 68%]
tests/test_service_worker_api_cache.py::test_service_worker_documents_api_routes_are_never_cached PASSED [ 68%]
tests/test_service_worker_api_cache.py::test_service_worker_does_not_intercept_its_own_script PASSED [ 68%]
tests/test_service_worker_api_cache.py::test_service_worker_uses_network_first_for_page_navigation PASSED [ 68%]
tests/test_service_worker_api_cache.py::test_service_worker_does_not_precache_page_shell_under_auth PASSED [ 68%]
tests/test_service_worker_api_cache.py::test_service_worker_never_caches_login_page_or_login_script PASSED [ 68%]
tests/test_service_worker_api_cache.py::test_service_worker_only_cache_puts_shell_assets_or_valid_navigation_shell PASSED [ 68%]
tests/test_session_batch_select.py::test_batch_select_state_variables PASSED [ 68%]
tests/test_session_batch_select.py::test_batch_select_functions_exist PASSED [ 68%]
tests/test_session_batch_select.py::test_batch_select_checkbox_rendering PASSED [ 68%]
tests/test_session_batch_select.py::test_batch_select_intercepts_navigation PASSED [ 68%]
tests/test_session_batch_select.py::test_batch_checkbox_sets_selection_without_row_double_toggle PASSED [ 68%]
tests/test_session_batch_select.py::test_batch_select_escape_handler PASSED [ 68%]
tests/test_session_batch_select.py::test_batch_select_toggle_button PASSED [ 68%]
tests/test_session_batch_select.py::test_batch_select_bar_element PASSED [ 68%]
tests/test_session_batch_select.py::test_batch_action_bar_overrides_css_hidden_state PASSED [ 68%]
tests/test_session_batch_select.py::test_batch_action_bar_is_sidebar_inline_not_global_footer PASSED [ 68%]
tests/test_session_batch_select.py::test_batch_project_picker_is_anchored_to_batch_actions PASSED [ 68%]
tests/test_session_batch_select.py::test_streaming_zero_message_sessions_stay_visible_after_reload PASSED [ 68%]
tests/test_session_batch_select.py::test_boot_does_not_drop_zero_message_inflight_session PASSED [ 68%]
tests/test_session_batch_select.py::test_batch_select_i18n_keys PASSED   [ 68%]
tests/test_session_batch_select.py::test_i18n_string_placeholder_interpolation_supported PASSED [ 68%]
tests/test_session_batch_select.py::test_batch_select_css_exists PASSED  [ 68%]
tests/test_session_batch_select.py::test_batch_select_mode_flags PASSED  [ 68%]
tests/test_session_batch_select.py::test_batch_delete_uses_confirm_dialog PASSED [ 68%]
tests/test_session_cross_tab_sync.py::test_sessions_js_listens_for_active_session_storage_changes PASSED [ 68%]
tests/test_session_cross_tab_sync.py::test_storage_event_does_not_globally_switch_tabs PASSED [ 68%]
tests/test_session_cross_tab_sync.py::test_session_switch_updates_url_path_for_tab_local_anchor PASSED [ 68%]
tests/test_session_cross_tab_sync.py::test_boot_prefers_url_session_over_local_storage_session PASSED [ 68%]
tests/test_session_cross_tab_sync.py::test_api_helper_resolves_against_document_base_not_session_path PASSED [ 69%]
tests/test_session_cross_tab_sync.py::test_long_lived_stream_urls_resolve_against_document_base PASSED [ 69%]
tests/test_session_cross_tab_sync.py::test_session_url_route_serves_index_and_base_href_handles_session_path PASSED [ 69%]
tests/test_session_cross_tab_sync.py::test_base_href_resolution_handles_session_urls_under_subpath_mounts PASSED [ 69%]
tests/test_session_duplicate.py::test_duplicate_session_handles_missing_session_id PASSED [ 69%]
tests/test_session_duplicate.py::test_duplicate_session_handles_invalid_session_id PASSED [ 69%]
tests/test_session_duplicate.py::test_duplicate_session_handles_empty_session_id PASSED [ 69%]
tests/test_session_duplicate.py::test_duplicate_session_endpoint_exists PASSED [ 69%]
tests/test_session_duplicate.py::test_duplicate_creates_independent_session PASSED [ 69%]
tests/test_session_duplicate.py::test_duplicate_session_copies_title_logic PASSED [ 69%]
tests/test_session_duplicate.py::test_duplicate_session_copies_messages_logic PASSED [ 69%]
tests/test_session_duplicate.py::test_duplicate_session_copies_model_logic PASSED [ 69%]
tests/test_session_duplicate.py::test_duplicate_session_copies_workspace_logic PASSED [ 69%]
tests/test_session_duplicate.py::test_duplicate_session_copies_all_session_properties PASSED [ 69%]
tests/test_session_duplicate.py::test_duplicate_uses_deepcopy_for_messages PASSED [ 69%]
tests/test_session_duplicate.py::test_duplicate_explicitly_persists_to_disk PASSED [ 69%]
tests/test_session_duplicate.py::test_duplicate_resets_pinned_and_archived PASSED [ 69%]
tests/test_session_duplicate.py::test_duplicate_returns_404_when_session_not_found PASSED [ 69%]
tests/test_session_duplicate.py::test_duplicate_local_imports_removed PASSED [ 69%]
tests/test_session_import_cli_fallback_model.py::test_import_cli_initializes_model_before_metadata_loop PASSED [ 69%]
tests/test_session_import_cli_fallback_model.py::test_import_cli_passes_model_to_import_helper PASSED [ 69%]
tests/test_session_import_cli_fallback_model.py::test_session_import_cli_refresh_matches_messages_despite_timestamp_type_differences PASSED [ 69%]
tests/test_session_import_cli_fallback_model.py::test_session_import_cli_refresh_rejects_prefix_if_non_timing_content_diverges PASSED [ 69%]
tests/test_session_import_cli_fallback_model.py::test_session_import_cli_preserves_parent_metadata_on_existing_import PASSED [ 69%]
tests/test_session_import_cli_fallback_model.py::test_read_only_import_payload_includes_parent_session_id PASSED [ 69%]
tests/test_session_import_cli_fallback_model.py::test_merge_cli_sidebar_metadata_keeps_larger_sidecar_message_count PASSED [ 69%]
tests/test_session_import_cli_fallback_model.py::test_messaging_session_loader_prefers_longer_sidecar_transcript PASSED [ 69%]
tests/test_session_import_cli_sse_refresh.py::test_sse_import_cli_guard_skips_shorter_transcript_overwrite PASSED [ 69%]
tests/test_session_import_cli_sse_refresh.py::test_sse_import_cli_refresh_prefix_helper_ignores_timestamps PASSED [ 69%]
tests/test_session_index.py::test_compact_exposes_last_message_at_from_message_timestamp PASSED [ 69%]
tests/test_session_index.py::test_all_sessions_backfills_last_message_at_for_legacy_index_rows PASSED [ 69%]
tests/test_session_index.py::test_incremental_patch_correctness PASSED   [ 69%]
tests/test_session_index.py::test_new_session_appended_to_index PASSED   [ 69%]
tests/test_session_index.py::test_incremental_update_prunes_stale_entries PASSED [ 69%]
tests/test_session_index.py::test_load_metadata_only_does_not_parse_large_message_body PASSED [ 69%]
tests/test_session_index.py::test_metadata_only_get_session_does_not_poison_full_session_cache PASSED [ 69%]
tests/test_session_index.py::test_session_save_does_not_persist_metadata_message_count_hint PASSED [ 69%]
tests/test_session_index.py::test_first_call_full_rebuild PASSED         [ 69%]
tests/test_session_index.py::test_corrupt_index_fallback PASSED          [ 69%]
tests/test_session_index.py::test_concurrent_saves_dont_lose_data PASSED [ 69%]
tests/test_session_index.py::test_atomic_write_no_tmp_remains PASSED     [ 69%]
tests/test_session_index.py::test_deadlock_guard_on_fallback PASSED      [ 69%]
tests/test_session_index.py::test_incremental_index_disk_io_runs_outside_lock PASSED [ 69%]
tests/test_session_index.py::test_full_rebuild_index_disk_io_runs_outside_lock PASSED [ 69%]
tests/test_session_index.py::test_all_sessions_ignores_stale_index_entries PASSED [ 69%]
tests/test_session_lineage_collapse.py::test_sidebar_lineage_collapse_keeps_latest_tip_and_counts_segments PASSED [ 69%]
tests/test_session_lineage_collapse.py::test_sidebar_active_state_can_fall_back_to_url_session_during_boot PASSED [ 69%]
tests/test_session_lineage_collapse.py::test_collapsed_lineage_contains_active_hidden_segment PASSED [ 69%]
tests/test_session_lineage_collapse.py::test_sidebar_attaches_child_sessions_to_collapsed_hidden_parent_lineage PASSED [ 69%]
tests/test_session_lineage_collapse.py::test_cross_surface_webui_child_session_remains_top_level_when_parent_is_messaging PASSED [ 70%]
tests/test_session_lineage_metadata_api.py::test_all_sessions_exposes_state_db_lineage_metadata_for_webui_json_sessions PASSED [ 70%]
tests/test_session_lineage_metadata_api.py::test_non_compression_state_db_parent_does_not_create_sidebar_lineage PASSED [ 70%]
tests/test_session_lineage_metadata_api.py::test_child_of_hidden_compression_segment_exposes_parent_lineage_root PASSED [ 70%]
tests/test_session_lineage_metadata_api.py::test_cli_close_parent_preserves_cross_surface_continuation_lineage PASSED [ 70%]
tests/test_session_lineage_metadata_api.py::test_cross_surface_child_session_metadata_marks_orphan_top_level_candidate PASSED [ 70%]
tests/test_session_metadata_fast_path.py::test_messages_zero_skips_effective_model_resolution PASSED [ 70%]
tests/test_session_metadata_fast_path.py::test_full_message_load_updates_viewed_count_after_metadata_fast_path PASSED [ 70%]
tests/test_session_metadata_fast_path.py::test_lazy_message_load_skips_model_resolution PASSED [ 70%]
tests/test_session_metadata_fast_path.py::test_session_switch_defers_model_resolution_without_blocking PASSED [ 70%]
tests/test_session_metadata_fast_path.py::test_boot_does_not_block_session_restore_on_model_catalog PASSED [ 70%]
tests/test_session_ops.py::test_retry_returns_last_user_text PASSED      [ 70%]
tests/test_session_ops.py::test_retry_truncates_transcript PASSED        [ 70%]
tests/test_session_ops.py::test_retry_no_user_returns_error PASSED       [ 70%]
tests/test_session_ops.py::test_retry_unknown_session_returns_404 PASSED [ 70%]
tests/test_session_ops.py::test_retry_missing_session_id_returns_error PASSED [ 70%]
tests/test_session_ops.py::test_retry_does_not_double_append PASSED      [ 70%]
tests/test_session_ops.py::test_retry_concurrent_requests_are_safe PASSED [ 70%]
tests/test_session_ops.py::test_undo_returns_removed_preview PASSED      [ 70%]
tests/test_session_ops.py::test_undo_truncates_transcript PASSED         [ 70%]
tests/test_session_ops.py::test_undo_repeated_until_empty PASSED         [ 70%]
tests/test_session_ops.py::test_undo_unknown_session_returns_404 PASSED  [ 70%]
tests/test_session_ops.py::test_status_returns_summary PASSED            [ 70%]
tests/test_session_ops.py::test_status_returns_profile_specific_hermes_home PASSED [ 70%]
tests/test_session_ops.py::test_status_unknown_returns_404 PASSED        [ 70%]
tests/test_session_ops.py::test_status_missing_param PASSED              [ 70%]
tests/test_session_ops.py::test_usage_returns_token_counts PASSED        [ 70%]
tests/test_session_rename_lifecycle.py::test_session_rename_finish_is_idempotent PASSED [ 70%]
tests/test_session_rename_lifecycle.py::test_session_rename_guard_releases_after_save_path_completes PASSED [ 70%]
tests/test_session_rename_lifecycle.py::test_session_rename_success_updates_cache_and_active_session_title PASSED [ 70%]
tests/test_session_rename_lifecycle.py::test_session_rename_failure_restores_state_and_surfaces_error PASSED [ 70%]
tests/test_session_rotate_url_sync.py::test_stream_completion_syncs_rotated_session_id_to_tab_state PASSED [ 70%]
tests/test_session_runtime_ownership_invariants.py::TestSessionOwnedRuntimeInvariants::test_sidebar_cancel_uses_row_stream_id_not_active_pane_stream PASSED [ 70%]
tests/test_session_runtime_ownership_invariants.py::TestSessionOwnedRuntimeInvariants::test_done_event_does_not_clear_unrelated_active_pane_busy_state PASSED [ 70%]
tests/test_session_runtime_ownership_invariants.py::TestSessionOwnedRuntimeInvariants::test_server_session_finalize_does_not_idle_unrelated_active_pane PASSED [ 70%]
tests/test_session_runtime_ownership_invariants.py::TestSessionOwnedRuntimeInvariants::test_approval_and_clarify_pollers_are_stopped_by_owner_session PASSED [ 70%]
tests/test_session_runtime_ownership_invariants.py::TestSessionOwnedRuntimeInvariants::test_live_stream_transport_and_inflight_state_remain_session_keyed PASSED [ 70%]
tests/test_session_save_mode.py::test_session_save_mode_defaults_to_deferred_for_missing_config PASSED [ 70%]
tests/test_session_save_mode.py::test_invalid_session_save_mode_falls_back_to_deferred[bogus] PASSED [ 70%]
tests/test_session_save_mode.py::test_invalid_session_save_mode_falls_back_to_deferred[] PASSED [ 70%]
tests/test_session_save_mode.py::test_invalid_session_save_mode_falls_back_to_deferred[None] PASSED [ 70%]
tests/test_session_save_mode.py::test_invalid_session_save_mode_falls_back_to_deferred[42] PASSED [ 70%]
tests/test_session_save_mode.py::test_invalid_session_save_mode_falls_back_to_deferred[raw4] PASSED [ 70%]
tests/test_session_save_mode.py::test_eager_session_save_mode_is_accepted PASSED [ 70%]
tests/test_session_save_mode.py::test_eager_mode_still_does_not_save_empty_new_sessions PASSED [ 70%]
tests/test_session_save_mode.py::test_deferred_chat_start_persists_pending_only_before_thread PASSED [ 70%]
tests/test_session_save_mode.py::test_eager_chat_start_checkpoints_first_user_message_before_thread PASSED [ 70%]
tests/test_session_save_mode.py::test_eager_wal_repair_does_not_duplicate_checkpointed_user_message PASSED [ 70%]
tests/test_session_save_mode.py::test_eager_checkpointed_user_is_removed_from_model_context PASSED [ 71%]
tests/test_session_save_mode.py::test_eager_checkpointed_user_is_not_duplicated_after_agent_result PASSED [ 71%]
tests/test_session_save_mode.py::test_deferred_turn_is_materialized_when_agent_returns_assistant_only_delta PASSED [ 71%]
tests/test_session_search_bfcache_822.py::TestSessionSearchAutocompleteAttribute::test_session_search_has_autocomplete_off PASSED [ 71%]
tests/test_session_search_bfcache_822.py::TestBootClearsSessionSearch::test_boot_clears_session_search_value_before_first_render PASSED [ 71%]
tests/test_session_search_bfcache_822.py::TestBootClearsSessionSearch::test_boot_clear_is_before_first_render_call PASSED [ 71%]
tests/test_session_search_bfcache_822.py::TestPageShowBfcacheHandler::test_pageshow_listener_registered PASSED [ 71%]
tests/test_session_search_bfcache_822.py::TestPageShowBfcacheHandler::test_pageshow_handler_checks_event_persisted PASSED [ 71%]
tests/test_session_search_bfcache_822.py::TestPageShowBfcacheHandler::test_pageshow_handler_clears_session_search PASSED [ 71%]
tests/test_session_search_bfcache_822.py::TestPageShowBfcacheHandler::test_pageshow_handler_triggers_rerender PASSED [ 71%]
tests/test_session_sidebar_relative_time.py::test_session_sidebar_js_has_dynamic_relative_time_helpers PASSED [ 71%]
tests/test_session_sidebar_relative_time.py::test_session_sidebar_renders_relative_time_and_meta_rows PASSED [ 71%]
tests/test_session_sidebar_relative_time.py::test_session_timestamp_prefers_last_message_at_over_metadata_updated_at PASSED [ 71%]
tests/test_session_sidebar_relative_time.py::test_relative_time_uses_calendar_boundaries_and_year_for_old_sessions PASSED [ 71%]
tests/test_session_sidebar_relative_time.py::test_relative_time_today_bucket PASSED [ 71%]
tests/test_session_sidebar_relative_time.py::test_relative_time_handles_just_now_and_dst_safe_yesterday_boundary PASSED [ 71%]
tests/test_session_sidebar_relative_time.py::test_relative_time_strings_are_localized_in_english_and_spanish_bundles PASSED [ 71%]
tests/test_session_sidecar_repair.py::TestRepairStalePendingNoDeadlock::test_returns_false_when_lock_already_held PASSED [ 71%]
tests/test_session_sidecar_repair.py::TestRepairStalePendingNoDeadlock::test_no_deadlock_when_get_session_triggers_repair PASSED [ 71%]
tests/test_session_sidecar_repair.py::TestRepairStalePendingNoDeadlock::test_lock_contended_skip_retries_on_next_cache_miss PASSED [ 71%]
tests/test_session_sidecar_repair.py::TestDraftRecovery::test_pending_message_recovered_as_user_turn PASSED [ 71%]
tests/test_session_sidecar_repair.py::TestDraftRecovery::test_error_marker_no_preserved_as_draft PASSED [ 71%]
tests/test_session_sidecar_repair.py::TestDraftRecovery::test_pending_attachments_recovered PASSED [ 71%]
tests/test_session_sidecar_repair.py::TestDraftRecovery::test_pending_fields_cleared_after_recovery PASSED [ 71%]
tests/test_session_sidecar_repair.py::TestStreamIdRecheck::test_bails_when_stream_id_rotated PASSED [ 71%]
tests/test_session_sidecar_repair.py::TestStreamIdRecheck::test_bails_when_stream_came_alive PASSED [ 71%]
tests/test_session_sidecar_repair.py::TestStreamIdRecheck::test_proceeds_when_stream_is_dead PASSED [ 71%]
tests/test_session_sidecar_repair.py::TestGetProfileHome::test_expands_tilde_when_profiles_unavailable PASSED [ 71%]
tests/test_session_sidecar_repair.py::TestGetProfileHome::test_uses_hermes_home_env_var FAILED [ 71%]
tests/test_session_sidecar_repair.py::TestGetProfileHome::test_expands_tilde_in_hermes_home PASSED [ 71%]
tests/test_session_sidecar_repair.py::TestCancelInProgressGuard::test_bails_when_cancel_flag_set PASSED [ 71%]
tests/test_session_sidecar_repair.py::TestCancelInProgressGuard::test_proceeds_when_cancel_flag_not_set PASSED [ 71%]
tests/test_session_sidecar_repair.py::TestCancelInProgressGuard::test_proceeds_when_cancel_flag_absent PASSED [ 71%]
tests/test_session_sidecar_repair.py::TestEmptyMessagesGuard::test_pending_cleared_when_messages_nonempty_direct PASSED [ 71%]
tests/test_session_sidecar_repair.py::TestEmptyMessagesGuard::test_bails_when_pending_user_message_none PASSED [ 71%]
tests/test_session_sidecar_repair.py::TestEmptyMessagesGuard::test_proceeds_when_messages_empty PASSED [ 71%]
tests/test_session_sidecar_repair.py::TestNonEmptyMessagesPendingCleared::test_pending_cleared_when_messages_nonempty PASSED [ 71%]
tests/test_session_sidecar_repair.py::TestLastResortSyncDelegation::test_uses_shared_get_profile_home PASSED [ 71%]
tests/test_session_sidecar_repair.py::TestLastResortSyncDelegation::test_uses_shared_apply_core_sync_or_error_marker PASSED [ 71%]
tests/test_session_sidecar_repair.py::TestLastResortSyncDelegation::test_core_sync_from_last_resort PASSED [ 71%]
tests/test_session_sidecar_repair.py::TestCheckpointOrdering::test_checkpoint_stops_before_recovery_code_structure PASSED [ 71%]
tests/test_session_sidecar_repair.py::TestRepairStalePendingIntegration::test_repairs_when_core_exists PASSED [ 71%]
tests/test_session_sidecar_repair.py::TestRepairStalePendingIntegration::test_repairs_when_core_missing PASSED [ 71%]
tests/test_session_sidecar_repair.py::TestRepairStalePendingIntegration::test_recovers_when_messages_nonempty PASSED [ 71%]
tests/test_session_sidecar_repair.py::TestRepairStalePendingIntegration::test_skips_when_stream_alive PASSED [ 71%]
tests/test_session_sidecar_repair.py::TestRepairStalePendingIntegration::test_skips_when_no_pending PASSED [ 71%]
tests/test_session_sidecar_repair.py::TestCoreSyncMetadata::test_syncs_token_and_cost_fields PASSED [ 71%]
tests/test_session_sidecar_repair.py::TestCoreSyncMetadata::test_core_empty_messages_falls_through_to_recovery PASSED [ 71%]
tests/test_session_static_assets.py::test_session_static_css_returns_text_css_mime PASSED [ 72%]
tests/test_session_static_assets.py::test_session_static_js_returns_javascript_mime PASSED [ 72%]
tests/test_session_static_assets.py::test_session_html_route_still_serves_index PASSED [ 72%]
tests/test_session_static_assets.py::test_session_static_path_traversal_blocked PASSED [ 72%]
tests/test_session_static_assets.py::test_session_static_auth_exemption PASSED [ 72%]
tests/test_session_summary_redaction.py::test_api_sessions_search_redacts_titles PASSED [ 72%]
tests/test_session_summary_redaction.py::test_api_sessions_list_redacts_secret_titles PASSED [ 72%]
tests/test_settings_navigation_and_detail_refresh.py::TestSettingsNavigationGuard::test_switch_panel_checks_settings_guard PASSED [ 72%]
tests/test_settings_navigation_and_detail_refresh.py::TestSettingsNavigationGuard::test_dirty_settings_capture_requested_destination PASSED [ 72%]
tests/test_settings_navigation_and_detail_refresh.py::TestSettingsNavigationGuard::test_hiding_settings_resumes_pending_target_with_bypass PASSED [ 72%]
tests/test_settings_navigation_and_detail_refresh.py::TestSettingsNavigationGuard::test_entering_settings_starts_fresh_preview_session PASSED [ 72%]
tests/test_settings_navigation_and_detail_refresh.py::TestMasterDetailRefreshClearsRemovedSelections::test_tasks_clear_empty_state_detail PASSED [ 72%]
tests/test_settings_navigation_and_detail_refresh.py::TestMasterDetailRefreshClearsRemovedSelections::test_tasks_clear_missing_selected_job PASSED [ 72%]
tests/test_settings_navigation_and_detail_refresh.py::TestMasterDetailRefreshClearsRemovedSelections::test_workspaces_clear_missing_selected_workspace PASSED [ 72%]
tests/test_settings_navigation_and_detail_refresh.py::TestMasterDetailRefreshClearsRemovedSelections::test_profiles_clear_empty_state_detail PASSED [ 72%]
tests/test_settings_navigation_and_detail_refresh.py::TestMasterDetailRefreshClearsRemovedSelections::test_profiles_clear_missing_selected_profile PASSED [ 72%]
tests/test_sidebar_first_turn_visibility.py::TestSidebarFirstTurnVisibility::test_messages_send_optimistically_upserts_active_sidebar_row PASSED [ 72%]
tests/test_sidebar_first_turn_visibility.py::TestSidebarFirstTurnVisibility::test_sessions_js_has_local_turn_upsert_helper PASSED [ 72%]
tests/test_sidebar_first_turn_visibility.py::TestSidebarFirstTurnVisibility::test_messages_comments_document_why_each_optimistic_upsert_stays_separate PASSED [ 72%]
tests/test_sidebar_first_turn_visibility.py::TestSidebarFirstTurnVisibility::test_chat_start_failure_clears_optimistic_streaming_state PASSED [ 72%]
tests/test_sidebar_first_turn_visibility.py::TestSidebarFirstTurnVisibility::test_backend_compact_counts_pending_first_turn_as_visible PASSED [ 72%]
tests/test_sidebar_first_turn_visibility.py::TestSidebarFirstTurnVisibility::test_backend_index_filter_keeps_pending_first_turn_sessions PASSED [ 72%]
tests/test_sidebar_first_turn_visibility.py::TestSidebarFirstTurnVisibility::test_session_refresh_preserves_optimistic_first_turn_rows_when_server_lags PASSED [ 72%]
tests/test_sidebar_unassigned_filter.py::test_no_project_filter_sentinel_declared PASSED [ 72%]
tests/test_sidebar_unassigned_filter.py::test_unassigned_chip_filter_logic PASSED [ 72%]
tests/test_sidebar_unassigned_filter.py::test_unassigned_chip_only_shown_when_relevant PASSED [ 72%]
tests/test_sidebar_unassigned_filter.py::test_unassigned_chip_label_and_handler PASSED [ 72%]
tests/test_sidebar_unassigned_filter.py::test_unassigned_chip_visual_treatment PASSED [ 72%]
tests/test_sidebar_unassigned_filter.py::test_empty_state_message_for_unassigned_filter PASSED [ 72%]
tests/test_sidebar_unassigned_filter.py::test_all_chip_clear_clears_unassigned_filter_too PASSED [ 72%]
tests/test_sienna_skin.py::test_sienna_skin_present_in_skins_list PASSED [ 72%]
tests/test_sienna_skin.py::test_sienna_skin_in_early_init_allowlist PASSED [ 72%]
tests/test_sienna_skin.py::test_sienna_skin_palette_has_full_light_and_dark PASSED [ 72%]
tests/test_sienna_skin.py::test_sienna_skin_does_not_force_migration PASSED [ 72%]
tests/test_sienna_skin.py::test_default_theme_is_still_dark PASSED       [ 72%]
tests/test_sienna_skin.py::test_sienna_new_chat_button_specificity_guards_against_clay_on_clay PASSED [ 72%]
tests/test_simplified_tool_calling_setting.py::test_simplified_tool_calling_defaults_enabled_and_round_trips PASSED [ 72%]
tests/test_simplified_tool_calling_setting.py::test_simplified_tool_calling_is_a_valid_boolean_setting PASSED [ 72%]
tests/test_skills_category_collapse.py::TestCollapseState::test_collapsed_cats_set_exists PASSED [ 72%]
tests/test_skills_category_collapse.py::TestCollapseState::test_toggle_function_exists PASSED [ 72%]
tests/test_skills_category_collapse.py::TestRenderSkillsCollapse::test_chevron_icon_used_instead_of_folder PASSED [ 72%]
tests/test_skills_category_collapse.py::TestRenderSkillsCollapse::test_cat_header_has_dataset_cat PASSED [ 72%]
tests/test_skills_category_collapse.py::TestRenderSkillsCollapse::test_cat_header_has_click_handler PASSED [ 72%]
tests/test_skills_category_collapse.py::TestRenderSkillsCollapse::test_collapsed_class_toggled PASSED [ 72%]
tests/test_skills_category_collapse.py::TestRenderSkillsCollapse::test_skill_items_hidden_when_collapsed PASSED [ 72%]
tests/test_skills_category_collapse.py::TestRenderSkillsCollapse::test_chevron_rotation_on_collapse PASSED [ 72%]
tests/test_skills_category_collapse.py::TestRenderSkillsCollapse::test_renderSkills_preserves_search_query PASSED [ 72%]
tests/test_skills_category_collapse.py::TestToggleCatCollapse::test_toggles_set_membership PASSED [ 72%]
tests/test_skills_category_collapse.py::TestToggleCatCollapse::test_queries_skills_category_elements PASSED [ 72%]
tests/test_skills_category_collapse.py::TestToggleCatCollapse::test_matches_by_dataset_cat PASSED [ 73%]
tests/test_skills_category_collapse.py::TestToggleCatCollapse::test_toggles_skill_item_display PASSED [ 73%]
tests/test_skills_category_collapse.py::TestToggleCatCollapse::test_toggles_chevron_rotation PASSED [ 73%]
tests/test_skills_category_collapse.py::TestCSSClasses::test_cat_chevron_class PASSED [ 73%]
tests/test_skills_category_collapse.py::TestCSSClasses::test_cat_chevron_has_fixed_size PASSED [ 73%]
tests/test_skills_category_collapse.py::TestCSSClasses::test_skills_cat_header_user_select_none PASSED [ 73%]
tests/test_skills_category_collapse.py::TestCSSClasses::test_skills_cat_header_has_cursor_pointer PASSED [ 73%]
tests/test_spanish_locale.py::test_spanish_locale_block_exists PASSED    [ 73%]
tests/test_spanish_locale.py::test_spanish_locale_includes_representative_translations PASSED [ 73%]
tests/test_spanish_locale.py::test_spanish_locale_covers_english_keys PASSED [ 73%]
tests/test_sprint1.py::test_health PASSED                                [ 73%]
tests/test_sprint1.py::test_session_get_no_id_returns_400 PASSED         [ 73%]
tests/test_sprint1.py::test_session_create_and_load PASSED               [ 73%]
tests/test_sprint1.py::test_session_update PASSED                        [ 73%]
tests/test_sprint1.py::test_session_delete PASSED                        [ 73%]
tests/test_sprint1.py::test_session_delete_nonexistent PASSED            [ 73%]
tests/test_sprint1.py::test_sessions_list_sorted PASSED                  [ 73%]
tests/test_sprint1.py::test_parse_multipart_text_file PASSED             [ 73%]
tests/test_sprint1.py::test_parse_multipart_binary_file PASSED           [ 73%]
tests/test_sprint1.py::test_upload_text_file PASSED                      [ 73%]
tests/test_sprint1.py::test_upload_too_large FAILED                      [ 73%]
tests/test_sprint1.py::test_upload_no_file_field PASSED                  [ 73%]
tests/test_sprint1.py::test_upload_bad_session PASSED                    [ 73%]
tests/test_sprint1.py::test_approval_pending_none PASSED                 [ 73%]
tests/test_sprint1.py::test_approval_submit_and_respond SKIPPED (req...) [ 73%]
tests/test_sprint1.py::test_approval_respond_allow_session PASSED        [ 73%]
tests/test_sprint1.py::test_stream_status_unknown_id PASSED              [ 73%]
tests/test_sprint1.py::test_list_dir PASSED                              [ 73%]
tests/test_sprint1.py::test_list_dir_path_traversal PASSED               [ 73%]
tests/test_sprint10.py::test_health_still_works PASSED                   [ 73%]
tests/test_sprint10.py::test_api_modules_exist PASSED                    [ 73%]
tests/test_sprint10.py::test_server_py_under_750_lines PASSED            [ 73%]
tests/test_sprint10.py::test_api_config_has_cancel_flags PASSED          [ 73%]
tests/test_sprint10.py::test_session_crud_still_works PASSED             [ 73%]
tests/test_sprint10.py::test_static_files_still_served PASSED            [ 73%]
tests/test_sprint10.py::test_cancel_requires_stream_id PASSED            [ 73%]
tests/test_sprint10.py::test_cancel_nonexistent_stream PASSED            [ 73%]
tests/test_sprint10.py::test_send_button_in_html PASSED                  [ 73%]
tests/test_sprint10.py::test_cancel_function_in_boot_js PASSED           [ 73%]
tests/test_sprint10.py::test_crons_output_limit_param SKIPPED (requi...) [ 73%]
tests/test_sprint10.py::test_cron_history_button_in_panels_js PASSED     [ 73%]
tests/test_sprint10.py::test_cron_output_snippet_helper PASSED           [ 73%]
tests/test_sprint10.py::test_cron_output_window_preserves_response_after_large_prompt PASSED [ 73%]
tests/test_sprint10.py::test_cron_output_window_without_response_uses_tail PASSED [ 73%]
tests/test_sprint10.py::test_tool_card_running_dot_in_css PASSED         [ 73%]
tests/test_sprint10.py::test_tool_card_show_more_in_ui_js PASSED         [ 73%]
tests/test_sprint10.py::test_tool_card_smart_truncation_in_ui_js PASSED  [ 73%]
tests/test_sprint10.py::test_cancel_sse_event_handler_in_messages_js PASSED [ 73%]
tests/test_sprint10.py::test_active_stream_id_tracked PASSED             [ 74%]
tests/test_sprint11.py::test_models_endpoint_returns_200 PASSED          [ 74%]
tests/test_sprint11.py::test_models_has_required_fields PASSED           [ 74%]
tests/test_sprint11.py::test_models_groups_structure PASSED              [ 74%]
tests/test_sprint11.py::test_models_model_structure PASSED               [ 74%]
tests/test_sprint11.py::test_models_default_model_not_empty PASSED       [ 74%]
tests/test_sprint11.py::test_models_at_least_one_provider PASSED         [ 74%]
tests/test_sprint11.py::test_models_no_duplicate_ids PASSED              [ 74%]
tests/test_sprint11.py::test_session_preserves_unlisted_model PASSED     [ 74%]
tests/test_sprint12.py::test_settings_get_returns_defaults PASSED        [ 74%]
tests/test_sprint12.py::test_default_model_updates_hermes_config FAILED  [ 74%]
tests/test_sprint12.py::test_settings_does_not_persist_default_model PASSED [ 74%]
tests/test_sprint12.py::test_default_model_empty_returns_400 PASSED      [ 74%]
tests/test_sprint12.py::test_settings_partial_update PASSED              [ 74%]
tests/test_sprint12.py::test_pin_session PASSED                          [ 74%]
tests/test_sprint12.py::test_unpin_session PASSED                        [ 74%]
tests/test_sprint12.py::test_pinned_in_session_list PASSED               [ 74%]
tests/test_sprint12.py::test_pinned_persists_on_reload PASSED            [ 74%]
tests/test_sprint12.py::test_import_session_basic PASSED                 [ 74%]
tests/test_sprint12.py::test_import_requires_messages PASSED             [ 74%]
tests/test_sprint12.py::test_import_creates_new_id PASSED                [ 74%]
tests/test_sprint12.py::test_import_with_pinned PASSED                   [ 74%]
tests/test_sprint13.py::test_crons_recent_returns_200 PASSED             [ 74%]
tests/test_sprint13.py::test_crons_recent_with_future_since PASSED       [ 74%]
tests/test_sprint13.py::test_crons_recent_default_since PASSED           [ 74%]
tests/test_sprint13.py::test_duplicate_session PASSED                    [ 74%]
tests/test_sprint13.py::test_pinned_survives_update PASSED               [ 74%]
tests/test_sprint13.py::test_workspace_add_rejects_nonexistent PASSED    [ 74%]
tests/test_sprint13.py::test_workspace_add_accepts_real_dir PASSED       [ 74%]
tests/test_sprint14.py::test_file_rename PASSED                          [ 74%]
tests/test_sprint14.py::test_file_rename_rejects_path_traversal PASSED   [ 74%]
tests/test_sprint14.py::test_file_rename_rejects_existing PASSED         [ 74%]
tests/test_sprint14.py::test_create_dir PASSED                           [ 74%]
tests/test_sprint14.py::test_create_dir_rejects_existing PASSED          [ 74%]
tests/test_sprint14.py::test_archive_session PASSED                      [ 74%]
tests/test_sprint14.py::test_unarchive_session PASSED                    [ 74%]
tests/test_sprint14.py::test_archived_in_compact PASSED                  [ 74%]
tests/test_sprint15.py::test_create_project PASSED                       [ 74%]
tests/test_sprint15.py::test_list_projects_empty PASSED                  [ 74%]
tests/test_sprint15.py::test_list_projects PASSED                        [ 74%]
tests/test_sprint15.py::test_rename_project PASSED                       [ 74%]
tests/test_sprint15.py::test_delete_project PASSED                       [ 74%]
tests/test_sprint15.py::test_delete_project_unassigns_sessions PASSED    [ 74%]
tests/test_sprint15.py::test_create_project_requires_name PASSED         [ 74%]
tests/test_sprint15.py::test_delete_nonexistent_project PASSED           [ 74%]
tests/test_sprint15.py::test_session_move_to_project PASSED              [ 74%]
tests/test_sprint15.py::test_session_move_to_unassigned PASSED           [ 74%]
tests/test_sprint15.py::test_session_project_in_list PASSED              [ 74%]
tests/test_sprint15.py::test_compact_includes_project_id PASSED          [ 75%]
tests/test_sprint15.py::test_session_move_requires_session_id PASSED     [ 75%]
tests/test_sprint16.py::test_render_md_pre_pass_converts_strong PASSED   [ 75%]
tests/test_sprint16.py::test_render_md_has_safety_net PASSED             [ 75%]
tests/test_sprint16.py::test_render_md_stashes_code_blocks PASSED        [ 75%]
tests/test_sprint16.py::test_render_md_handles_br_tag PASSED             [ 75%]
tests/test_sprint16.py::test_render_md_no_placeholder_remnants PASSED    [ 75%]
tests/test_sprint16.py::test_render_md_safe_tag_allowlist_complete PASSED [ 75%]
tests/test_sprint16.py::test_render_md_markdown_bold PASSED              [ 75%]
tests/test_sprint16.py::test_render_md_html_strong_passthrough PASSED    [ 75%]
tests/test_sprint16.py::test_render_md_html_b_tag PASSED                 [ 75%]
tests/test_sprint16.py::test_render_md_html_em_passthrough PASSED        [ 75%]
tests/test_sprint16.py::test_render_md_html_i_tag PASSED                 [ 75%]
tests/test_sprint16.py::test_render_md_html_code_passthrough PASSED      [ 75%]
tests/test_sprint16.py::test_render_md_html_br_becomes_newline PASSED    [ 75%]
tests/test_sprint16.py::test_render_md_mixed_markdown_and_html PASSED    [ 75%]
tests/test_sprint16.py::test_render_md_html_strong_in_list_item PASSED   [ 75%]
tests/test_sprint16.py::test_render_md_exact_screenshot_content PASSED   [ 75%]
tests/test_sprint16.py::test_render_md_markdown_bold_in_list_item PASSED [ 75%]
tests/test_sprint16.py::test_render_md_html_strong_in_blockquote PASSED  [ 75%]
tests/test_sprint16.py::test_render_md_html_strong_in_heading PASSED     [ 75%]
tests/test_sprint16.py::test_render_md_xss_in_list_still_blocked PASSED  [ 75%]
tests/test_sprint16.py::test_render_md_xss_in_blockquote_still_blocked PASSED [ 75%]
tests/test_sprint16.py::test_render_md_code_span_in_list_protected PASSED [ 75%]
tests/test_sprint16.py::test_render_md_code_block_protects_html PASSED   [ 75%]
tests/test_sprint16.py::test_render_md_fenced_code_protects_html PASSED  [ 75%]
tests/test_sprint16.py::test_render_md_fenced_code_with_five_backtick_outer_preserves_inner_triples PASSED [ 75%]
tests/test_sprint16.py::test_render_md_fenced_code_with_four_backtick_outer_preserves_inner_triples PASSED [ 75%]
tests/test_sprint16.py::test_render_md_fenced_code_three_backtick_path_still_renders_language PASSED [ 75%]
tests/test_sprint16.py::test_render_md_xss_img_tag_escaped PASSED        [ 75%]
tests/test_sprint16.py::test_render_md_xss_script_tag_escaped PASSED     [ 75%]
tests/test_sprint16.py::test_render_md_xss_iframe_escaped PASSED         [ 75%]
tests/test_sprint16.py::test_render_md_xss_svg_onerror_escaped PASSED    [ 75%]
tests/test_sprint16.py::test_render_md_xss_in_bold_text_escaped PASSED   [ 75%]
tests/test_sprint16.py::test_render_md_xss_in_html_strong_escaped PASSED [ 75%]
tests/test_sprint16.py::test_render_md_xss_object_tag_escaped PASSED     [ 75%]
tests/test_sprint16.py::test_list_bold_only PASSED                       [ 75%]
tests/test_sprint16.py::test_list_italic_only PASSED                     [ 75%]
tests/test_sprint16.py::test_list_code_only PASSED                       [ 75%]
tests/test_sprint16.py::test_list_bold_and_code_mixed PASSED             [ 75%]
tests/test_sprint16.py::test_list_html_strong_and_code_mixed PASSED      [ 75%]
tests/test_sprint16.py::test_list_html_em PASSED                         [ 75%]
tests/test_sprint16.py::test_list_html_b_tag PASSED                      [ 75%]
tests/test_sprint16.py::test_list_html_i_tag PASSED                      [ 75%]
tests/test_sprint16.py::test_list_multiple_items_each_formatted PASSED   [ 75%]
tests/test_sprint16.py::test_list_item_bold_mid_sentence PASSED          [ 75%]
tests/test_sprint16.py::test_list_item_multiple_bold_spans PASSED        [ 75%]
tests/test_sprint16.py::test_ordered_list_bold PASSED                    [ 75%]
tests/test_sprint16.py::test_ordered_list_html_strong PASSED             [ 75%]
tests/test_sprint16.py::test_ordered_list_code_spans PASSED              [ 76%]
tests/test_sprint16.py::test_indented_list_item_bold PASSED              [ 76%]
tests/test_sprint16.py::test_blockquote_plain PASSED                     [ 76%]
tests/test_sprint16.py::test_blockquote_bold PASSED                      [ 76%]
tests/test_sprint16.py::test_blockquote_html_strong PASSED               [ 76%]
tests/test_sprint16.py::test_blockquote_code_span PASSED                 [ 76%]
tests/test_sprint16.py::test_blockquote_mixed_formatting PASSED          [ 76%]
tests/test_sprint16.py::test_blockquote_xss_blocked PASSED               [ 76%]
tests/test_sprint16.py::test_heading_h1_bold PASSED                      [ 76%]
tests/test_sprint16.py::test_heading_h2_html_strong PASSED               [ 76%]
tests/test_sprint16.py::test_heading_h3_code PASSED                      [ 76%]
tests/test_sprint16.py::test_heading_xss_blocked PASSED                  [ 76%]
tests/test_sprint16.py::test_paragraph_bold_renders PASSED               [ 76%]
tests/test_sprint16.py::test_paragraph_html_strong_renders PASSED        [ 76%]
tests/test_sprint16.py::test_paragraph_html_code_renders PASSED          [ 76%]
tests/test_sprint16.py::test_paragraph_br_creates_line_break PASSED      [ 76%]
tests/test_sprint16.py::test_multiple_paragraphs_separated PASSED        [ 76%]
tests/test_sprint16.py::test_table_structure_in_ui_js PASSED             [ 76%]
tests/test_sprint16.py::test_br_in_list_item PASSED                      [ 76%]
tests/test_sprint16.py::test_br_self_closing_in_paragraph PASSED         [ 76%]
tests/test_sprint16.py::test_no_double_escaping_ampersand PASSED         [ 76%]
tests/test_sprint16.py::test_no_double_escaping_lt_in_code PASSED        [ 76%]
tests/test_sprint16.py::test_strong_text_not_double_escaped PASSED       [ 76%]
tests/test_sprint16.py::test_inline_md_helper_in_ui_js PASSED            [ 76%]
tests/test_sprint16.py::test_inline_md_used_in_list_handler PASSED       [ 76%]
tests/test_sprint16.py::test_inline_md_used_in_blockquote_handler PASSED [ 76%]
tests/test_sprint16.py::test_sessions_js_has_svg_icons PASSED            [ 76%]
tests/test_sprint16.py::test_sessions_js_has_dropdown_actions PASSED     [ 76%]
tests/test_sprint16.py::test_style_css_has_session_actions_dropdown PASSED [ 76%]
tests/test_sprint16.py::test_style_css_active_session_uses_accent PASSED [ 76%]
tests/test_sprint16.py::test_sessions_js_uses_action_menu_not_per_row_buttons PASSED [ 76%]
tests/test_sprint17.py::test_settings_send_key_default PASSED            [ 76%]
tests/test_sprint17.py::test_settings_save_send_key PASSED               [ 76%]
tests/test_sprint17.py::test_settings_invalid_send_key_rejected PASSED   [ 76%]
tests/test_sprint17.py::test_settings_unknown_key_ignored PASSED         [ 76%]
tests/test_sprint17.py::test_static_commands_js_served PASSED            [ 76%]
tests/test_sprint17.py::test_list_workspace_root PASSED                  [ 76%]
tests/test_sprint19.py::test_auth_status_disabled PASSED                 [ 76%]
tests/test_sprint19.py::test_login_when_auth_disabled PASSED             [ 76%]
tests/test_sprint19.py::test_all_routes_accessible_without_auth PASSED   [ 76%]
tests/test_sprint19.py::test_login_page_served PASSED                    [ 76%]
tests/test_sprint19.py::test_login_page_cache_busts_login_script PASSED  [ 76%]
tests/test_sprint19.py::test_login_route_injects_webui_version_for_login_script PASSED [ 76%]
tests/test_sprint19.py::test_security_headers_on_json PASSED             [ 76%]
tests/test_sprint19.py::test_security_headers_on_health PASSED           [ 76%]
tests/test_sprint19.py::test_permissions_policy_does_not_disable_microphone PASSED [ 76%]
tests/test_sprint19.py::test_cache_control_no_store PASSED               [ 76%]
tests/test_sprint19.py::test_settings_password_hash_not_exposed PASSED   [ 76%]
tests/test_sprint19.py::test_settings_save_preserves_other_fields PASSED [ 77%]
tests/test_sprint19.py::test_settings_password_hash_not_directly_settable PASSED [ 77%]
tests/test_sprint2.py::test_raw_endpoint_serves_png PASSED               [ 77%]
tests/test_sprint2.py::test_raw_endpoint_serves_jpeg PASSED              [ 77%]
tests/test_sprint2.py::test_raw_endpoint_serves_svg PASSED               [ 77%]
tests/test_sprint2.py::test_raw_endpoint_path_traversal_blocked PASSED   [ 77%]
tests/test_sprint2.py::test_raw_endpoint_missing_file_returns_404 PASSED [ 77%]
tests/test_sprint2.py::test_md_file_returns_text_via_api_file PASSED     [ 77%]
tests/test_sprint2.py::test_md_file_with_table PASSED                    [ 77%]
tests/test_sprint2.py::test_file_listing_includes_images PASSED          [ 77%]
tests/test_sprint20.py::test_mic_button_present_in_html PASSED           [ 77%]
tests/test_sprint20.py::test_mic_button_has_mic_btn_class PASSED         [ 77%]
tests/test_sprint20.py::test_mic_button_hidden_by_default PASSED         [ 77%]
tests/test_sprint20.py::test_mic_button_has_title PASSED                 [ 77%]
tests/test_sprint20.py::test_mic_status_div_present PASSED               [ 77%]
tests/test_sprint20.py::test_mic_status_hidden_by_default PASSED         [ 77%]
tests/test_sprint20.py::test_mic_status_has_mic_dot PASSED               [ 77%]
tests/test_sprint20.py::test_mic_status_has_listening_text PASSED        [ 77%]
tests/test_sprint20.py::test_mic_button_svg_microphone_shape PASSED      [ 77%]
tests/test_sprint20.py::test_mic_button_inside_composer_left PASSED      [ 77%]
tests/test_sprint20.py::test_mic_btn_css_rule_exists PASSED              [ 77%]
tests/test_sprint20.py::test_mic_btn_recording_state_css PASSED          [ 77%]
tests/test_sprint20.py::test_mic_recording_color_error PASSED            [ 77%]
tests/test_sprint20.py::test_mic_recording_has_animation PASSED          [ 77%]
tests/test_sprint20.py::test_mic_pulse_keyframes_defined PASSED          [ 77%]
tests/test_sprint20.py::test_mic_status_css_rule_exists PASSED           [ 77%]
tests/test_sprint20.py::test_mic_dot_css_rule_exists PASSED              [ 77%]
tests/test_sprint20.py::test_mic_btn_has_transition PASSED               [ 77%]
tests/test_sprint20.py::test_boot_js_serves_ok PASSED                    [ 77%]
tests/test_sprint20.py::test_boot_js_speech_recognition_check PASSED     [ 77%]
tests/test_sprint20.py::test_boot_js_recognition_config PASSED           [ 77%]
tests/test_sprint20.py::test_boot_js_recognition_not_continuous PASSED   [ 77%]
tests/test_sprint20.py::test_boot_js_recognition_interim_results PASSED  [ 77%]
tests/test_sprint20.py::test_boot_js_recognition_lang_en PASSED          [ 77%]
tests/test_sprint20.py::test_boot_js_onresult_handler PASSED             [ 77%]
tests/test_sprint20.py::test_boot_js_onend_handler PASSED                [ 77%]
tests/test_sprint20.py::test_boot_js_onerror_handler PASSED              [ 77%]
tests/test_sprint20.py::test_boot_js_not_allowed_error_message PASSED    [ 77%]
tests/test_sprint20.py::test_boot_js_no_speech_error_message PASSED      [ 77%]
tests/test_sprint20.py::test_boot_js_network_error_message PASSED        [ 77%]
tests/test_sprint20.py::test_boot_js_mic_active_flag PASSED              [ 77%]
tests/test_sprint20.py::test_boot_js_mic_recording_class_toggle PASSED   [ 77%]
tests/test_sprint20.py::test_boot_js_mic_status_toggle PASSED            [ 77%]
tests/test_sprint20.py::test_boot_js_send_stops_mic PASSED               [ 77%]
tests/test_sprint20.py::test_boot_js_btn_mic_onclick PASSED              [ 77%]
tests/test_sprint20.py::test_boot_js_recognition_start PASSED            [ 77%]
tests/test_sprint20.py::test_boot_js_recognition_stop PASSED             [ 77%]
tests/test_sprint20.py::test_boot_js_iife_guard PASSED                   [ 77%]
tests/test_sprint20.py::test_boot_js_browser_unsupported_guard_uses_fallback_capabilities PASSED [ 77%]
tests/test_sprint20.py::test_boot_js_media_recorder_fallback_posts_to_transcribe_api PASSED [ 78%]
tests/test_sprint20.py::test_routes_define_transcribe_endpoint PASSED    [ 78%]
tests/test_sprint20.py::test_boot_js_shows_mic_button_when_any_voice_path_is_supported PASSED [ 78%]
tests/test_sprint20.py::test_boot_js_show_toast_on_error PASSED          [ 78%]
tests/test_sprint20.py::test_boot_js_autoresize_called PASSED            [ 78%]
tests/test_sprint20.py::test_boot_js_prefix_variable_declared PASSED     [ 78%]
tests/test_sprint20.py::test_boot_js_prefix_captured_on_start PASSED     [ 78%]
tests/test_sprint20.py::test_boot_js_onresult_prepends_prefix PASSED     [ 78%]
tests/test_sprint20.py::test_boot_js_onend_commits_with_prefix PASSED    [ 78%]
tests/test_sprint20.py::test_boot_js_prefix_reset_on_stop PASSED         [ 78%]
tests/test_sprint20.py::test_boot_js_auto_space_between_prefix_and_transcript PASSED [ 78%]
tests/test_sprint20.py::test_attach_button_still_wired PASSED            [ 78%]
tests/test_sprint20.py::test_file_input_onchange_still_wired PASSED      [ 78%]
tests/test_sprint20.py::test_index_html_still_has_send_button PASSED     [ 78%]
tests/test_sprint20.py::test_index_html_still_has_attach_button PASSED   [ 78%]
tests/test_sprint20b.py::test_send_button_present PASSED                 [ 78%]
tests/test_sprint20b.py::test_send_button_disabled_by_default PASSED     [ 78%]
tests/test_sprint20b.py::test_send_button_no_text_label PASSED           [ 78%]
tests/test_sprint20b.py::test_send_button_has_svg_icon PASSED            [ 78%]
tests/test_sprint20b.py::test_send_button_has_title_attribute PASSED     [ 78%]
tests/test_sprint20b.py::test_send_button_svg_arrow_up PASSED            [ 78%]
tests/test_sprint20b.py::test_send_btn_is_circle PASSED                  [ 78%]
tests/test_sprint20b.py::test_send_btn_fixed_dimensions PASSED           [ 78%]
tests/test_sprint20b.py::test_send_btn_no_old_padding PASSED             [ 78%]
tests/test_sprint20b.py::test_send_btn_accent_background PASSED          [ 78%]
tests/test_sprint20b.py::test_send_btn_has_transition PASSED             [ 78%]
tests/test_sprint20b.py::test_send_btn_has_box_shadow PASSED             [ 78%]
tests/test_sprint20b.py::test_send_btn_hover_has_scale PASSED            [ 78%]
tests/test_sprint20b.py::test_send_btn_active_shrinks PASSED             [ 78%]
tests/test_sprint20b.py::test_send_btn_disabled_rule_exists PASSED       [ 78%]
tests/test_sprint20b.py::test_send_btn_visible_class_defined PASSED      [ 78%]
tests/test_sprint20b.py::test_send_pop_in_keyframes_defined PASSED       [ 78%]
tests/test_sprint20b.py::test_send_pop_in_uses_scale PASSED              [ 78%]
tests/test_sprint20b.py::test_send_pop_in_uses_opacity PASSED            [ 78%]
tests/test_sprint20b.py::test_send_btn_mobile_override_no_padding PASSED [ 78%]
tests/test_sprint20b.py::test_ui_js_update_send_btn_function PASSED      [ 78%]
tests/test_sprint20b.py::test_update_send_btn_checks_content PASSED      [ 78%]
tests/test_sprint20b.py::test_update_send_btn_checks_pending_files PASSED [ 78%]
tests/test_sprint20b.py::test_update_send_btn_uses_visible_class PASSED  [ 78%]
tests/test_sprint20b.py::test_update_send_btn_uses_disabled PASSED       [ 78%]
tests/test_sprint20b.py::test_set_busy_calls_update_send_btn PASSED      [ 78%]
tests/test_sprint20b.py::test_render_tray_calls_update_send_btn PASSED   [ 78%]
tests/test_sprint20b.py::test_boot_js_input_calls_update_send_btn PASSED [ 78%]
tests/test_sprint20b.py::test_auto_resize_calls_update_send_btn PASSED   [ 78%]
tests/test_sprint20b.py::test_send_button_still_has_send_btn_class PASSED [ 78%]
tests/test_sprint20b.py::test_ui_js_set_busy_calls_update_send_btn PASSED [ 78%]
tests/test_sprint20b.py::test_index_html_attach_button_unchanged PASSED  [ 78%]
tests/test_sprint20b.py::test_send_function_still_exists PASSED          [ 78%]
tests/test_sprint23.py::test_new_session_has_usage_fields PASSED         [ 79%]
tests/test_sprint23.py::test_session_compact_has_usage_fields PASSED     [ 79%]
tests/test_sprint23.py::test_session_usage_defaults_zero PASSED          [ 79%]
tests/test_sprint23.py::test_skills_content_requires_name SKIPPED (r...) [ 79%]
tests/test_sprint23.py::test_skills_content_has_linked_files_key PASSED  [ 79%]
tests/test_sprint23.py::test_skills_content_file_path_traversal_rejected PASSED [ 79%]
tests/test_sprint23.py::test_skills_content_wildcard_name_rejected PASSED [ 79%]
tests/test_sprint23.py::test_cron_create_accepts_skills PASSED           [ 79%]
tests/test_sprint23.py::test_tool_calls_have_real_names PASSED           [ 79%]
tests/test_sprint26.py::test_settings_default_theme PASSED               [ 79%]
tests/test_sprint26.py::test_settings_set_theme_light_persists PASSED    [ 79%]
tests/test_sprint26.py::test_settings_set_theme_light PASSED             [ 79%]
tests/test_sprint26.py::test_settings_set_theme_system PASSED            [ 79%]
tests/test_sprint26.py::test_settings_set_skin PASSED                    [ 79%]
tests/test_sprint26.py::test_settings_set_skin_poseidon PASSED           [ 79%]
tests/test_sprint26.py::test_settings_legacy_theme_maps_to_dark_skin_pair PASSED [ 79%]
tests/test_sprint26.py::test_settings_legacy_monokai_maps_to_sisyphus_skin PASSED [ 79%]
tests/test_sprint26.py::test_settings_unknown_theme_falls_back_to_dark_default PASSED [ 79%]
tests/test_sprint26.py::test_settings_invalid_skin_falls_back_to_default PASSED [ 79%]
tests/test_sprint26.py::test_load_settings_normalizes_legacy_theme_from_file PASSED [ 79%]
tests/test_sprint26.py::test_theme_does_not_break_other_settings PASSED  [ 79%]
tests/test_sprint26.py::test_theme_survives_round_trip PASSED            [ 79%]
tests/test_sprint27.py::test_settings_default_bot_name PASSED            [ 79%]
tests/test_sprint27.py::test_settings_set_bot_name PASSED                [ 79%]
tests/test_sprint27.py::test_settings_bot_name_special_chars PASSED      [ 79%]
tests/test_sprint27.py::test_settings_empty_bot_name_defaults_to_hermes PASSED [ 79%]
tests/test_sprint27.py::test_settings_whitespace_bot_name_defaults_to_hermes PASSED [ 79%]
tests/test_sprint27.py::test_login_page_shows_default_bot_name PASSED    [ 79%]
tests/test_sprint27.py::test_login_page_shows_custom_bot_name PASSED     [ 79%]
tests/test_sprint27.py::test_login_page_empty_name_does_not_crash PASSED [ 79%]
tests/test_sprint27.py::test_login_page_xss_escaped PASSED               [ 79%]
tests/test_sprint28.py::test_personalities_empty_when_none_exist PASSED  [ 79%]
tests/test_sprint28.py::test_personalities_lists_from_config PASSED      [ 79%]
tests/test_sprint28.py::test_personalities_returns_empty_when_none_configured PASSED [ 79%]
tests/test_sprint28.py::test_personalities_skips_non_dict_config PASSED  [ 79%]
tests/test_sprint28.py::test_set_personality_valid PASSED                [ 79%]
tests/test_sprint28.py::test_set_personality_persists_in_compact PASSED  [ 79%]
tests/test_sprint28.py::test_clear_personality_sets_null PASSED          [ 79%]
tests/test_sprint28.py::test_set_personality_not_found_returns_404 PASSED [ 79%]
tests/test_sprint28.py::test_set_personality_nonexistent_returns_404 PASSED [ 79%]
tests/test_sprint28.py::test_set_personality_missing_session_returns_404 PASSED [ 79%]
tests/test_sprint29.py::TestCSRF::test_no_origin_no_referer_allowed PASSED [ 79%]
tests/test_sprint29.py::TestCSRF::test_cross_origin_post_rejected PASSED [ 79%]
tests/test_sprint29.py::TestCSRF::test_same_origin_post_allowed PASSED   [ 79%]
tests/test_sprint29.py::TestCSRF::test_same_origin_referer_allowed PASSED [ 79%]
tests/test_sprint29.py::TestCSRF::test_proxy_host_default_https_port_matches_http_origin PASSED [ 79%]
tests/test_sprint29.py::TestCSRF::test_proxy_host_default_https_port_matches_https_origin PASSED [ 79%]
tests/test_sprint29.py::TestCSRF::test_proxy_host_port_normalization_still_rejects_other_host PASSED [ 79%]
tests/test_sprint29.py::TestCSRF::test_allowed_public_origin_bypasses_missing_proxy_port PASSED [ 80%]
tests/test_sprint29.py::TestCSRF::test_other_origin_not_allowed_by_public_origin_allowlist PASSED [ 80%]
tests/test_sprint29.py::TestCSRF::test_cross_protocol_port_not_confused_http_origin_https_host PASSED [ 80%]
tests/test_sprint29.py::TestCSRF::test_cross_protocol_port_not_confused_https_origin_http_host PASSED [ 80%]
tests/test_sprint29.py::TestCSRF::test_http_explicit_port_80_matches_host_without_port PASSED [ 80%]
tests/test_sprint29.py::TestCSRF::test_https_explicit_port_443_matches_host_without_port PASSED [ 80%]
tests/test_sprint29.py::TestCSRF::test_non_default_port_not_waived PASSED [ 80%]
tests/test_sprint29.py::TestCSRF::test_bug_origin_8000_host_without_port_rejected_without_allowlist PASSED [ 80%]
tests/test_sprint29.py::TestCSRF::test_allowed_origins_comma_separated PASSED [ 80%]
tests/test_sprint29.py::TestCSRF::test_allowed_origins_without_scheme_ignored PASSED [ 80%]
tests/test_sprint29.py::TestCSRF::test_allowed_origins_trailing_slash_normalized PASSED [ 80%]
tests/test_sprint29.py::TestCSRFHelpers::test_normalize_host_only PASSED [ 80%]
tests/test_sprint29.py::TestCSRFHelpers::test_normalize_host_with_port PASSED [ 80%]
tests/test_sprint29.py::TestCSRFHelpers::test_normalize_ipv6_no_port PASSED [ 80%]
tests/test_sprint29.py::TestCSRFHelpers::test_normalize_ipv6_with_port PASSED [ 80%]
tests/test_sprint29.py::TestCSRFHelpers::test_normalize_empty PASSED     [ 80%]
tests/test_sprint29.py::TestCSRFHelpers::test_normalize_whitespace_stripped PASSED [ 80%]
tests/test_sprint29.py::TestCSRFHelpers::test_normalize_lowercases PASSED [ 80%]
tests/test_sprint29.py::TestCSRFHelpers::test_ports_match_identical PASSED [ 80%]
tests/test_sprint29.py::TestCSRFHelpers::test_ports_match_both_absent PASSED [ 80%]
tests/test_sprint29.py::TestCSRFHelpers::test_ports_match_https_absent_vs_443 PASSED [ 80%]
tests/test_sprint29.py::TestCSRFHelpers::test_ports_match_http_absent_vs_80 PASSED [ 80%]
tests/test_sprint29.py::TestCSRFHelpers::test_ports_match_http_absent_vs_443_rejected PASSED [ 80%]
tests/test_sprint29.py::TestCSRFHelpers::test_ports_match_https_absent_vs_80_rejected PASSED [ 80%]
tests/test_sprint29.py::TestCSRFHelpers::test_ports_match_non_default_never_waived PASSED [ 80%]
tests/test_sprint29.py::TestCSRFHelpers::test_ports_match_different_non_default PASSED [ 80%]
tests/test_sprint29.py::TestLoginRateLimit::test_rate_limit_triggers_429 PASSED [ 80%]
tests/test_sprint29.py::TestLoginRateLimit::test_rate_limit_resets_after_window PASSED [ 80%]
tests/test_sprint29.py::TestLoginRateLimit::test_rate_limit_endpoint_returns_429 PASSED [ 80%]
tests/test_sprint29.py::TestSessionIDValidation::test_hex_session_id_loads PASSED [ 80%]
tests/test_sprint29.py::TestSessionIDValidation::test_new_format_session_id_passes_validation PASSED [ 80%]
tests/test_sprint29.py::TestSessionIDValidation::test_non_hex_session_id_rejected PASSED [ 80%]
tests/test_sprint29.py::TestSessionIDValidation::test_empty_session_id_rejected PASSED [ 80%]
tests/test_sprint29.py::TestSanitizeError::test_unix_path_stripped PASSED [ 80%]
tests/test_sprint29.py::TestSanitizeError::test_nested_unix_path_stripped PASSED [ 80%]
tests/test_sprint29.py::TestSanitizeError::test_no_path_unchanged PASSED [ 80%]
tests/test_sprint29.py::TestSanitizeError::test_windows_path_stripped PASSED [ 80%]
tests/test_sprint29.py::TestSanitizeError::test_live_404_does_not_leak_path PASSED [ 80%]
tests/test_sprint29.py::TestSecureCookieFlag::test_getattr_safe_on_plain_socket PASSED [ 80%]
tests/test_sprint29.py::TestSecureCookieFlag::test_secure_flag_not_set_for_plain_http PASSED [ 80%]
tests/test_sprint29.py::TestHMACLength::test_session_token_sig_is_32_chars PASSED [ 80%]
tests/test_sprint29.py::TestHMACLength::test_verify_session_rejects_old_16char_sig PASSED [ 80%]
tests/test_sprint29.py::TestSkillsPathTraversal::test_traversal_rejected PASSED [ 80%]
tests/test_sprint29.py::TestSkillsPathTraversal::test_valid_skill_accepted PASSED [ 80%]
tests/test_sprint29.py::TestContentDisposition::test_html_file_forced_download PASSED [ 80%]
tests/test_sprint29.py::TestContentDisposition::test_dangerous_mime_types_set_complete PASSED [ 80%]
tests/test_sprint29.py::TestContentDisposition::test_unicode_filename_download_header_is_latin1_safe PASSED [ 80%]
tests/test_sprint29.py::TestContentDisposition::test_unicode_filename_inline_header_is_latin1_safe PASSED [ 80%]
tests/test_sprint29.py::TestPasswordHashing::test_hash_password_is_hex PASSED [ 80%]
tests/test_sprint29.py::TestPasswordHashing::test_hash_password_is_deterministic_with_same_salt PASSED [ 81%]
tests/test_sprint29.py::TestPasswordHashing::test_hash_password_different_inputs_differ PASSED [ 81%]
tests/test_sprint29.py::TestPasswordHashing::test_hash_password_longer_than_sha256 PASSED [ 81%]
tests/test_sprint29.py::TestPasswordHashing::test_save_settings_stores_64char_hex_hash PASSED [ 81%]
tests/test_sprint29.py::TestStartupWarning::test_warning_code_present_in_server PASSED [ 81%]
tests/test_sprint29.py::TestSSRFCheck::test_ssrf_guard_code_present_in_config PASSED [ 81%]
tests/test_sprint29.py::TestSSRFCheck::test_known_local_providers_whitelisted PASSED [ 81%]
tests/test_sprint29.py::TestENVLock::test_env_lock_importable_from_streaming PASSED [ 81%]
tests/test_sprint29.py::TestENVLock::test_env_lock_importable_in_routes PASSED [ 81%]
tests/test_sprint3.py::test_crons_list SKIPPED (requires hermes-agen...) [ 81%]
tests/test_sprint3.py::test_crons_list_has_required_fields SKIPPED (...) [ 81%]
tests/test_sprint3.py::test_crons_output_requires_job_id SKIPPED (re...) [ 81%]
tests/test_sprint3.py::test_crons_output_real_job SKIPPED (requires ...) [ 81%]
tests/test_sprint3.py::test_crons_pause_requires_job_id PASSED           [ 81%]
tests/test_sprint3.py::test_crons_resume_requires_job_id PASSED          [ 81%]
tests/test_sprint3.py::test_crons_run_nonexistent SKIPPED (requires ...) [ 81%]
tests/test_sprint3.py::test_skills_list SKIPPED (requires hermes-age...) [ 81%]
tests/test_sprint3.py::test_skills_list_has_required_fields SKIPPED      [ 81%]
tests/test_sprint3.py::test_skills_content_known SKIPPED (requires h...) [ 81%]
tests/test_sprint3.py::test_skills_content_requires_name SKIPPED (re...) [ 81%]
tests/test_sprint3.py::test_skills_search_returns_subset SKIPPED (re...) [ 81%]
tests/test_sprint3.py::test_memory_returns_both_files PASSED             [ 81%]
tests/test_sprint3.py::test_memory_content_is_string PASSED              [ 81%]
tests/test_sprint3.py::test_memory_has_mtime PASSED                      [ 81%]
tests/test_sprint3.py::test_session_update_requires_session_id PASSED    [ 81%]
tests/test_sprint3.py::test_session_delete_requires_session_id PASSED    [ 81%]
tests/test_sprint3.py::test_session_delete_rejects_absolute_path_payload PASSED [ 81%]
tests/test_sprint3.py::test_session_delete_rejects_traversal_payload PASSED [ 81%]
tests/test_sprint3.py::test_chat_start_requires_session_id PASSED        [ 81%]
tests/test_sprint3.py::test_chat_start_requires_message PASSED           [ 81%]
tests/test_sprint3.py::test_session_update_unknown_id_returns_404 PASSED [ 81%]
tests/test_sprint3.py::test_session_update_rejects_workspace_outside_trusted_root FAILED [ 81%]
tests/test_sprint3.py::test_chat_start_rejects_workspace_outside_trusted_root FAILED [ 81%]
tests/test_sprint3.py::test_workspace_add_allows_external_valid_paths PASSED [ 81%]
tests/test_sprint3.py::test_workspace_add_rejects_system_paths PASSED    [ 81%]
tests/test_sprint3.py::test_legacy_chat_rejects_workspace_outside_trusted_root FAILED [ 81%]
tests/test_sprint3.py::test_session_new_rejects_workspace_outside_trusted_root FAILED [ 81%]
tests/test_sprint3.py::test_session_search_returns_matches PASSED        [ 81%]
tests/test_sprint3.py::test_session_search_empty_query_returns_all PASSED [ 81%]
tests/test_sprint3.py::test_session_search_no_results PASSED             [ 81%]
tests/test_sprint30.py::TestApprovalCardHTML::test_approval_card_has_four_buttons PASSED [ 81%]
tests/test_sprint30.py::TestApprovalCardHTML::test_approval_buttons_have_ids PASSED [ 81%]
tests/test_sprint30.py::TestApprovalCardHTML::test_approval_heading_has_data_i18n PASSED [ 81%]
tests/test_sprint30.py::TestApprovalCardHTML::test_approval_buttons_have_data_i18n_labels PASSED [ 81%]
tests/test_sprint30.py::TestApprovalCardHTML::test_approval_once_button_has_kbd_badge PASSED [ 81%]
tests/test_sprint30.py::TestApprovalCardHTML::test_approval_card_has_aria_roles PASSED [ 81%]
tests/test_sprint30.py::TestClarifyCardHTML::test_clarify_card_markup_present PASSED [ 81%]
tests/test_sprint30.py::TestClarifyCardHTML::test_clarify_card_has_data_i18n PASSED [ 81%]
tests/test_sprint30.py::TestClarifyCardHTML::test_clarify_card_has_aria_roles PASSED [ 82%]
tests/test_sprint30.py::TestApprovalCardCSS::test_btn_disabled_style_present PASSED [ 82%]
tests/test_sprint30.py::TestApprovalCardCSS::test_btn_loading_class_present PASSED [ 82%]
tests/test_sprint30.py::TestApprovalCardCSS::test_approval_kbd_style_present PASSED [ 82%]
tests/test_sprint30.py::TestApprovalCardCSS::test_approval_kbd_hidden_on_mobile PASSED [ 82%]
tests/test_sprint30.py::TestApprovalCardCSS::test_btn_transform_on_hover PASSED [ 82%]
tests/test_sprint30.py::TestApprovalCardCSS::test_four_choice_styles_present PASSED [ 82%]
tests/test_sprint30.py::TestClarifyCardCSS::test_clarify_styles_present PASSED [ 82%]
tests/test_sprint30.py::TestClarifyCardCSS::test_clarify_mobile_styles_present PASSED [ 82%]
tests/test_sprint30.py::TestClarifyCardCSS::test_clarify_focus_styles_present PASSED [ 82%]
tests/test_sprint30.py::TestApprovalI18nKeys::test_english_locale_has_all_approval_keys PASSED [ 82%]
tests/test_sprint30.py::TestApprovalI18nKeys::test_chinese_locale_has_all_approval_keys PASSED [ 82%]
tests/test_sprint30.py::TestApprovalI18nKeys::test_approval_heading_english_value PASSED [ 82%]
tests/test_sprint30.py::TestApprovalI18nKeys::test_approval_btn_once_english_value PASSED [ 82%]
tests/test_sprint30.py::TestApprovalI18nKeys::test_approval_btn_deny_english_value PASSED [ 82%]
tests/test_sprint30.py::TestClarifyI18nKeys::test_english_locale_has_all_clarify_keys PASSED [ 82%]
tests/test_sprint30.py::TestClarifyI18nKeys::test_chinese_locale_has_all_clarify_keys PASSED [ 82%]
tests/test_sprint30.py::TestClarifyI18nKeys::test_clarify_heading_english_value PASSED [ 82%]
tests/test_sprint30.py::TestApprovalMessagesJS::test_show_approval_card_re_enables_buttons PASSED [ 82%]
tests/test_sprint30.py::TestApprovalMessagesJS::test_respond_disables_buttons_immediately PASSED [ 82%]
tests/test_sprint30.py::TestApprovalMessagesJS::test_respond_uses_i18n_for_error PASSED [ 82%]
tests/test_sprint30.py::TestApprovalMessagesJS::test_show_card_applies_locale_to_dom PASSED [ 82%]
tests/test_sprint30.py::TestApprovalMessagesJS::test_show_card_focuses_once_button PASSED [ 82%]
tests/test_sprint30.py::TestClarifyMessagesJS::test_clarify_event_listener_present PASSED [ 82%]
tests/test_sprint30.py::TestClarifyMessagesJS::test_show_clarify_card_present PASSED [ 82%]
tests/test_sprint30.py::TestClarifyMessagesJS::test_respond_clarify_uses_api_endpoint PASSED [ 82%]
tests/test_sprint30.py::TestClarifyMessagesJS::test_clarify_polling_helpers_present PASSED [ 82%]
tests/test_sprint30.py::TestApprovalKeyboardShortcut::test_enter_shortcut_present_in_boot_js PASSED [ 82%]
tests/test_sprint30.py::TestApprovalKeyboardShortcut::test_enter_shortcut_checks_card_visible PASSED [ 82%]
tests/test_sprint30.py::TestApprovalKeyboardShortcut::test_enter_shortcut_guards_input_elements PASSED [ 82%]
tests/test_sprint30.py::TestStreamingApprovalScoping::test_unreg_notify_initialised_to_none PASSED [ 82%]
tests/test_sprint30.py::TestStreamingApprovalScoping::test_finally_checks_unreg_notify_not_none PASSED [ 82%]
tests/test_sprint30.py::TestStreamingApprovalScoping::test_approval_registered_flag_present PASSED [ 82%]
tests/test_sprint30.py::TestStreamingApprovalScoping::test_clarify_registered_flag_present PASSED [ 82%]
tests/test_sprint30.py::TestStreamingApprovalScoping::test_clarify_unreg_notify_initialised_to_none PASSED [ 82%]
tests/test_sprint30.py::TestStreamingApprovalScoping::test_finally_checks_clarify_unreg_notify_not_none PASSED [ 82%]
tests/test_sprint30.py::TestApprovalRespondHTTP::test_respond_ok_with_all_choices PASSED [ 82%]
tests/test_sprint30.py::TestApprovalRespondHTTP::test_respond_rejects_bad_choice PASSED [ 82%]
tests/test_sprint30.py::TestApprovalRespondHTTP::test_respond_requires_session_id PASSED [ 82%]
tests/test_sprint30.py::TestApprovalRespondHTTP::test_respond_returns_choice_field PASSED [ 82%]
tests/test_sprint30.py::TestApprovalCardTimerLogic::test_approval_min_visible_ms_constant_present PASSED [ 82%]
tests/test_sprint30.py::TestApprovalCardTimerLogic::test_hide_approval_card_has_force_parameter PASSED [ 82%]
tests/test_sprint30.py::TestApprovalCardTimerLogic::test_hide_approval_card_checks_force_flag PASSED [ 82%]
tests/test_sprint30.py::TestApprovalCardTimerLogic::test_approval_hide_timer_variable_present PASSED [ 82%]
tests/test_sprint30.py::TestApprovalCardTimerLogic::test_approval_visible_since_variable_present PASSED [ 82%]
tests/test_sprint30.py::TestApprovalCardTimerLogic::test_approval_signature_variable_present PASSED [ 82%]
tests/test_sprint30.py::TestApprovalCardTimerLogic::test_respond_approval_calls_hide_with_force PASSED [ 82%]
tests/test_sprint30.py::TestApprovalCardTimerLogic::test_stream_done_calls_hide_with_force PASSED [ 82%]
tests/test_sprint30.py::TestApprovalCardTimerLogic::test_poll_loop_still_uses_no_force PASSED [ 83%]
tests/test_sprint30.py::TestApprovalCardTimerLogic::test_show_approval_card_signature_dedup PASSED [ 83%]
tests/test_sprint30.py::TestApprovalCardTimerLogic::test_clear_approval_hide_timer_helper_present PASSED [ 83%]
tests/test_sprint30.py::TestClarifyCardTimerLogic::test_clarify_min_visible_ms_constant_present PASSED [ 83%]
tests/test_sprint30.py::TestClarifyCardTimerLogic::test_hide_clarify_card_has_force_parameter PASSED [ 83%]
tests/test_sprint30.py::TestClarifyCardTimerLogic::test_hide_clarify_card_checks_force_flag PASSED [ 83%]
tests/test_sprint30.py::TestClarifyCardTimerLogic::test_clarify_hide_timer_variable_present PASSED [ 83%]
tests/test_sprint30.py::TestClarifyCardTimerLogic::test_clarify_visible_since_variable_present PASSED [ 83%]
tests/test_sprint30.py::TestClarifyCardTimerLogic::test_clarify_signature_variable_present PASSED [ 83%]
tests/test_sprint30.py::TestClarifyCardTimerLogic::test_clarify_countdown_element_present PASSED [ 83%]
tests/test_sprint30.py::TestClarifyCardTimerLogic::test_clarify_countdown_uses_pending_expiry PASSED [ 83%]
tests/test_sprint30.py::TestClarifyCardTimerLogic::test_clarify_countdown_does_not_restart_for_same_expiry PASSED [ 83%]
tests/test_sprint30.py::TestClarifyCardTimerLogic::test_hide_clarify_card_can_preserve_draft PASSED [ 83%]
tests/test_sprint30.py::TestClarifyCardTimerLogic::test_clarify_draft_appends_to_existing_composer_text PASSED [ 83%]
tests/test_sprint30.py::TestClarifyCardTimerLogic::test_cancel_stream_does_not_preserve_clarify_draft PASSED [ 83%]
tests/test_sprint30.py::TestClarifyCardTimerLogic::test_clarify_urgent_countdown_has_non_color_cue PASSED [ 83%]
tests/test_sprint30.py::TestClarifyCardTimerLogic::test_respond_clarify_calls_hide_with_force PASSED [ 83%]
tests/test_sprint30.py::TestClarifyCardTimerLogic::test_clarify_poll_loop_uses_no_force PASSED [ 83%]
tests/test_sprint30.py::TestClarifyCardTimerLogic::test_show_clarify_card_signature_dedup PASSED [ 83%]
tests/test_sprint31.py::TestWriteEndpointToConfig::test_writes_base_url PASSED [ 83%]
tests/test_sprint31.py::TestWriteEndpointToConfig::test_writes_api_key PASSED [ 83%]
tests/test_sprint31.py::TestWriteEndpointToConfig::test_writes_both PASSED [ 83%]
tests/test_sprint31.py::TestWriteEndpointToConfig::test_merges_with_existing_config PASSED [ 83%]
tests/test_sprint31.py::TestWriteEndpointToConfig::test_noop_when_both_none PASSED [ 83%]
tests/test_sprint31.py::TestWriteEndpointToConfig::test_noop_when_both_empty_strings PASSED [ 83%]
tests/test_sprint31.py::TestProfileCreateAPIWithEndpoint::test_api_route_accepts_base_url XPASS [ 83%]
tests/test_sprint31.py::TestProfileCreateAPIWithEndpoint::test_api_route_writes_base_url_to_config XPASS [ 83%]
tests/test_sprint31.py::TestProfileCreateAPIWithEndpoint::test_api_route_rejects_invalid_base_url XPASS [ 83%]
tests/test_sprint32.py::TestAutoInstallAgentDeps::test_disabled_by_default PASSED [ 83%]
tests/test_sprint32.py::TestAutoInstallAgentDeps::test_installs_from_requirements_txt PASSED [ 83%]
tests/test_sprint32.py::TestAutoInstallAgentDeps::test_falls_back_to_pyproject PASSED [ 83%]
tests/test_sprint32.py::TestAutoInstallAgentDeps::test_skips_when_agent_dir_missing PASSED [ 83%]
tests/test_sprint32.py::TestAutoInstallAgentDeps::test_skips_when_no_install_file PASSED [ 83%]
tests/test_sprint32.py::TestAutoInstallAgentDeps::test_skips_when_dir_not_trusted PASSED [ 83%]
tests/test_sprint32.py::TestAutoInstallAgentDeps::test_tolerates_pip_failure PASSED [ 83%]
tests/test_sprint32.py::TestAutoInstallAgentDeps::test_tolerates_timeout PASSED [ 83%]
tests/test_sprint33.py::test_index_has_shared_app_dialog_markup PASSED   [ 83%]
tests/test_sprint33.py::test_app_dialog_css_rules_exist PASSED           [ 83%]
tests/test_sprint33.py::test_ui_js_exposes_shared_dialog_helpers PASSED  [ 83%]
tests/test_sprint33.py::test_no_native_confirm_calls_remain_in_static_js PASSED [ 83%]
tests/test_sprint33.py::test_no_native_prompt_calls_remain_in_static_js PASSED [ 83%]
tests/test_sprint34.py::TestProviderOAuthAuthenticated::test_returns_false_when_auth_json_absent PASSED [ 83%]
tests/test_sprint34.py::TestProviderOAuthAuthenticated::test_openai_codex_with_access_token PASSED [ 83%]
tests/test_sprint34.py::TestProviderOAuthAuthenticated::test_openai_codex_with_refresh_token_only PASSED [ 83%]
tests/test_sprint34.py::TestProviderOAuthAuthenticated::test_copilot_with_api_key PASSED [ 83%]
tests/test_sprint34.py::TestProviderOAuthAuthenticated::test_empty_tokens_returns_false PASSED [ 83%]
tests/test_sprint34.py::TestProviderOAuthAuthenticated::test_missing_provider_key_in_auth_json PASSED [ 83%]
tests/test_sprint34.py::TestProviderOAuthAuthenticated::test_unknown_provider_not_in_oauth_list PASSED [ 83%]
tests/test_sprint34.py::TestProviderOAuthAuthenticated::test_nous_provider_recognized PASSED [ 83%]
tests/test_sprint34.py::TestProviderOAuthAuthenticated::test_qwen_oauth_provider_recognized PASSED [ 84%]
tests/test_sprint34.py::TestProviderOAuthAuthenticated::test_empty_provider_string_returns_false PASSED [ 84%]
tests/test_sprint34.py::TestStatusFromRuntimeOAuth::test_copilot_ready_when_api_key_in_auth_json PASSED [ 84%]
tests/test_sprint34.py::TestStatusFromRuntimeOAuth::test_openai_codex_ready_when_token_in_auth_json PASSED [ 84%]
tests/test_sprint34.py::TestStatusFromRuntimeOAuth::test_copilot_not_ready_without_credentials PASSED [ 84%]
tests/test_sprint34.py::TestStatusFromRuntimeOAuth::test_oauth_incomplete_note_mentions_hermes_auth PASSED [ 84%]
tests/test_sprint34.py::TestStatusFromRuntimeOAuth::test_oauth_incomplete_note_does_not_say_api_key PASSED [ 84%]
tests/test_sprint34.py::TestStatusFromRuntimeOAuth::test_standard_provider_incomplete_note_still_says_api_key PASSED [ 84%]
tests/test_sprint34.py::TestOnboardingStatusApiOAuth::test_status_endpoint_returns_200 PASSED [ 84%]
tests/test_sprint34.py::TestOnboardingStatusApiOAuth::test_onboarding_status_has_chat_ready_field PASSED [ 84%]
tests/test_sprint34.py::TestOnboardingStatusApiOAuth::test_status_setup_state_valid_values PASSED [ 84%]
tests/test_sprint34.py::test_control_center_resets_active_section_on_close PASSED [ 84%]
tests/test_sprint34.py::test_control_center_tab_highlight_on_open PASSED [ 84%]
tests/test_sprint34.py::TestApplyOnboardingSetupUnsupportedProvider::test_openai_codex_does_not_raise PASSED [ 84%]
tests/test_sprint34.py::TestApplyOnboardingSetupUnsupportedProvider::test_copilot_does_not_raise PASSED [ 84%]
tests/test_sprint34.py::TestApplyOnboardingSetupUnsupportedProvider::test_nous_does_not_raise PASSED [ 84%]
tests/test_sprint34.py::TestApplyOnboardingSetupUnsupportedProvider::test_unsupported_provider_marks_onboarding_complete PASSED [ 84%]
tests/test_sprint34.py::TestApplyOnboardingSetupUnsupportedProvider::test_unsupported_provider_returns_status_dict PASSED [ 84%]
tests/test_sprint35.py::test_panel_max_raised_to_1200 PASSED             [ 84%]
tests/test_sprint35.py::test_panel_max_is_not_500 PASSED                 [ 84%]
tests/test_sprint35.py::test_messages_inner_has_responsive_breakpoints PASSED [ 84%]
tests/test_sprint35.py::test_messages_inner_no_hardcoded_800px PASSED    [ 84%]
tests/test_sprint35.py::test_messages_inner_breakpoint_values PASSED     [ 84%]
tests/test_sprint35.py::test_render_file_breadcrumb_function_exists PASSED [ 84%]
tests/test_sprint35.py::test_render_file_breadcrumb_called_from_open_file PASSED [ 84%]
tests/test_sprint35.py::test_breadcrumb_has_root_segment PASSED          [ 84%]
tests/test_sprint35.py::test_breadcrumb_segments_use_correct_classes PASSED [ 84%]
tests/test_sprint35.py::test_clear_preview_calls_render_breadcrumb PASSED [ 84%]
tests/test_sprint35.py::test_breadcrumb_bar_in_index_html PASSED         [ 84%]
tests/test_sprint35.py::test_breadcrumb_css_rules_exist PASSED           [ 84%]
tests/test_sprint36.py::TestCancelStreamCleanup::test_clears_active_stream_id PASSED [ 84%]
tests/test_sprint36.py::TestCancelStreamCleanup::test_calls_set_busy_false PASSED [ 84%]
tests/test_sprint36.py::TestCancelStreamCleanup::test_calls_set_status_empty PASSED [ 84%]
tests/test_sprint36.py::TestCancelStreamCleanup::test_clears_composer_status PASSED [ 84%]
tests/test_sprint36.py::TestCancelStreamCleanup::test_cleanup_not_inside_try_block PASSED [ 84%]
tests/test_sprint36.py::TestCancelStreamErrorPath::test_catch_block_does_not_call_set_status_cancel_failed PASSED [ 84%]
tests/test_sprint36.py::test_sse_cancel_handler_still_present PASSED     [ 84%]
tests/test_sprint36.py::test_sse_cancel_handler_calls_set_busy PASSED    [ 84%]
tests/test_sprint36.py::test_cancel_failed_i18n_key_exists_in_all_locales PASSED [ 84%]
tests/test_sprint36.py::test_cancel_marker_flagged_as_error_to_skip_in_api_history PASSED [ 84%]
tests/test_sprint36.py::test_sanitize_strips_error_flagged_assistant_messages PASSED [ 84%]
tests/test_sprint37.py::test_workspace_panel_saves_to_localstorage PASSED [ 84%]
tests/test_sprint37.py::test_workspace_panel_save_inside_set_mode PASSED [ 84%]
tests/test_sprint37.py::test_workspace_panel_saves_open_value PASSED     [ 84%]
tests/test_sprint37.py::test_workspace_panel_saves_closed_value PASSED   [ 84%]
tests/test_sprint37.py::test_workspace_panel_restored_on_boot PASSED     [ 84%]
tests/test_sprint37.py::test_workspace_panel_restore_sets_browse_mode PASSED [ 84%]
tests/test_sprint37.py::test_workspace_panel_restore_before_sync PASSED  [ 84%]
tests/test_sprint37.py::test_workspace_panel_preload_marker_restored_in_head PASSED [ 85%]
tests/test_sprint37.py::test_workspace_panel_mode_syncs_document_dataset PASSED [ 85%]
tests/test_sprint38.py::test_think_regex_has_no_anchor PASSED            [ 85%]
tests/test_sprint38.py::test_gemma_regex_has_no_anchor PASSED            [ 85%]
tests/test_sprint38.py::test_think_content_removal_uses_replace_not_slice PASSED [ 85%]
tests/test_sprint38.py::test_gemma_content_removal_uses_replace_not_slice PASSED [ 85%]
tests/test_sprint38.py::test_gemma_turn_regex_in_ui_js PASSED            [ 85%]
tests/test_sprint38.py::test_gemma_turn_content_removal_uses_replace_not_slice PASSED [ 85%]
tests/test_sprint38.py::test_stream_display_trims_before_startswith PASSED [ 85%]
tests/test_sprint38.py::test_stream_display_uses_trimmed_for_startswith PASSED [ 85%]
tests/test_sprint38.py::test_stream_display_partial_tag_uses_trimmed PASSED [ 85%]
tests/test_sprint38.py::test_stream_display_trims_return_after_close PASSED [ 85%]
tests/test_sprint38.py::test_no_anchored_think_regex_in_ui_js PASSED     [ 85%]
tests/test_sprint38.py::test_no_anchored_gemma_regex_in_ui_js PASSED     [ 85%]
tests/test_sprint39.py::TestSkipOnboardingEnvVar::test_settings_completed_still_works_without_env_var PASSED [ 85%]
tests/test_sprint39.py::TestSkipOnboardingEnvVar::test_skip_env_1_and_chat_ready_marks_completed PASSED [ 85%]
tests/test_sprint39.py::TestSkipOnboardingEnvVar::test_skip_env_1_works_even_when_not_chat_ready PASSED [ 85%]
tests/test_sprint39.py::TestSkipOnboardingEnvVar::test_skip_env_true_and_chat_ready_marks_completed PASSED [ 85%]
tests/test_sprint39.py::TestSkipOnboardingEnvVar::test_skip_env_unset_leaves_default_false PASSED [ 85%]
tests/test_sprint39.py::TestSkipOnboardingEnvVar::test_skip_env_yes_and_chat_ready_marks_completed PASSED [ 85%]
tests/test_sprint39.py::TestApplyOnboardingKeySync::test_api_key_set_in_os_environ_after_apply PASSED [ 85%]
tests/test_sprint39.py::TestApplyOnboardingKeySync::test_no_key_provided_does_not_set_environ PASSED [ 85%]
tests/test_sprint39.py::TestApplyOnboardingSkipGuard::test_apply_setup_blocked_when_skip_env_set PASSED [ 85%]
tests/test_sprint39.py::TestApplyOnboardingSkipGuard::test_apply_setup_proceeds_normally_without_skip_env PASSED [ 85%]
tests/test_sprint4.py::test_server_running_from_new_location PASSED      [ 85%]
tests/test_sprint4.py::test_static_css_served PASSED                     [ 85%]
tests/test_sprint4.py::test_static_unknown_file_404 PASSED               [ 85%]
tests/test_sprint4.py::test_session_rename PASSED                        [ 85%]
tests/test_sprint4.py::test_session_rename_persists PASSED               [ 85%]
tests/test_sprint4.py::test_session_rename_truncates PASSED              [ 85%]
tests/test_sprint4.py::test_session_rename_requires_fields PASSED        [ 85%]
tests/test_sprint4.py::test_session_rename_unknown_id PASSED             [ 85%]
tests/test_sprint4.py::test_session_search_returns_matches PASSED        [ 85%]
tests/test_sprint4.py::test_session_search_empty_query_returns_all PASSED [ 85%]
tests/test_sprint4.py::test_session_search_no_results PASSED             [ 85%]
tests/test_sprint4.py::test_file_create PASSED                           [ 85%]
tests/test_sprint4.py::test_file_create_requires_fields PASSED           [ 85%]
tests/test_sprint4.py::test_file_create_duplicate_rejected PASSED        [ 85%]
tests/test_sprint4.py::test_file_delete PASSED                           [ 85%]
tests/test_sprint4.py::test_file_delete_missing_returns_404 PASSED       [ 85%]
tests/test_sprint4.py::test_file_delete_path_traversal_blocked PASSED    [ 85%]
tests/test_sprint4.py::test_list_requires_session_id PASSED              [ 85%]
tests/test_sprint4.py::test_file_requires_session_id PASSED              [ 85%]
tests/test_sprint4.py::test_file_requires_path PASSED                    [ 85%]
tests/test_sprint4.py::test_new_session_inherits_workspace SKIPPED (...) [ 85%]
tests/test_sprint40.py::TestBuildSetupCatalog::test_anthropic_provider_sets_current_is_oauth_false PASSED [ 85%]
tests/test_sprint40.py::TestBuildSetupCatalog::test_catalog_includes_current_is_oauth_key PASSED [ 85%]
tests/test_sprint40.py::TestBuildSetupCatalog::test_copilot_provider_sets_current_is_oauth_true PASSED [ 85%]
tests/test_sprint40.py::TestBuildSetupCatalog::test_no_provider_sets_current_is_oauth_false PASSED [ 86%]
tests/test_sprint40.py::TestBuildSetupCatalog::test_oauth_provider_sets_current_is_oauth_true PASSED [ 86%]
tests/test_sprint40.py::TestBuildSetupCatalog::test_openai_provider_sets_current_is_oauth_false PASSED [ 86%]
tests/test_sprint40.py::TestApplyOnboardingOAuthPath::test_unsupported_provider_does_not_write_config_yaml PASSED [ 86%]
tests/test_sprint40.py::TestApplyOnboardingOAuthPath::test_unsupported_provider_skips_to_complete PASSED [ 86%]
tests/test_sprint40.py::TestOAuthI18nKeys::test_english_locale_has_all_oauth_keys PASSED [ 86%]
tests/test_sprint40.py::TestOAuthI18nKeys::test_oauth_body_strings_contain_provider_placeholder PASSED [ 86%]
tests/test_sprint40.py::TestOAuthI18nKeys::test_spanish_locale_has_all_oauth_keys PASSED [ 86%]
tests/test_sprint40.py::TestOAuthOnboardingJs::test_onboarding_js_reads_current_is_oauth PASSED [ 86%]
tests/test_sprint40.py::TestOAuthOnboardingJs::test_onboarding_js_renders_oauth_pending_card PASSED [ 86%]
tests/test_sprint40.py::TestOAuthOnboardingJs::test_onboarding_js_renders_oauth_ready_card PASSED [ 86%]
tests/test_sprint40.py::TestOAuthOnboardingJs::test_style_css_has_oauth_card_rules PASSED [ 86%]
tests/test_sprint40_ui_polish.py::TestActiveSessionTitleThemeColor::test_active_session_title_uses_theme_variable PASSED [ 86%]
tests/test_sprint40_ui_polish.py::TestDarkTopbarSelector::test_topbar_dark_border_uses_root_dark_selector PASSED [ 86%]
tests/test_sprint40_ui_polish.py::TestGatewaySessionNullModel::test_gateway_session_model_uses_none_fallback PASSED [ 86%]
tests/test_sprint40_ui_polish.py::TestGatewaySessionNullModel::test_gateway_session_null_model_returns_none_not_unknown PASSED [ 86%]
tests/test_sprint40_ui_polish.py::TestGatewaySessionNullModel::test_gateway_watcher_null_model_returns_none_not_unknown PASSED [ 86%]
tests/test_sprint40_ui_polish.py::TestCustomEndpointModelStripping::test_prefixed_model_stripped_for_custom_endpoint PASSED [ 86%]
tests/test_sprint40_ui_polish.py::TestCustomEndpointModelStripping::test_bare_model_unchanged_for_custom_endpoint PASSED [ 86%]
tests/test_sprint40_ui_polish.py::TestCustomEndpointModelStripping::test_prefixed_model_kept_for_openrouter PASSED [ 86%]
tests/test_sprint40_ui_polish.py::TestWorkspaceChipAfterProfileSwitch::test_api_session_update_called_for_new_session_workspace PASSED [ 86%]
tests/test_sprint40_ui_polish.py::TestWorkspaceChipAfterProfileSwitch::test_profile_default_workspace_applied_to_new_session PASSED [ 86%]
tests/test_sprint40_ui_polish.py::TestWorkspaceChipAfterProfileSwitch::test_sync_topbar_before_render_session_list PASSED [ 86%]
tests/test_sprint40_ui_polish.py::TestWorkspaceChipAfterProfileSwitch::test_topbar_synced_after_profile_switch PASSED [ 86%]
tests/test_sprint41.py::TestTitleAutoGenerationCondition::test_condition_logic_covers_all_defaults PASSED [ 86%]
tests/test_sprint41.py::TestTitleAutoGenerationCondition::test_empty_title_guard_in_condition PASSED [ 86%]
tests/test_sprint41.py::TestTitleAutoGenerationCondition::test_new_chat_in_condition PASSED [ 86%]
tests/test_sprint41.py::TestTitleAutoGenerationCondition::test_untitled_in_condition PASSED [ 86%]
tests/test_sprint41.py::TestMobileCloseButtonCSS::test_900px_query_retains_existing_rules PASSED [ 86%]
tests/test_sprint41.py::TestMobileCloseButtonCSS::test_desktop_collapse_btn_hidden_in_900px_query PASSED [ 86%]
tests/test_sprint41.py::TestMobileCloseButtonCSS::test_mobile_close_btn_hidden_by_default PASSED [ 86%]
tests/test_sprint41.py::TestMobileCloseButtonCSS::test_mobile_close_btn_shown_in_900px_query PASSED [ 86%]
tests/test_sprint41.py::TestWorkspacePanelButtons::test_desktop_collapse_button_exists PASSED [ 86%]
tests/test_sprint41.py::TestWorkspacePanelButtons::test_mobile_close_button_exists PASSED [ 86%]
tests/test_sprint41.py::TestWorkspacePanelButtons::test_mobile_close_button_has_aria_label PASSED [ 86%]
tests/test_sprint41.py::TestIssue495TitleStreaming::test_fallback_title_preserves_unicode_letters PASSED [ 86%]
tests/test_sprint41.py::TestIssue495TitleStreaming::test_frontend_listens_for_title_event PASSED [ 86%]
tests/test_sprint41.py::TestIssue495TitleStreaming::test_frontend_listens_for_title_status_event PASSED [ 86%]
tests/test_sprint41.py::TestIssue495TitleStreaming::test_frontend_refreshes_title_ui_after_title_event PASSED [ 86%]
tests/test_sprint41.py::TestIssue495TitleStreaming::test_frontend_waits_for_stream_end_before_closing PASSED [ 86%]
tests/test_sprint41.py::TestIssue495TitleStreaming::test_provisional_title_detection_ignores_whitespace_noise PASSED [ 86%]
tests/test_sprint41.py::TestIssue495TitleStreaming::test_streaming_emits_stream_end_event PASSED [ 86%]
tests/test_sprint41.py::TestIssue495TitleStreaming::test_streaming_emits_title_sse_event PASSED [ 86%]
tests/test_sprint41.py::TestIssue495TitleStreaming::test_streaming_emits_title_status_sse_event PASSED [ 86%]
tests/test_sprint41.py::TestIssue495TitleStreaming::test_streaming_has_llm_title_helper PASSED [ 86%]
tests/test_sprint41.py::TestIssue495TitleStreaming::test_streaming_rejects_generic_completion_titles PASSED [ 86%]
tests/test_sprint41.py::TestIssue495TitleStreaming::test_streaming_uses_reasoning_split_for_minimax_titles PASSED [ 86%]
tests/test_sprint41.py::TestIssue495TitleStreaming::test_title_snippet_keeps_short_substantive_assistant_reply PASSED [ 86%]
tests/test_sprint41.py::TestIssue495TitleStreaming::test_title_snippet_keeps_tool_call_with_substantive_text PASSED [ 86%]
tests/test_sprint41.py::TestIssue495TitleStreaming::test_title_snippet_skips_tool_call_preamble_only_rows PASSED [ 87%]
tests/test_sprint41.py::TestIssue495TitleStreaming::test_title_snippet_uses_visible_assistant_reply_after_tools PASSED [ 87%]
tests/test_sprint42.py::TestSessionDBInjection::test_hermes_state_import_present PASSED [ 87%]
tests/test_sprint42.py::TestSessionDBInjection::test_session_db_default_is_none PASSED [ 87%]
tests/test_sprint42.py::TestSessionDBInjection::test_session_db_initialized_before_agent_construction PASSED [ 87%]
tests/test_sprint42.py::TestSessionDBInjection::test_session_db_kwarg_passed_to_agent PASSED [ 87%]
tests/test_sprint42.py::TestSessionDBInjection::test_sessiondb_failure_logs_warning PASSED [ 87%]
tests/test_sprint42.py::TestSessionDBInjection::test_sessiondb_init_in_try_except PASSED [ 87%]
tests/test_sprint42.py::TestRuntimeRouteInjection::test_runtime_provider_keys_are_forwarded_to_agent PASSED [ 87%]
tests/test_sprint42.py::TestRuntimeRouteInjection::test_runtime_route_is_forwarded_from_resolver_into_agent_init PASSED [ 87%]
tests/test_sprint42.py::TestSessionDBAST::test_sessiondb_try_not_inside_env_lock PASSED [ 87%]
tests/test_sprint42.py::TestModelCustomInput::test_model_custom_css_defined PASSED [ 87%]
tests/test_sprint42.py::TestModelCustomInput::test_model_custom_enter_handler PASSED [ 87%]
tests/test_sprint42.py::TestModelCustomInput::test_model_custom_i18n_keys PASSED [ 87%]
tests/test_sprint42.py::TestModelCustomInput::test_model_custom_input_in_dropdown PASSED [ 87%]
tests/test_sprint42.py::test_context_indicator_uses_pick_helper PASSED   [ 87%]
tests/test_sprint42.py::test_context_indicator_old_pattern_removed PASSED [ 87%]
tests/test_sprint42.py::test_context_indicator_all_six_fields PASSED     [ 87%]
tests/test_sprint42.py::test_system_prompt_title_guard_exists PASSED     [ 87%]
tests/test_sprint42.py::test_cleanTitle_is_let_not_const PASSED          [ 87%]
tests/test_sprint42.py::test_streaming_persists_reasoning_in_session PASSED [ 87%]
tests/test_sprint42.py::test_done_handler_patches_reasoning_field PASSED [ 87%]
tests/test_sprint42.py::test_rendermessages_reads_reasoning_from_messages PASSED [ 87%]
tests/test_sprint42.py::test_streaming_restores_prior_reasoning_metadata_after_followup PASSED [ 87%]
tests/test_sprint42.py::test_routes_restores_prior_reasoning_metadata_after_followup PASSED [ 87%]
tests/test_sprint42.py::TestCredentialPoolBackwardCompat::test_older_agent_without_credential_pool_does_not_crash PASSED [ 87%]
tests/test_sprint43.py::TestMD5SecurityFix::test_gateway_watcher_md5_pattern PASSED [ 87%]
tests/test_sprint43.py::TestMD5SecurityFix::test_gateway_watcher_md5_usedforsecurity_false PASSED [ 87%]
tests/test_sprint43.py::TestUrlSchemeValidation::test_bootstrap_scheme_validation_present PASSED [ 87%]
tests/test_sprint43.py::TestUrlSchemeValidation::test_bootstrap_urlopen_has_nosec PASSED [ 87%]
tests/test_sprint43.py::TestUrlSchemeValidation::test_config_allows_http_and_https PASSED [ 87%]
tests/test_sprint43.py::TestUrlSchemeValidation::test_config_scheme_validation_present PASSED [ 87%]
tests/test_sprint43.py::TestUrlSchemeValidation::test_config_urlopen_has_nosec PASSED [ 87%]
tests/test_sprint43.py::TestBareExceptLogging::test_gateway_watcher_no_bare_pass_in_except PASSED [ 87%]
tests/test_sprint43.py::TestBareExceptLogging::test_module_level_loggers_present 
tests/test_sprint43.py::TestBareExceptLogging::test_module_level_loggers_present PASSED [ 87%]
tests/test_sprint43.py::TestBareExceptLogging::test_profiles_reload_dotenv_logs_on_error PASSED [ 87%]
tests/test_sprint43.py::TestQuietHTTPServer::test_handle_error_calls_super PASSED [ 87%]
tests/test_sprint43.py::TestQuietHTTPServer::test_handle_error_suppresses_connection_reset PASSED [ 87%]
tests/test_sprint43.py::TestQuietHTTPServer::test_quiet_http_server_class_exists PASSED [ 87%]
tests/test_sprint43.py::TestQuietHTTPServer::test_quiet_http_server_extends_threading_http_server PASSED [ 87%]
tests/test_sprint43.py::TestQuietHTTPServer::test_quiet_http_server_used_as_server PASSED [ 87%]
tests/test_sprint43.py::TestQuietHTTPServer::test_sys_imported_in_server PASSED [ 87%]
tests/test_sprint43.py::TestQuietHTTPServer::test_uses_sys_exc_info_not_traceback_sys PASSED [ 87%]
tests/test_sprint43.py::TestSessionTitleRedaction::test_redact_text_called_on_session_titles PASSED [ 87%]
tests/test_sprint43.py::TestSessionTitleRedaction::test_redact_text_imported_in_routes PASSED [ 87%]
tests/test_sprint44.py::TestMobileCloseButtonBehavior::test_handle_workspace_close_clears_preview_first PASSED [ 87%]
tests/test_sprint44.py::TestMobileCloseButtonBehavior::test_handle_workspace_close_defined_in_boot_js PASSED [ 87%]
tests/test_sprint44.py::TestMobileCloseButtonBehavior::test_handle_workspace_close_falls_back_to_close_panel PASSED [ 87%]
tests/test_sprint44.py::TestMobileCloseButtonBehavior::test_mobile_close_btn_calls_handle_workspace_close PASSED [ 88%]
tests/test_sprint44.py::TestMobileCloseButtonBehavior::test_mobile_close_btn_does_not_call_close_workspace_panel_directly PASSED [ 88%]
tests/test_sprint44.py::TestDesktopNoDuplicateXButton::test_btnclearpreview_exists_in_html PASSED [ 88%]
tests/test_sprint44.py::TestDesktopNoDuplicateXButton::test_btncollapseWorkspacepanel_exists_in_html PASSED [ 88%]
tests/test_sprint44.py::TestDesktopNoDuplicateXButton::test_clear_preview_hidden_when_no_preview PASSED [ 88%]
tests/test_sprint44.py::TestDesktopNoDuplicateXButton::test_clear_preview_toggle_only_applied_on_desktop PASSED [ 88%]
tests/test_sprint44.py::TestDesktopNoDuplicateXButton::test_sync_workspace_panel_ui_hides_clear_preview_on_desktop PASSED [ 88%]
tests/test_sprint45.py::test_first_password_enablement_returns_cookie_and_keeps_browser_logged_in PASSED [ 88%]
tests/test_sprint45.py::test_legacy_assistant_language_is_hidden_and_removed_on_next_save PASSED [ 88%]
tests/test_sprint45.py::test_reply_language_customization_ui_and_runtime_are_removed PASSED [ 88%]
tests/test_sprint46.py::test_session_compress_requires_session_id PASSED [ 88%]
tests/test_sprint46.py::test_session_compress_roundtrip PASSED           [ 88%]
tests/test_sprint46.py::test_static_commands_js_registers_compress_alias PASSED [ 88%]
tests/test_sprint46.py::test_static_commands_js_prefers_persisted_reference_message PASSED [ 88%]
tests/test_sprint47.py::test_skill_commands_are_loaded_from_api_skills_for_autocomplete PASSED [ 88%]
tests/test_sprint47.py::test_builtin_commands_take_precedence_over_skill_slug_collisions PASSED [ 88%]
tests/test_sprint47.py::test_typing_slash_primes_async_skill_command_loading PASSED [ 88%]
tests/test_sprint47.py::test_dropdown_has_visual_badge_for_skill_backed_entries PASSED [ 88%]
tests/test_sprint48.py::TestXmlToolCallStrip::test_complete_block_removed PASSED [ 88%]
tests/test_sprint48.py::TestXmlToolCallStrip::test_orphaned_opening_tag_removed PASSED [ 88%]
tests/test_sprint48.py::TestXmlToolCallStrip::test_no_tag_unchanged PASSED [ 88%]
tests/test_sprint48.py::TestXmlToolCallStrip::test_multiple_blocks_removed PASSED [ 88%]
tests/test_sprint48.py::TestXmlToolCallStrip::test_dsml_prefixed_truncated_opening_tag_removed PASSED [ 88%]
tests/test_sprint48.py::TestXmlToolCallStrip::test_malformed_dsml_fragment_removed PASSED [ 88%]
tests/test_sprint48.py::TestXmlToolCallStrip::test_function_defined_in_streaming_py PASSED [ 88%]
tests/test_sprint48.py::TestXmlToolCallStrip::test_strip_applied_to_assistant_messages PASSED [ 88%]
tests/test_sprint48.py::TestXmlToolCallStrip::test_client_side_strip_in_messages_js PASSED [ 88%]
tests/test_sprint48.py::TestXmlToolCallStrip::test_client_side_strip_in_ui_js PASSED [ 88%]
tests/test_sprint48.py::TestXmlToolCallStrip::test_thinking_card_text_is_sanitized PASSED [ 88%]
tests/test_sprint48.py::TestWorkspaceEmptyState::test_i18n_no_path_string_present PASSED [ 88%]
tests/test_sprint48.py::TestWorkspaceEmptyState::test_i18n_no_path_mentions_settings PASSED [ 88%]
tests/test_sprint48.py::TestWorkspaceEmptyState::test_i18n_empty_dir_string_present PASSED [ 88%]
tests/test_sprint48.py::TestWorkspaceEmptyState::test_empty_state_element_in_html PASSED [ 88%]
tests/test_sprint48.py::TestWorkspaceEmptyState::test_render_file_tree_shows_empty_state PASSED [ 88%]
tests/test_sprint48.py::TestNotificationDescriptionText::test_english_uses_app_not_tab PASSED [ 88%]
tests/test_sprint48.py::TestNotificationDescriptionText::test_new_wording_exact PASSED [ 88%]
tests/test_sprint48.py::TestNotificationDescriptionText::test_old_wording_removed_from_english PASSED [ 88%]
tests/test_sprint49.py::test_footer_timestamp_is_not_limited_to_user_messages PASSED [ 88%]
tests/test_sprint49.py::test_footer_timestamp_uses_richer_format_for_older_messages PASSED [ 88%]
tests/test_sprint49.py::test_timestamp_footer_stays_on_visible_response_segments PASSED [ 88%]
tests/test_sprint49.py::test_footer_chrome_is_hover_only_for_user_and_assistant_messages PASSED [ 88%]
tests/test_sprint49.py::test_last_assistant_keeps_usage_visible_and_reveals_time_and_actions_on_hover PASSED [ 88%]
tests/test_sprint49.py::test_restore_reasoning_metadata_preserves_existing_timestamps PASSED [ 88%]
tests/test_sprint49.py::test_restore_reasoning_metadata_preserves_timestamp_on_reload_for_unchanged_messages PASSED [ 88%]
tests/test_sprint49.py::test_restore_reasoning_metadata_does_not_preserve_timestamp_for_changed_messages PASSED [ 88%]
tests/test_sprint5.py::test_server_running_from_new_location PASSED      [ 88%]
tests/test_sprint5.py::test_app_js_served PASSED                         [ 88%]
tests/test_sprint5.py::test_workspaces_list PASSED                       [ 88%]
tests/test_sprint5.py::test_workspace_add_valid SKIPPED (requires he...) [ 88%]
tests/test_sprint5.py::test_workspace_add_validates_existence PASSED     [ 89%]
tests/test_sprint5.py::test_workspace_add_validates_is_dir PASSED        [ 89%]
tests/test_sprint5.py::test_workspace_add_no_duplicate PASSED            [ 89%]
tests/test_sprint5.py::test_workspace_add_requires_path PASSED           [ 89%]
tests/test_sprint5.py::test_workspace_suggest_returns_trusted_directories PASSED [ 89%]
tests/test_sprint5.py::test_workspace_suggest_hides_untrusted_system_prefix PASSED [ 89%]
tests/test_sprint5.py::test_workspace_suggest_hidden_dirs_only_when_requested PASSED [ 89%]
tests/test_sprint5.py::test_workspace_remove PASSED                      [ 89%]
tests/test_sprint5.py::test_workspace_rename SKIPPED (requires herme...) [ 89%]
tests/test_sprint5.py::test_workspace_rename_unknown PASSED              [ 89%]
tests/test_sprint5.py::test_last_workspace_updates_on_session_update SKIPPED [ 89%]
tests/test_sprint5.py::test_file_save PASSED                             [ 89%]
tests/test_sprint5.py::test_file_save_requires_fields PASSED             [ 89%]
tests/test_sprint5.py::test_file_save_nonexistent_returns_404 PASSED     [ 89%]
tests/test_sprint5.py::test_file_save_path_traversal_blocked PASSED      [ 89%]
tests/test_sprint5.py::test_session_index_created_after_save PASSED      [ 89%]
tests/test_sprint5.py::test_sessions_endpoint_returns_sorted PASSED      [ 89%]
tests/test_sprint5.py::test_new_session_inherits_last_workspace SKIPPED  [ 89%]
tests/test_sprint50.py::test_cmd_dropdown_moved_inside_composer_box PASSED [ 89%]
tests/test_sprint50.py::test_cmd_dropdown_css_scoped_to_composer_width PASSED [ 89%]
tests/test_sprint51.py::TestCancelStreamEagerRelease::test_cancel_pops_stream_from_streams_dict PASSED [ 89%]
tests/test_sprint51.py::TestCancelStreamEagerRelease::test_cancel_pops_cancel_flags PASSED [ 89%]
tests/test_sprint51.py::TestCancelStreamEagerRelease::test_cancel_pops_agent_instances PASSED [ 89%]
tests/test_sprint51.py::TestCancelStreamEagerRelease::test_cancel_clears_session_active_stream_id PASSED [ 89%]
tests/test_sprint51.py::TestCancelStreamEagerRelease::test_cancel_without_agent_still_pops_streams PASSED [ 89%]
tests/test_sprint51.py::TestCancelStreamEagerRelease::test_cancel_sentinel_still_queued PASSED [ 89%]
tests/test_sprint51.py::TestCancelStreamEagerRelease::test_double_cancel_is_safe PASSED [ 89%]
tests/test_sprint51.py::TestCancelStreamEagerRelease::test_cancel_handle_get_session_failure PASSED [ 89%]
tests/test_sprint6.py::test_index_html_served PASSED                     [ 89%]
tests/test_sprint6.py::test_index_html_file_exists PASSED                [ 89%]
tests/test_sprint6.py::test_server_py_has_no_html_string PASSED          [ 89%]
tests/test_sprint6.py::test_approval_respond_requires_session_id PASSED  [ 89%]
tests/test_sprint6.py::test_approval_respond_rejects_invalid_choice PASSED [ 89%]
tests/test_sprint6.py::test_file_raw_requires_session_id PASSED          [ 89%]
tests/test_sprint6.py::test_file_raw_unknown_session PASSED              [ 89%]
tests/test_sprint6.py::test_cron_create_requires_prompt PASSED           [ 89%]
tests/test_sprint6.py::test_cron_create_requires_schedule PASSED         [ 89%]
tests/test_sprint6.py::test_cron_create_invalid_schedule PASSED          [ 89%]
tests/test_sprint6.py::test_cron_create_success SKIPPED (requires he...) [ 89%]
tests/test_sprint6.py::test_session_export_requires_session_id PASSED    [ 89%]
tests/test_sprint6.py::test_session_export_unknown_session PASSED        [ 89%]
tests/test_sprint6.py::test_session_export_returns_json PASSED           [ 89%]
tests/test_sprint6.py::test_static_index_has_resize_handles PASSED       [ 89%]
tests/test_sprint6.py::test_app_js_has_resize_logic PASSED               [ 89%]
tests/test_sprint7.py::test_health_has_active_streams PASSED             [ 89%]
tests/test_sprint7.py::test_health_has_uptime_seconds PASSED             [ 89%]
tests/test_sprint7.py::test_session_search_empty_returns_all PASSED      [ 89%]
tests/test_sprint7.py::test_session_search_content_params_accepted PASSED [ 89%]
tests/test_sprint7.py::test_session_search_returns_count PASSED          [ 90%]
tests/test_sprint7.py::test_cron_update_requires_job_id PASSED           [ 90%]
tests/test_sprint7.py::test_cron_update_unknown_job_404 SKIPPED (req...) [ 90%]
tests/test_sprint7.py::test_cron_delete_requires_job_id PASSED           [ 90%]
tests/test_sprint7.py::test_cron_delete_unknown_404 SKIPPED (require...) [ 90%]
tests/test_sprint7.py::test_skill_save_requires_name PASSED              [ 90%]
tests/test_sprint7.py::test_skill_save_requires_content PASSED           [ 90%]
tests/test_sprint7.py::test_skill_save_invalid_name_rejected PASSED      [ 90%]
tests/test_sprint7.py::test_skill_save_delete_roundtrip SKIPPED (req...) [ 90%]
tests/test_sprint7.py::test_skill_delete_requires_name PASSED            [ 90%]
tests/test_sprint7.py::test_skill_delete_unknown_404 SKIPPED (requir...) [ 90%]
tests/test_sprint7.py::test_memory_write_requires_section PASSED         [ 90%]
tests/test_sprint7.py::test_memory_write_requires_content PASSED         [ 90%]
tests/test_sprint7.py::test_memory_write_invalid_section PASSED          [ 90%]
tests/test_sprint7.py::test_memory_write_read_roundtrip PASSED           [ 90%]
tests/test_sprint8.py::test_session_clear_requires_session_id PASSED     [ 90%]
tests/test_sprint8.py::test_session_clear_unknown_session_404 PASSED     [ 90%]
tests/test_sprint8.py::test_session_clear_wipes_messages PASSED          [ 90%]
tests/test_sprint8.py::test_session_clear_returns_session_compact PASSED [ 90%]
tests/test_sprint8.py::test_session_truncate_requires_session_id PASSED  [ 90%]
tests/test_sprint8.py::test_session_truncate_requires_keep_count PASSED  [ 90%]
tests/test_sprint8.py::test_session_truncate_unknown_session_404 PASSED  [ 90%]
tests/test_sprint8.py::test_session_truncate_returns_messages PASSED     [ 90%]
tests/test_sprint8.py::test_app_js_contains_edit_message PASSED          [ 90%]
tests/test_sprint8.py::test_app_js_contains_regenerate PASSED            [ 90%]
tests/test_sprint8.py::test_app_js_contains_clear_conversation PASSED    [ 90%]
tests/test_sprint8.py::test_app_js_contains_highlight_code PASSED        [ 90%]
tests/test_sprint8.py::test_index_html_contains_prism PASSED             [ 90%]
tests/test_sprint8.py::test_index_html_contains_clear_button PASSED      [ 90%]
tests/test_sprint9.py::test_ui_js_served PASSED                          [ 90%]
tests/test_sprint9.py::test_workspace_js_served PASSED                   [ 90%]
tests/test_sprint9.py::test_sessions_js_served PASSED                    [ 90%]
tests/test_sprint9.py::test_messages_js_served PASSED                    [ 90%]
tests/test_sprint9.py::test_panels_js_served PASSED                      [ 90%]
tests/test_sprint9.py::test_boot_js_served PASSED                        [ 90%]
tests/test_sprint9.py::test_app_js_no_longer_referenced_in_html PASSED   [ 90%]
tests/test_sprint9.py::test_module_load_order_correct PASSED             [ 90%]
tests/test_sprint9.py::test_no_duplicate_function_definitions PASSED     [ 90%]
tests/test_sprint9.py::test_all_functions_present_across_modules PASSED  [ 90%]
tests/test_stage268_opus_followups.py::test_sf1_child_count_uses_i18n_in_sessions_js PASSED [ 90%]
tests/test_stage268_opus_followups.py::test_sf1_session_meta_children_present_in_all_locales PASSED [ 90%]
tests/test_stage268_opus_followups.py::test_sf2_duplicate_carries_personality PASSED [ 90%]
tests/test_stage268_opus_followups.py::test_sf2_duplicate_carries_enabled_toolsets PASSED [ 90%]
tests/test_stage268_opus_followups.py::test_sf2_duplicate_carries_context_settings PASSED [ 90%]
tests/test_stage268_opus_followups.py::test_sf3_duplicate_handles_none_title PASSED [ 90%]
tests/test_stage299_opus_fixes.py::test_wiki_max_files_constant_present PASSED [ 90%]
tests/test_stage299_opus_fixes.py::test_count_files_has_iteration_cap PASSED [ 90%]
tests/test_stage299_opus_fixes.py::test_page_files_has_iteration_cap PASSED [ 90%]
tests/test_stage299_opus_fixes.py::test_forbidden_roots_includes_system_paths PASSED [ 91%]
tests/test_stage299_opus_fixes.py::test_count_files_returns_zero_for_forbidden_root PASSED [ 91%]
tests/test_stage299_opus_fixes.py::test_render_llm_wiki_status_uses_url_scheme_guard PASSED [ 91%]
tests/test_stage302_config_override_regression.py::test_get_config_respects_module_attr_rebind PASSED [ 91%]
tests/test_stage302_config_override_regression.py::test_cfg_has_in_memory_overrides_detects_attr_rebind PASSED [ 91%]
tests/test_stage302_config_override_regression.py::test_cfg_has_in_memory_overrides_detects_in_place_mutation PASSED [ 91%]
tests/test_stage302_config_override_regression.py::test_get_config_does_not_reload_when_only_in_memory_override PASSED [ 91%]
tests/test_stale_empty_session_restore.py::test_api_http_errors_preserve_response_status PASSED [ 91%]
tests/test_stale_empty_session_restore.py::test_load_session_clears_saved_stale_404_and_rethrows_to_boot PASSED [ 91%]
tests/test_stale_empty_session_restore.py::test_click_into_404_does_not_clear_saved_session PASSED [ 91%]
tests/test_stale_stream_cleanup.py::test_stale_stream_cleanup_helper_exists PASSED [ 91%]
tests/test_stale_stream_cleanup.py::test_session_load_clears_stale_stream_before_response PASSED [ 91%]
tests/test_stale_stream_cleanup.py::test_chat_start_clears_stale_pending_state_not_only_active_id PASSED [ 91%]
tests/test_stale_stream_cleanup.py::test_stale_stream_cleanup_does_not_clobber_concurrent_chat_start PASSED [ 91%]
tests/test_stale_stream_cleanup.py::test_frontend_drops_inflight_cache_when_server_session_is_idle PASSED [ 91%]
tests/test_stale_stream_cleanup.py::test_service_worker_cache_bumped_for_frontend_fix_delivery PASSED [ 91%]
tests/test_stale_stream_pending_recovery.py::test_stale_stream_cleanup_recovers_pending_turn_on_non_empty_session PASSED [ 91%]
tests/test_status_command_card.py::test_status_command_is_registered_with_help_text PASSED [ 91%]
tests/test_status_command_card.py::test_status_command_uses_client_state_not_status_endpoint PASSED [ 91%]
tests/test_status_command_card.py::test_status_command_pushes_ephemeral_status_card_message PASSED [ 91%]
tests/test_status_command_card.py::test_status_card_renderer_escapes_all_dynamic_values_and_is_copyable PASSED [ 91%]
tests/test_status_command_card.py::test_render_messages_treats_status_card_as_visible_assistant_content PASSED [ 91%]
tests/test_status_command_card.py::test_status_card_styles_exist PASSED  [ 91%]
tests/test_status_command_card.py::test_status_command_never_reaches_agent_send_path PASSED [ 91%]
tests/test_streaming_markdown.py::TestIndexHtmlSmdScript::test_smd_cdn_url_present PASSED [ 91%]
tests/test_streaming_markdown.py::TestIndexHtmlSmdScript::test_smd_assigned_to_window PASSED [ 91%]
tests/test_streaming_markdown.py::TestIndexHtmlSmdScript::test_smd_loaded_as_module PASSED [ 91%]
tests/test_streaming_markdown.py::TestIndexHtmlSmdScript::test_smd_vendor_import_is_mount_agnostic PASSED [ 91%]
tests/test_streaming_markdown.py::TestClosureVariables::test_smd_parser_declared PASSED [ 91%]
tests/test_streaming_markdown.py::TestClosureVariables::test_smd_written_len_declared PASSED [ 91%]
tests/test_streaming_markdown.py::TestClosureVariables::test_smd_reconnect_declared PASSED [ 91%]
tests/test_streaming_markdown.py::TestClosureVariables::test_smd_written_text_declared PASSED [ 91%]
tests/test_streaming_markdown.py::TestClosureVariables::test_smd_parser_initialised_null PASSED [ 91%]
tests/test_streaming_markdown.py::TestClosureVariables::test_smd_written_len_initialised_zero PASSED [ 91%]
tests/test_streaming_markdown.py::TestSmdHelpers::test_smd_new_parser_exists PASSED [ 91%]
tests/test_streaming_markdown.py::TestSmdHelpers::test_smd_new_parser_resets_written_len PASSED [ 91%]
tests/test_streaming_markdown.py::TestSmdHelpers::test_smd_new_parser_calls_default_renderer PASSED [ 91%]
tests/test_streaming_markdown.py::TestSmdHelpers::test_smd_new_parser_calls_parser PASSED [ 91%]
tests/test_streaming_markdown.py::TestSmdHelpers::test_smd_new_parser_guards_on_window_smd PASSED [ 91%]
tests/test_streaming_markdown.py::TestSmdHelpers::test_smd_end_parser_exists PASSED [ 91%]
tests/test_streaming_markdown.py::TestSmdHelpers::test_smd_end_parser_calls_parser_end PASSED [ 91%]
tests/test_streaming_markdown.py::TestSmdHelpers::test_smd_end_parser_nulls_parser PASSED [ 91%]
tests/test_streaming_markdown.py::TestSmdHelpers::test_smd_end_parser_resets_written_len PASSED [ 91%]
tests/test_streaming_markdown.py::TestSmdHelpers::test_smd_write_exists PASSED [ 91%]
tests/test_streaming_markdown.py::TestSmdHelpers::test_smd_write_slices_delta PASSED [ 91%]
tests/test_streaming_markdown.py::TestSmdHelpers::test_smd_write_calls_parser_write PASSED [ 91%]
tests/test_streaming_markdown.py::TestSmdHelpers::test_smd_write_updates_written_len PASSED [ 91%]
tests/test_streaming_markdown.py::TestSmdHelpers::test_smd_write_has_prefix_desync_guard PASSED [ 91%]
tests/test_streaming_markdown.py::TestSmdHelpers::test_smd_write_guards_on_parser PASSED [ 91%]
tests/test_streaming_markdown.py::TestScheduleRenderSmdPath::test_smd_path_present PASSED [ 92%]
tests/test_streaming_markdown.py::TestScheduleRenderSmdPath::test_smd_write_called_in_schedule_render PASSED [ 92%]
tests/test_streaming_markdown.py::TestScheduleRenderSmdPath::test_fallback_rendermd_still_present PASSED [ 92%]
tests/test_streaming_markdown.py::TestScheduleRenderSmdPath::test_fallback_formats_first_segment_with_render_md PASSED [ 92%]
tests/test_streaming_markdown.py::TestScheduleRenderSmdPath::test_smd_new_parser_called_lazily PASSED [ 92%]
tests/test_streaming_markdown.py::TestScheduleRenderSmdPath::test_reconnect_clears_body PASSED [ 92%]
tests/test_streaming_markdown.py::TestScheduleRenderSmdPath::test_no_raw_innerhtml_assignment_in_smd_path PASSED [ 92%]
tests/test_streaming_markdown.py::TestToolEventSmdEnd::test_smd_end_parser_called_on_tool PASSED [ 92%]
tests/test_streaming_markdown.py::TestDoneEventSmd::test_smd_end_parser_called_on_done PASSED [ 92%]
tests/test_streaming_markdown.py::TestDoneEventSmd::test_highlight_code_called_on_done PASSED [ 92%]
tests/test_streaming_markdown.py::TestDoneEventSmd::test_add_copy_buttons_called_on_done PASSED [ 92%]
tests/test_streaming_markdown.py::TestDoneEventSmd::test_render_katex_called_on_done PASSED [ 92%]
tests/test_streaming_markdown.py::TestDoneEventSmd::test_highlight_scheduled_via_raf_before_render_messages PASSED [ 92%]
tests/test_streaming_markdown.py::TestAppErrorSmd::test_smd_end_parser_called_on_apperror PASSED [ 92%]
tests/test_streaming_markdown.py::TestCancelSmd::test_smd_end_parser_called_on_cancel PASSED [ 92%]
tests/test_streaming_markdown.py::TestExistingStreamingGuardsIntact::test_stream_finalized_still_guards_schedule_render PASSED [ 92%]
tests/test_streaming_markdown.py::TestExistingStreamingGuardsIntact::test_done_still_sets_stream_finalized PASSED [ 92%]
tests/test_streaming_markdown.py::TestExistingStreamingGuardsIntact::test_apperror_still_sets_stream_finalized PASSED [ 92%]
tests/test_streaming_markdown.py::TestExistingStreamingGuardsIntact::test_cancel_still_sets_stream_finalized PASSED [ 92%]
tests/test_streaming_markdown.py::TestExistingStreamingGuardsIntact::test_wire_sse_does_not_reset_accumulators PASSED [ 92%]
tests/test_streaming_markdown.py::TestExistingStreamingGuardsIntact::test_segment_start_still_tracked PASSED [ 92%]
tests/test_streaming_markdown.py::TestExistingStreamingGuardsIntact::test_fresh_segment_flag_still_set_on_tool PASSED [ 92%]
tests/test_streaming_markdown.py::TestSmdUrlSchemeSanitization::test_sanitize_helper_exists PASSED [ 92%]
tests/test_streaming_markdown.py::TestSmdUrlSchemeSanitization::test_sanitize_uses_scheme_allowlist PASSED [ 92%]
tests/test_streaming_markdown.py::TestSmdUrlSchemeSanitization::test_sanitize_called_after_smd_write PASSED [ 92%]
tests/test_streaming_markdown.py::TestSmdUrlSchemeSanitization::test_sanitize_called_at_parser_end PASSED [ 92%]
tests/test_streaming_markdown.py::TestSmdUrlSchemeSanitization::test_sanitize_strips_href_and_src PASSED [ 92%]
tests/test_streaming_max_tokens_quota.py::test_streaming_passes_configured_max_tokens_to_agent PASSED [ 92%]
tests/test_streaming_max_tokens_quota.py::test_streaming_agent_cache_signature_includes_max_tokens_and_fallback PASSED [ 92%]
tests/test_streaming_max_tokens_quota.py::test_openrouter_more_credits_error_is_classified_as_quota PASSED [ 92%]
tests/test_streaming_race_fix.py::TestStreamFinalized::test_stream_finalized_declared PASSED [ 92%]
tests/test_streaming_race_fix.py::TestStreamFinalized::test_pending_raf_handle_declared PASSED [ 92%]
tests/test_streaming_race_fix.py::TestStreamFinalized::test_schedule_render_guards_on_stream_finalized PASSED [ 92%]
tests/test_streaming_race_fix.py::TestStreamFinalized::test_raf_handle_stored_in_schedule_render PASSED [ 92%]
tests/test_streaming_race_fix.py::TestStreamFinalized::test_done_sets_stream_finalized PASSED [ 92%]
tests/test_streaming_race_fix.py::TestStreamFinalized::test_apperror_sets_stream_finalized PASSED [ 92%]
tests/test_streaming_race_fix.py::TestStreamFinalized::test_cancel_sets_stream_finalized PASSED [ 92%]
tests/test_streaming_race_fix.py::TestReconnectAccumulatorPreservation::test_wire_sse_does_not_reset_accumulators PASSED [ 92%]
tests/test_streaming_race_fix.py::TestReconnectAccumulatorPreservation::test_closure_initialises_accumulators_empty PASSED [ 92%]
tests/test_streaming_race_fix.py::TestReconnectAccumulatorPreservation::test_error_handler_guards_on_stream_finalized PASSED [ 92%]
tests/test_streaming_race_fix.py::TestReconnectAccumulatorPreservation::test_handle_stream_error_sets_stream_finalized PASSED [ 92%]
tests/test_streaming_session_sidebar.py::test_streaming_session_visible_in_sidebar_index_path PASSED [ 92%]
tests/test_streaming_session_sidebar.py::test_empty_session_still_hidden_when_not_streaming PASSED [ 92%]
tests/test_streaming_session_sidebar.py::test_streaming_session_visible_in_sidebar_fullscan PASSED [ 92%]
tests/test_streaming_session_sidebar.py::test_empty_session_still_hidden_fullscan PASSED [ 92%]
tests/test_streaming_session_sidebar.py::test_session_visible_after_stream_completes PASSED [ 92%]
tests/test_streaming_session_sidebar.py::test_pending_message_without_stream_still_visible PASSED [ 92%]
tests/test_streaming_session_sidebar.py::test_compact_output_contains_active_stream_id PASSED [ 92%]
tests/test_streaming_sidebar_scroll.py::test_sidebar_wheel_intent_is_recorded_passively PASSED [ 93%]
tests/test_streaming_sidebar_scroll.py::test_scroll_if_pinned_skips_during_recent_non_message_scroll PASSED [ 93%]
tests/test_streaming_sidebar_scroll.py::test_session_list_has_its_own_scroll_boundary PASSED [ 93%]
tests/test_subpath_frontend_routes.py::test_workspace_api_401_redirect_uses_relative_login_path PASSED [ 93%]
tests/test_subpath_frontend_routes.py::test_ui_401_redirect_helper_uses_relative_login_path PASSED [ 93%]
tests/test_subpath_frontend_routes.py::test_server_auth_redirect_uses_relative_login_path_with_encoded_next PASSED [ 93%]
tests/test_subpath_frontend_routes.py::test_direct_frontend_fetches_are_relative_to_current_mount PASSED [ 93%]
tests/test_subpath_frontend_routes.py::test_direct_frontend_event_sources_are_relative_to_current_mount PASSED [ 93%]
tests/test_subpath_frontend_routes.py::test_static_vendor_import_is_relative_to_current_mount PASSED [ 93%]
tests/test_svg_audio_video_rendering.py::test_media_extension_regexes_exist PASSED [ 93%]
tests/test_svg_audio_video_rendering.py::test_svg_rendered_before_image_catch_all PASSED [ 93%]
tests/test_svg_audio_video_rendering.py::test_local_svg_inline_rendering PASSED [ 93%]
tests/test_svg_audio_video_rendering.py::test_local_audio_inline_rendering PASSED [ 93%]
tests/test_svg_audio_video_rendering.py::test_local_video_inline_rendering PASSED [ 93%]
tests/test_svg_audio_video_rendering.py::test_url_svg_audio_video_handlers PASSED [ 93%]
tests/test_svg_audio_video_rendering.py::test_attachment_svg_audio_video PASSED [ 93%]
tests/test_svg_audio_video_rendering.py::test_attachment_blob_url_cleanup PASSED [ 93%]
tests/test_svg_audio_video_rendering.py::test_preload_metadata PASSED    [ 93%]
tests/test_svg_audio_video_rendering.py::test_media_label_class PASSED   [ 93%]
tests/test_svg_audio_video_rendering.py::test_i18n_keys PASSED           [ 93%]
tests/test_svg_audio_video_rendering.py::test_css_classes_exist PASSED   [ 93%]
tests/test_svg_audio_video_rendering.py::test_svg_not_matched_by_image_exts PASSED [ 93%]
tests/test_svg_audio_video_rendering.py::test_audio_video_not_matched_by_image_exts PASSED [ 93%]
tests/test_symlink_cycle_detection.py::TestSymlinkCycleDetection::test_external_symlink_listed_as_symlink PASSED [ 93%]
tests/test_symlink_cycle_detection.py::TestSymlinkCycleDetection::test_external_symlink_browsable PASSED [ 93%]
tests/test_symlink_cycle_detection.py::TestSymlinkCycleDetection::test_self_referencing_symlink_filtered PASSED [ 93%]
tests/test_symlink_cycle_detection.py::TestSymlinkCycleDetection::test_ancestor_symlink_filtered PASSED [ 93%]
tests/test_symlink_cycle_detection.py::TestSymlinkCycleDetection::test_symlink_cycle_in_subdir PASSED [ 93%]
tests/test_symlink_cycle_detection.py::TestSymlinkCycleDetection::test_symlink_file_entry PASSED [ 93%]
tests/test_symlink_cycle_detection.py::TestSymlinkCycleDetection::test_path_traversal_still_blocked PASSED [ 93%]
tests/test_theme_color_meta_bridge.py::TestIndexHtmlMetaTags::test_static_prefers_color_scheme_variants_present PASSED [ 93%]
tests/test_theme_color_meta_bridge.py::TestIndexHtmlMetaTags::test_runtime_theme_color_meta_has_stable_id PASSED [ 93%]
tests/test_theme_color_meta_bridge.py::TestIndexHtmlMetaTags::test_inline_pre_paint_script_seeds_meta PASSED [ 93%]
tests/test_theme_color_meta_bridge.py::TestBootJsThemeColorSync::test_sync_helper_defined PASSED [ 93%]
tests/test_theme_color_meta_bridge.py::TestBootJsThemeColorSync::test_sync_helper_reads_computed_bg_var PASSED [ 93%]
tests/test_theme_color_meta_bridge.py::TestBootJsThemeColorSync::test_sync_helper_targets_known_meta_id PASSED [ 93%]
tests/test_theme_color_meta_bridge.py::TestBootJsThemeColorSync::test_set_resolved_theme_calls_sync_in_both_branches PASSED [ 93%]
tests/test_theme_color_meta_bridge.py::TestBootJsThemeColorSync::test_apply_skin_calls_sync PASSED [ 93%]
tests/test_theme_color_meta_bridge.py::TestStyleCssBgVarPresent::test_root_light_defines_bg PASSED [ 93%]
tests/test_theme_color_meta_bridge.py::TestStyleCssBgVarPresent::test_root_dark_defines_bg PASSED [ 93%]
tests/test_title_aux_routing.py::TestAuxTitleConfigured::test_all_empty_returns_false PASSED [ 93%]
tests/test_title_aux_routing.py::TestAuxTitleConfigured::test_base_url_only_returns_true PASSED [ 93%]
tests/test_title_aux_routing.py::TestAuxTitleConfigured::test_base_url_set_returns_true PASSED [ 93%]
tests/test_title_aux_routing.py::TestAuxTitleConfigured::test_empty_dict_returns_false PASSED [ 93%]
tests/test_title_aux_routing.py::TestAuxTitleConfigured::test_import_error_returns_false PASSED [ 93%]
tests/test_title_aux_routing.py::TestAuxTitleConfigured::test_model_set_returns_true PASSED [ 93%]
tests/test_title_aux_routing.py::TestAuxTitleConfigured::test_provider_auto_case_insensitive_returns_false PASSED [ 93%]
tests/test_title_aux_routing.py::TestAuxTitleConfigured::test_provider_auto_returns_false PASSED [ 93%]
tests/test_title_aux_routing.py::TestAuxTitleConfigured::test_provider_configured_model_blank_returns_true PASSED [ 94%]
tests/test_title_aux_routing.py::TestAuxTitleConfigured::test_provider_set_non_auto_returns_true PASSED [ 94%]
tests/test_title_aux_routing.py::TestGenerateTitleRawViaAuxTimeout::test_custom_timeout_from_config PASSED [ 94%]
tests/test_title_aux_routing.py::TestGenerateTitleRawViaAuxTimeout::test_default_timeout_when_not_set PASSED [ 94%]
tests/test_title_aux_routing.py::TestGenerateTitleRawViaAuxTimeout::test_integer_timeout_from_config PASSED [ 94%]
tests/test_title_aux_routing.py::TestGenerateTitleRawViaAuxTimeout::test_timeout_none_in_config_falls_back_to_default PASSED [ 94%]
tests/test_title_aux_routing.py::TestReasoningModelTitleGeneration::test_agent_route_retries_empty_reasoning_length_response PASSED [ 94%]
tests/test_title_aux_routing.py::TestReasoningModelTitleGeneration::test_aux_retries_empty_reasoning_length_response_with_larger_budget PASSED [ 94%]
tests/test_title_aux_routing.py::TestReasoningModelTitleGeneration::test_aux_returns_specific_status_when_reasoning_retry_still_empty PASSED [ 94%]
tests/test_title_aux_routing.py::TestReasoningModelTitleGeneration::test_fallback_title_status_keeps_underlying_llm_reason PASSED [ 94%]
tests/test_title_aux_routing.py::TestReasoningModelTitleGeneration::test_generic_fallback_title_is_not_persisted PASSED [ 94%]
tests/test_title_aux_routing.py::TestReasoningModelTitleGeneration::test_title_budget_defaults_to_reasoning_safe_value PASSED [ 94%]
tests/test_title_aux_routing.py::TestAuxTitleTimeoutEdgeCases::test_custom_default_used_on_invalid PASSED [ 94%]
tests/test_title_aux_routing.py::TestAuxTitleTimeoutEdgeCases::test_timeout_empty_string_falls_back_to_default PASSED [ 94%]
tests/test_title_aux_routing.py::TestAuxTitleTimeoutEdgeCases::test_timeout_negative_falls_back_to_default PASSED [ 94%]
tests/test_title_aux_routing.py::TestAuxTitleTimeoutEdgeCases::test_timeout_non_numeric_string_falls_back_to_default PASSED [ 94%]
tests/test_title_aux_routing.py::TestAuxTitleTimeoutEdgeCases::test_timeout_positive_passes_through PASSED [ 94%]
tests/test_title_aux_routing.py::TestAuxTitleTimeoutEdgeCases::test_timeout_zero_falls_back_to_default PASSED [ 94%]
tests/test_title_aux_routing.py::TestAuxInvalidAuxTriggersAgentFallback::test_llm_error_aux_triggers_agent_fallback PASSED [ 94%]
tests/test_title_aux_routing.py::TestAuxInvalidAuxTriggersAgentFallback::test_llm_invalid_aux_triggers_agent_fallback PASSED [ 94%]
tests/test_title_aux_routing.py::TestAuxInvalidAuxTriggersAgentFallback::test_success_status_does_not_trigger_agent_fallback PASSED [ 94%]
tests/test_title_sanitization.py::TestGeneratedTitleSanitization::test_fallback_title_non_latin_input_uses_english_placeholder PASSED [ 94%]
tests/test_title_sanitization.py::TestGeneratedTitleSanitization::test_fallback_title_non_latin_quoted_topic_uses_english_placeholder PASSED [ 94%]
tests/test_title_sanitization.py::TestGeneratedTitleSanitization::test_fallback_title_summary_label_is_english PASSED [ 94%]
tests/test_title_sanitization.py::TestGeneratedTitleSanitization::test_fallback_title_uses_english_discussion_suffix PASSED [ 94%]
tests/test_title_sanitization.py::TestGeneratedTitleSanitization::test_first_exchange_skips_empty_assistant_tool_call_placeholder PASSED [ 94%]
tests/test_title_sanitization.py::TestGeneratedTitleSanitization::test_strips_plain_title_prefix PASSED [ 94%]
tests/test_title_sanitization.py::TestGeneratedTitleSanitization::test_strips_session_title_markdown_prefix PASSED [ 94%]
tests/test_title_sanitization.py::TestGeneratedTitleSanitization::test_strips_wrapping_markdown_emphasis PASSED [ 94%]
tests/test_title_sanitization.py::TestGeneratedTitleSanitization::test_title_generation_source_has_no_cjk_literals PASSED [ 94%]
tests/test_tls_support.py::TestTLSConfigFlag::test_tls_enabled_false_when_env_absent PASSED [ 94%]
tests/test_tls_support.py::TestTLSConfigFlag::test_tls_enabled_false_when_only_cert_set PASSED [ 94%]
tests/test_tls_support.py::TestTLSConfigFlag::test_tls_enabled_true_when_both_env_set PASSED [ 94%]
tests/test_tls_support.py::TestTLSEndToEnd::test_http_without_tls_still_works PASSED [ 94%]
tests/test_tls_support.py::TestTLSEndToEnd::test_https_server_responds_to_health PASSED [ 94%]
tests/test_tls_support.py::TestTLSEndToEnd::test_tls_startup_failure_fallback_to_http FAILED [ 94%]
tests/test_tool_call_persistence.py::test_extract_tool_calls_from_openai_message_linkage PASSED [ 94%]
tests/test_tool_call_persistence.py::test_tool_result_snippet_allows_frontend_show_more_threshold_but_stays_bounded PASSED [ 94%]
tests/test_tool_call_persistence.py::test_extract_tool_calls_persists_show_more_sized_snippets_with_bounded_cap PASSED [ 94%]
tests/test_tool_call_persistence.py::test_extract_tool_calls_falls_back_to_live_progress_when_ids_missing PASSED [ 94%]
tests/test_tool_call_persistence.py::test_extract_tool_calls_preserves_mixed_linked_and_fallback_results PASSED [ 94%]
tests/test_ttl_cache.py::test_cache_hit_within_ttl PASSED                [ 94%]
tests/test_ttl_cache.py::test_ttl_expiry PASSED                          [ 94%]
tests/test_ttl_cache.py::test_mtime_invalidation PASSED                  [ 94%]
tests/test_ttl_cache.py::test_deepcopy_isolation PASSED                  [ 94%]
tests/test_ttl_cache.py::test_invalidate_models_cache_direct PASSED      [ 94%]
tests/test_turn_duration_display.py::test_streaming_done_payload_includes_backend_turn_duration PASSED [ 94%]
tests/test_turn_duration_display.py::test_done_handler_persists_duration_on_last_assistant_message PASSED [ 94%]
tests/test_turn_duration_display.py::test_ui_formats_and_renders_turn_duration_in_footer_and_activity_summary PASSED [ 94%]
tests/test_turn_duration_display.py::test_active_compact_activity_elapsed_timer_uses_persisted_start_time PASSED [ 95%]
tests/test_ui_card_animation.py::test_tool_card_toggle_uses_transformable_layout_and_transition PASSED [ 95%]
tests/test_ui_card_animation.py::test_tool_card_detail_uses_transitionable_collapsed_state PASSED [ 95%]
tests/test_ui_card_animation.py::test_thinking_card_toggle_and_body_use_animation_friendly_state PASSED [ 95%]
tests/test_ui_card_animation.py::test_tool_card_toggle_uses_same_chevron_icon_markup_as_thinking_card PASSED [ 95%]
tests/test_ui_card_animation.py::test_thinking_card_uses_panel_chrome_with_gold_palette PASSED [ 95%]
tests/test_ui_tool_call_cleanup.py::TestToolCallGroupingStatic::test_simplified_tool_calling_setting_is_wired_through_frontend PASSED [ 95%]
tests/test_ui_tool_call_cleanup.py::TestToolCallGroupingStatic::test_simplified_tool_calling_autosave_hot_applies_renderer_mode PASSED [ 95%]
tests/test_ui_tool_call_cleanup.py::TestToolCallGroupingStatic::test_render_messages_gates_settled_activity_grouping PASSED [ 95%]
tests/test_ui_tool_call_cleanup.py::TestToolCallGroupingStatic::test_tool_call_groups_default_collapsed_with_summary_visible PASSED [ 95%]
tests/test_ui_tool_call_cleanup.py::TestToolCallGroupingStatic::test_activity_summary_omits_redundant_trailing_count_badge PASSED [ 95%]
tests/test_ui_tool_call_cleanup.py::TestToolCallGroupingStatic::test_activity_summary_keeps_header_compact_without_tool_names_or_thinking_prefix PASSED [ 95%]
tests/test_ui_tool_call_cleanup.py::TestToolCallGroupingStatic::test_live_tool_cards_use_grouping_only_when_simplified PASSED [ 95%]
tests/test_ui_tool_call_cleanup.py::TestToolCallGroupingStatic::test_activity_disclosure_state_is_session_and_turn_scoped PASSED [ 95%]
tests/test_ui_tool_call_cleanup.py::TestToolCallGroupingStatic::test_live_tool_activity_defaults_collapsed_unless_saved_open PASSED [ 95%]
tests/test_ui_tool_call_cleanup.py::TestToolCallGroupingStatic::test_tools_and_thinking_share_one_collapsed_activity_dropdown PASSED [ 95%]
tests/test_ui_tool_call_cleanup.py::TestToolCallGroupingStatic::test_live_thinking_uses_shared_activity_dropdown_only_when_simplified PASSED [ 95%]
tests/test_ui_tool_call_cleanup.py::TestToolCardDesignTokens::test_root_defines_shared_layout_design_tokens PASSED [ 95%]
tests/test_ui_tool_call_cleanup.py::TestToolCardDesignTokens::test_base_dark_palette_restores_upstream_gold_tokens PASSED [ 95%]
tests/test_ui_tool_call_cleanup.py::TestToolCardDesignTokens::test_base_light_palette_restores_upstream_gold_tokens PASSED [ 95%]
tests/test_ui_tool_call_cleanup.py::TestToolCardDesignTokens::test_default_skin_preview_stays_upstream PASSED [ 95%]
tests/test_ui_tool_call_cleanup.py::TestToolCardDesignTokens::test_tool_card_css_uses_design_tokens_for_chrome PASSED [ 95%]
tests/test_ui_tool_call_cleanup.py::TestToolCardDesignTokens::test_tool_card_header_and_text_use_spacing_and_font_tokens PASSED [ 95%]
tests/test_update_apply_ui.py::test_update_apply_network_error_has_recovery_message_not_raw_failed_to_fetch PASSED [ 95%]
tests/test_update_apply_ui.py::test_update_apply_structured_server_errors_still_use_json_message_path PASSED [ 95%]
tests/test_update_apply_ui.py::test_update_apply_network_error_classifier_ignores_http_status_errors PASSED [ 95%]
tests/test_update_apply_ui.py::test_update_apply_prevents_duplicate_apply_requests_while_in_flight PASSED [ 95%]
tests/test_update_banner_fixes.py::TestUpdateChecker::test_repo_url_strips_only_dot_git_suffix PASSED [ 95%]
tests/test_update_banner_fixes.py::TestUpdateChecker::test_repo_url_converts_ssh_and_strips_only_dot_git_suffix PASSED [ 95%]
tests/test_update_banner_fixes.py::TestUpdateChecker::test_repo_url_strips_dot_git_before_trailing_slashes PASSED [ 95%]
tests/test_update_banner_fixes.py::TestConflictError::test_conflict_returns_conflict_flag PASSED [ 95%]
tests/test_update_banner_fixes.py::TestConflictError::test_conflict_message_includes_git_command PASSED [ 95%]
tests/test_update_banner_fixes.py::TestScheduleRestart::test_schedule_restart_exists PASSED [ 95%]
tests/test_update_banner_fixes.py::TestScheduleRestart::test_schedule_restart_is_nonblocking PASSED [ 95%]
tests/test_update_banner_fixes.py::TestApplyUpdateRestartSafety::test_apply_update_refuses_when_stream_active PASSED [ 95%]
tests/test_update_banner_fixes.py::TestApplyUpdateRestartSafety::test_force_update_refuses_when_stream_active PASSED [ 95%]
tests/test_update_banner_fixes.py::TestSuccessfulUpdateReturnsRestartScheduled::test_apply_update_returns_restart_scheduled PASSED [ 95%]
tests/test_update_banner_fixes.py::TestApplyForceUpdate::test_apply_force_update_ok PASSED [ 95%]
tests/test_update_banner_fixes.py::TestApplyForceUpdate::test_apply_force_update_rejects_unknown_target PASSED [ 95%]
tests/test_update_banner_fixes.py::TestForceUpdateRoute::test_force_route_exists PASSED [ 95%]
tests/test_update_banner_fixes.py::TestUiJsUpdateBanner::test_show_update_error_function_exists PASSED [ 95%]
tests/test_update_banner_fixes.py::TestUiJsUpdateBanner::test_force_update_function_exists PASSED [ 95%]
tests/test_update_banner_fixes.py::TestUiJsUpdateBanner::test_force_update_uses_confirm_dialog_not_native PASSED [ 95%]
tests/test_update_banner_fixes.py::TestUiJsUpdateBanner::test_force_update_calls_api_updates_force PASSED [ 95%]
tests/test_update_banner_fixes.py::TestUiJsUpdateBanner::test_success_toast_says_restarting PASSED [ 95%]
tests/test_update_banner_fixes.py::TestUiJsUpdateBanner::test_reload_uses_health_poll_not_blind_timeout PASSED [ 95%]
tests/test_update_banner_fixes.py::TestUiJsUpdateBanner::test_wait_for_server_then_reload_is_defined PASSED [ 95%]
tests/test_update_banner_fixes.py::TestUiJsUpdateBanner::test_wait_for_server_polls_health PASSED [ 95%]
tests/test_update_banner_fixes.py::TestUiJsUpdateBanner::test_refresh_session_handles_restart_mode PASSED [ 96%]
tests/test_update_banner_fixes.py::TestUiJsUpdateBanner::test_conflict_response_shows_force_button PASSED [ 96%]
tests/test_update_banner_fixes.py::TestUiJsUpdateBanner::test_error_displayed_persistently_not_just_toast PASSED [ 96%]
tests/test_update_banner_fixes.py::TestUpdateBannerUx::test_update_banner_includes_repo_branch_labels PASSED [ 96%]
tests/test_update_banner_fixes.py::TestUpdateBannerUx::test_settings_update_check_uses_same_repo_branch_formatter PASSED [ 96%]
tests/test_update_banner_fixes.py::TestIndexHtmlBanner::test_update_error_element_exists PASSED [ 96%]
tests/test_update_banner_fixes.py::TestIndexHtmlBanner::test_force_update_button_exists PASSED [ 96%]
tests/test_update_banner_fixes.py::TestIndexHtmlBanner::test_force_update_button_hidden_by_default PASSED [ 96%]
tests/test_update_banner_fixes.py::TestSequentialUpdateRestartCoordination::test_schedule_restart_waits_for_apply_lock PASSED [ 96%]
tests/test_update_banner_fixes.py::TestSequentialUpdateRestartCoordination::test_schedule_restart_still_fires_when_no_update_in_flight PASSED [ 96%]
tests/test_update_banner_fixes.py::TestForceButtonResetOnRetry::test_apply_updates_resets_force_button_at_start PASSED [ 96%]
tests/test_update_banner_fixes.py::TestCheckForUpdatesButton::test_checkUpdatesNow_defined_in_panels PASSED [ 96%]
tests/test_update_banner_fixes.py::TestCheckForUpdatesButton::test_btnCheckUpdatesNow_in_html PASSED [ 96%]
tests/test_update_banner_fixes.py::TestCheckForUpdatesButton::test_checkUpdatesBlock_css_exists PASSED [ 96%]
tests/test_update_banner_fixes.py::TestCheckForUpdatesButton::test_check_now_i18n_key_exists PASSED [ 96%]
tests/test_update_checker.py::TestApplyUpdateDiagnostics::test_fetch_failure_returns_network_error_message PASSED [ 96%]
tests/test_update_checker.py::TestApplyUpdateDiagnostics::test_fetch_failure_does_not_attempt_pull PASSED [ 96%]
tests/test_update_checker.py::TestApplyUpdateDiagnostics::test_diverged_history_returns_reset_hard_command PASSED [ 96%]
tests/test_update_checker.py::TestApplyUpdateDiagnostics::test_diverged_history_message_contains_compare_ref PASSED [ 96%]
tests/test_update_checker.py::TestApplyUpdateDiagnostics::test_diverged_matching_is_case_insensitive PASSED [ 96%]
tests/test_update_checker.py::TestApplyUpdateDiagnostics::test_no_tracking_returns_set_upstream_command PASSED [ 96%]
tests/test_update_checker.py::TestApplyUpdateDiagnostics::test_no_tracking_alternate_phrasing PASSED [ 96%]
tests/test_update_checker.py::TestApplyUpdateDiagnostics::test_no_tracking_message_contains_compare_ref PASSED [ 96%]
tests/test_update_checker.py::TestApplyUpdateDiagnostics::test_generic_failure_includes_truncated_git_output PASSED [ 96%]
tests/test_update_checker.py::TestApplyUpdateDiagnostics::test_generic_failure_empty_output_shows_sentinel PASSED [ 96%]
tests/test_update_checker.py::TestApplyUpdateDiagnostics::test_generic_failure_does_not_set_diverged PASSED [ 96%]
tests/test_update_checker.py::TestApplyUpdateDiagnostics::test_successful_update_still_returns_ok PASSED [ 96%]
tests/test_update_checker.py::TestApplyUpdateDiagnostics::test_fetch_failure_for_agent_target PASSED [ 96%]
tests/test_updates.py::test_run_git_returns_stderr_on_failure PASSED     [ 96%]
tests/test_updates.py::test_run_git_returns_stdout_when_no_stderr PASSED [ 96%]
tests/test_updates.py::test_run_git_returns_exit_code_when_no_output PASSED [ 96%]
tests/test_updates.py::test_split_remote_ref_splits_tracking_ref PASSED  [ 96%]
tests/test_v050253_opus_followups.py::test_branch_endpoint_rejects_non_string_session_id PASSED [ 96%]
tests/test_v050253_opus_followups.py::test_branch_endpoint_rejects_negative_keep_count PASSED [ 96%]
tests/test_v050253_opus_followups.py::test_no_orphan_wiki_i18n_keys PASSED [ 96%]
tests/test_v050254_opus_followups.py::test_popstate_handler_guards_busy_state PASSED [ 96%]
tests/test_v050255_opus_followups.py::test_rollback_validates_checkpoint_id_against_path_traversal PASSED [ 96%]
tests/test_v050255_opus_followups.py::test_rollback_validate_checkpoint_id_runtime_behavior PASSED [ 96%]
tests/test_v050255_opus_followups.py::test_redact_session_data_reads_settings_once PASSED [ 96%]
tests/test_v050255_opus_followups.py::test_redact_session_data_threads_enabled_once_across_recursion PASSED [ 96%]
tests/test_v050255_opus_followups.py::test_voice_mode_speakresponse_guards_against_session_switch PASSED [ 96%]
tests/test_v050255_opus_followups.py::test_rollback_inspect_checkpoint_except_no_bare_exception PASSED [ 96%]
tests/test_v050257_opus_followups.py::test_oauth_write_auth_json_uses_chmod_0600_before_rename FAILED [ 96%]
tests/test_v050257_opus_followups.py::test_oauth_write_auth_json_source_calls_chmod PASSED [ 96%]
tests/test_v050257_opus_followups.py::test_cron_history_rejects_traversal_in_job_id PASSED [ 96%]
tests/test_v050257_opus_followups.py::test_cron_history_clamps_offset_and_limit PASSED [ 96%]
tests/test_v050257_opus_followups.py::test_run_agent_streaming_uses_session_enabled_toolsets PASSED [ 96%]
tests/test_v050257_opus_followups.py::test_session_load_metadata_only_returns_instance_not_dict PASSED [ 96%]
tests/test_v050258_opus_followups.py::test_login_redirect_uses_path_only_safe_encoding PASSED [ 97%]
tests/test_v050258_opus_followups.py::test_redirect_roundtrip_simple_path PASSED [ 97%]
tests/test_v050258_opus_followups.py::test_redirect_roundtrip_single_query_param PASSED [ 97%]
tests/test_v050258_opus_followups.py::test_redirect_roundtrip_multi_query_params PASSED [ 97%]
tests/test_v050258_opus_followups.py::test_redirect_roundtrip_attacker_controlled_next_injection_neutralized PASSED [ 97%]
tests/test_v050258_opus_followups.py::test_redirect_session_ttl_30_days PASSED [ 97%]
tests/test_v050259_sessiondb_fd_leak.py::test_cached_agent_reuse_closes_old_session_db PASSED [ 97%]
tests/test_v050259_sessiondb_fd_leak.py::test_lru_eviction_closes_evicted_agent_session_db PASSED [ 97%]
tests/test_v050259_sessiondb_fd_leak.py::test_session_db_close_is_idempotent PASSED [ 97%]
tests/test_v050259_sessiondb_fd_leak.py::test_cached_agent_reuse_calls_close_on_old_session_db PASSED [ 97%]
tests/test_v050259_sessiondb_fd_leak.py::test_lru_eviction_closes_evicted_session_db PASSED [ 97%]
tests/test_v050260_docker_invariants.py::test_two_container_compose_aligns_agent_uid_with_webui PASSED [ 97%]
tests/test_v050260_docker_invariants.py::test_three_container_compose_aligns_all_three_services PASSED [ 97%]
tests/test_v050260_docker_invariants.py::test_single_container_compose_uses_same_uid_source PASSED [ 97%]
tests/test_v050260_docker_invariants.py::test_compose_files_document_skip_chmod_escape_hatch PASSED [ 97%]
tests/test_v050260_docker_invariants.py::test_env_docker_example_exists PASSED [ 97%]
tests/test_v050260_docker_invariants.py::test_docs_docker_md_exists_and_covers_failure_modes PASSED [ 97%]
tests/test_v050260_docker_invariants.py::test_readme_no_stale_root_hermes_path PASSED [ 97%]
tests/test_v050260_docker_invariants.py::test_readme_links_to_docker_md PASSED [ 97%]
tests/test_v050260_docker_invariants.py::test_compose_files_parse_as_valid_yaml PASSED [ 97%]
tests/test_v050260_docker_invariants.py::test_agent_service_does_not_recommend_invalid_home_mode PASSED [ 97%]
tests/test_v050260_docker_invariants.py::test_compose_files_warn_about_home_mode_asymmetry PASSED [ 97%]
tests/test_v050260_docker_invariants.py::test_env_docker_example_warns_about_home_mode_asymmetry PASSED [ 97%]
tests/test_version_badge.py::TestDetectWebUIVersion::test_git_success_returns_tag PASSED [ 97%]
tests/test_version_badge.py::TestDetectWebUIVersion::test_git_between_tags_returns_descriptor PASSED [ 97%]
tests/test_version_badge.py::TestDetectWebUIVersion::test_git_failure_falls_back_to_version_file PASSED [ 97%]
tests/test_version_badge.py::TestDetectWebUIVersion::test_git_failure_no_version_file_returns_unknown PASSED [ 97%]
tests/test_version_badge.py::TestDetectWebUIVersion::test_version_file_malformed_returns_unknown PASSED [ 97%]
tests/test_version_badge.py::TestDetectWebUIVersion::test_git_uses_correct_describe_flags PASSED [ 97%]
tests/test_version_badge.py::TestDetectAgentVersion::test_version_file_is_preferred PASSED [ 97%]
tests/test_version_badge.py::TestDetectAgentVersion::test_git_fallback_used_when_version_file_missing PASSED [ 97%]
tests/test_version_badge.py::TestDetectAgentVersion::test_missing_agent_returns_not_detected PASSED [ 97%]
tests/test_version_badge.py::TestDetectAgentVersion::test_agent_detect_returns_not_detected_on_fail PASSED [ 97%]
tests/test_version_badge.py::TestWebUIVersionConstant::test_webui_version_is_set PASSED [ 97%]
tests/test_version_badge.py::TestWebUIVersionConstant::test_webui_version_is_not_old_hardcoded PASSED [ 97%]
tests/test_version_badge.py::TestSettingsEndpointVersion::test_api_settings_includes_webui_version PASSED [ 97%]
tests/test_version_badge.py::TestSettingsEndpointVersion::test_api_settings_webui_version_not_empty PASSED [ 97%]
tests/test_version_badge.py::TestSettingsEndpointVersion::test_api_settings_no_password_hash PASSED [ 97%]
tests/test_version_badge.py::TestIndexHTMLBadge::test_old_stale_version_removed_from_html PASSED [ 97%]
tests/test_version_badge.py::TestIndexHTMLBadge::test_badge_element_still_present PASSED [ 97%]
tests/test_version_badge.py::TestPanelsJSVersionBadge::test_panels_js_reads_webui_version PASSED [ 97%]
tests/test_version_badge.py::TestPanelsJSVersionBadge::test_panels_js_targets_version_badges PASSED [ 97%]
tests/test_version_badge.py::TestServerVersionHeader::test_server_version_not_old_hardcoded PASSED [ 97%]
tests/test_version_badge.py::TestServerVersionHeader::test_server_version_uses_webui_version PASSED [ 97%]
tests/test_version_badge.py::TestServerVersionHeader::test_server_py_imports_webui_version PASSED [ 97%]
tests/test_version_badge.py::TestServerVersionHeader::test_server_version_no_slash_when_unknown PASSED [ 97%]
tests/test_version_badge.py::TestServerVersionHeader::test_server_version_uses_removeprefix_not_lstrip PASSED [ 97%]
tests/test_voice_transcribe_endpoint.py::test_handle_transcribe_requires_file_field PASSED [ 97%]
tests/test_voice_transcribe_endpoint.py::test_handle_transcribe_returns_transcript PASSED [ 97%]
tests/test_voice_transcribe_endpoint.py::test_handle_transcribe_surfaces_provider_error PASSED [ 98%]
tests/test_webui_platform_hint.py::test_streaming_uses_webui_platform PASSED [ 98%]
tests/test_webui_platform_hint.py::test_routes_uses_webui_platform_for_all_agent_calls PASSED [ 98%]
tests/test_workspace_add_quote_strip.py::TestStripSurroundingQuotes::test_unwrapped_path_unchanged PASSED [ 98%]
tests/test_workspace_add_quote_strip.py::TestStripSurroundingQuotes::test_single_quotes_stripped PASSED [ 98%]
tests/test_workspace_add_quote_strip.py::TestStripSurroundingQuotes::test_double_quotes_stripped PASSED [ 98%]
